13:14:21 **** Clean-only build of configuration Debug for project CMSISv2p00_LPC17xx ****
make -r clean 
rm -rf  ./src/core_cm3.o ./src/system_LPC17xx.o  ./src/core_cm3.d ./src/system_LPC17xx.d  libCMSISv2p00_LPC17xx.a
 
13:14:21 **** Build of configuration Debug for project CMSISv2p00_LPC17xx ****
make -r all 
Building file: ../src/core_cm3.c
Invoking: MCU C Compiler
arm-none-eabi-gcc -D__REDLIB__ -DDEBUG -D__CODE_RED -I../inc -O0 -Os -g3 -Wall -c -fmessage-length=0 -fno-builtin -ffunction-sections -fdata-sections -mcpu=cortex-m3 -mthumb -D__REDLIB__ -specs=redlib.specs -MMD -MP -MF"src/core_cm3.d" -MT"src/core_cm3.o" -MT"src/core_cm3.d" -o "src/core_cm3.o" "../src/core_cm3.c"
Finished building: ../src/core_cm3.c
 
Building file: ../src/system_LPC17xx.c
Invoking: MCU C Compiler
arm-none-eabi-gcc -D__REDLIB__ -DDEBUG -D__CODE_RED -I../inc -O0 -Os -g3 -Wall -c -fmessage-length=0 -fno-builtin -ffunction-sections -fdata-sections -mcpu=cortex-m3 -mthumb -D__REDLIB__ -specs=redlib.specs -MMD -MP -MF"src/system_LPC17xx.d" -MT"src/system_LPC17xx.o" -MT"src/system_LPC17xx.d" -o "src/system_LPC17xx.o" "../src/system_LPC17xx.c"
Finished building: ../src/system_LPC17xx.c
 
Building target: libCMSISv2p00_LPC17xx.a
Invoking: MCU Archiver
arm-none-eabi-ar -r  "libCMSISv2p00_LPC17xx.a"  ./src/core_cm3.o ./src/system_LPC17xx.o   
c:\nxp\LPCXpresso_8.2.2_650\lpcxpresso\tools\bin\arm-none-eabi-ar.exe: creating libCMSISv2p00_LPC17xx.a
Finished building target: libCMSISv2p00_LPC17xx.a
 
make --no-print-directory post-build
Performing post-build steps
arm-none-eabi-size libCMSISv2p00_LPC17xx.a ; # arm-none-eabi-objdump -h -S libCMSISv2p00_LPC17xx.a >libCMSISv2p00_LPC17xx.lss
   text	   data	    bss	    dec	    hex	filename
      0	      0	      0	      0	      0	core_cm3.o (ex libCMSISv2p00_LPC17xx.a)
    408	      4	      0	    412	    19c	system_LPC17xx.o (ex libCMSISv2p00_LPC17xx.a)
 
13:14:24 **** Clean-only build of configuration Debug for project Lib_MCU ****
make -r clean 
rm -rf  ./src/lpc17xx_adc.o ./src/lpc17xx_can.o ./src/lpc17xx_clkpwr.o ./src/lpc17xx_dac.o ./src/lpc17xx_emac.o ./src/lpc17xx_gpio.o ./src/lpc17xx_i2c.o ./src/lpc17xx_i2s.o ./src/lpc17xx_libcfg_default.o ./src/lpc17xx_mcpwm.o ./src/lpc17xx_nvic.o ./src/lpc17xx_pinsel.o ./src/lpc17xx_pwm.o ./src/lpc17xx_qei.o ./src/lpc17xx_rit.o ./src/lpc17xx_rtc.o ./src/lpc17xx_spi.o ./src/lpc17xx_ssp.o ./src/lpc17xx_timer.o ./src/lpc17xx_uart.o ./src/lpc17xx_wdt.o  ./src/lpc17xx_adc.d ./src/lpc17xx_can.d ./src/lpc17xx_clkpwr.d ./src/lpc17xx_dac.d ./src/lpc17xx_emac.d ./src/lpc17xx_gpio.d ./src/lpc17xx_i2c.d ./src/lpc17xx_i2s.d ./src/lpc17xx_libcfg_default.d ./src/lpc17xx_mcpwm.d ./src/lpc17xx_nvic.d ./src/lpc17xx_pinsel.d ./src/lpc17xx_pwm.d ./src/lpc17xx_qei.d ./src/lpc17xx_rit.d ./src/lpc17xx_rtc.d ./src/lpc17xx_spi.d ./src/lpc17xx_ssp.d ./src/lpc17xx_timer.d ./src/lpc17xx_uart.d ./src/lpc17xx_wdt.d  libLib_MCU.a
 
13:14:25 **** Build of configuration Debug for project Lib_MCU ****
make -r all 
Building file: ../src/lpc17xx_adc.c
Invoking: MCU C Compiler
arm-none-eabi-gcc -DDEBUG -D__CODE_RED -D__REDLIB__ -I"C:\Users\rodri\Documents\LPCXpresso_8.2.2_650\embedded_LPCXpresso\workspace_projeto\CMSISv2p00_LPC17xx\inc" -I"C:\Users\rodri\Documents\LPCXpresso_8.2.2_650\embedded_LPCXpresso\workspace_projeto\Lib_MCU\inc" -O0 -g3 -Wall -c -fmessage-length=0 -fno-builtin -ffunction-sections -mcpu=cortex-m3 -mthumb -D__REDLIB__ -specs=redlib.specs -MMD -MP -MF"src/lpc17xx_adc.d" -MT"src/lpc17xx_adc.o" -MT"src/lpc17xx_adc.d" -o "src/lpc17xx_adc.o" "../src/lpc17xx_adc.c"
Finished building: ../src/lpc17xx_adc.c
 
Building file: ../src/lpc17xx_can.c
Invoking: MCU C Compiler
arm-none-eabi-gcc -DDEBUG -D__CODE_RED -D__REDLIB__ -I"C:\Users\rodri\Documents\LPCXpresso_8.2.2_650\embedded_LPCXpresso\workspace_projeto\CMSISv2p00_LPC17xx\inc" -I"C:\Users\rodri\Documents\LPCXpresso_8.2.2_650\embedded_LPCXpresso\workspace_projeto\Lib_MCU\inc" -O0 -g3 -Wall -c -fmessage-length=0 -fno-builtin -ffunction-sections -mcpu=cortex-m3 -mthumb -D__REDLIB__ -specs=redlib.specs -MMD -MP -MF"src/lpc17xx_can.d" -MT"src/lpc17xx_can.o" -MT"src/lpc17xx_can.d" -o "src/lpc17xx_can.o" "../src/lpc17xx_can.c"
../src/lpc17xx_can.c: In function 'CAN_Init':
../src/lpc17xx_can.c:177:11: warning: variable 'temp' set but not used [-Wunused-but-set-variable]
  uint32_t temp;
           ^
Finished building: ../src/lpc17xx_can.c
 
Building file: ../src/lpc17xx_clkpwr.c
Invoking: MCU C Compiler
arm-none-eabi-gcc -DDEBUG -D__CODE_RED -D__REDLIB__ -I"C:\Users\rodri\Documents\LPCXpresso_8.2.2_650\embedded_LPCXpresso\workspace_projeto\CMSISv2p00_LPC17xx\inc" -I"C:\Users\rodri\Documents\LPCXpresso_8.2.2_650\embedded_LPCXpresso\workspace_projeto\Lib_MCU\inc" -O0 -g3 -Wall -c -fmessage-length=0 -fno-builtin -ffunction-sections -mcpu=cortex-m3 -mthumb -D__REDLIB__ -specs=redlib.specs -MMD -MP -MF"src/lpc17xx_clkpwr.d" -MT"src/lpc17xx_clkpwr.o" -MT"src/lpc17xx_clkpwr.d" -o "src/lpc17xx_clkpwr.o" "../src/lpc17xx_clkpwr.c"
Finished building: ../src/lpc17xx_clkpwr.c
 
Building file: ../src/lpc17xx_dac.c
Invoking: MCU C Compiler
arm-none-eabi-gcc -DDEBUG -D__CODE_RED -D__REDLIB__ -I"C:\Users\rodri\Documents\LPCXpresso_8.2.2_650\embedded_LPCXpresso\workspace_projeto\CMSISv2p00_LPC17xx\inc" -I"C:\Users\rodri\Documents\LPCXpresso_8.2.2_650\embedded_LPCXpresso\workspace_projeto\Lib_MCU\inc" -O0 -g3 -Wall -c -fmessage-length=0 -fno-builtin -ffunction-sections -mcpu=cortex-m3 -mthumb -D__REDLIB__ -specs=redlib.specs -MMD -MP -MF"src/lpc17xx_dac.d" -MT"src/lpc17xx_dac.o" -MT"src/lpc17xx_dac.d" -o "src/lpc17xx_dac.o" "../src/lpc17xx_dac.c"
Finished building: ../src/lpc17xx_dac.c
 
Building file: ../src/lpc17xx_emac.c
Invoking: MCU C Compiler
arm-none-eabi-gcc -DDEBUG -D__CODE_RED -D__REDLIB__ -I"C:\Users\rodri\Documents\LPCXpresso_8.2.2_650\embedded_LPCXpresso\workspace_projeto\CMSISv2p00_LPC17xx\inc" -I"C:\Users\rodri\Documents\LPCXpresso_8.2.2_650\embedded_LPCXpresso\workspace_projeto\Lib_MCU\inc" -O0 -g3 -Wall -c -fmessage-length=0 -fno-builtin -ffunction-sections -mcpu=cortex-m3 -mthumb -D__REDLIB__ -specs=redlib.specs -MMD -MP -MF"src/lpc17xx_emac.d" -MT"src/lpc17xx_emac.o" -MT"src/lpc17xx_emac.d" -o "src/lpc17xx_emac.o" "../src/lpc17xx_emac.c"
Finished building: ../src/lpc17xx_emac.c
 
Building file: ../src/lpc17xx_gpio.c
Invoking: MCU C Compiler
arm-none-eabi-gcc -DDEBUG -D__CODE_RED -D__REDLIB__ -I"C:\Users\rodri\Documents\LPCXpresso_8.2.2_650\embedded_LPCXpresso\workspace_projeto\CMSISv2p00_LPC17xx\inc" -I"C:\Users\rodri\Documents\LPCXpresso_8.2.2_650\embedded_LPCXpresso\workspace_projeto\Lib_MCU\inc" -O0 -g3 -Wall -c -fmessage-length=0 -fno-builtin -ffunction-sections -mcpu=cortex-m3 -mthumb -D__REDLIB__ -specs=redlib.specs -MMD -MP -MF"src/lpc17xx_gpio.d" -MT"src/lpc17xx_gpio.o" -MT"src/lpc17xx_gpio.d" -o "src/lpc17xx_gpio.o" "../src/lpc17xx_gpio.c"
Finished building: ../src/lpc17xx_gpio.c
 
Building file: ../src/lpc17xx_i2c.c
Invoking: MCU C Compiler
arm-none-eabi-gcc -DDEBUG -D__CODE_RED -D__REDLIB__ -I"C:\Users\rodri\Documents\LPCXpresso_8.2.2_650\embedded_LPCXpresso\workspace_projeto\CMSISv2p00_LPC17xx\inc" -I"C:\Users\rodri\Documents\LPCXpresso_8.2.2_650\embedded_LPCXpresso\workspace_projeto\Lib_MCU\inc" -O0 -g3 -Wall -c -fmessage-length=0 -fno-builtin -ffunction-sections -mcpu=cortex-m3 -mthumb -D__REDLIB__ -specs=redlib.specs -MMD -MP -MF"src/lpc17xx_i2c.d" -MT"src/lpc17xx_i2c.o" -MT"src/lpc17xx_i2c.d" -o "src/lpc17xx_i2c.o" "../src/lpc17xx_i2c.c"
Finished building: ../src/lpc17xx_i2c.c
 
Building file: ../src/lpc17xx_i2s.c
Invoking: MCU C Compiler
arm-none-eabi-gcc -DDEBUG -D__CODE_RED -D__REDLIB__ -I"C:\Users\rodri\Documents\LPCXpresso_8.2.2_650\embedded_LPCXpresso\workspace_projeto\CMSISv2p00_LPC17xx\inc" -I"C:\Users\rodri\Documents\LPCXpresso_8.2.2_650\embedded_LPCXpresso\workspace_projeto\Lib_MCU\inc" -O0 -g3 -Wall -c -fmessage-length=0 -fno-builtin -ffunction-sections -mcpu=cortex-m3 -mthumb -D__REDLIB__ -specs=redlib.specs -MMD -MP -MF"src/lpc17xx_i2s.d" -MT"src/lpc17xx_i2s.o" -MT"src/lpc17xx_i2s.d" -o "src/lpc17xx_i2s.o" "../src/lpc17xx_i2s.c"
Finished building: ../src/lpc17xx_i2s.c
 
Building file: ../src/lpc17xx_libcfg_default.c
Invoking: MCU C Compiler
arm-none-eabi-gcc -DDEBUG -D__CODE_RED -D__REDLIB__ -I"C:\Users\rodri\Documents\LPCXpresso_8.2.2_650\embedded_LPCXpresso\workspace_projeto\CMSISv2p00_LPC17xx\inc" -I"C:\Users\rodri\Documents\LPCXpresso_8.2.2_650\embedded_LPCXpresso\workspace_projeto\Lib_MCU\inc" -O0 -g3 -Wall -c -fmessage-length=0 -fno-builtin -ffunction-sections -mcpu=cortex-m3 -mthumb -D__REDLIB__ -specs=redlib.specs -MMD -MP -MF"src/lpc17xx_libcfg_default.d" -MT"src/lpc17xx_libcfg_default.o" -MT"src/lpc17xx_libcfg_default.d" -o "src/lpc17xx_libcfg_default.o" "../src/lpc17xx_libcfg_default.c"
Finished building: ../src/lpc17xx_libcfg_default.c
 
Building file: ../src/lpc17xx_mcpwm.c
Invoking: MCU C Compiler
arm-none-eabi-gcc -DDEBUG -D__CODE_RED -D__REDLIB__ -I"C:\Users\rodri\Documents\LPCXpresso_8.2.2_650\embedded_LPCXpresso\workspace_projeto\CMSISv2p00_LPC17xx\inc" -I"C:\Users\rodri\Documents\LPCXpresso_8.2.2_650\embedded_LPCXpresso\workspace_projeto\Lib_MCU\inc" -O0 -g3 -Wall -c -fmessage-length=0 -fno-builtin -ffunction-sections -mcpu=cortex-m3 -mthumb -D__REDLIB__ -specs=redlib.specs -MMD -MP -MF"src/lpc17xx_mcpwm.d" -MT"src/lpc17xx_mcpwm.o" -MT"src/lpc17xx_mcpwm.d" -o "src/lpc17xx_mcpwm.o" "../src/lpc17xx_mcpwm.c"
Finished building: ../src/lpc17xx_mcpwm.c
 
Building file: ../src/lpc17xx_nvic.c
Invoking: MCU C Compiler
arm-none-eabi-gcc -DDEBUG -D__CODE_RED -D__REDLIB__ -I"C:\Users\rodri\Documents\LPCXpresso_8.2.2_650\embedded_LPCXpresso\workspace_projeto\CMSISv2p00_LPC17xx\inc" -I"C:\Users\rodri\Documents\LPCXpresso_8.2.2_650\embedded_LPCXpresso\workspace_projeto\Lib_MCU\inc" -O0 -g3 -Wall -c -fmessage-length=0 -fno-builtin -ffunction-sections -mcpu=cortex-m3 -mthumb -D__REDLIB__ -specs=redlib.specs -MMD -MP -MF"src/lpc17xx_nvic.d" -MT"src/lpc17xx_nvic.o" -MT"src/lpc17xx_nvic.d" -o "src/lpc17xx_nvic.o" "../src/lpc17xx_nvic.c"
Finished building: ../src/lpc17xx_nvic.c
 
Building file: ../src/lpc17xx_pinsel.c
Invoking: MCU C Compiler
arm-none-eabi-gcc -DDEBUG -D__CODE_RED -D__REDLIB__ -I"C:\Users\rodri\Documents\LPCXpresso_8.2.2_650\embedded_LPCXpresso\workspace_projeto\CMSISv2p00_LPC17xx\inc" -I"C:\Users\rodri\Documents\LPCXpresso_8.2.2_650\embedded_LPCXpresso\workspace_projeto\Lib_MCU\inc" -O0 -g3 -Wall -c -fmessage-length=0 -fno-builtin -ffunction-sections -mcpu=cortex-m3 -mthumb -D__REDLIB__ -specs=redlib.specs -MMD -MP -MF"src/lpc17xx_pinsel.d" -MT"src/lpc17xx_pinsel.o" -MT"src/lpc17xx_pinsel.d" -o "src/lpc17xx_pinsel.o" "../src/lpc17xx_pinsel.c"
Finished building: ../src/lpc17xx_pinsel.c
 
Building file: ../src/lpc17xx_pwm.c
Invoking: MCU C Compiler
arm-none-eabi-gcc -DDEBUG -D__CODE_RED -D__REDLIB__ -I"C:\Users\rodri\Documents\LPCXpresso_8.2.2_650\embedded_LPCXpresso\workspace_projeto\CMSISv2p00_LPC17xx\inc" -I"C:\Users\rodri\Documents\LPCXpresso_8.2.2_650\embedded_LPCXpresso\workspace_projeto\Lib_MCU\inc" -O0 -g3 -Wall -c -fmessage-length=0 -fno-builtin -ffunction-sections -mcpu=cortex-m3 -mthumb -D__REDLIB__ -specs=redlib.specs -MMD -MP -MF"src/lpc17xx_pwm.d" -MT"src/lpc17xx_pwm.o" -MT"src/lpc17xx_pwm.d" -o "src/lpc17xx_pwm.o" "../src/lpc17xx_pwm.c"
Finished building: ../src/lpc17xx_pwm.c
 
Building file: ../src/lpc17xx_qei.c
Invoking: MCU C Compiler
arm-none-eabi-gcc -DDEBUG -D__CODE_RED -D__REDLIB__ -I"C:\Users\rodri\Documents\LPCXpresso_8.2.2_650\embedded_LPCXpresso\workspace_projeto\CMSISv2p00_LPC17xx\inc" -I"C:\Users\rodri\Documents\LPCXpresso_8.2.2_650\embedded_LPCXpresso\workspace_projeto\Lib_MCU\inc" -O0 -g3 -Wall -c -fmessage-length=0 -fno-builtin -ffunction-sections -mcpu=cortex-m3 -mthumb -D__REDLIB__ -specs=redlib.specs -MMD -MP -MF"src/lpc17xx_qei.d" -MT"src/lpc17xx_qei.o" -MT"src/lpc17xx_qei.d" -o "src/lpc17xx_qei.o" "../src/lpc17xx_qei.c"
Finished building: ../src/lpc17xx_qei.c
 
Building file: ../src/lpc17xx_rit.c
Invoking: MCU C Compiler
arm-none-eabi-gcc -DDEBUG -D__CODE_RED -D__REDLIB__ -I"C:\Users\rodri\Documents\LPCXpresso_8.2.2_650\embedded_LPCXpresso\workspace_projeto\CMSISv2p00_LPC17xx\inc" -I"C:\Users\rodri\Documents\LPCXpresso_8.2.2_650\embedded_LPCXpresso\workspace_projeto\Lib_MCU\inc" -O0 -g3 -Wall -c -fmessage-length=0 -fno-builtin -ffunction-sections -mcpu=cortex-m3 -mthumb -D__REDLIB__ -specs=redlib.specs -MMD -MP -MF"src/lpc17xx_rit.d" -MT"src/lpc17xx_rit.o" -MT"src/lpc17xx_rit.d" -o "src/lpc17xx_rit.o" "../src/lpc17xx_rit.c"
Finished building: ../src/lpc17xx_rit.c
 
Building file: ../src/lpc17xx_rtc.c
Invoking: MCU C Compiler
arm-none-eabi-gcc -DDEBUG -D__CODE_RED -D__REDLIB__ -I"C:\Users\rodri\Documents\LPCXpresso_8.2.2_650\embedded_LPCXpresso\workspace_projeto\CMSISv2p00_LPC17xx\inc" -I"C:\Users\rodri\Documents\LPCXpresso_8.2.2_650\embedded_LPCXpresso\workspace_projeto\Lib_MCU\inc" -O0 -g3 -Wall -c -fmessage-length=0 -fno-builtin -ffunction-sections -mcpu=cortex-m3 -mthumb -D__REDLIB__ -specs=redlib.specs -MMD -MP -MF"src/lpc17xx_rtc.d" -MT"src/lpc17xx_rtc.o" -MT"src/lpc17xx_rtc.d" -o "src/lpc17xx_rtc.o" "../src/lpc17xx_rtc.c"
Finished building: ../src/lpc17xx_rtc.c
 
Building file: ../src/lpc17xx_spi.c
Invoking: MCU C Compiler
arm-none-eabi-gcc -DDEBUG -D__CODE_RED -D__REDLIB__ -I"C:\Users\rodri\Documents\LPCXpresso_8.2.2_650\embedded_LPCXpresso\workspace_projeto\CMSISv2p00_LPC17xx\inc" -I"C:\Users\rodri\Documents\LPCXpresso_8.2.2_650\embedded_LPCXpresso\workspace_projeto\Lib_MCU\inc" -O0 -g3 -Wall -c -fmessage-length=0 -fno-builtin -ffunction-sections -mcpu=cortex-m3 -mthumb -D__REDLIB__ -specs=redlib.specs -MMD -MP -MF"src/lpc17xx_spi.d" -MT"src/lpc17xx_spi.o" -MT"src/lpc17xx_spi.d" -o "src/lpc17xx_spi.o" "../src/lpc17xx_spi.c"
Finished building: ../src/lpc17xx_spi.c
 
Building file: ../src/lpc17xx_ssp.c
Invoking: MCU C Compiler
arm-none-eabi-gcc -DDEBUG -D__CODE_RED -D__REDLIB__ -I"C:\Users\rodri\Documents\LPCXpresso_8.2.2_650\embedded_LPCXpresso\workspace_projeto\CMSISv2p00_LPC17xx\inc" -I"C:\Users\rodri\Documents\LPCXpresso_8.2.2_650\embedded_LPCXpresso\workspace_projeto\Lib_MCU\inc" -O0 -g3 -Wall -c -fmessage-length=0 -fno-builtin -ffunction-sections -mcpu=cortex-m3 -mthumb -D__REDLIB__ -specs=redlib.specs -MMD -MP -MF"src/lpc17xx_ssp.d" -MT"src/lpc17xx_ssp.o" -MT"src/lpc17xx_ssp.d" -o "src/lpc17xx_ssp.o" "../src/lpc17xx_ssp.c"
Finished building: ../src/lpc17xx_ssp.c
 
Building file: ../src/lpc17xx_timer.c
Invoking: MCU C Compiler
arm-none-eabi-gcc -DDEBUG -D__CODE_RED -D__REDLIB__ -I"C:\Users\rodri\Documents\LPCXpresso_8.2.2_650\embedded_LPCXpresso\workspace_projeto\CMSISv2p00_LPC17xx\inc" -I"C:\Users\rodri\Documents\LPCXpresso_8.2.2_650\embedded_LPCXpresso\workspace_projeto\Lib_MCU\inc" -O0 -g3 -Wall -c -fmessage-length=0 -fno-builtin -ffunction-sections -mcpu=cortex-m3 -mthumb -D__REDLIB__ -specs=redlib.specs -MMD -MP -MF"src/lpc17xx_timer.d" -MT"src/lpc17xx_timer.o" -MT"src/lpc17xx_timer.d" -o "src/lpc17xx_timer.o" "../src/lpc17xx_timer.c"
../src/lpc17xx_timer.c: In function 'TIM_Init':
../src/lpc17xx_timer.c:244:11: warning: variable 'timer' set but not used [-Wunused-but-set-variable]
  uint32_t timer;
           ^
../src/lpc17xx_timer.c: In function 'TIM_ConfigMatch':
../src/lpc17xx_timer.c:389:11: warning: variable 'timer' set but not used [-Wunused-but-set-variable]
  uint32_t timer;
           ^
../src/lpc17xx_timer.c: In function 'TIM_ConfigCapture':
../src/lpc17xx_timer.c:436:11: warning: variable 'timer' set but not used [-Wunused-but-set-variable]
  uint32_t timer;
           ^
Finished building: ../src/lpc17xx_timer.c
 
Building file: ../src/lpc17xx_uart.c
Invoking: MCU C Compiler
arm-none-eabi-gcc -DDEBUG -D__CODE_RED -D__REDLIB__ -I"C:\Users\rodri\Documents\LPCXpresso_8.2.2_650\embedded_LPCXpresso\workspace_projeto\CMSISv2p00_LPC17xx\inc" -I"C:\Users\rodri\Documents\LPCXpresso_8.2.2_650\embedded_LPCXpresso\workspace_projeto\Lib_MCU\inc" -O0 -g3 -Wall -c -fmessage-length=0 -fno-builtin -ffunction-sections -mcpu=cortex-m3 -mthumb -D__REDLIB__ -specs=redlib.specs -MMD -MP -MF"src/lpc17xx_uart.d" -MT"src/lpc17xx_uart.o" -MT"src/lpc17xx_uart.d" -o "src/lpc17xx_uart.o" "../src/lpc17xx_uart.c"
../src/lpc17xx_uart.c: In function 'UART_SendString':
../src/lpc17xx_uart.c:1394:33: warning: implicit declaration of function 'strlen' [-Wimplicit-function-declaration]
  return UART_Send(UARTx, txbuf, strlen(txbuf), BLOCKING);
                                 ^
Finished building: ../src/lpc17xx_uart.c
 
Building file: ../src/lpc17xx_wdt.c
Invoking: MCU C Compiler
arm-none-eabi-gcc -DDEBUG -D__CODE_RED -D__REDLIB__ -I"C:\Users\rodri\Documents\LPCXpresso_8.2.2_650\embedded_LPCXpresso\workspace_projeto\CMSISv2p00_LPC17xx\inc" -I"C:\Users\rodri\Documents\LPCXpresso_8.2.2_650\embedded_LPCXpresso\workspace_projeto\Lib_MCU\inc" -O0 -g3 -Wall -c -fmessage-length=0 -fno-builtin -ffunction-sections -mcpu=cortex-m3 -mthumb -D__REDLIB__ -specs=redlib.specs -MMD -MP -MF"src/lpc17xx_wdt.d" -MT"src/lpc17xx_wdt.o" -MT"src/lpc17xx_wdt.d" -o "src/lpc17xx_wdt.o" "../src/lpc17xx_wdt.c"
Finished building: ../src/lpc17xx_wdt.c
 
Building target: libLib_MCU.a
Invoking: MCU Archiver
arm-none-eabi-ar -r  "libLib_MCU.a"  ./src/lpc17xx_adc.o ./src/lpc17xx_can.o ./src/lpc17xx_clkpwr.o ./src/lpc17xx_dac.o ./src/lpc17xx_emac.o ./src/lpc17xx_gpio.o ./src/lpc17xx_i2c.o ./src/lpc17xx_i2s.o ./src/lpc17xx_libcfg_default.o ./src/lpc17xx_mcpwm.o ./src/lpc17xx_nvic.o ./src/lpc17xx_pinsel.o ./src/lpc17xx_pwm.o ./src/lpc17xx_qei.o ./src/lpc17xx_rit.o ./src/lpc17xx_rtc.o ./src/lpc17xx_spi.o ./src/lpc17xx_ssp.o ./src/lpc17xx_timer.o ./src/lpc17xx_uart.o ./src/lpc17xx_wdt.o   
c:\nxp\LPCXpresso_8.2.2_650\lpcxpresso\tools\bin\arm-none-eabi-ar.exe: creating libLib_MCU.a
Finished building target: libLib_MCU.a
 
make --no-print-directory post-build
Performing post-build steps
arm-none-eabi-size libLib_MCU.a ; # arm-none-eabi-objdump -h -S libLib_MCU.a >libLib_MCU.lss
   text	   data	    bss	    dec	    hex	filename
   1241	      0	      0	   1241	    4d9	lpc17xx_adc.o (ex libLib_MCU.a)
  10777	     16	     60	  10853	   2a65	lpc17xx_can.o (ex libLib_MCU.a)
    536	      0	      0	    536	    218	lpc17xx_clkpwr.o (ex libLib_MCU.a)
    385	      0	      0	    385	    181	lpc17xx_dac.o (ex libLib_MCU.a)
   2951	      0	  10892	  13843	   3613	lpc17xx_emac.o (ex libLib_MCU.a)
   1708	      0	      0	   1708	    6ac	lpc17xx_gpio.o (ex libLib_MCU.a)
   4469	      0	     36	   4505	   1199	lpc17xx_i2c.o (ex libLib_MCU.a)
   2901	      0	      8	   2909	    b5d	lpc17xx_i2s.o (ex libLib_MCU.a)
     12	      0	      0	     12	      c	lpc17xx_libcfg_default.o (ex libLib_MCU.a)
   1820	      0	      0	   1820	    71c	lpc17xx_mcpwm.o (ex libLib_MCU.a)
    240	      0	      0	    240	     f0	lpc17xx_nvic.o (ex libLib_MCU.a)
    564	      0	      0	    564	    234	lpc17xx_pinsel.o (ex libLib_MCU.a)
   2557	      0	      0	   2557	    9fd	lpc17xx_pwm.o (ex libLib_MCU.a)
   2145	      0	      0	   2145	    861	lpc17xx_qei.o (ex libLib_MCU.a)
    633	      0	      0	    633	    279	lpc17xx_rit.o (ex libLib_MCU.a)
   3905	      0	      0	   3905	    f41	lpc17xx_rtc.o (ex libLib_MCU.a)
   1717	      0	     12	   1729	    6c1	lpc17xx_spi.o (ex libLib_MCU.a)
   3517	      0	     24	   3541	    dd5	lpc17xx_ssp.o (ex libLib_MCU.a)
   2591	      0	      0	   2591	    a1f	lpc17xx_timer.o (ex libLib_MCU.a)
   5822	      0	     68	   5890	   1702	lpc17xx_uart.o (ex libLib_MCU.a)
    701	      0	      0	    701	    2bd	lpc17xx_wdt.o (ex libLib_MCU.a)
 
13:14:35 **** Clean-only build of configuration Debug for project Lib_EaBaseBoard ****
make -r clean 
rm -rf  ./src/acc.o ./src/eeprom.o ./src/flash.o ./src/font5x7.o ./src/joystick.o ./src/led7seg.o ./src/light.o ./src/oled.o ./src/pca9532.o ./src/rgb.o ./src/rotary.o ./src/temp.o ./src/uart2.o  ./src/acc.d ./src/eeprom.d ./src/flash.d ./src/font5x7.d ./src/joystick.d ./src/led7seg.d ./src/light.d ./src/oled.d ./src/pca9532.d ./src/rgb.d ./src/rotary.d ./src/temp.d ./src/uart2.d  libLib_EaBaseBoard.a
 
13:14:36 **** Build of configuration Debug for project Lib_EaBaseBoard ****
make -r all 
Building file: ../src/acc.c
Invoking: MCU C Compiler
arm-none-eabi-gcc -DDEBUG -D__CODE_RED -D__REDLIB__ -I"C:\Users\rodri\Documents\LPCXpresso_8.2.2_650\embedded_LPCXpresso\workspace_projeto\CMSISv2p00_LPC17xx\inc" -I"C:\Users\rodri\Documents\LPCXpresso_8.2.2_650\embedded_LPCXpresso\workspace_projeto\Lib_EaBaseBoard\inc" -I"C:\Users\rodri\Documents\LPCXpresso_8.2.2_650\embedded_LPCXpresso\workspace_projeto\Lib_MCU\inc" -O0 -g3 -Wall -c -fmessage-length=0 -fno-builtin -ffunction-sections -mcpu=cortex-m3 -mthumb -D__REDLIB__ -specs=redlib.specs -MMD -MP -MF"src/acc.d" -MT"src/acc.o" -MT"src/acc.d" -o "src/acc.o" "../src/acc.c"
Finished building: ../src/acc.c
 
Building file: ../src/eeprom.c
Invoking: MCU C Compiler
arm-none-eabi-gcc -DDEBUG -D__CODE_RED -D__REDLIB__ -I"C:\Users\rodri\Documents\LPCXpresso_8.2.2_650\embedded_LPCXpresso\workspace_projeto\CMSISv2p00_LPC17xx\inc" -I"C:\Users\rodri\Documents\LPCXpresso_8.2.2_650\embedded_LPCXpresso\workspace_projeto\Lib_EaBaseBoard\inc" -I"C:\Users\rodri\Documents\LPCXpresso_8.2.2_650\embedded_LPCXpresso\workspace_projeto\Lib_MCU\inc" -O0 -g3 -Wall -c -fmessage-length=0 -fno-builtin -ffunction-sections -mcpu=cortex-m3 -mthumb -D__REDLIB__ -specs=redlib.specs -MMD -MP -MF"src/eeprom.d" -MT"src/eeprom.o" -MT"src/eeprom.d" -o "src/eeprom.o" "../src/eeprom.c"
Finished building: ../src/eeprom.c
 
Building file: ../src/flash.c
Invoking: MCU C Compiler
arm-none-eabi-gcc -DDEBUG -D__CODE_RED -D__REDLIB__ -I"C:\Users\rodri\Documents\LPCXpresso_8.2.2_650\embedded_LPCXpresso\workspace_projeto\CMSISv2p00_LPC17xx\inc" -I"C:\Users\rodri\Documents\LPCXpresso_8.2.2_650\embedded_LPCXpresso\workspace_projeto\Lib_EaBaseBoard\inc" -I"C:\Users\rodri\Documents\LPCXpresso_8.2.2_650\embedded_LPCXpresso\workspace_projeto\Lib_MCU\inc" -O0 -g3 -Wall -c -fmessage-length=0 -fno-builtin -ffunction-sections -mcpu=cortex-m3 -mthumb -D__REDLIB__ -specs=redlib.specs -MMD -MP -MF"src/flash.d" -MT"src/flash.o" -MT"src/flash.d" -o "src/flash.o" "../src/flash.c"
Finished building: ../src/flash.c
 
Building file: ../src/font5x7.c
Invoking: MCU C Compiler
arm-none-eabi-gcc -DDEBUG -D__CODE_RED -D__REDLIB__ -I"C:\Users\rodri\Documents\LPCXpresso_8.2.2_650\embedded_LPCXpresso\workspace_projeto\CMSISv2p00_LPC17xx\inc" -I"C:\Users\rodri\Documents\LPCXpresso_8.2.2_650\embedded_LPCXpresso\workspace_projeto\Lib_EaBaseBoard\inc" -I"C:\Users\rodri\Documents\LPCXpresso_8.2.2_650\embedded_LPCXpresso\workspace_projeto\Lib_MCU\inc" -O0 -g3 -Wall -c -fmessage-length=0 -fno-builtin -ffunction-sections -mcpu=cortex-m3 -mthumb -D__REDLIB__ -specs=redlib.specs -MMD -MP -MF"src/font5x7.d" -MT"src/font5x7.o" -MT"src/font5x7.d" -o "src/font5x7.o" "../src/font5x7.c"
Finished building: ../src/font5x7.c
 
Building file: ../src/joystick.c
Invoking: MCU C Compiler
arm-none-eabi-gcc -DDEBUG -D__CODE_RED -D__REDLIB__ -I"C:\Users\rodri\Documents\LPCXpresso_8.2.2_650\embedded_LPCXpresso\workspace_projeto\CMSISv2p00_LPC17xx\inc" -I"C:\Users\rodri\Documents\LPCXpresso_8.2.2_650\embedded_LPCXpresso\workspace_projeto\Lib_EaBaseBoard\inc" -I"C:\Users\rodri\Documents\LPCXpresso_8.2.2_650\embedded_LPCXpresso\workspace_projeto\Lib_MCU\inc" -O0 -g3 -Wall -c -fmessage-length=0 -fno-builtin -ffunction-sections -mcpu=cortex-m3 -mthumb -D__REDLIB__ -specs=redlib.specs -MMD -MP -MF"src/joystick.d" -MT"src/joystick.o" -MT"src/joystick.d" -o "src/joystick.o" "../src/joystick.c"
Finished building: ../src/joystick.c
 
Building file: ../src/led7seg.c
Invoking: MCU C Compiler
arm-none-eabi-gcc -DDEBUG -D__CODE_RED -D__REDLIB__ -I"C:\Users\rodri\Documents\LPCXpresso_8.2.2_650\embedded_LPCXpresso\workspace_projeto\CMSISv2p00_LPC17xx\inc" -I"C:\Users\rodri\Documents\LPCXpresso_8.2.2_650\embedded_LPCXpresso\workspace_projeto\Lib_EaBaseBoard\inc" -I"C:\Users\rodri\Documents\LPCXpresso_8.2.2_650\embedded_LPCXpresso\workspace_projeto\Lib_MCU\inc" -O0 -g3 -Wall -c -fmessage-length=0 -fno-builtin -ffunction-sections -mcpu=cortex-m3 -mthumb -D__REDLIB__ -specs=redlib.specs -MMD -MP -MF"src/led7seg.d" -MT"src/led7seg.o" -MT"src/led7seg.d" -o "src/led7seg.o" "../src/led7seg.c"
Finished building: ../src/led7seg.c
 
Building file: ../src/light.c
Invoking: MCU C Compiler
arm-none-eabi-gcc -DDEBUG -D__CODE_RED -D__REDLIB__ -I"C:\Users\rodri\Documents\LPCXpresso_8.2.2_650\embedded_LPCXpresso\workspace_projeto\CMSISv2p00_LPC17xx\inc" -I"C:\Users\rodri\Documents\LPCXpresso_8.2.2_650\embedded_LPCXpresso\workspace_projeto\Lib_EaBaseBoard\inc" -I"C:\Users\rodri\Documents\LPCXpresso_8.2.2_650\embedded_LPCXpresso\workspace_projeto\Lib_MCU\inc" -O0 -g3 -Wall -c -fmessage-length=0 -fno-builtin -ffunction-sections -mcpu=cortex-m3 -mthumb -D__REDLIB__ -specs=redlib.specs -MMD -MP -MF"src/light.d" -MT"src/light.o" -MT"src/light.d" -o "src/light.o" "../src/light.c"
Finished building: ../src/light.c
 
Building file: ../src/oled.c
Invoking: MCU C Compiler
arm-none-eabi-gcc -DDEBUG -D__CODE_RED -D__REDLIB__ -I"C:\Users\rodri\Documents\LPCXpresso_8.2.2_650\embedded_LPCXpresso\workspace_projeto\CMSISv2p00_LPC17xx\inc" -I"C:\Users\rodri\Documents\LPCXpresso_8.2.2_650\embedded_LPCXpresso\workspace_projeto\Lib_EaBaseBoard\inc" -I"C:\Users\rodri\Documents\LPCXpresso_8.2.2_650\embedded_LPCXpresso\workspace_projeto\Lib_MCU\inc" -O0 -g3 -Wall -c -fmessage-length=0 -fno-builtin -ffunction-sections -mcpu=cortex-m3 -mthumb -D__REDLIB__ -specs=redlib.specs -MMD -MP -MF"src/oled.d" -MT"src/oled.o" -MT"src/oled.d" -o "src/oled.o" "../src/oled.c"
Finished building: ../src/oled.c
 
Building file: ../src/pca9532.c
Invoking: MCU C Compiler
arm-none-eabi-gcc -DDEBUG -D__CODE_RED -D__REDLIB__ -I"C:\Users\rodri\Documents\LPCXpresso_8.2.2_650\embedded_LPCXpresso\workspace_projeto\CMSISv2p00_LPC17xx\inc" -I"C:\Users\rodri\Documents\LPCXpresso_8.2.2_650\embedded_LPCXpresso\workspace_projeto\Lib_EaBaseBoard\inc" -I"C:\Users\rodri\Documents\LPCXpresso_8.2.2_650\embedded_LPCXpresso\workspace_projeto\Lib_MCU\inc" -O0 -g3 -Wall -c -fmessage-length=0 -fno-builtin -ffunction-sections -mcpu=cortex-m3 -mthumb -D__REDLIB__ -specs=redlib.specs -MMD -MP -MF"src/pca9532.d" -MT"src/pca9532.o" -MT"src/pca9532.d" -o "src/pca9532.o" "../src/pca9532.c"
Finished building: ../src/pca9532.c
 
Building file: ../src/rgb.c
Invoking: MCU C Compiler
arm-none-eabi-gcc -DDEBUG -D__CODE_RED -D__REDLIB__ -I"C:\Users\rodri\Documents\LPCXpresso_8.2.2_650\embedded_LPCXpresso\workspace_projeto\CMSISv2p00_LPC17xx\inc" -I"C:\Users\rodri\Documents\LPCXpresso_8.2.2_650\embedded_LPCXpresso\workspace_projeto\Lib_EaBaseBoard\inc" -I"C:\Users\rodri\Documents\LPCXpresso_8.2.2_650\embedded_LPCXpresso\workspace_projeto\Lib_MCU\inc" -O0 -g3 -Wall -c -fmessage-length=0 -fno-builtin -ffunction-sections -mcpu=cortex-m3 -mthumb -D__REDLIB__ -specs=redlib.specs -MMD -MP -MF"src/rgb.d" -MT"src/rgb.o" -MT"src/rgb.d" -o "src/rgb.o" "../src/rgb.c"
Finished building: ../src/rgb.c
 
Building file: ../src/rotary.c
Invoking: MCU C Compiler
arm-none-eabi-gcc -DDEBUG -D__CODE_RED -D__REDLIB__ -I"C:\Users\rodri\Documents\LPCXpresso_8.2.2_650\embedded_LPCXpresso\workspace_projeto\CMSISv2p00_LPC17xx\inc" -I"C:\Users\rodri\Documents\LPCXpresso_8.2.2_650\embedded_LPCXpresso\workspace_projeto\Lib_EaBaseBoard\inc" -I"C:\Users\rodri\Documents\LPCXpresso_8.2.2_650\embedded_LPCXpresso\workspace_projeto\Lib_MCU\inc" -O0 -g3 -Wall -c -fmessage-length=0 -fno-builtin -ffunction-sections -mcpu=cortex-m3 -mthumb -D__REDLIB__ -specs=redlib.specs -MMD -MP -MF"src/rotary.d" -MT"src/rotary.o" -MT"src/rotary.d" -o "src/rotary.o" "../src/rotary.c"
Finished building: ../src/rotary.c
 
Building file: ../src/temp.c
Invoking: MCU C Compiler
arm-none-eabi-gcc -DDEBUG -D__CODE_RED -D__REDLIB__ -I"C:\Users\rodri\Documents\LPCXpresso_8.2.2_650\embedded_LPCXpresso\workspace_projeto\CMSISv2p00_LPC17xx\inc" -I"C:\Users\rodri\Documents\LPCXpresso_8.2.2_650\embedded_LPCXpresso\workspace_projeto\Lib_EaBaseBoard\inc" -I"C:\Users\rodri\Documents\LPCXpresso_8.2.2_650\embedded_LPCXpresso\workspace_projeto\Lib_MCU\inc" -O0 -g3 -Wall -c -fmessage-length=0 -fno-builtin -ffunction-sections -mcpu=cortex-m3 -mthumb -D__REDLIB__ -specs=redlib.specs -MMD -MP -MF"src/temp.d" -MT"src/temp.o" -MT"src/temp.d" -o "src/temp.o" "../src/temp.c"
Finished building: ../src/temp.c
 
Building file: ../src/uart2.c
Invoking: MCU C Compiler
arm-none-eabi-gcc -DDEBUG -D__CODE_RED -D__REDLIB__ -I"C:\Users\rodri\Documents\LPCXpresso_8.2.2_650\embedded_LPCXpresso\workspace_projeto\CMSISv2p00_LPC17xx\inc" -I"C:\Users\rodri\Documents\LPCXpresso_8.2.2_650\embedded_LPCXpresso\workspace_projeto\Lib_EaBaseBoard\inc" -I"C:\Users\rodri\Documents\LPCXpresso_8.2.2_650\embedded_LPCXpresso\workspace_projeto\Lib_MCU\inc" -O0 -g3 -Wall -c -fmessage-length=0 -fno-builtin -ffunction-sections -mcpu=cortex-m3 -mthumb -D__REDLIB__ -specs=redlib.specs -MMD -MP -MF"src/uart2.d" -MT"src/uart2.o" -MT"src/uart2.d" -o "src/uart2.o" "../src/uart2.c"
Finished building: ../src/uart2.c
 
Building target: libLib_EaBaseBoard.a
Invoking: MCU Archiver
arm-none-eabi-ar -r  "libLib_EaBaseBoard.a"  ./src/acc.o ./src/eeprom.o ./src/flash.o ./src/font5x7.o ./src/joystick.o ./src/led7seg.o ./src/light.o ./src/oled.o ./src/pca9532.o ./src/rgb.o ./src/rotary.o ./src/temp.o ./src/uart2.o   
c:\nxp\LPCXpresso_8.2.2_650\lpcxpresso\tools\bin\arm-none-eabi-ar.exe: creating libLib_EaBaseBoard.a
Finished building target: libLib_EaBaseBoard.a
 
make --no-print-directory post-build
Performing post-build steps
arm-none-eabi-size libLib_EaBaseBoard.a ; # arm-none-eabi-objdump -h -S libLib_EaBaseBoard.a >libLib_EaBaseBoard.lss
   text	   data	    bss	    dec	    hex	filename
    580	      0	      0	    580	    244	acc.o (ex libLib_EaBaseBoard.a)
    588	      0	      0	    588	    24c	eeprom.o (ex libLib_EaBaseBoard.a)
   1395	     80	     12	   1487	    5cf	flash.o (ex libLib_EaBaseBoard.a)
    768	      0	      0	    768	    300	font5x7.o (ex libLib_EaBaseBoard.a)
    168	      0	      0	    168	     a8	joystick.o (ex libLib_EaBaseBoard.a)
    144	     80	      0	    224	     e0	led7seg.o (ex libLib_EaBaseBoard.a)
   1176	      8	      0	   1184	    4a0	light.o (ex libLib_EaBaseBoard.a)
   3032	      0	    768	   3800	    ed8	oled.o (ex libLib_EaBaseBoard.a)
   1080	      0	      6	   1086	    43e	pca9532.o (ex libLib_EaBaseBoard.a)
    148	      0	      0	    148	     94	rgb.o (ex libLib_EaBaseBoard.a)
    232	      0	      0	    232	     e8	rotary.o (ex libLib_EaBaseBoard.a)
    276	      0	      4	    280	    118	temp.o (ex libLib_EaBaseBoard.a)
    848	      0	      1	    849	    351	uart2.o (ex libLib_EaBaseBoard.a)
 
13:14:43 **** Build of configuration Debug for project easyweb ****
make -r all 
Building file: ../src/cr_startup_lpc17.c
Invoking: MCU C Compiler
arm-none-eabi-gcc -DDEBUG -D__USE_CMSIS=CMSISv1p30_LPC17xx -D__CODE_RED -D__NEWLIB__ -I"C:\Users\rodri\Documents\LPCXpresso_8.2.2_650\embedded_LPCXpresso\workspace_projeto\CMSISv2p00_LPC17xx\inc" -I"C:\Users\rodri\Documents\LPCXpresso_8.2.2_650\embedded_LPCXpresso\workspace_projeto\Lib_EaBaseBoard\inc" -I"C:\Users\rodri\Documents\LPCXpresso_8.2.2_650\embedded_LPCXpresso\workspace_projeto\Lib_MCU\inc" -O0 -g3 -Wall -c -fmessage-length=0 -fno-builtin -ffunction-sections -mcpu=cortex-m3 -mthumb -D__NEWLIB__ -MMD -MP -MF"src/cr_startup_lpc17.d" -MT"src/cr_startup_lpc17.o" -MT"src/cr_startup_lpc17.d" -o "src/cr_startup_lpc17.o" "../src/cr_startup_lpc17.c"
Finished building: ../src/cr_startup_lpc17.c
 
Building file: ../src/easyweb.c
Invoking: MCU C Compiler
arm-none-eabi-gcc -DDEBUG -D__USE_CMSIS=CMSISv1p30_LPC17xx -D__CODE_RED -D__NEWLIB__ -I"C:\Users\rodri\Documents\LPCXpresso_8.2.2_650\embedded_LPCXpresso\workspace_projeto\CMSISv2p00_LPC17xx\inc" -I"C:\Users\rodri\Documents\LPCXpresso_8.2.2_650\embedded_LPCXpresso\workspace_projeto\Lib_EaBaseBoard\inc" -I"C:\Users\rodri\Documents\LPCXpresso_8.2.2_650\embedded_LPCXpresso\workspace_projeto\Lib_MCU\inc" -O0 -g3 -Wall -c -fmessage-length=0 -fno-builtin -ffunction-sections -mcpu=cortex-m3 -mthumb -D__NEWLIB__ -MMD -MP -MF"src/easyweb.d" -MT"src/easyweb.o" -MT"src/easyweb.d" -o "src/easyweb.o" "../src/easyweb.c"
Finished building: ../src/easyweb.c
 
Building file: ../src/ethmac.c
Invoking: MCU C Compiler
arm-none-eabi-gcc -DDEBUG -D__USE_CMSIS=CMSISv1p30_LPC17xx -D__CODE_RED -D__NEWLIB__ -I"C:\Users\rodri\Documents\LPCXpresso_8.2.2_650\embedded_LPCXpresso\workspace_projeto\CMSISv2p00_LPC17xx\inc" -I"C:\Users\rodri\Documents\LPCXpresso_8.2.2_650\embedded_LPCXpresso\workspace_projeto\Lib_EaBaseBoard\inc" -I"C:\Users\rodri\Documents\LPCXpresso_8.2.2_650\embedded_LPCXpresso\workspace_projeto\Lib_MCU\inc" -O0 -g3 -Wall -c -fmessage-length=0 -fno-builtin -ffunction-sections -mcpu=cortex-m3 -mthumb -D__NEWLIB__ -MMD -MP -MF"src/ethmac.d" -MT"src/ethmac.o" -MT"src/ethmac.d" -o "src/ethmac.o" "../src/ethmac.c"
Finished building: ../src/ethmac.c
 
Building file: ../src/ew_systick.c
Invoking: MCU C Compiler
arm-none-eabi-gcc -DDEBUG -D__USE_CMSIS=CMSISv1p30_LPC17xx -D__CODE_RED -D__NEWLIB__ -I"C:\Users\rodri\Documents\LPCXpresso_8.2.2_650\embedded_LPCXpresso\workspace_projeto\CMSISv2p00_LPC17xx\inc" -I"C:\Users\rodri\Documents\LPCXpresso_8.2.2_650\embedded_LPCXpresso\workspace_projeto\Lib_EaBaseBoard\inc" -I"C:\Users\rodri\Documents\LPCXpresso_8.2.2_650\embedded_LPCXpresso\workspace_projeto\Lib_MCU\inc" -O0 -g3 -Wall -c -fmessage-length=0 -fno-builtin -ffunction-sections -mcpu=cortex-m3 -mthumb -D__NEWLIB__ -MMD -MP -MF"src/ew_systick.d" -MT"src/ew_systick.o" -MT"src/ew_systick.d" -o "src/ew_systick.o" "../src/ew_systick.c"
Finished building: ../src/ew_systick.c
 
Building file: ../src/tcpip.c
Invoking: MCU C Compiler
arm-none-eabi-gcc -DDEBUG -D__USE_CMSIS=CMSISv1p30_LPC17xx -D__CODE_RED -D__NEWLIB__ -I"C:\Users\rodri\Documents\LPCXpresso_8.2.2_650\embedded_LPCXpresso\workspace_projeto\CMSISv2p00_LPC17xx\inc" -I"C:\Users\rodri\Documents\LPCXpresso_8.2.2_650\embedded_LPCXpresso\workspace_projeto\Lib_EaBaseBoard\inc" -I"C:\Users\rodri\Documents\LPCXpresso_8.2.2_650\embedded_LPCXpresso\workspace_projeto\Lib_MCU\inc" -O0 -g3 -Wall -c -fmessage-length=0 -fno-builtin -ffunction-sections -mcpu=cortex-m3 -mthumb -D__NEWLIB__ -MMD -MP -MF"src/tcpip.d" -MT"src/tcpip.o" -MT"src/tcpip.d" -o "src/tcpip.o" "../src/tcpip.c"
../src/tcpip.c: In function 'TCPClose':
../src/tcpip.c:103:3: warning: enumeration value 'CLOSED' not handled in switch [-Wswitch]
   switch (TCPStateMachine)
   ^
../src/tcpip.c:103:3: warning: enumeration value 'FIN_WAIT_1' not handled in switch [-Wswitch]
../src/tcpip.c:103:3: warning: enumeration value 'FIN_WAIT_2' not handled in switch [-Wswitch]
../src/tcpip.c:103:3: warning: enumeration value 'CLOSE_WAIT' not handled in switch [-Wswitch]
../src/tcpip.c:103:3: warning: enumeration value 'CLOSING' not handled in switch [-Wswitch]
../src/tcpip.c:103:3: warning: enumeration value 'LAST_ACK' not handled in switch [-Wswitch]
../src/tcpip.c:103:3: warning: enumeration value 'TIME_WAIT' not handled in switch [-Wswitch]
../src/tcpip.c: In function 'DoNetworkStuff':
../src/tcpip.c:216:6: warning: suggest explicit braces to avoid ambiguous 'else' [-Wparentheses]
   if (TCPFlags & TCP_TIMER_RUNNING)
      ^
../src/tcpip.c:242:3: warning: enumeration value 'SYN_SENT' not handled in switch [-Wswitch]
   switch (TCPStateMachine)
   ^
../src/tcpip.c:242:3: warning: enumeration value 'FIN_WAIT_1' not handled in switch [-Wswitch]
../src/tcpip.c:242:3: warning: enumeration value 'FIN_WAIT_2' not handled in switch [-Wswitch]
../src/tcpip.c:242:3: warning: enumeration value 'CLOSING' not handled in switch [-Wswitch]
../src/tcpip.c:242:3: warning: enumeration value 'LAST_ACK' not handled in switch [-Wswitch]
../src/tcpip.c:242:3: warning: enumeration value 'TIME_WAIT' not handled in switch [-Wswitch]
../src/tcpip.c: In function 'ProcessTCPFrame':
../src/tcpip.c:633:9: warning: enumeration value 'CLOSED' not handled in switch [-Wswitch]
         switch (TCPStateMachine)                 // change state if necessary
         ^
../src/tcpip.c:633:9: warning: enumeration value 'LISTENING' not handled in switch [-Wswitch]
../src/tcpip.c:633:9: warning: enumeration value 'SYN_SENT' not handled in switch [-Wswitch]
../src/tcpip.c:633:9: warning: enumeration value 'ESTABLISHED' not handled in switch [-Wswitch]
../src/tcpip.c:633:9: warning: enumeration value 'FIN_WAIT_2' not handled in switch [-Wswitch]
../src/tcpip.c:633:9: warning: enumeration value 'CLOSE_WAIT' not handled in switch [-Wswitch]
../src/tcpip.c:679:9: warning: enumeration value 'CLOSED' not handled in switch [-Wswitch]
         switch (TCPStateMachine)
         ^
../src/tcpip.c:679:9: warning: enumeration value 'LISTENING' not handled in switch [-Wswitch]
../src/tcpip.c:679:9: warning: enumeration value 'SYN_SENT' not handled in switch [-Wswitch]
../src/tcpip.c:679:9: warning: enumeration value 'CLOSE_WAIT' not handled in switch [-Wswitch]
../src/tcpip.c:679:9: warning: enumeration value 'CLOSING' not handled in switch [-Wswitch]
../src/tcpip.c:679:9: warning: enumeration value 'LAST_ACK' not handled in switch [-Wswitch]
Finished building: ../src/tcpip.c
 
Building target: easyweb.axf
Invoking: MCU Linker
arm-none-eabi-gcc -nostdlib -L"C:\Users\rodri\Documents\LPCXpresso_8.2.2_650\embedded_LPCXpresso\workspace_projeto\CMSISv2p00_LPC17xx\Debug" -L"C:\Users\rodri\Documents\LPCXpresso_8.2.2_650\embedded_LPCXpresso\workspace_projeto\Lib_EaBaseBoard\Debug" -L"C:\Users\rodri\Documents\LPCXpresso_8.2.2_650\embedded_LPCXpresso\workspace_projeto\Lib_MCU\Debug" -Xlinker --gc-sections -Xlinker -Map=easyweb.map -mcpu=cortex-m3 -mthumb -T "rdb1768cmsis_uart_Debug.ld" -o "easyweb.axf"  ./src/cr_startup_lpc17.o ./src/easyweb.o ./src/ethmac.o ./src/ew_systick.o ./src/tcpip.o   -lCMSISv2p00_LPC17xx -lLib_EaBaseBoard -lLib_MCU
Finished building target: easyweb.axf
 
make --no-print-directory post-build
Performing post-build steps
arm-none-eabi-size easyweb.axf; # arm-none-eabi-objdump -h -S easyweb.axf >easyweb.lss
   text	   data	    bss	    dec	    hex	filename
  34484	   2172	   1864	  38520	   9678	easyweb.axf
 
13:14:49 **** Incremental Build of configuration Debug for project easyweb ****
make -r all 
make: Nothing to be done for `all'.
13:21:23 **** Incremental Build of configuration Debug for project easyweb ****
make -r all 
Building file: ../src/easyweb.c
Invoking: MCU C Compiler
arm-none-eabi-gcc -DDEBUG -D__USE_CMSIS=CMSISv1p30_LPC17xx -D__CODE_RED -D__NEWLIB__ -I"C:\Users\rodri\Documents\LPCXpresso_8.2.2_650\embedded_LPCXpresso\workspace_projeto\CMSISv2p00_LPC17xx\inc" -I"C:\Users\rodri\Documents\LPCXpresso_8.2.2_650\embedded_LPCXpresso\workspace_projeto\Lib_EaBaseBoard\inc" -I"C:\Users\rodri\Documents\LPCXpresso_8.2.2_650\embedded_LPCXpresso\workspace_projeto\Lib_MCU\inc" -O0 -g3 -Wall -c -fmessage-length=0 -fno-builtin -ffunction-sections -mcpu=cortex-m3 -mthumb -D__NEWLIB__ -MMD -MP -MF"src/easyweb.d" -MT"src/easyweb.o" -MT"src/easyweb.d" -o "src/easyweb.o" "../src/easyweb.c"
../src/easyweb.c: In function 'getTicks':
../src/easyweb.c:63:12: error: 'msTicks' undeclared (first use in this function)
     return msTicks;
            ^
../src/easyweb.c:63:12: note: each undeclared identifier is reported only once for each function it appears in
../src/easyweb.c: In function 'SysTick_Handler':
../src/easyweb.c:70:2: error: 'TimeTick' undeclared (first use in this function)
  TimeTick++;  // Increment first SysTick counter
  ^
../src/easyweb.c:71:2: error: 'TimeTick2' undeclared (first use in this function)
  TimeTick2++; // Increment second SysTick counter
  ^
../src/easyweb.c:72:2: error: 'msTicks' undeclared (first use in this function)
  msTicks++;
  ^
../src/easyweb.c: In function 'init_i2c':
../src/easyweb.c:198:2: warning: implicit declaration of function 'I2C_Init' [-Wimplicit-function-declaration]
  I2C_Init(LPC_I2C2, 100000);
  ^
../src/easyweb.c:201:2: warning: implicit declaration of function 'I2C_Cmd' [-Wimplicit-function-declaration]
  I2C_Cmd(LPC_I2C2, ENABLE);
  ^
../src/easyweb.c: In function 'init_adc':
../src/easyweb.c:223:2: warning: implicit declaration of function 'ADC_Init' [-Wimplicit-function-declaration]
  ADC_Init(LPC_ADC, 1000000);
  ^
../src/easyweb.c:224:2: warning: implicit declaration of function 'ADC_IntConfig' [-Wimplicit-function-declaration]
  ADC_IntConfig(LPC_ADC,ADC_CHANNEL_0,DISABLE);
  ^
../src/easyweb.c:224:24: error: 'ADC_CHANNEL_0' undeclared (first use in this function)
  ADC_IntConfig(LPC_ADC,ADC_CHANNEL_0,DISABLE);
                        ^
../src/easyweb.c:225:2: warning: implicit declaration of function 'ADC_ChannelCmd' [-Wimplicit-function-declaration]
  ADC_ChannelCmd(LPC_ADC,ADC_CHANNEL_0,ENABLE);
  ^
../src/easyweb.c: In function 'joystickLed':
../src/easyweb.c:235:5: error: 'joy' undeclared (first use in this function)
     joy = joystick_read();
     ^
../src/easyweb.c:235:11: warning: implicit declaration of function 'joystick_read' [-Wimplicit-function-declaration]
     joy = joystick_read();
           ^
../src/easyweb.c:237:16: error: 'JOYSTICK_DOWN' undeclared (first use in this function)
     if ((joy & JOYSTICK_DOWN) != 0) {
                ^
../src/easyweb.c:238:7: error: 'level' undeclared (first use in this function)
   if (level > 0){
       ^
../src/easyweb.c:239:13: error: 'INCREMENT' undeclared (first use in this function)
    level -= INCREMENT;
             ^
../src/easyweb.c:245:13: error: 'JOYSTICK_UP' undeclared (first use in this function)
  if ((joy & JOYSTICK_UP) != 0) {
             ^
../src/easyweb.c:254:7: error: 'RGB_RED' undeclared (first use in this function)
   r = RGB_RED;
       ^
../src/easyweb.c:257:3: warning: implicit declaration of function 'rgb_setLeds' [-Wimplicit-function-declaration]
   rgb_setLeds(r|g|b);
   ^
../src/easyweb.c:261:7: error: 'RGB_BLUE' undeclared (first use in this function)
   b = RGB_BLUE;
       ^
../src/easyweb.c:265:7: error: 'RGB_GREEN' undeclared (first use in this function)
   g = RGB_GREEN;
       ^
../src/easyweb.c: In function 'temperatureLed':
../src/easyweb.c:276:6: warning: implicit declaration of function 'temp_read' [-Wimplicit-function-declaration]
  t = temp_read();
      ^
../src/easyweb.c:282:7: error: 'RGB_BLUE' undeclared (first use in this function)
   b = RGB_BLUE;
       ^
../src/easyweb.c:287:7: error: 'RGB_GREEN' undeclared (first use in this function)
   g = RGB_GREEN;
       ^
../src/easyweb.c:292:7: error: 'RGB_RED' undeclared (first use in this function)
   r = RGB_RED;
       ^
../src/easyweb.c:298:17: error: 'buf' undeclared (first use in this function)
  intToString(t, buf, 10, 10);
                 ^
../src/easyweb.c: In function 'moveBar':
../src/easyweb.c:309:9: error: 'barPos' undeclared (first use in this function)
     if (barPos == 0)
         ^
../src/easyweb.c:319:5: warning: implicit declaration of function 'pca9532_setLeds' [-Wimplicit-function-declaration]
     pca9532_setLeds(ledOn, 0xffff);
     ^
../src/easyweb.c: In function 'accLed':
../src/easyweb.c:343:2: warning: implicit declaration of function 'acc_read' [-Wimplicit-function-declaration]
  acc_read(&x, &y, &z);
  ^
../src/easyweb.c:352:7: error: 'RGB_BLUE' undeclared (first use in this function)
   b = RGB_BLUE;
       ^
../src/easyweb.c:356:7: error: 'RGB_GREEN' undeclared (first use in this function)
   g = RGB_GREEN;
       ^
../src/easyweb.c:360:7: error: 'RGB_RED' undeclared (first use in this function)
   r = RGB_RED;
       ^
../src/easyweb.c:367:20: error: 'buf' undeclared (first use in this function)
     intToString(x, buf, 10, 10);
                    ^
../src/easyweb.c: In function 'InsertDynamicValues':
../src/easyweb.c:520:3: error: expected declaration or statement at end of input
   }
   ^
../src/easyweb.c:476:16: warning: unused variable 'i' [-Wunused-variable]
   unsigned int i;
                ^
../src/easyweb.c:475:17: warning: unused variable 'NewKey' [-Wunused-variable]
            char NewKey[6];
                 ^
../src/easyweb.c:474:18: warning: variable 'Key' set but not used [-Wunused-but-set-variable]
   unsigned char *Key;
                  ^
../src/easyweb.c: At top level:
../src/easyweb.c:61:17: warning: 'getTicks' defined but not used [-Wunused-function]
 static uint32_t getTicks(void)
                 ^
../src/easyweb.c:185:13: warning: 'init_i2c' defined but not used [-Wunused-function]
 static void init_i2c(void)
             ^
../src/easyweb.c:204:13: warning: 'init_adc' defined but not used [-Wunused-function]
 static void init_adc(void)
             ^
../src/easyweb.c:229:13: warning: 'joystickLed' defined but not used [-Wunused-function]
 static void joystickLed(){
             ^
../src/easyweb.c:271:16: warning: 'temperatureLed' defined but not used [-Wunused-function]
 static int32_t temperatureLed(int32_t t){
                ^
../src/easyweb.c:323:13: warning: 'accLed' defined but not used [-Wunused-function]
 static void accLed(){
             ^
../src/easyweb.c: In function 'getTicks':
../src/easyweb.c:64:1: warning: control reaches end of non-void function [-Wreturn-type]
 }
 ^
make: *** [src/easyweb.o] Error 1
13:22:42 **** Incremental Build of configuration Debug for project easyweb ****
make -r all 
Building file: ../src/easyweb.c
Invoking: MCU C Compiler
arm-none-eabi-gcc -DDEBUG -D__USE_CMSIS=CMSISv1p30_LPC17xx -D__CODE_RED -D__NEWLIB__ -I"C:\Users\rodri\Documents\LPCXpresso_8.2.2_650\embedded_LPCXpresso\workspace_projeto\CMSISv2p00_LPC17xx\inc" -I"C:\Users\rodri\Documents\LPCXpresso_8.2.2_650\embedded_LPCXpresso\workspace_projeto\Lib_EaBaseBoard\inc" -I"C:\Users\rodri\Documents\LPCXpresso_8.2.2_650\embedded_LPCXpresso\workspace_projeto\Lib_MCU\inc" -O0 -g3 -Wall -c -fmessage-length=0 -fno-builtin -ffunction-sections -mcpu=cortex-m3 -mthumb -D__NEWLIB__ -MMD -MP -MF"src/easyweb.d" -MT"src/easyweb.o" -MT"src/easyweb.d" -o "src/easyweb.o" "../src/easyweb.c"
../src/easyweb.c: In function 'SysTick_Handler':
../src/easyweb.c:76:2: error: 'TimeTick' undeclared (first use in this function)
  TimeTick++;  // Increment first SysTick counter
  ^
../src/easyweb.c:76:2: note: each undeclared identifier is reported only once for each function it appears in
../src/easyweb.c:77:2: error: 'TimeTick2' undeclared (first use in this function)
  TimeTick2++; // Increment second SysTick counter
  ^
../src/easyweb.c: In function 'InsertDynamicValues':
../src/easyweb.c:526:3: error: expected declaration or statement at end of input
   }
   ^
../src/easyweb.c:482:16: warning: unused variable 'i' [-Wunused-variable]
   unsigned int i;
                ^
../src/easyweb.c:481:17: warning: unused variable 'NewKey' [-Wunused-variable]
            char NewKey[6];
                 ^
../src/easyweb.c:480:18: warning: variable 'Key' set but not used [-Wunused-but-set-variable]
   unsigned char *Key;
                  ^
../src/easyweb.c: At top level:
../src/easyweb.c:67:17: warning: 'getTicks' defined but not used [-Wunused-function]
 static uint32_t getTicks(void)
                 ^
../src/easyweb.c:191:13: warning: 'init_i2c' defined but not used [-Wunused-function]
 static void init_i2c(void)
             ^
../src/easyweb.c:210:13: warning: 'init_adc' defined but not used [-Wunused-function]
 static void init_adc(void)
             ^
../src/easyweb.c:235:13: warning: 'joystickLed' defined but not used [-Wunused-function]
 static void joystickLed(){
             ^
../src/easyweb.c:277:16: warning: 'temperatureLed' defined but not used [-Wunused-function]
 static int32_t temperatureLed(int32_t t){
                ^
../src/easyweb.c:329:13: warning: 'accLed' defined but not used [-Wunused-function]
 static void accLed(){
             ^
make: *** [src/easyweb.o] Error 1
13:23:53 **** Incremental Build of configuration Debug for project easyweb ****
make -r all 
Building file: ../src/easyweb.c
Invoking: MCU C Compiler
arm-none-eabi-gcc -DDEBUG -D__USE_CMSIS=CMSISv1p30_LPC17xx -D__CODE_RED -D__NEWLIB__ -I"C:\Users\rodri\Documents\LPCXpresso_8.2.2_650\embedded_LPCXpresso\workspace_projeto\CMSISv2p00_LPC17xx\inc" -I"C:\Users\rodri\Documents\LPCXpresso_8.2.2_650\embedded_LPCXpresso\workspace_projeto\Lib_EaBaseBoard\inc" -I"C:\Users\rodri\Documents\LPCXpresso_8.2.2_650\embedded_LPCXpresso\workspace_projeto\Lib_MCU\inc" -O0 -g3 -Wall -c -fmessage-length=0 -fno-builtin -ffunction-sections -mcpu=cortex-m3 -mthumb -D__NEWLIB__ -MMD -MP -MF"src/easyweb.d" -MT"src/easyweb.o" -MT"src/easyweb.d" -o "src/easyweb.o" "../src/easyweb.c"
../src/easyweb.c: In function 'InsertDynamicValues':
../src/easyweb.c:530:3: error: expected declaration or statement at end of input
   }
   ^
../src/easyweb.c:486:16: warning: unused variable 'i' [-Wunused-variable]
   unsigned int i;
                ^
../src/easyweb.c:485:17: warning: unused variable 'NewKey' [-Wunused-variable]
            char NewKey[6];
                 ^
../src/easyweb.c:484:18: warning: variable 'Key' set but not used [-Wunused-but-set-variable]
   unsigned char *Key;
                  ^
../src/easyweb.c: At top level:
../src/easyweb.c:71:17: warning: 'getTicks' defined but not used [-Wunused-function]
 static uint32_t getTicks(void)
                 ^
../src/easyweb.c:195:13: warning: 'init_i2c' defined but not used [-Wunused-function]
 static void init_i2c(void)
             ^
../src/easyweb.c:214:13: warning: 'init_adc' defined but not used [-Wunused-function]
 static void init_adc(void)
             ^
../src/easyweb.c:239:13: warning: 'joystickLed' defined but not used [-Wunused-function]
 static void joystickLed(){
             ^
../src/easyweb.c:281:16: warning: 'temperatureLed' defined but not used [-Wunused-function]
 static int32_t temperatureLed(int32_t t){
                ^
../src/easyweb.c:333:13: warning: 'accLed' defined but not used [-Wunused-function]
 static void accLed(){
             ^
make: *** [src/easyweb.o] Error 1
13:24:29 **** Incremental Build of configuration Debug for project easyweb ****
make -r all 
Building file: ../src/easyweb.c
Invoking: MCU C Compiler
arm-none-eabi-gcc -DDEBUG -D__USE_CMSIS=CMSISv1p30_LPC17xx -D__CODE_RED -D__NEWLIB__ -I"C:\Users\rodri\Documents\LPCXpresso_8.2.2_650\embedded_LPCXpresso\workspace_projeto\CMSISv2p00_LPC17xx\inc" -I"C:\Users\rodri\Documents\LPCXpresso_8.2.2_650\embedded_LPCXpresso\workspace_projeto\Lib_EaBaseBoard\inc" -I"C:\Users\rodri\Documents\LPCXpresso_8.2.2_650\embedded_LPCXpresso\workspace_projeto\Lib_MCU\inc" -O0 -g3 -Wall -c -fmessage-length=0 -fno-builtin -ffunction-sections -mcpu=cortex-m3 -mthumb -D__NEWLIB__ -MMD -MP -MF"src/easyweb.d" -MT"src/easyweb.o" -MT"src/easyweb.d" -o "src/easyweb.o" "../src/easyweb.c"
../src/easyweb.c: In function 'InsertDynamicValues':
../src/easyweb.c:486:16: warning: unused variable 'i' [-Wunused-variable]
   unsigned int i;
                ^
../src/easyweb.c:485:17: warning: unused variable 'NewKey' [-Wunused-variable]
            char NewKey[6];
                 ^
../src/easyweb.c:484:18: warning: variable 'Key' set but not used [-Wunused-but-set-variable]
   unsigned char *Key;
                  ^
../src/easyweb.c: At top level:
../src/easyweb.c:71:17: warning: 'getTicks' defined but not used [-Wunused-function]
 static uint32_t getTicks(void)
                 ^
../src/easyweb.c:195:13: warning: 'init_i2c' defined but not used [-Wunused-function]
 static void init_i2c(void)
             ^
../src/easyweb.c:214:13: warning: 'init_adc' defined but not used [-Wunused-function]
 static void init_adc(void)
             ^
../src/easyweb.c:239:13: warning: 'joystickLed' defined but not used [-Wunused-function]
 static void joystickLed(){
             ^
../src/easyweb.c:281:16: warning: 'temperatureLed' defined but not used [-Wunused-function]
 static int32_t temperatureLed(int32_t t){
                ^
../src/easyweb.c:333:13: warning: 'accLed' defined but not used [-Wunused-function]
 static void accLed(){
             ^
Finished building: ../src/easyweb.c
 
Building file: ../src/ew_systick.c
Invoking: MCU C Compiler
arm-none-eabi-gcc -DDEBUG -D__USE_CMSIS=CMSISv1p30_LPC17xx -D__CODE_RED -D__NEWLIB__ -I"C:\Users\rodri\Documents\LPCXpresso_8.2.2_650\embedded_LPCXpresso\workspace_projeto\CMSISv2p00_LPC17xx\inc" -I"C:\Users\rodri\Documents\LPCXpresso_8.2.2_650\embedded_LPCXpresso\workspace_projeto\Lib_EaBaseBoard\inc" -I"C:\Users\rodri\Documents\LPCXpresso_8.2.2_650\embedded_LPCXpresso\workspace_projeto\Lib_MCU\inc" -O0 -g3 -Wall -c -fmessage-length=0 -fno-builtin -ffunction-sections -mcpu=cortex-m3 -mthumb -D__NEWLIB__ -MMD -MP -MF"src/ew_systick.d" -MT"src/ew_systick.o" -MT"src/ew_systick.d" -o "src/ew_systick.o" "../src/ew_systick.c"
Finished building: ../src/ew_systick.c
 
Building target: easyweb.axf
Invoking: MCU Linker
arm-none-eabi-gcc -nostdlib -L"C:\Users\rodri\Documents\LPCXpresso_8.2.2_650\embedded_LPCXpresso\workspace_projeto\CMSISv2p00_LPC17xx\Debug" -L"C:\Users\rodri\Documents\LPCXpresso_8.2.2_650\embedded_LPCXpresso\workspace_projeto\Lib_EaBaseBoard\Debug" -L"C:\Users\rodri\Documents\LPCXpresso_8.2.2_650\embedded_LPCXpresso\workspace_projeto\Lib_MCU\Debug" -Xlinker --gc-sections -Xlinker -Map=easyweb.map -mcpu=cortex-m3 -mthumb -T "rdb1768cmsis_uart_Debug.ld" -o "easyweb.axf"  ./src/cr_startup_lpc17.o ./src/easyweb.o ./src/ethmac.o ./src/ew_systick.o ./src/tcpip.o   -lCMSISv2p00_LPC17xx -lLib_EaBaseBoard -lLib_MCU
Finished building target: easyweb.axf
 
make --no-print-directory post-build
Performing post-build steps
arm-none-eabi-size easyweb.axf; # arm-none-eabi-objdump -h -S easyweb.axf >easyweb.lss
   text	   data	    bss	    dec	    hex	filename
  35412	   2172	   1924	  39508	   9a54	easyweb.axf
 
13:25:18 **** Incremental Build of configuration Debug for project easyweb ****
make -r all 
make: Nothing to be done for `all'.
13:26:15 **** Incremental Build of configuration Debug for project easyweb ****
make -r all 
Building file: ../src/easyweb.c
Invoking: MCU C Compiler
arm-none-eabi-gcc -DDEBUG -D__USE_CMSIS=CMSISv1p30_LPC17xx -D__CODE_RED -D__NEWLIB__ -I"C:\Users\rodri\Documents\LPCXpresso_8.2.2_650\embedded_LPCXpresso\workspace_projeto\CMSISv2p00_LPC17xx\inc" -I"C:\Users\rodri\Documents\LPCXpresso_8.2.2_650\embedded_LPCXpresso\workspace_projeto\Lib_EaBaseBoard\inc" -I"C:\Users\rodri\Documents\LPCXpresso_8.2.2_650\embedded_LPCXpresso\workspace_projeto\Lib_MCU\inc" -O0 -g3 -Wall -c -fmessage-length=0 -fno-builtin -ffunction-sections -mcpu=cortex-m3 -mthumb -D__NEWLIB__ -MMD -MP -MF"src/easyweb.d" -MT"src/easyweb.o" -MT"src/easyweb.d" -o "src/easyweb.o" "../src/easyweb.c"
../src/easyweb.c: In function 'InsertDynamicValues':
../src/easyweb.c:486:16: warning: unused variable 'i' [-Wunused-variable]
   unsigned int i;
                ^
../src/easyweb.c:485:17: warning: unused variable 'NewKey' [-Wunused-variable]
            char NewKey[6];
                 ^
../src/easyweb.c:484:18: warning: variable 'Key' set but not used [-Wunused-but-set-variable]
   unsigned char *Key;
                  ^
../src/easyweb.c: At top level:
../src/easyweb.c:71:17: warning: 'getTicks' defined but not used [-Wunused-function]
 static uint32_t getTicks(void)
                 ^
../src/easyweb.c:195:13: warning: 'init_i2c' defined but not used [-Wunused-function]
 static void init_i2c(void)
             ^
../src/easyweb.c:214:13: warning: 'init_adc' defined but not used [-Wunused-function]
 static void init_adc(void)
             ^
../src/easyweb.c:239:13: warning: 'joystickLed' defined but not used [-Wunused-function]
 static void joystickLed(){
             ^
../src/easyweb.c:281:16: warning: 'temperatureLed' defined but not used [-Wunused-function]
 static int32_t temperatureLed(int32_t t){
                ^
../src/easyweb.c:333:13: warning: 'accLed' defined but not used [-Wunused-function]
 static void accLed(){
             ^
Finished building: ../src/easyweb.c
 
Building target: easyweb.axf
Invoking: MCU Linker
arm-none-eabi-gcc -nostdlib -L"C:\Users\rodri\Documents\LPCXpresso_8.2.2_650\embedded_LPCXpresso\workspace_projeto\CMSISv2p00_LPC17xx\Debug" -L"C:\Users\rodri\Documents\LPCXpresso_8.2.2_650\embedded_LPCXpresso\workspace_projeto\Lib_EaBaseBoard\Debug" -L"C:\Users\rodri\Documents\LPCXpresso_8.2.2_650\embedded_LPCXpresso\workspace_projeto\Lib_MCU\Debug" -Xlinker --gc-sections -Xlinker -Map=easyweb.map -mcpu=cortex-m3 -mthumb -T "rdb1768cmsis_uart_Debug.ld" -o "easyweb.axf"  ./src/cr_startup_lpc17.o ./src/easyweb.o ./src/ethmac.o ./src/ew_systick.o ./src/tcpip.o   -lCMSISv2p00_LPC17xx -lLib_EaBaseBoard -lLib_MCU
Finished building target: easyweb.axf
 
make --no-print-directory post-build
Performing post-build steps
arm-none-eabi-size easyweb.axf; # arm-none-eabi-objdump -h -S easyweb.axf >easyweb.lss
   text	   data	    bss	    dec	    hex	filename
  35412	   2172	   1924	  39508	   9a54	easyweb.axf
 
13:26:27 **** Incremental Build of configuration Debug for project easyweb ****
make -r all 
make: Nothing to be done for `all'.
13:26:42 **** Incremental Build of configuration Debug for project easyweb ****
make -r all 
make: Nothing to be done for `all'.
13:28:13 **** Incremental Build of configuration Debug for project easyweb ****
make -r all 
Building file: ../src/easyweb.c
Invoking: MCU C Compiler
arm-none-eabi-gcc -DDEBUG -D__USE_CMSIS=CMSISv1p30_LPC17xx -D__CODE_RED -D__NEWLIB__ -I"C:\Users\rodri\Documents\LPCXpresso_8.2.2_650\embedded_LPCXpresso\workspace_projeto\CMSISv2p00_LPC17xx\inc" -I"C:\Users\rodri\Documents\LPCXpresso_8.2.2_650\embedded_LPCXpresso\workspace_projeto\Lib_EaBaseBoard\inc" -I"C:\Users\rodri\Documents\LPCXpresso_8.2.2_650\embedded_LPCXpresso\workspace_projeto\Lib_MCU\inc" -O0 -g3 -Wall -c -fmessage-length=0 -fno-builtin -ffunction-sections -mcpu=cortex-m3 -mthumb -D__NEWLIB__ -MMD -MP -MF"src/easyweb.d" -MT"src/easyweb.o" -MT"src/easyweb.d" -o "src/easyweb.o" "../src/easyweb.c"
../src/easyweb.c:71:17: warning: 'getTicks' defined but not used [-Wunused-function]
 static uint32_t getTicks(void)
                 ^
../src/easyweb.c:195:13: warning: 'init_i2c' defined but not used [-Wunused-function]
 static void init_i2c(void)
             ^
../src/easyweb.c:214:13: warning: 'init_adc' defined but not used [-Wunused-function]
 static void init_adc(void)
             ^
../src/easyweb.c:239:13: warning: 'joystickLed' defined but not used [-Wunused-function]
 static void joystickLed(){
             ^
../src/easyweb.c:281:16: warning: 'temperatureLed' defined but not used [-Wunused-function]
 static int32_t temperatureLed(int32_t t){
                ^
../src/easyweb.c:333:13: warning: 'accLed' defined but not used [-Wunused-function]
 static void accLed(){
             ^
Finished building: ../src/easyweb.c
 
Building target: easyweb.axf
Invoking: MCU Linker
arm-none-eabi-gcc -nostdlib -L"C:\Users\rodri\Documents\LPCXpresso_8.2.2_650\embedded_LPCXpresso\workspace_projeto\CMSISv2p00_LPC17xx\Debug" -L"C:\Users\rodri\Documents\LPCXpresso_8.2.2_650\embedded_LPCXpresso\workspace_projeto\Lib_EaBaseBoard\Debug" -L"C:\Users\rodri\Documents\LPCXpresso_8.2.2_650\embedded_LPCXpresso\workspace_projeto\Lib_MCU\Debug" -Xlinker --gc-sections -Xlinker -Map=easyweb.map -mcpu=cortex-m3 -mthumb -T "rdb1768cmsis_uart_Debug.ld" -o "easyweb.axf"  ./src/cr_startup_lpc17.o ./src/easyweb.o ./src/ethmac.o ./src/ew_systick.o ./src/tcpip.o   -lCMSISv2p00_LPC17xx -lLib_EaBaseBoard -lLib_MCU
Finished building target: easyweb.axf
 
make --no-print-directory post-build
Performing post-build steps
arm-none-eabi-size easyweb.axf; # arm-none-eabi-objdump -h -S easyweb.axf >easyweb.lss
   text	   data	    bss	    dec	    hex	filename
  35572	   2172	   1924	  39668	   9af4	easyweb.axf
 
13:30:50 **** Incremental Build of configuration Debug for project easyweb ****
make -r all 
Building file: ../src/easyweb.c
Invoking: MCU C Compiler
arm-none-eabi-gcc -DDEBUG -D__USE_CMSIS=CMSISv1p30_LPC17xx -D__CODE_RED -D__NEWLIB__ -I"C:\Users\rodri\Documents\LPCXpresso_8.2.2_650\embedded_LPCXpresso\workspace_projeto\CMSISv2p00_LPC17xx\inc" -I"C:\Users\rodri\Documents\LPCXpresso_8.2.2_650\embedded_LPCXpresso\workspace_projeto\Lib_EaBaseBoard\inc" -I"C:\Users\rodri\Documents\LPCXpresso_8.2.2_650\embedded_LPCXpresso\workspace_projeto\Lib_MCU\inc" -O0 -g3 -Wall -c -fmessage-length=0 -fno-builtin -ffunction-sections -mcpu=cortex-m3 -mthumb -D__NEWLIB__ -MMD -MP -MF"src/easyweb.d" -MT"src/easyweb.o" -MT"src/easyweb.d" -o "src/easyweb.o" "../src/easyweb.c"
../src/easyweb.c: In function 'main':
../src/easyweb.c:418:10: warning: unused variable 'buf' [-Wunused-variable]
  uint8_t buf[50];
          ^
../src/easyweb.c:404:13: warning: unused variable 't' [-Wunused-variable]
     int32_t t = 0;
             ^
../src/easyweb.c:401:13: warning: unused variable 'btn1' [-Wunused-variable]
     uint8_t btn1 = 0;
             ^
../src/easyweb.c:398:13: warning: unused variable 'displayCount' [-Wunused-variable]
     uint8_t displayCount = 0;
             ^
../src/easyweb.c:397:13: warning: unused variable 'ch' [-Wunused-variable]
     uint8_t ch[] = {'0', '1', '2'};
             ^
../src/easyweb.c: At top level:
../src/easyweb.c:239:13: warning: 'joystickLed' defined but not used [-Wunused-function]
 static void joystickLed(){
             ^
../src/easyweb.c:281:16: warning: 'temperatureLed' defined but not used [-Wunused-function]
 static int32_t temperatureLed(int32_t t){
                ^
../src/easyweb.c:333:13: warning: 'accLed' defined but not used [-Wunused-function]
 static void accLed(){
             ^
Finished building: ../src/easyweb.c
 
Building target: easyweb.axf
Invoking: MCU Linker
arm-none-eabi-gcc -nostdlib -L"C:\Users\rodri\Documents\LPCXpresso_8.2.2_650\embedded_LPCXpresso\workspace_projeto\CMSISv2p00_LPC17xx\Debug" -L"C:\Users\rodri\Documents\LPCXpresso_8.2.2_650\embedded_LPCXpresso\workspace_projeto\Lib_EaBaseBoard\Debug" -L"C:\Users\rodri\Documents\LPCXpresso_8.2.2_650\embedded_LPCXpresso\workspace_projeto\Lib_MCU\Debug" -Xlinker --gc-sections -Xlinker -Map=easyweb.map -mcpu=cortex-m3 -mthumb -T "rdb1768cmsis_uart_Debug.ld" -o "easyweb.axf"  ./src/cr_startup_lpc17.o ./src/easyweb.o ./src/ethmac.o ./src/ew_systick.o ./src/tcpip.o   -lCMSISv2p00_LPC17xx -lLib_EaBaseBoard -lLib_MCU
Finished building target: easyweb.axf
 
make --no-print-directory post-build
Performing post-build steps
arm-none-eabi-size easyweb.axf; # arm-none-eabi-objdump -h -S easyweb.axf >easyweb.lss
   text	   data	    bss	    dec	    hex	filename
  39524	   2252	   1964	  43740	   aadc	easyweb.axf
 
13:31:05 **** Incremental Build of configuration Debug for project easyweb ****
make -r all 
make: Nothing to be done for `all'.
13:32:06 **** Incremental Build of configuration Debug for project easyweb ****
make -r all 
Building file: ../src/easyweb.c
Invoking: MCU C Compiler
arm-none-eabi-gcc -DDEBUG -D__USE_CMSIS=CMSISv1p30_LPC17xx -D__CODE_RED -D__NEWLIB__ -I"C:\Users\rodri\Documents\LPCXpresso_8.2.2_650\embedded_LPCXpresso\workspace_projeto\CMSISv2p00_LPC17xx\inc" -I"C:\Users\rodri\Documents\LPCXpresso_8.2.2_650\embedded_LPCXpresso\workspace_projeto\Lib_EaBaseBoard\inc" -I"C:\Users\rodri\Documents\LPCXpresso_8.2.2_650\embedded_LPCXpresso\workspace_projeto\Lib_MCU\inc" -O0 -g3 -Wall -c -fmessage-length=0 -fno-builtin -ffunction-sections -mcpu=cortex-m3 -mthumb -D__NEWLIB__ -MMD -MP -MF"src/easyweb.d" -MT"src/easyweb.o" -MT"src/easyweb.d" -o "src/easyweb.o" "../src/easyweb.c"
../src/easyweb.c: In function 'main':
../src/easyweb.c:418:10: warning: unused variable 'buf' [-Wunused-variable]
  uint8_t buf[50];
          ^
Finished building: ../src/easyweb.c
 
Building target: easyweb.axf
Invoking: MCU Linker
arm-none-eabi-gcc -nostdlib -L"C:\Users\rodri\Documents\LPCXpresso_8.2.2_650\embedded_LPCXpresso\workspace_projeto\CMSISv2p00_LPC17xx\Debug" -L"C:\Users\rodri\Documents\LPCXpresso_8.2.2_650\embedded_LPCXpresso\workspace_projeto\Lib_EaBaseBoard\Debug" -L"C:\Users\rodri\Documents\LPCXpresso_8.2.2_650\embedded_LPCXpresso\workspace_projeto\Lib_MCU\Debug" -Xlinker --gc-sections -Xlinker -Map=easyweb.map -mcpu=cortex-m3 -mthumb -T "rdb1768cmsis_uart_Debug.ld" -o "easyweb.axf"  ./src/cr_startup_lpc17.o ./src/easyweb.o ./src/ethmac.o ./src/ew_systick.o ./src/tcpip.o   -lCMSISv2p00_LPC17xx -lLib_EaBaseBoard -lLib_MCU
Finished building target: easyweb.axf
 
make --no-print-directory post-build
Performing post-build steps
arm-none-eabi-size easyweb.axf; # arm-none-eabi-objdump -h -S easyweb.axf >easyweb.lss
   text	   data	    bss	    dec	    hex	filename
  42572	   2260	   1972	  46804	   b6d4	easyweb.axf
 
13:32:21 **** Incremental Build of configuration Debug for project easyweb ****
make -r all 
make: Nothing to be done for `all'.
13:33:11 **** Incremental Build of configuration Debug for project easyweb ****
make -r all 
Building file: ../src/easyweb.c
Invoking: MCU C Compiler
arm-none-eabi-gcc -DDEBUG -D__USE_CMSIS=CMSISv1p30_LPC17xx -D__CODE_RED -D__NEWLIB__ -I"C:\Users\rodri\Documents\LPCXpresso_8.2.2_650\embedded_LPCXpresso\workspace_projeto\CMSISv2p00_LPC17xx\inc" -I"C:\Users\rodri\Documents\LPCXpresso_8.2.2_650\embedded_LPCXpresso\workspace_projeto\Lib_EaBaseBoard\inc" -I"C:\Users\rodri\Documents\LPCXpresso_8.2.2_650\embedded_LPCXpresso\workspace_projeto\Lib_MCU\inc" -O0 -g3 -Wall -c -fmessage-length=0 -fno-builtin -ffunction-sections -mcpu=cortex-m3 -mthumb -D__NEWLIB__ -MMD -MP -MF"src/easyweb.d" -MT"src/easyweb.o" -MT"src/easyweb.d" -o "src/easyweb.o" "../src/easyweb.c"
../src/easyweb.c: In function 'main':
../src/easyweb.c:418:10: warning: unused variable 'buf' [-Wunused-variable]
  uint8_t buf[50];
          ^
Finished building: ../src/easyweb.c
 
Building target: easyweb.axf
Invoking: MCU Linker
arm-none-eabi-gcc -nostdlib -L"C:\Users\rodri\Documents\LPCXpresso_8.2.2_650\embedded_LPCXpresso\workspace_projeto\CMSISv2p00_LPC17xx\Debug" -L"C:\Users\rodri\Documents\LPCXpresso_8.2.2_650\embedded_LPCXpresso\workspace_projeto\Lib_EaBaseBoard\Debug" -L"C:\Users\rodri\Documents\LPCXpresso_8.2.2_650\embedded_LPCXpresso\workspace_projeto\Lib_MCU\Debug" -Xlinker --gc-sections -Xlinker -Map=easyweb.map -mcpu=cortex-m3 -mthumb -T "rdb1768cmsis_uart_Debug.ld" -o "easyweb.axf"  ./src/cr_startup_lpc17.o ./src/easyweb.o ./src/ethmac.o ./src/ew_systick.o ./src/tcpip.o   -lCMSISv2p00_LPC17xx -lLib_EaBaseBoard -lLib_MCU
Finished building target: easyweb.axf
 
make --no-print-directory post-build
Performing post-build steps
arm-none-eabi-size easyweb.axf; # arm-none-eabi-objdump -h -S easyweb.axf >easyweb.lss
   text	   data	    bss	    dec	    hex	filename
  44108	   2260	   1972	  48340	   bcd4	easyweb.axf
 
13:35:30 **** Incremental Build of configuration Debug for project easyweb ****
make -r all 
Building file: ../src/easyweb.c
Invoking: MCU C Compiler
arm-none-eabi-gcc -DDEBUG -D__USE_CMSIS=CMSISv1p30_LPC17xx -D__CODE_RED -D__NEWLIB__ -I"C:\Users\rodri\Documents\LPCXpresso_8.2.2_650\embedded_LPCXpresso\workspace_projeto\CMSISv2p00_LPC17xx\inc" -I"C:\Users\rodri\Documents\LPCXpresso_8.2.2_650\embedded_LPCXpresso\workspace_projeto\Lib_EaBaseBoard\inc" -I"C:\Users\rodri\Documents\LPCXpresso_8.2.2_650\embedded_LPCXpresso\workspace_projeto\Lib_MCU\inc" -O0 -g3 -Wall -c -fmessage-length=0 -fno-builtin -ffunction-sections -mcpu=cortex-m3 -mthumb -D__NEWLIB__ -MMD -MP -MF"src/easyweb.d" -MT"src/easyweb.o" -MT"src/easyweb.d" -o "src/easyweb.o" "../src/easyweb.c"
../src/easyweb.c: In function 'main':
../src/easyweb.c:418:10: warning: unused variable 'buf' [-Wunused-variable]
  uint8_t buf[50];
          ^
Finished building: ../src/easyweb.c
 
Building target: easyweb.axf
Invoking: MCU Linker
arm-none-eabi-gcc -nostdlib -L"C:\Users\rodri\Documents\LPCXpresso_8.2.2_650\embedded_LPCXpresso\workspace_projeto\CMSISv2p00_LPC17xx\Debug" -L"C:\Users\rodri\Documents\LPCXpresso_8.2.2_650\embedded_LPCXpresso\workspace_projeto\Lib_EaBaseBoard\Debug" -L"C:\Users\rodri\Documents\LPCXpresso_8.2.2_650\embedded_LPCXpresso\workspace_projeto\Lib_MCU\Debug" -Xlinker --gc-sections -Xlinker -Map=easyweb.map -mcpu=cortex-m3 -mthumb -T "rdb1768cmsis_uart_Debug.ld" -o "easyweb.axf"  ./src/cr_startup_lpc17.o ./src/easyweb.o ./src/ethmac.o ./src/ew_systick.o ./src/tcpip.o   -lCMSISv2p00_LPC17xx -lLib_EaBaseBoard -lLib_MCU
Finished building target: easyweb.axf
 
make --no-print-directory post-build
Performing post-build steps
arm-none-eabi-size easyweb.axf; # arm-none-eabi-objdump -h -S easyweb.axf >easyweb.lss
   text	   data	    bss	    dec	    hex	filename
  44060	   2260	   1972	  48292	   bca4	easyweb.axf
 
13:35:39 **** Incremental Build of configuration Debug for project easyweb ****
make -r all 
make: Nothing to be done for `all'.
13:35:55 **** Incremental Build of configuration Debug for project easyweb ****
make -r all 
make: Nothing to be done for `all'.
13:37:06 **** Incremental Build of configuration Debug for project easyweb ****
make -r all 
Building file: ../src/easyweb.c
Invoking: MCU C Compiler
arm-none-eabi-gcc -DDEBUG -D__USE_CMSIS=CMSISv1p30_LPC17xx -D__CODE_RED -D__NEWLIB__ -I"C:\Users\rodri\Documents\LPCXpresso_8.2.2_650\embedded_LPCXpresso\workspace_projeto\CMSISv2p00_LPC17xx\inc" -I"C:\Users\rodri\Documents\LPCXpresso_8.2.2_650\embedded_LPCXpresso\workspace_projeto\Lib_EaBaseBoard\inc" -I"C:\Users\rodri\Documents\LPCXpresso_8.2.2_650\embedded_LPCXpresso\workspace_projeto\Lib_MCU\inc" -O0 -g3 -Wall -c -fmessage-length=0 -fno-builtin -ffunction-sections -mcpu=cortex-m3 -mthumb -D__NEWLIB__ -MMD -MP -MF"src/easyweb.d" -MT"src/easyweb.o" -MT"src/easyweb.d" -o "src/easyweb.o" "../src/easyweb.c"
../src/easyweb.c: In function 'main':
../src/easyweb.c:418:10: warning: unused variable 'buf' [-Wunused-variable]
  uint8_t buf[50];
          ^
Finished building: ../src/easyweb.c
 
Building target: easyweb.axf
Invoking: MCU Linker
arm-none-eabi-gcc -nostdlib -L"C:\Users\rodri\Documents\LPCXpresso_8.2.2_650\embedded_LPCXpresso\workspace_projeto\CMSISv2p00_LPC17xx\Debug" -L"C:\Users\rodri\Documents\LPCXpresso_8.2.2_650\embedded_LPCXpresso\workspace_projeto\Lib_EaBaseBoard\Debug" -L"C:\Users\rodri\Documents\LPCXpresso_8.2.2_650\embedded_LPCXpresso\workspace_projeto\Lib_MCU\Debug" -Xlinker --gc-sections -Xlinker -Map=easyweb.map -mcpu=cortex-m3 -mthumb -T "rdb1768cmsis_uart_Debug.ld" -o "easyweb.axf"  ./src/cr_startup_lpc17.o ./src/easyweb.o ./src/ethmac.o ./src/ew_systick.o ./src/tcpip.o   -lCMSISv2p00_LPC17xx -lLib_EaBaseBoard -lLib_MCU
Finished building target: easyweb.axf
 
make --no-print-directory post-build
Performing post-build steps
arm-none-eabi-size easyweb.axf; # arm-none-eabi-objdump -h -S easyweb.axf >easyweb.lss
   text	   data	    bss	    dec	    hex	filename
  44132	   2260	   1972	  48364	   bcec	easyweb.axf
 
13:37:31 **** Incremental Build of configuration Debug for project easyweb ****
make -r all 
Building file: ../src/easyweb.c
Invoking: MCU C Compiler
arm-none-eabi-gcc -DDEBUG -D__USE_CMSIS=CMSISv1p30_LPC17xx -D__CODE_RED -D__NEWLIB__ -I"C:\Users\rodri\Documents\LPCXpresso_8.2.2_650\embedded_LPCXpresso\workspace_projeto\CMSISv2p00_LPC17xx\inc" -I"C:\Users\rodri\Documents\LPCXpresso_8.2.2_650\embedded_LPCXpresso\workspace_projeto\Lib_EaBaseBoard\inc" -I"C:\Users\rodri\Documents\LPCXpresso_8.2.2_650\embedded_LPCXpresso\workspace_projeto\Lib_MCU\inc" -O0 -g3 -Wall -c -fmessage-length=0 -fno-builtin -ffunction-sections -mcpu=cortex-m3 -mthumb -D__NEWLIB__ -MMD -MP -MF"src/easyweb.d" -MT"src/easyweb.o" -MT"src/easyweb.d" -o "src/easyweb.o" "../src/easyweb.c"
../src/easyweb.c: In function 'main':
../src/easyweb.c:418:10: warning: unused variable 'buf' [-Wunused-variable]
  uint8_t buf[50];
          ^
Finished building: ../src/easyweb.c
 
Building target: easyweb.axf
Invoking: MCU Linker
arm-none-eabi-gcc -nostdlib -L"C:\Users\rodri\Documents\LPCXpresso_8.2.2_650\embedded_LPCXpresso\workspace_projeto\CMSISv2p00_LPC17xx\Debug" -L"C:\Users\rodri\Documents\LPCXpresso_8.2.2_650\embedded_LPCXpresso\workspace_projeto\Lib_EaBaseBoard\Debug" -L"C:\Users\rodri\Documents\LPCXpresso_8.2.2_650\embedded_LPCXpresso\workspace_projeto\Lib_MCU\Debug" -Xlinker --gc-sections -Xlinker -Map=easyweb.map -mcpu=cortex-m3 -mthumb -T "rdb1768cmsis_uart_Debug.ld" -o "easyweb.axf"  ./src/cr_startup_lpc17.o ./src/easyweb.o ./src/ethmac.o ./src/ew_systick.o ./src/tcpip.o   -lCMSISv2p00_LPC17xx -lLib_EaBaseBoard -lLib_MCU
Finished building target: easyweb.axf
 
make --no-print-directory post-build
Performing post-build steps
arm-none-eabi-size easyweb.axf; # arm-none-eabi-objdump -h -S easyweb.axf >easyweb.lss
   text	   data	    bss	    dec	    hex	filename
  44124	   2260	   1972	  48356	   bce4	easyweb.axf
 
13:37:42 **** Incremental Build of configuration Debug for project easyweb ****
make -r all 
make: Nothing to be done for `all'.
13:40:32 **** Incremental Build of configuration Debug for project easyweb ****
make -r all 
Building file: ../src/easyweb.c
Invoking: MCU C Compiler
arm-none-eabi-gcc -DDEBUG -D__USE_CMSIS=CMSISv1p30_LPC17xx -D__CODE_RED -D__NEWLIB__ -I"C:\Users\rodri\Documents\LPCXpresso_8.2.2_650\embedded_LPCXpresso\workspace_projeto\CMSISv2p00_LPC17xx\inc" -I"C:\Users\rodri\Documents\LPCXpresso_8.2.2_650\embedded_LPCXpresso\workspace_projeto\Lib_EaBaseBoard\inc" -I"C:\Users\rodri\Documents\LPCXpresso_8.2.2_650\embedded_LPCXpresso\workspace_projeto\Lib_MCU\inc" -O0 -g3 -Wall -c -fmessage-length=0 -fno-builtin -ffunction-sections -mcpu=cortex-m3 -mthumb -D__NEWLIB__ -MMD -MP -MF"src/easyweb.d" -MT"src/easyweb.o" -MT"src/easyweb.d" -o "src/easyweb.o" "../src/easyweb.c"
../src/easyweb.c: In function 'main':
../src/easyweb.c:422:10: warning: unused variable 'buf' [-Wunused-variable]
  uint8_t buf[50];
          ^
Finished building: ../src/easyweb.c
 
Building target: easyweb.axf
Invoking: MCU Linker
arm-none-eabi-gcc -nostdlib -L"C:\Users\rodri\Documents\LPCXpresso_8.2.2_650\embedded_LPCXpresso\workspace_projeto\CMSISv2p00_LPC17xx\Debug" -L"C:\Users\rodri\Documents\LPCXpresso_8.2.2_650\embedded_LPCXpresso\workspace_projeto\Lib_EaBaseBoard\Debug" -L"C:\Users\rodri\Documents\LPCXpresso_8.2.2_650\embedded_LPCXpresso\workspace_projeto\Lib_MCU\Debug" -Xlinker --gc-sections -Xlinker -Map=easyweb.map -mcpu=cortex-m3 -mthumb -T "rdb1768cmsis_uart_Debug.ld" -o "easyweb.axf"  ./src/cr_startup_lpc17.o ./src/easyweb.o ./src/ethmac.o ./src/ew_systick.o ./src/tcpip.o   -lCMSISv2p00_LPC17xx -lLib_EaBaseBoard -lLib_MCU
Finished building target: easyweb.axf
 
make --no-print-directory post-build
Performing post-build steps
arm-none-eabi-size easyweb.axf; # arm-none-eabi-objdump -h -S easyweb.axf >easyweb.lss
   text	   data	    bss	    dec	    hex	filename
  44124	   2260	   1972	  48356	   bce4	easyweb.axf
 
13:59:10 **** Incremental Build of configuration Debug for project easyweb ****
make -r all 
Building file: ../src/easyweb.c
Invoking: MCU C Compiler
arm-none-eabi-gcc -DDEBUG -D__USE_CMSIS=CMSISv1p30_LPC17xx -D__CODE_RED -D__NEWLIB__ -I"C:\Users\rodri\Documents\LPCXpresso_8.2.2_650\embedded_LPCXpresso\workspace_projeto\CMSISv2p00_LPC17xx\inc" -I"C:\Users\rodri\Documents\LPCXpresso_8.2.2_650\embedded_LPCXpresso\workspace_projeto\Lib_EaBaseBoard\inc" -I"C:\Users\rodri\Documents\LPCXpresso_8.2.2_650\embedded_LPCXpresso\workspace_projeto\Lib_MCU\inc" -O0 -g3 -Wall -c -fmessage-length=0 -fno-builtin -ffunction-sections -mcpu=cortex-m3 -mthumb -D__NEWLIB__ -MMD -MP -MF"src/easyweb.d" -MT"src/easyweb.o" -MT"src/easyweb.d" -o "src/easyweb.o" "../src/easyweb.c"
../src/easyweb.c: In function 'main':
../src/easyweb.c:422:10: warning: unused variable 'buf' [-Wunused-variable]
  uint8_t buf[50];
          ^
Finished building: ../src/easyweb.c
 
Building target: easyweb.axf
Invoking: MCU Linker
arm-none-eabi-gcc -nostdlib -L"C:\Users\rodri\Documents\LPCXpresso_8.2.2_650\embedded_LPCXpresso\workspace_projeto\CMSISv2p00_LPC17xx\Debug" -L"C:\Users\rodri\Documents\LPCXpresso_8.2.2_650\embedded_LPCXpresso\workspace_projeto\Lib_EaBaseBoard\Debug" -L"C:\Users\rodri\Documents\LPCXpresso_8.2.2_650\embedded_LPCXpresso\workspace_projeto\Lib_MCU\Debug" -Xlinker --gc-sections -Xlinker -Map=easyweb.map -mcpu=cortex-m3 -mthumb -T "rdb1768cmsis_uart_Debug.ld" -o "easyweb.axf"  ./src/cr_startup_lpc17.o ./src/easyweb.o ./src/ethmac.o ./src/ew_systick.o ./src/tcpip.o   -lCMSISv2p00_LPC17xx -lLib_EaBaseBoard -lLib_MCU
Finished building target: easyweb.axf
 
make --no-print-directory post-build
Performing post-build steps
arm-none-eabi-size easyweb.axf; # arm-none-eabi-objdump -h -S easyweb.axf >easyweb.lss
   text	   data	    bss	    dec	    hex	filename
  43860	   2260	   1972	  48092	   bbdc	easyweb.axf
 
14:07:25 **** Incremental Build of configuration Debug for project easyweb ****
make -r all 
Building file: ../src/easyweb.c
Invoking: MCU C Compiler
arm-none-eabi-gcc -DDEBUG -D__USE_CMSIS=CMSISv1p30_LPC17xx -D__CODE_RED -D__NEWLIB__ -I"C:\Users\rodri\Documents\LPCXpresso_8.2.2_650\embedded_LPCXpresso\workspace_projeto\CMSISv2p00_LPC17xx\inc" -I"C:\Users\rodri\Documents\LPCXpresso_8.2.2_650\embedded_LPCXpresso\workspace_projeto\Lib_EaBaseBoard\inc" -I"C:\Users\rodri\Documents\LPCXpresso_8.2.2_650\embedded_LPCXpresso\workspace_projeto\Lib_MCU\inc" -O0 -g3 -Wall -c -fmessage-length=0 -fno-builtin -ffunction-sections -mcpu=cortex-m3 -mthumb -D__NEWLIB__ -MMD -MP -MF"src/easyweb.d" -MT"src/easyweb.o" -MT"src/easyweb.d" -o "src/easyweb.o" "../src/easyweb.c"
../src/easyweb.c: In function 'main':
../src/easyweb.c:440:10: warning: unused variable 'buf' [-Wunused-variable]
  uint8_t buf[50];
          ^
../src/easyweb.c: In function 'InsertDynamicValues':
../src/easyweb.c:613:5: error: duplicate case value
     case '5' :                                 // "AD1%"?
     ^
../src/easyweb.c:607:5: error: previously used here
     case '5' :                                 // "AD1%"?
     ^
../src/easyweb.c: At top level:
../src/easyweb.c:286:13: warning: 'temperatureWeb' defined but not used [-Wunused-function]
 static void temperatureWeb(){
             ^
../src/easyweb.c:347:13: warning: 'accWeb' defined but not used [-Wunused-function]
 static void accWeb(){
             ^
make: *** [src/easyweb.o] Error 1
14:07:32 **** Incremental Build of configuration Debug for project easyweb ****
make -r all 
Building file: ../src/easyweb.c
Invoking: MCU C Compiler
arm-none-eabi-gcc -DDEBUG -D__USE_CMSIS=CMSISv1p30_LPC17xx -D__CODE_RED -D__NEWLIB__ -I"C:\Users\rodri\Documents\LPCXpresso_8.2.2_650\embedded_LPCXpresso\workspace_projeto\CMSISv2p00_LPC17xx\inc" -I"C:\Users\rodri\Documents\LPCXpresso_8.2.2_650\embedded_LPCXpresso\workspace_projeto\Lib_EaBaseBoard\inc" -I"C:\Users\rodri\Documents\LPCXpresso_8.2.2_650\embedded_LPCXpresso\workspace_projeto\Lib_MCU\inc" -O0 -g3 -Wall -c -fmessage-length=0 -fno-builtin -ffunction-sections -mcpu=cortex-m3 -mthumb -D__NEWLIB__ -MMD -MP -MF"src/easyweb.d" -MT"src/easyweb.o" -MT"src/easyweb.d" -o "src/easyweb.o" "../src/easyweb.c"
../src/easyweb.c: In function 'main':
../src/easyweb.c:440:10: warning: unused variable 'buf' [-Wunused-variable]
  uint8_t buf[50];
          ^
../src/easyweb.c: In function 'InsertDynamicValues':
../src/easyweb.c:613:5: error: duplicate case value
     case '5' :                                 // "AD1%"?
     ^
../src/easyweb.c:607:5: error: previously used here
     case '5' :                                 // "AD1%"?
     ^
../src/easyweb.c: At top level:
../src/easyweb.c:286:13: warning: 'temperatureWeb' defined but not used [-Wunused-function]
 static void temperatureWeb(){
             ^
../src/easyweb.c:347:13: warning: 'accWeb' defined but not used [-Wunused-function]
 static void accWeb(){
             ^
make: *** [src/easyweb.o] Error 1
14:07:36 **** Incremental Build of configuration Debug for project easyweb ****
make -r all 
Building file: ../src/easyweb.c
Invoking: MCU C Compiler
[...]
Finished building target: easyweb.axf
 
make --no-print-directory post-build
Performing post-build steps
arm-none-eabi-size easyweb.axf; # arm-none-eabi-objdump -h -S easyweb.axf >easyweb.lss
   text	   data	    bss	    dec	    hex	filename
  44100	   2260	   1976	  48336	   bcd0	easyweb.axf
 
14:19:12 **** Incremental Build of configuration Debug for project easyweb ****
make -r all 
make: Nothing to be done for `all'.
14:19:22 **** Incremental Build of configuration Debug for project easyweb ****
make -r all 
make: Nothing to be done for `all'.
14:23:10 **** Incremental Build of configuration Debug for project easyweb ****
make -r all 
Building file: ../src/easyweb.c
Invoking: MCU C Compiler
arm-none-eabi-gcc -DDEBUG -D__USE_CMSIS=CMSISv1p30_LPC17xx -D__CODE_RED -D__NEWLIB__ -I"C:\Users\rodri\Documents\LPCXpresso_8.2.2_650\embedded_LPCXpresso\workspace_projeto\CMSISv2p00_LPC17xx\inc" -I"C:\Users\rodri\Documents\LPCXpresso_8.2.2_650\embedded_LPCXpresso\workspace_projeto\Lib_EaBaseBoard\inc" -I"C:\Users\rodri\Documents\LPCXpresso_8.2.2_650\embedded_LPCXpresso\workspace_projeto\Lib_MCU\inc" -O0 -g3 -Wall -c -fmessage-length=0 -fno-builtin -ffunction-sections -mcpu=cortex-m3 -mthumb -D__NEWLIB__ -MMD -MP -MF"src/easyweb.d" -MT"src/easyweb.o" -MT"src/easyweb.d" -o "src/easyweb.o" "../src/easyweb.c"
../src/easyweb.c: In function 'main':
../src/easyweb.c:440:10: warning: unused variable 'buf' [-Wunused-variable]
  uint8_t buf[50];
          ^
Finished building: ../src/easyweb.c
 
Building target: easyweb.axf
Invoking: MCU Linker
arm-none-eabi-gcc -nostdlib -L"C:\Users\rodri\Documents\LPCXpresso_8.2.2_650\embedded_LPCXpresso\workspace_projeto\CMSISv2p00_LPC17xx\Debug" -L"C:\Users\rodri\Documents\LPCXpresso_8.2.2_650\embedded_LPCXpresso\workspace_projeto\Lib_EaBaseBoard\Debug" -L"C:\Users\rodri\Documents\LPCXpresso_8.2.2_650\embedded_LPCXpresso\workspace_projeto\Lib_MCU\Debug" -Xlinker --gc-sections -Xlinker -Map=easyweb.map -mcpu=cortex-m3 -mthumb -T "rdb1768cmsis_uart_Debug.ld" -o "easyweb.axf"  ./src/cr_startup_lpc17.o ./src/easyweb.o ./src/ethmac.o ./src/ew_systick.o ./src/tcpip.o   -lCMSISv2p00_LPC17xx -lLib_EaBaseBoard -lLib_MCU
Finished building target: easyweb.axf
 
make --no-print-directory post-build
Performing post-build steps
arm-none-eabi-size easyweb.axf; # arm-none-eabi-objdump -h -S easyweb.axf >easyweb.lss
   text	   data	    bss	    dec	    hex	filename
  44092	   2260	   1976	  48328	   bcc8	easyweb.axf
 
14:24:51 **** Incremental Build of configuration Debug for project easyweb ****
make -r all 
make: Nothing to be done for `all'.
14:26:39 **** Incremental Build of configuration Debug for project easyweb ****
make -r all 
Building file: ../src/easyweb.c
Invoking: MCU C Compiler
arm-none-eabi-gcc -DDEBUG -D__USE_CMSIS=CMSISv1p30_LPC17xx -D__CODE_RED -D__NEWLIB__ -I"C:\Users\rodri\Documents\LPCXpresso_8.2.2_650\embedded_LPCXpresso\workspace_projeto\CMSISv2p00_LPC17xx\inc" -I"C:\Users\rodri\Documents\LPCXpresso_8.2.2_650\embedded_LPCXpresso\workspace_projeto\Lib_EaBaseBoard\inc" -I"C:\Users\rodri\Documents\LPCXpresso_8.2.2_650\embedded_LPCXpresso\workspace_projeto\Lib_MCU\inc" -O0 -g3 -Wall -c -fmessage-length=0 -fno-builtin -ffunction-sections -mcpu=cortex-m3 -mthumb -D__NEWLIB__ -MMD -MP -MF"src/easyweb.d" -MT"src/easyweb.o" -MT"src/easyweb.d" -o "src/easyweb.o" "../src/easyweb.c"
../src/easyweb.c: In function 'main':
../src/easyweb.c:440:10: warning: unused variable 'buf' [-Wunused-variable]
  uint8_t buf[50];
          ^
Finished building: ../src/easyweb.c
 
Building target: easyweb.axf
Invoking: MCU Linker
arm-none-eabi-gcc -nostdlib -L"C:\Users\rodri\Documents\LPCXpresso_8.2.2_650\embedded_LPCXpresso\workspace_projeto\CMSISv2p00_LPC17xx\Debug" -L"C:\Users\rodri\Documents\LPCXpresso_8.2.2_650\embedded_LPCXpresso\workspace_projeto\Lib_EaBaseBoard\Debug" -L"C:\Users\rodri\Documents\LPCXpresso_8.2.2_650\embedded_LPCXpresso\workspace_projeto\Lib_MCU\Debug" -Xlinker --gc-sections -Xlinker -Map=easyweb.map -mcpu=cortex-m3 -mthumb -T "rdb1768cmsis_uart_Debug.ld" -o "easyweb.axf"  ./src/cr_startup_lpc17.o ./src/easyweb.o ./src/ethmac.o ./src/ew_systick.o ./src/tcpip.o   -lCMSISv2p00_LPC17xx -lLib_EaBaseBoard -lLib_MCU
Finished building target: easyweb.axf
 
make --no-print-directory post-build
Performing post-build steps
arm-none-eabi-size easyweb.axf; # arm-none-eabi-objdump -h -S easyweb.axf >easyweb.lss
   text	   data	    bss	    dec	    hex	filename
  44100	   2260	   1976	  48336	   bcd0	easyweb.axf
 
14:27:15 **** Incremental Build of configuration Debug for project easyweb ****
make -r all 
Building file: ../src/easyweb.c
Invoking: MCU C Compiler
arm-none-eabi-gcc -DDEBUG -D__USE_CMSIS=CMSISv1p30_LPC17xx -D__CODE_RED -D__NEWLIB__ -I"C:\Users\rodri\Documents\LPCXpresso_8.2.2_650\embedded_LPCXpresso\workspace_projeto\CMSISv2p00_LPC17xx\inc" -I"C:\Users\rodri\Documents\LPCXpresso_8.2.2_650\embedded_LPCXpresso\workspace_projeto\Lib_EaBaseBoard\inc" -I"C:\Users\rodri\Documents\LPCXpresso_8.2.2_650\embedded_LPCXpresso\workspace_projeto\Lib_MCU\inc" -O0 -g3 -Wall -c -fmessage-length=0 -fno-builtin -ffunction-sections -mcpu=cortex-m3 -mthumb -D__NEWLIB__ -MMD -MP -MF"src/easyweb.d" -MT"src/easyweb.o" -MT"src/easyweb.d" -o "src/easyweb.o" "../src/easyweb.c"
../src/easyweb.c: In function 'main':
../src/easyweb.c:440:10: warning: unused variable 'buf' [-Wunused-variable]
  uint8_t buf[50];
          ^
Finished building: ../src/easyweb.c
 
Building target: easyweb.axf
Invoking: MCU Linker
arm-none-eabi-gcc -nostdlib -L"C:\Users\rodri\Documents\LPCXpresso_8.2.2_650\embedded_LPCXpresso\workspace_projeto\CMSISv2p00_LPC17xx\Debug" -L"C:\Users\rodri\Documents\LPCXpresso_8.2.2_650\embedded_LPCXpresso\workspace_projeto\Lib_EaBaseBoard\Debug" -L"C:\Users\rodri\Documents\LPCXpresso_8.2.2_650\embedded_LPCXpresso\workspace_projeto\Lib_MCU\Debug" -Xlinker --gc-sections -Xlinker -Map=easyweb.map -mcpu=cortex-m3 -mthumb -T "rdb1768cmsis_uart_Debug.ld" -o "easyweb.axf"  ./src/cr_startup_lpc17.o ./src/easyweb.o ./src/ethmac.o ./src/ew_systick.o ./src/tcpip.o   -lCMSISv2p00_LPC17xx -lLib_EaBaseBoard -lLib_MCU
Finished building target: easyweb.axf
 
make --no-print-directory post-build
Performing post-build steps
arm-none-eabi-size easyweb.axf; # arm-none-eabi-objdump -h -S easyweb.axf >easyweb.lss
   text	   data	    bss	    dec	    hex	filename
  44100	   2260	   1976	  48336	   bcd0	easyweb.axf
 
14:30:21 **** Incremental Build of configuration Debug for project easyweb ****
make -r all 
Building file: ../src/easyweb.c
Invoking: MCU C Compiler
arm-none-eabi-gcc -DDEBUG -D__USE_CMSIS=CMSISv1p30_LPC17xx -D__CODE_RED -D__NEWLIB__ -I"C:\Users\rodri\Documents\LPCXpresso_8.2.2_650\embedded_LPCXpresso\workspace_projeto\CMSISv2p00_LPC17xx\inc" -I"C:\Users\rodri\Documents\LPCXpresso_8.2.2_650\embedded_LPCXpresso\workspace_projeto\Lib_EaBaseBoard\inc" -I"C:\Users\rodri\Documents\LPCXpresso_8.2.2_650\embedded_LPCXpresso\workspace_projeto\Lib_MCU\inc" -O0 -g3 -Wall -c -fmessage-length=0 -fno-builtin -ffunction-sections -mcpu=cortex-m3 -mthumb -D__NEWLIB__ -MMD -MP -MF"src/easyweb.d" -MT"src/easyweb.o" -MT"src/easyweb.d" -o "src/easyweb.o" "../src/easyweb.c"
../src/easyweb.c: In function 'main':
../src/easyweb.c:440:10: warning: unused variable 'buf' [-Wunused-variable]
  uint8_t buf[50];
          ^
Finished building: ../src/easyweb.c
 
Building target: easyweb.axf
Invoking: MCU Linker
arm-none-eabi-gcc -nostdlib -L"C:\Users\rodri\Documents\LPCXpresso_8.2.2_650\embedded_LPCXpresso\workspace_projeto\CMSISv2p00_LPC17xx\Debug" -L"C:\Users\rodri\Documents\LPCXpresso_8.2.2_650\embedded_LPCXpresso\workspace_projeto\Lib_EaBaseBoard\Debug" -L"C:\Users\rodri\Documents\LPCXpresso_8.2.2_650\embedded_LPCXpresso\workspace_projeto\Lib_MCU\Debug" -Xlinker --gc-sections -Xlinker -Map=easyweb.map -mcpu=cortex-m3 -mthumb -T "rdb1768cmsis_uart_Debug.ld" -o "easyweb.axf"  ./src/cr_startup_lpc17.o ./src/easyweb.o ./src/ethmac.o ./src/ew_systick.o ./src/tcpip.o   -lCMSISv2p00_LPC17xx -lLib_EaBaseBoard -lLib_MCU
Finished building target: easyweb.axf
 
make --no-print-directory post-build
Performing post-build steps
arm-none-eabi-size easyweb.axf; # arm-none-eabi-objdump -h -S easyweb.axf >easyweb.lss
   text	   data	    bss	    dec	    hex	filename
  44140	   2260	   1976	  48376	   bcf8	easyweb.axf
 
14:39:13 **** Incremental Build of configuration Debug for project easyweb ****
make -r all 
Building file: ../src/easyweb.c
Invoking: MCU C Compiler
arm-none-eabi-gcc -DDEBUG -D__USE_CMSIS=CMSISv1p30_LPC17xx -D__CODE_RED -D__NEWLIB__ -I"C:\Users\rodri\Documents\LPCXpresso_8.2.2_650\embedded_LPCXpresso\workspace_projeto\CMSISv2p00_LPC17xx\inc" -I"C:\Users\rodri\Documents\LPCXpresso_8.2.2_650\embedded_LPCXpresso\workspace_projeto\Lib_EaBaseBoard\inc" -I"C:\Users\rodri\Documents\LPCXpresso_8.2.2_650\embedded_LPCXpresso\workspace_projeto\Lib_MCU\inc" -O0 -g3 -Wall -c -fmessage-length=0 -fno-builtin -ffunction-sections -mcpu=cortex-m3 -mthumb -D__NEWLIB__ -MMD -MP -MF"src/easyweb.d" -MT"src/easyweb.o" -MT"src/easyweb.d" -o "src/easyweb.o" "../src/easyweb.c"
../src/easyweb.c: In function 'main':
../src/easyweb.c:440:10: warning: unused variable 'buf' [-Wunused-variable]
  uint8_t buf[50];
          ^
Finished building: ../src/easyweb.c
 
Building target: easyweb.axf
Invoking: MCU Linker
arm-none-eabi-gcc -nostdlib -L"C:\Users\rodri\Documents\LPCXpresso_8.2.2_650\embedded_LPCXpresso\workspace_projeto\CMSISv2p00_LPC17xx\Debug" -L"C:\Users\rodri\Documents\LPCXpresso_8.2.2_650\embedded_LPCXpresso\workspace_projeto\Lib_EaBaseBoard\Debug" -L"C:\Users\rodri\Documents\LPCXpresso_8.2.2_650\embedded_LPCXpresso\workspace_projeto\Lib_MCU\Debug" -Xlinker --gc-sections -Xlinker -Map=easyweb.map -mcpu=cortex-m3 -mthumb -T "rdb1768cmsis_uart_Debug.ld" -o "easyweb.axf"  ./src/cr_startup_lpc17.o ./src/easyweb.o ./src/ethmac.o ./src/ew_systick.o ./src/tcpip.o   -lCMSISv2p00_LPC17xx -lLib_EaBaseBoard -lLib_MCU
Finished building target: easyweb.axf
 
make --no-print-directory post-build
Performing post-build steps
arm-none-eabi-size easyweb.axf; # arm-none-eabi-objdump -h -S easyweb.axf >easyweb.lss
   text	   data	    bss	    dec	    hex	filename
  44140	   2260	   1976	  48376	   bcf8	easyweb.axf
 
14:42:42 **** Incremental Build of configuration Debug for project easyweb ****
make -r all 
Building file: ../src/easyweb.c
Invoking: MCU C Compiler
arm-none-eabi-gcc -DDEBUG -D__USE_CMSIS=CMSISv1p30_LPC17xx -D__CODE_RED -D__NEWLIB__ -I"C:\Users\rodri\Documents\LPCXpresso_8.2.2_650\embedded_LPCXpresso\workspace_projeto\CMSISv2p00_LPC17xx\inc" -I"C:\Users\rodri\Documents\LPCXpresso_8.2.2_650\embedded_LPCXpresso\workspace_projeto\Lib_EaBaseBoard\inc" -I"C:\Users\rodri\Documents\LPCXpresso_8.2.2_650\embedded_LPCXpresso\workspace_projeto\Lib_MCU\inc" -O0 -g3 -Wall -c -fmessage-length=0 -fno-builtin -ffunction-sections -mcpu=cortex-m3 -mthumb -D__NEWLIB__ -MMD -MP -MF"src/easyweb.d" -MT"src/easyweb.o" -MT"src/easyweb.d" -o "src/easyweb.o" "../src/easyweb.c"
../src/easyweb.c: In function 'main':
../src/easyweb.c:440:10: warning: unused variable 'buf' [-Wunused-variable]
  uint8_t buf[50];
          ^
Finished building: ../src/easyweb.c
 
Building target: easyweb.axf
Invoking: MCU Linker
arm-none-eabi-gcc -nostdlib -L"C:\Users\rodri\Documents\LPCXpresso_8.2.2_650\embedded_LPCXpresso\workspace_projeto\CMSISv2p00_LPC17xx\Debug" -L"C:\Users\rodri\Documents\LPCXpresso_8.2.2_650\embedded_LPCXpresso\workspace_projeto\Lib_EaBaseBoard\Debug" -L"C:\Users\rodri\Documents\LPCXpresso_8.2.2_650\embedded_LPCXpresso\workspace_projeto\Lib_MCU\Debug" -Xlinker --gc-sections -Xlinker -Map=easyweb.map -mcpu=cortex-m3 -mthumb -T "rdb1768cmsis_uart_Debug.ld" -o "easyweb.axf"  ./src/cr_startup_lpc17.o ./src/easyweb.o ./src/ethmac.o ./src/ew_systick.o ./src/tcpip.o   -lCMSISv2p00_LPC17xx -lLib_EaBaseBoard -lLib_MCU
Finished building target: easyweb.axf
 
make --no-print-directory post-build
Performing post-build steps
arm-none-eabi-size easyweb.axf; # arm-none-eabi-objdump -h -S easyweb.axf >easyweb.lss
   text	   data	    bss	    dec	    hex	filename
  43756	   2260	   1976	  47992	   bb78	easyweb.axf
 
14:44:50 **** Incremental Build of configuration Debug for project easyweb ****
make -r all 
Building file: ../src/easyweb.c
Invoking: MCU C Compiler
arm-none-eabi-gcc -DDEBUG -D__USE_CMSIS=CMSISv1p30_LPC17xx -D__CODE_RED -D__NEWLIB__ -I"C:\Users\rodri\Documents\LPCXpresso_8.2.2_650\embedded_LPCXpresso\workspace_projeto\CMSISv2p00_LPC17xx\inc" -I"C:\Users\rodri\Documents\LPCXpresso_8.2.2_650\embedded_LPCXpresso\workspace_projeto\Lib_EaBaseBoard\inc" -I"C:\Users\rodri\Documents\LPCXpresso_8.2.2_650\embedded_LPCXpresso\workspace_projeto\Lib_MCU\inc" -O0 -g3 -Wall -c -fmessage-length=0 -fno-builtin -ffunction-sections -mcpu=cortex-m3 -mthumb -D__NEWLIB__ -MMD -MP -MF"src/easyweb.d" -MT"src/easyweb.o" -MT"src/easyweb.d" -o "src/easyweb.o" "../src/easyweb.c"
../src/easyweb.c: In function 'main':
../src/easyweb.c:440:10: warning: unused variable 'buf' [-Wunused-variable]
  uint8_t buf[50];
          ^
Finished building: ../src/easyweb.c
 
Building target: easyweb.axf
Invoking: MCU Linker
arm-none-eabi-gcc -nostdlib -L"C:\Users\rodri\Documents\LPCXpresso_8.2.2_650\embedded_LPCXpresso\workspace_projeto\CMSISv2p00_LPC17xx\Debug" -L"C:\Users\rodri\Documents\LPCXpresso_8.2.2_650\embedded_LPCXpresso\workspace_projeto\Lib_EaBaseBoard\Debug" -L"C:\Users\rodri\Documents\LPCXpresso_8.2.2_650\embedded_LPCXpresso\workspace_projeto\Lib_MCU\Debug" -Xlinker --gc-sections -Xlinker -Map=easyweb.map -mcpu=cortex-m3 -mthumb -T "rdb1768cmsis_uart_Debug.ld" -o "easyweb.axf"  ./src/cr_startup_lpc17.o ./src/easyweb.o ./src/ethmac.o ./src/ew_systick.o ./src/tcpip.o   -lCMSISv2p00_LPC17xx -lLib_EaBaseBoard -lLib_MCU
Finished building target: easyweb.axf
 
make --no-print-directory post-build
Performing post-build steps
arm-none-eabi-size easyweb.axf; # arm-none-eabi-objdump -h -S easyweb.axf >easyweb.lss
   text	   data	    bss	    dec	    hex	filename
  43756	   2260	   1976	  47992	   bb78	easyweb.axf
 
14:46:53 **** Incremental Build of configuration Debug for project easyweb ****
make -r all 
Building file: ../src/easyweb.c
Invoking: MCU C Compiler
arm-none-eabi-gcc -DDEBUG -D__USE_CMSIS=CMSISv1p30_LPC17xx -D__CODE_RED -D__NEWLIB__ -I"C:\Users\rodri\Documents\LPCXpresso_8.2.2_650\embedded_LPCXpresso\workspace_projeto\CMSISv2p00_LPC17xx\inc" -I"C:\Users\rodri\Documents\LPCXpresso_8.2.2_650\embedded_LPCXpresso\workspace_projeto\Lib_EaBaseBoard\inc" -I"C:\Users\rodri\Documents\LPCXpresso_8.2.2_650\embedded_LPCXpresso\workspace_projeto\Lib_MCU\inc" -O0 -g3 -Wall -c -fmessage-length=0 -fno-builtin -ffunction-sections -mcpu=cortex-m3 -mthumb -D__NEWLIB__ -MMD -MP -MF"src/easyweb.d" -MT"src/easyweb.o" -MT"src/easyweb.d" -o "src/easyweb.o" "../src/easyweb.c"
../src/easyweb.c: In function 'main':
../src/easyweb.c:440:10: warning: unused variable 'buf' [-Wunused-variable]
  uint8_t buf[50];
          ^
Finished building: ../src/easyweb.c
 
Building target: easyweb.axf
Invoking: MCU Linker
arm-none-eabi-gcc -nostdlib -L"C:\Users\rodri\Documents\LPCXpresso_8.2.2_650\embedded_LPCXpresso\workspace_projeto\CMSISv2p00_LPC17xx\Debug" -L"C:\Users\rodri\Documents\LPCXpresso_8.2.2_650\embedded_LPCXpresso\workspace_projeto\Lib_EaBaseBoard\Debug" -L"C:\Users\rodri\Documents\LPCXpresso_8.2.2_650\embedded_LPCXpresso\workspace_projeto\Lib_MCU\Debug" -Xlinker --gc-sections -Xlinker -Map=easyweb.map -mcpu=cortex-m3 -mthumb -T "rdb1768cmsis_uart_Debug.ld" -o "easyweb.axf"  ./src/cr_startup_lpc17.o ./src/easyweb.o ./src/ethmac.o ./src/ew_systick.o ./src/tcpip.o   -lCMSISv2p00_LPC17xx -lLib_EaBaseBoard -lLib_MCU
Finished building target: easyweb.axf
 
make --no-print-directory post-build
Performing post-build steps
arm-none-eabi-size easyweb.axf; # arm-none-eabi-objdump -h -S easyweb.axf >easyweb.lss
   text	   data	    bss	    dec	    hex	filename
  43540	   2260	   1976	  47776	   baa0	easyweb.axf
 
14:47:27 **** Incremental Build of configuration Debug for project easyweb ****
make -r all 
Building file: ../src/easyweb.c
Invoking: MCU C Compiler
arm-none-eabi-gcc -DDEBUG -D__USE_CMSIS=CMSISv1p30_LPC17xx -D__CODE_RED -D__NEWLIB__ -I"C:\Users\rodri\Documents\LPCXpresso_8.2.2_650\embedded_LPCXpresso\workspace_projeto\CMSISv2p00_LPC17xx\inc" -I"C:\Users\rodri\Documents\LPCXpresso_8.2.2_650\embedded_LPCXpresso\workspace_projeto\Lib_EaBaseBoard\inc" -I"C:\Users\rodri\Documents\LPCXpresso_8.2.2_650\embedded_LPCXpresso\workspace_projeto\Lib_MCU\inc" -O0 -g3 -Wall -c -fmessage-length=0 -fno-builtin -ffunction-sections -mcpu=cortex-m3 -mthumb -D__NEWLIB__ -MMD -MP -MF"src/easyweb.d" -MT"src/easyweb.o" -MT"src/easyweb.d" -o "src/easyweb.o" "../src/easyweb.c"
../src/easyweb.c: In function 'main':
../src/easyweb.c:440:10: warning: unused variable 'buf' [-Wunused-variable]
  uint8_t buf[50];
          ^
Finished building: ../src/easyweb.c
 
Building target: easyweb.axf
Invoking: MCU Linker
arm-none-eabi-gcc -nostdlib -L"C:\Users\rodri\Documents\LPCXpresso_8.2.2_650\embedded_LPCXpresso\workspace_projeto\CMSISv2p00_LPC17xx\Debug" -L"C:\Users\rodri\Documents\LPCXpresso_8.2.2_650\embedded_LPCXpresso\workspace_projeto\Lib_EaBaseBoard\Debug" -L"C:\Users\rodri\Documents\LPCXpresso_8.2.2_650\embedded_LPCXpresso\workspace_projeto\Lib_MCU\Debug" -Xlinker --gc-sections -Xlinker -Map=easyweb.map -mcpu=cortex-m3 -mthumb -T "rdb1768cmsis_uart_Debug.ld" -o "easyweb.axf"  ./src/cr_startup_lpc17.o ./src/easyweb.o ./src/ethmac.o ./src/ew_systick.o ./src/tcpip.o   -lCMSISv2p00_LPC17xx -lLib_EaBaseBoard -lLib_MCU
Finished building target: easyweb.axf
 
make --no-print-directory post-build
Performing post-build steps
arm-none-eabi-size easyweb.axf; # arm-none-eabi-objdump -h -S easyweb.axf >easyweb.lss
   text	   data	    bss	    dec	    hex	filename
  43444	   2260	   1976	  47680	   ba40	easyweb.axf
 
14:48:15 **** Incremental Build of configuration Debug for project easyweb ****
make -r all 
Building file: ../src/easyweb.c
Invoking: MCU C Compiler
arm-none-eabi-gcc -DDEBUG -D__USE_CMSIS=CMSISv1p30_LPC17xx -D__CODE_RED -D__NEWLIB__ -I"C:\Users\rodri\Documents\LPCXpresso_8.2.2_650\embedded_LPCXpresso\workspace_projeto\CMSISv2p00_LPC17xx\inc" -I"C:\Users\rodri\Documents\LPCXpresso_8.2.2_650\embedded_LPCXpresso\workspace_projeto\Lib_EaBaseBoard\inc" -I"C:\Users\rodri\Documents\LPCXpresso_8.2.2_650\embedded_LPCXpresso\workspace_projeto\Lib_MCU\inc" -O0 -g3 -Wall -c -fmessage-length=0 -fno-builtin -ffunction-sections -mcpu=cortex-m3 -mthumb -D__NEWLIB__ -MMD -MP -MF"src/easyweb.d" -MT"src/easyweb.o" -MT"src/easyweb.d" -o "src/easyweb.o" "../src/easyweb.c"
../src/easyweb.c: In function 'main':
../src/easyweb.c:440:10: warning: unused variable 'buf' [-Wunused-variable]
  uint8_t buf[50];
          ^
Finished building: ../src/easyweb.c
 
Building target: easyweb.axf
Invoking: MCU Linker
arm-none-eabi-gcc -nostdlib -L"C:\Users\rodri\Documents\LPCXpresso_8.2.2_650\embedded_LPCXpresso\workspace_projeto\CMSISv2p00_LPC17xx\Debug" -L"C:\Users\rodri\Documents\LPCXpresso_8.2.2_650\embedded_LPCXpresso\workspace_projeto\Lib_EaBaseBoard\Debug" -L"C:\Users\rodri\Documents\LPCXpresso_8.2.2_650\embedded_LPCXpresso\workspace_projeto\Lib_MCU\Debug" -Xlinker --gc-sections -Xlinker -Map=easyweb.map -mcpu=cortex-m3 -mthumb -T "rdb1768cmsis_uart_Debug.ld" -o "easyweb.axf"  ./src/cr_startup_lpc17.o ./src/easyweb.o ./src/ethmac.o ./src/ew_systick.o ./src/tcpip.o   -lCMSISv2p00_LPC17xx -lLib_EaBaseBoard -lLib_MCU
Finished building target: easyweb.axf
 
make --no-print-directory post-build
Performing post-build steps
arm-none-eabi-size easyweb.axf; # arm-none-eabi-objdump -h -S easyweb.axf >easyweb.lss
   text	   data	    bss	    dec	    hex	filename
  43444	   2260	   1976	  47680	   ba40	easyweb.axf
 
