Archive member included to satisfy reference by file (symbol)

C:\Users\rodri\Documents\LPCXpresso_8.2.2_650\embedded_LPCXpresso\workspace\CMSISv2p00_LPC17xx\Debug\libCMSISv2p00_LPC17xx.a(system_LPC17xx.o)
                              ./src/cr_startup_lpc17.o (SystemInit)
C:\Users\rodri\Documents\LPCXpresso_8.2.2_650\embedded_LPCXpresso\workspace\Lib_EaBaseBoard\Debug\libLib_EaBaseBoard.a(oled.o)
                              ./src/main.o (oled_init)
C:\Users\rodri\Documents\LPCXpresso_8.2.2_650\embedded_LPCXpresso\workspace\Lib_EaBaseBoard\Debug\libLib_EaBaseBoard.a(temp.o)
                              ./src/main.o (temp_init)
C:\Users\rodri\Documents\LPCXpresso_8.2.2_650\embedded_LPCXpresso\workspace\Lib_EaBaseBoard\Debug\libLib_EaBaseBoard.a(font5x7.o)
                              C:\Users\rodri\Documents\LPCXpresso_8.2.2_650\embedded_LPCXpresso\workspace\Lib_EaBaseBoard\Debug\libLib_EaBaseBoard.a(oled.o) (font5x7)
C:\Users\rodri\Documents\LPCXpresso_8.2.2_650\embedded_LPCXpresso\workspace\Lib_MCU\Debug\libLib_MCU.a(lpc17xx_adc.o)
                              ./src/main.o (ADC_Init)
C:\Users\rodri\Documents\LPCXpresso_8.2.2_650\embedded_LPCXpresso\workspace\Lib_MCU\Debug\libLib_MCU.a(lpc17xx_clkpwr.o)
                              C:\Users\rodri\Documents\LPCXpresso_8.2.2_650\embedded_LPCXpresso\workspace\Lib_MCU\Debug\libLib_MCU.a(lpc17xx_adc.o) (CLKPWR_GetPCLK)
C:\Users\rodri\Documents\LPCXpresso_8.2.2_650\embedded_LPCXpresso\workspace\Lib_MCU\Debug\libLib_MCU.a(lpc17xx_gpio.o)
                              C:\Users\rodri\Documents\LPCXpresso_8.2.2_650\embedded_LPCXpresso\workspace\Lib_EaBaseBoard\Debug\libLib_EaBaseBoard.a(oled.o) (GPIO_SetDir)
C:\Users\rodri\Documents\LPCXpresso_8.2.2_650\embedded_LPCXpresso\workspace\Lib_MCU\Debug\libLib_MCU.a(lpc17xx_i2c.o)
                              ./src/main.o (I2C_Init)
C:\Users\rodri\Documents\LPCXpresso_8.2.2_650\embedded_LPCXpresso\workspace\Lib_MCU\Debug\libLib_MCU.a(lpc17xx_pinsel.o)
                              ./src/main.o (PINSEL_ConfigPin)
C:\Users\rodri\Documents\LPCXpresso_8.2.2_650\embedded_LPCXpresso\workspace\Lib_MCU\Debug\libLib_MCU.a(lpc17xx_ssp.o)
                              ./src/main.o (SSP_Init)
C:\Users\rodri\Documents\LPCXpresso_8.2.2_650\embedded_LPCXpresso\workspace\Lib_MCU\Debug\libLib_MCU.a(lpc17xx_timer.o)
                              ./src/main.o (Timer0_Wait)
c:/nxp/lpcxpresso_8.2.2_650/lpcxpresso/tools/bin/../lib/gcc/arm-none-eabi/5.4.1/armv7-m\libgcc.a(_aeabi_uldivmod.o)
                              C:\Users\rodri\Documents\LPCXpresso_8.2.2_650\embedded_LPCXpresso\workspace\CMSISv2p00_LPC17xx\Debug\libCMSISv2p00_LPC17xx.a(system_LPC17xx.o) (__aeabi_uldivmod)
c:/nxp/lpcxpresso_8.2.2_650/lpcxpresso/tools/bin/../lib/gcc/arm-none-eabi/5.4.1/armv7-m\libgcc.a(_udivmoddi4.o)
                              c:/nxp/lpcxpresso_8.2.2_650/lpcxpresso/tools/bin/../lib/gcc/arm-none-eabi/5.4.1/armv7-m\libgcc.a(_aeabi_uldivmod.o) (__udivmoddi4)
c:/nxp/lpcxpresso_8.2.2_650/lpcxpresso/tools/bin/../lib/gcc/arm-none-eabi/5.4.1/armv7-m\libgcc.a(_dvmd_tls.o)
                              c:/nxp/lpcxpresso_8.2.2_650/lpcxpresso/tools/bin/../lib/gcc/arm-none-eabi/5.4.1/armv7-m\libgcc.a(_aeabi_uldivmod.o) (__aeabi_ldiv0)
c:/nxp/lpcxpresso_8.2.2_650/lpcxpresso/tools/bin/../lib/gcc/arm-none-eabi/5.4.1/../../../../arm-none-eabi/lib/armv7-m\libc.a(lib_a-memset.o)
                              C:\Users\rodri\Documents\LPCXpresso_8.2.2_650\embedded_LPCXpresso\workspace\Lib_EaBaseBoard\Debug\libLib_EaBaseBoard.a(oled.o) (memset)

Discarded input sections

 .group         0x00000000        0x8 ./src/cr_startup_lpc17.o
 .group         0x00000000        0x8 ./src/cr_startup_lpc17.o
 .group         0x00000000        0x8 ./src/cr_startup_lpc17.o
 .group         0x00000000        0x8 ./src/cr_startup_lpc17.o
 .group         0x00000000        0x8 ./src/cr_startup_lpc17.o
 .group         0x00000000        0x8 ./src/cr_startup_lpc17.o
 .group         0x00000000        0x8 ./src/cr_startup_lpc17.o
 .text          0x00000000        0x0 ./src/cr_startup_lpc17.o
 .data          0x00000000        0x0 ./src/cr_startup_lpc17.o
 .bss           0x00000000        0x0 ./src/cr_startup_lpc17.o
 .text.SysTick_Handler
                0x00000000        0x8 ./src/cr_startup_lpc17.o
 .group         0x00000000        0x8 ./src/main.o
 .group         0x00000000        0x8 ./src/main.o
 .group         0x00000000        0x8 ./src/main.o
 .group         0x00000000        0x8 ./src/main.o
 .group         0x00000000        0x8 ./src/main.o
 .group         0x00000000        0x8 ./src/main.o
 .group         0x00000000        0x8 ./src/main.o
 .group         0x00000000        0x8 ./src/main.o
 .group         0x00000000        0x8 ./src/main.o
 .group         0x00000000        0x8 ./src/main.o
 .group         0x00000000        0x8 ./src/main.o
 .group         0x00000000        0x8 ./src/main.o
 .group         0x00000000        0x8 ./src/main.o
[...]
Memory Configuration

Name             Origin             Length             Attributes
MFlash512        0x00000000         0x00080000         xr
RamLoc32         0x10000000         0x00008000         xrw
RamAHB32         0x2007c000         0x00008000         xrw
*default*        0x00000000         0xffffffff

Linker script and memory map

LOAD ./src/cr_startup_lpc17.o
LOAD ./src/main.o
LOAD C:\Users\rodri\Documents\LPCXpresso_8.2.2_650\embedded_LPCXpresso\workspace\CMSISv2p00_LPC17xx\Debug\libCMSISv2p00_LPC17xx.a
LOAD C:\Users\rodri\Documents\LPCXpresso_8.2.2_650\embedded_LPCXpresso\workspace\Lib_EaBaseBoard\Debug\libLib_EaBaseBoard.a
LOAD C:\Users\rodri\Documents\LPCXpresso_8.2.2_650\embedded_LPCXpresso\workspace\Lib_MCU\Debug\libLib_MCU.a
START GROUP
LOAD c:/nxp/lpcxpresso_8.2.2_650/lpcxpresso/tools/bin/../lib/gcc/arm-none-eabi/5.4.1/armv7-m\libgcc.a
LOAD c:/nxp/lpcxpresso_8.2.2_650/lpcxpresso/tools/bin/../lib/gcc/arm-none-eabi/5.4.1/../../../../arm-none-eabi/lib/armv7-m\libc.a
LOAD c:/nxp/lpcxpresso_8.2.2_650/lpcxpresso/tools/bin/../lib/gcc/arm-none-eabi/5.4.1/../../../../arm-none-eabi/lib/armv7-m\libm.a
LOAD c:/nxp/lpcxpresso_8.2.2_650/lpcxpresso/tools/bin/../lib/gcc/arm-none-eabi/5.4.1/../../../../arm-none-eabi/lib/armv7-m\libcr_newlib_semihost.a
END GROUP
                0x00000000                __base_MFlash512 = 0x0
                0x00000000                __base_Flash = 0x0
                0x00080000                __top_MFlash512 = 0x80000
                0x00080000                __top_Flash = 0x80000
                0x10000000                __base_RamLoc32 = 0x10000000
                0x10000000                __base_RAM = 0x10000000
                0x10008000                __top_RamLoc32 = 0x10008000
                0x10008000                __top_RAM = 0x10008000
                0x2007c000                __base_RamAHB32 = 0x2007c000
                0x2007c000                __base_RAM2 = 0x2007c000
                0x20084000                __top_RamAHB32 = 0x20084000
                0x20084000                __top_RAM2 = 0x20084000

.text           0x00000000     0x2bd4
 FILL mask 0xff
                0x00000000                __vectors_start__ = ABSOLUTE (.)
 *(.isr_vector)
 .isr_vector    0x00000000       0xcc ./src/cr_startup_lpc17.o
                0x00000000                g_pfnVectors
                0x000000cc                . = ALIGN (0x4)
                0x000000cc                __section_table_start = .
                0x000000cc                __data_section_table = .
                0x000000cc        0x4 LONG 0x2bdc LOADADDR (.data)
                0x000000d0        0x4 LONG 0x10000000 ADDR (.data)
                0x000000d4        0x4 LONG 0x8 SIZEOF (.data)
                0x000000d8        0x4 LONG 0x2bdc LOADADDR (.data_RAM2)
                0x000000dc        0x4 LONG 0x2007c000 ADDR (.data_RAM2)
                0x000000e0        0x4 LONG 0x0 SIZEOF (.data_RAM2)
                0x000000e4                __data_section_table_end = .
                0x000000e4                __bss_section_table = .
                0x000000e4        0x4 LONG 0x10000008 ADDR (.bss)
                0x000000e8        0x4 LONG 0x32c SIZEOF (.bss)
                0x000000ec        0x4 LONG 0x2007c000 ADDR (.bss_RAM2)
                0x000000f0        0x4 LONG 0x0 SIZEOF (.bss_RAM2)
                0x000000f4                __bss_section_table_end = .
                0x000000f4                __section_table_end = .
 *(.after_vectors*)
 *(.text*)
 .text.ResetISR
                0x000000f4       0x58 ./src/cr_startup_lpc17.o
                0x000000f4                ResetISR
 .text.NMI_Handler
                0x0000014c        0x8 ./src/cr_startup_lpc17.o
                0x0000014c                NMI_Handler
 .text.HardFault_Handler
                0x00000154        0x8 ./src/cr_startup_lpc17.o
                0x00000154                HardFault_Handler
 .text.MemManage_Handler
                0x0000015c        0x8 ./src/cr_startup_lpc17.o
                0x0000015c                MemManage_Handler
 .text.BusFault_Handler
                0x00000164        0x8 ./src/cr_startup_lpc17.o
                0x00000164                BusFault_Handler
 .text.UsageFault_Handler
                0x0000016c        0x8 ./src/cr_startup_lpc17.o
                0x0000016c                UsageFault_Handler
 .text.SVCall_Handler
                0x00000174        0x8 ./src/cr_startup_lpc17.o
                0x00000174                SVCall_Handler
 .text.DebugMon_Handler
                0x0000017c        0x8 ./src/cr_startup_lpc17.o
                0x0000017c                DebugMon_Handler
 .text.PendSV_Handler
                0x00000184        0x8 ./src/cr_startup_lpc17.o
                0x00000184                PendSV_Handler
 .text.IntDefaultHandler
                0x0000018c        0x8 ./src/cr_startup_lpc17.o
                0x0000018c                TIMER2_IRQHandler
                0x0000018c                RIT_IRQHandler
                0x0000018c                I2C0_IRQHandler
                0x0000018c                USBActivity_IRQHandler
                0x0000018c                PWM1_IRQHandler
                0x0000018c                I2C1_IRQHandler
                0x0000018c                EINT2_IRQHandler
                0x0000018c                UART1_IRQHandler
                0x0000018c                EINT3_IRQHandler
                0x0000018c                CANActivity_IRQHandler
                0x0000018c                TIMER3_IRQHandler
                0x0000018c                UART0_IRQHandler
                0x0000018c                IntDefaultHandler
                0x0000018c                PLL0_IRQHandler
                0x0000018c                CAN_IRQHandler
                0x0000018c                PLL1_IRQHandler
                0x0000018c                SSP0_IRQHandler
                0x0000018c                I2S_IRQHandler
                0x0000018c                I2C2_IRQHandler
                0x0000018c                RTC_IRQHandler
                0x0000018c                TIMER0_IRQHandler
                0x0000018c                SPI_IRQHandler
                0x0000018c                EINT1_IRQHandler
                0x0000018c                TIMER1_IRQHandler
                0x0000018c                UART2_IRQHandler
                0x0000018c                ADC_IRQHandler
                0x0000018c                SSP1_IRQHandler
                0x0000018c                USB_IRQHandler
                0x0000018c                BOD_IRQHandler
                0x0000018c                WDT_IRQHandler
                0x0000018c                QEI_IRQHandler
                0x0000018c                EINT0_IRQHandler
                0x0000018c                DMA_IRQHandler
                0x0000018c                UART3_IRQHandler
                0x0000018c                MCPWM_IRQHandler
                0x0000018c                ENET_IRQHandler
 .text.NVIC_SetPriority
                0x00000194       0x54 ./src/main.o
 .text.SysTick_Config
                0x000001e8       0x44 ./src/main.o
 .text.intToString
                0x0000022c       0xc8 ./src/main.o
 .text.SysTick_Handler
                0x000002f4       0x1c ./src/main.o
                0x000002f4                SysTick_Handler
 .text.getTicks
                0x00000310       0x14 ./src/main.o
 .text.init_ssp
                0x00000324       0x78 ./src/main.o
 .text.init_i2c
                0x0000039c       0x48 ./src/main.o
 .text.init_adc
                0x000003e4       0x50 ./src/main.o
 .text.main     0x00000434       0xa0 ./src/main.o
                0x00000434                main
 .text.check_failed
                0x000004d4        0xc ./src/main.o
                0x000004d4                check_failed
 .text.SystemInit
                0x000004e0       0xe4 C:\Users\rodri\Documents\LPCXpresso_8.2.2_650\embedded_LPCXpresso\workspace\CMSISv2p00_LPC17xx\Debug\libCMSISv2p00_LPC17xx.a(system_LPC17xx.o)
                0x000004e0                SystemInit
 .text.writeCommand
                0x000005c4       0x48 C:\Users\rodri\Documents\LPCXpresso_8.2.2_650\embedded_LPCXpresso\workspace\Lib_EaBaseBoard\Debug\libLib_EaBaseBoard.a(oled.o)
 .text.writeData
                0x0000060c       0x48 C:\Users\rodri\Documents\LPCXpresso_8.2.2_650\embedded_LPCXpresso\workspace\Lib_EaBaseBoard\Debug\libLib_EaBaseBoard.a(oled.o)
 .text.writeDataLen
                0x00000654       0x78 C:\Users\rodri\Documents\LPCXpresso_8.2.2_650\embedded_LPCXpresso\workspace\Lib_EaBaseBoard\Debug\libLib_EaBaseBoard.a(oled.o)
 .text.runInitSequence
                0x000006cc       0xd4 C:\Users\rodri\Documents\LPCXpresso_8.2.2_650\embedded_LPCXpresso\workspace\Lib_EaBaseBoard\Debug\libLib_EaBaseBoard.a(oled.o)
 .text.hLine    0x000007a0       0x58 C:\Users\rodri\Documents\LPCXpresso_8.2.2_650\embedded_LPCXpresso\workspace\Lib_EaBaseBoard\Debug\libLib_EaBaseBoard.a(oled.o)
 .text.vLine    0x000007f8       0x58 C:\Users\rodri\Documents\LPCXpresso_8.2.2_650\embedded_LPCXpresso\workspace\Lib_EaBaseBoard\Debug\libLib_EaBaseBoard.a(oled.o)
 .text.oled_init
                0x00000850       0x74 C:\Users\rodri\Documents\LPCXpresso_8.2.2_650\embedded_LPCXpresso\workspace\Lib_EaBaseBoard\Debug\libLib_EaBaseBoard.a(oled.o)
                0x00000850                oled_init
 .text.oled_putPixel
                0x000008c4      0x150 C:\Users\rodri\Documents\LPCXpresso_8.2.2_650\embedded_LPCXpresso\workspace\Lib_EaBaseBoard\Debug\libLib_EaBaseBoard.a(oled.o)
                0x000008c4                oled_putPixel
 .text.oled_fillRect
                0x00000a14       0xa0 C:\Users\rodri\Documents\LPCXpresso_8.2.2_650\embedded_LPCXpresso\workspace\Lib_EaBaseBoard\Debug\libLib_EaBaseBoard.a(oled.o)
                0x00000a14                oled_fillRect
 .text.oled_clearScreen
                0x00000ab4       0x64 C:\Users\rodri\Documents\LPCXpresso_8.2.2_650\embedded_LPCXpresso\workspace\Lib_EaBaseBoard\Debug\libLib_EaBaseBoard.a(oled.o)
                0x00000ab4                oled_clearScreen
 .text.oled_putChar
                0x00000b18       0xd8 C:\Users\rodri\Documents\LPCXpresso_8.2.2_650\embedded_LPCXpresso\workspace\Lib_EaBaseBoard\Debug\libLib_EaBaseBoard.a(oled.o)
                0x00000b18                oled_putChar
 .text.oled_putString
                0x00000bf0       0x54 C:\Users\rodri\Documents\LPCXpresso_8.2.2_650\embedded_LPCXpresso\workspace\Lib_EaBaseBoard\Debug\libLib_EaBaseBoard.a(oled.o)
                0x00000bf0                oled_putString
 .text.temp_init
                0x00000c44       0x24 C:\Users\rodri\Documents\LPCXpresso_8.2.2_650\embedded_LPCXpresso\workspace\Lib_EaBaseBoard\Debug\libLib_EaBaseBoard.a(temp.o)
                0x00000c44                temp_init
 .text.temp_read
                0x00000c68       0xf0 C:\Users\rodri\Documents\LPCXpresso_8.2.2_650\embedded_LPCXpresso\workspace\Lib_EaBaseBoard\Debug\libLib_EaBaseBoard.a(temp.o)
                0x00000c68                temp_read
 .text.ADC_Init
                0x00000d58       0x78 C:\Users\rodri\Documents\LPCXpresso_8.2.2_650\embedded_LPCXpresso\workspace\Lib_MCU\Debug\libLib_MCU.a(lpc17xx_adc.o)
                0x00000d58                ADC_Init
 .text.ADC_IntConfig
                0x00000dd0       0x9c C:\Users\rodri\Documents\LPCXpresso_8.2.2_650\embedded_LPCXpresso\workspace\Lib_MCU\Debug\libLib_MCU.a(lpc17xx_adc.o)
                0x00000dd0                ADC_IntConfig
 .text.ADC_ChannelCmd
                0x00000e6c       0x60 C:\Users\rodri\Documents\LPCXpresso_8.2.2_650\embedded_LPCXpresso\workspace\Lib_MCU\Debug\libLib_MCU.a(lpc17xx_adc.o)
                0x00000e6c                ADC_ChannelCmd
 .text.CLKPWR_SetPCLKDiv
                0x00000ecc       0x8c C:\Users\rodri\Documents\LPCXpresso_8.2.2_650\embedded_LPCXpresso\workspace\Lib_MCU\Debug\libLib_MCU.a(lpc17xx_clkpwr.o)
                0x00000ecc                CLKPWR_SetPCLKDiv
 .text.CLKPWR_GetPCLKSEL
                0x00000f58       0x48 C:\Users\rodri\Documents\LPCXpresso_8.2.2_650\embedded_LPCXpresso\workspace\Lib_MCU\Debug\libLib_MCU.a(lpc17xx_clkpwr.o)
                0x00000f58                CLKPWR_GetPCLKSEL
 .text.CLKPWR_GetPCLK
                0x00000fa0       0x64 C:\Users\rodri\Documents\LPCXpresso_8.2.2_650\embedded_LPCXpresso\workspace\Lib_MCU\Debug\libLib_MCU.a(lpc17xx_clkpwr.o)
                0x00000fa0                CLKPWR_GetPCLK
 .text.CLKPWR_ConfigPPWR
                0x00001004       0x58 C:\Users\rodri\Documents\LPCXpresso_8.2.2_650\embedded_LPCXpresso\workspace\Lib_MCU\Debug\libLib_MCU.a(lpc17xx_clkpwr.o)
                0x00001004                CLKPWR_ConfigPPWR
 .text.GPIO_GetPointer
                0x0000105c       0x70 C:\Users\rodri\Documents\LPCXpresso_8.2.2_650\embedded_LPCXpresso\workspace\Lib_MCU\Debug\libLib_MCU.a(lpc17xx_gpio.o)
 .text.GPIO_SetDir
                0x000010cc       0x4c C:\Users\rodri\Documents\LPCXpresso_8.2.2_650\embedded_LPCXpresso\workspace\Lib_MCU\Debug\libLib_MCU.a(lpc17xx_gpio.o)
                0x000010cc                GPIO_SetDir
 .text.GPIO_SetValue
                0x00001118       0x2c C:\Users\rodri\Documents\LPCXpresso_8.2.2_650\embedded_LPCXpresso\workspace\Lib_MCU\Debug\libLib_MCU.a(lpc17xx_gpio.o)
                0x00001118                GPIO_SetValue
 .text.GPIO_ClearValue
                0x00001144       0x2c C:\Users\rodri\Documents\LPCXpresso_8.2.2_650\embedded_LPCXpresso\workspace\Lib_MCU\Debug\libLib_MCU.a(lpc17xx_gpio.o)
                0x00001144                GPIO_ClearValue
 .text.GPIO_ReadValue
                0x00001170       0x2c C:\Users\rodri\Documents\LPCXpresso_8.2.2_650\embedded_LPCXpresso\workspace\Lib_MCU\Debug\libLib_MCU.a(lpc17xx_gpio.o)
                0x00001170                GPIO_ReadValue
 .text.I2C_SetClock
                0x0000119c       0xa4 C:\Users\rodri\Documents\LPCXpresso_8.2.2_650\embedded_LPCXpresso\workspace\Lib_MCU\Debug\libLib_MCU.a(lpc17xx_i2c.o)
                0x0000119c                I2C_SetClock
 .text.I2C_Init
                0x00001240       0xa4 C:\Users\rodri\Documents\LPCXpresso_8.2.2_650\embedded_LPCXpresso\workspace\Lib_MCU\Debug\libLib_MCU.a(lpc17xx_i2c.o)
                0x00001240                I2C_Init
 .text.I2C_Cmd  0x000012e4       0x70 C:\Users\rodri\Documents\LPCXpresso_8.2.2_650\embedded_LPCXpresso\workspace\Lib_MCU\Debug\libLib_MCU.a(lpc17xx_i2c.o)
                0x000012e4                I2C_Cmd
 .text.PINSEL_SetPinFunc
                0x00001354       0x84 C:\Users\rodri\Documents\LPCXpresso_8.2.2_650\embedded_LPCXpresso\workspace\Lib_MCU\Debug\libLib_MCU.a(lpc17xx_pinsel.o)
                0x00001354                PINSEL_SetPinFunc
 .text.PINSEL_SetResistorMode
                0x000013d8       0x84 C:\Users\rodri\Documents\LPCXpresso_8.2.2_650\embedded_LPCXpresso\workspace\Lib_MCU\Debug\libLib_MCU.a(lpc17xx_pinsel.o)
                0x000013d8                PINSEL_SetResistorMode
 .text.PINSEL_SetOpenDrainMode
                0x0000145c       0x6c C:\Users\rodri\Documents\LPCXpresso_8.2.2_650\embedded_LPCXpresso\workspace\Lib_MCU\Debug\libLib_MCU.a(lpc17xx_pinsel.o)
                0x0000145c                PINSEL_SetOpenDrainMode
 .text.PINSEL_ConfigPin
                0x000014c8       0x48 C:\Users\rodri\Documents\LPCXpresso_8.2.2_650\embedded_LPCXpresso\workspace\Lib_MCU\Debug\libLib_MCU.a(lpc17xx_pinsel.o)
                0x000014c8                PINSEL_ConfigPin
 .text.SSP_getNum
                0x00001510       0x38 C:\Users\rodri\Documents\LPCXpresso_8.2.2_650\embedded_LPCXpresso\workspace\Lib_MCU\Debug\libLib_MCU.a(lpc17xx_ssp.o)
 .text.SSP_IntHandler
                0x00001548      0x2cc C:\Users\rodri\Documents\LPCXpresso_8.2.2_650\embedded_LPCXpresso\workspace\Lib_MCU\Debug\libLib_MCU.a(lpc17xx_ssp.o)
                0x00001548                SSP_IntHandler
 .text.SSP_SetClock
                0x00001814       0xc4 C:\Users\rodri\Documents\LPCXpresso_8.2.2_650\embedded_LPCXpresso\workspace\Lib_MCU\Debug\libLib_MCU.a(lpc17xx_ssp.o)
                0x00001814                SSP_SetClock
 .text.SSP_Init
                0x000018d8       0xd8 C:\Users\rodri\Documents\LPCXpresso_8.2.2_650\embedded_LPCXpresso\workspace\Lib_MCU\Debug\libLib_MCU.a(lpc17xx_ssp.o)
                0x000018d8                SSP_Init
 .text.SSP_ConfigStructInit
                0x000019b0       0x3c C:\Users\rodri\Documents\LPCXpresso_8.2.2_650\embedded_LPCXpresso\workspace\Lib_MCU\Debug\libLib_MCU.a(lpc17xx_ssp.o)
                0x000019b0                SSP_ConfigStructInit
 .text.SSP_Cmd  0x000019ec       0x70 C:\Users\rodri\Documents\LPCXpresso_8.2.2_650\embedded_LPCXpresso\workspace\Lib_MCU\Debug\libLib_MCU.a(lpc17xx_ssp.o)
                0x000019ec                SSP_Cmd
 .text.SSP_SendData
                0x00001a5c       0x40 C:\Users\rodri\Documents\LPCXpresso_8.2.2_650\embedded_LPCXpresso\workspace\Lib_MCU\Debug\libLib_MCU.a(lpc17xx_ssp.o)
                0x00001a5c                SSP_SendData
 .text.SSP_ReceiveData
                0x00001a9c       0x3c C:\Users\rodri\Documents\LPCXpresso_8.2.2_650\embedded_LPCXpresso\workspace\Lib_MCU\Debug\libLib_MCU.a(lpc17xx_ssp.o)
                0x00001a9c                SSP_ReceiveData
 .text.SSP_ReadWrite
                0x00001ad8      0x3c0 C:\Users\rodri\Documents\LPCXpresso_8.2.2_650\embedded_LPCXpresso\workspace\Lib_MCU\Debug\libLib_MCU.a(lpc17xx_ssp.o)
                0x00001ad8                SSP_ReadWrite
 .text.TIM_GetPClock
                0x00001e98       0x58 C:\Users\rodri\Documents\LPCXpresso_8.2.2_650\embedded_LPCXpresso\workspace\Lib_MCU\Debug\libLib_MCU.a(lpc17xx_timer.o)
                0x00001e98                TIM_GetPClock
 .text.TIM_ConverUSecToVal
                0x00001ef0       0x58 C:\Users\rodri\Documents\LPCXpresso_8.2.2_650\embedded_LPCXpresso\workspace\Lib_MCU\Debug\libLib_MCU.a(lpc17xx_timer.o)
                0x00001ef0                TIM_ConverUSecToVal
 .text.TIM_ConverPtrToTimeNum
                0x00001f48       0x5c C:\Users\rodri\Documents\LPCXpresso_8.2.2_650\embedded_LPCXpresso\workspace\Lib_MCU\Debug\libLib_MCU.a(lpc17xx_timer.o)
                0x00001f48                TIM_ConverPtrToTimeNum
 .text.TIM_GetIntStatus
                0x00001fa4       0x98 C:\Users\rodri\Documents\LPCXpresso_8.2.2_650\embedded_LPCXpresso\workspace\Lib_MCU\Debug\libLib_MCU.a(lpc17xx_timer.o)
                0x00001fa4                TIM_GetIntStatus
 .text.TIM_ClearIntPending
                0x0000203c       0x8c C:\Users\rodri\Documents\LPCXpresso_8.2.2_650\embedded_LPCXpresso\workspace\Lib_MCU\Debug\libLib_MCU.a(lpc17xx_timer.o)
                0x0000203c                TIM_ClearIntPending
 .text.TIM_Init
                0x000020c8      0x170 C:\Users\rodri\Documents\LPCXpresso_8.2.2_650\embedded_LPCXpresso\workspace\Lib_MCU\Debug\libLib_MCU.a(lpc17xx_timer.o)
                0x000020c8                TIM_Init
 .text.TIM_Cmd  0x00002238       0x70 C:\Users\rodri\Documents\LPCXpresso_8.2.2_650\embedded_LPCXpresso\workspace\Lib_MCU\Debug\libLib_MCU.a(lpc17xx_timer.o)
                0x00002238                TIM_Cmd
 .text.TIM_ConfigMatch
                0x000022a8      0x15c C:\Users\rodri\Documents\LPCXpresso_8.2.2_650\embedded_LPCXpresso\workspace\Lib_MCU\Debug\libLib_MCU.a(lpc17xx_timer.o)
                0x000022a8                TIM_ConfigMatch
 .text.Timer0_Wait
                0x00002404       0x78 C:\Users\rodri\Documents\LPCXpresso_8.2.2_650\embedded_LPCXpresso\workspace\Lib_MCU\Debug\libLib_MCU.a(lpc17xx_timer.o)
                0x00002404                Timer0_Wait
 .text          0x0000247c       0x30 c:/nxp/lpcxpresso_8.2.2_650/lpcxpresso/tools/bin/../lib/gcc/arm-none-eabi/5.4.1/armv7-m\libgcc.a(_aeabi_uldivmod.o)
                0x0000247c                __aeabi_uldivmod
 .text          0x000024ac      0x2ec c:/nxp/lpcxpresso_8.2.2_650/lpcxpresso/tools/bin/../lib/gcc/arm-none-eabi/5.4.1/armv7-m\libgcc.a(_udivmoddi4.o)
                0x000024ac                __udivmoddi4
 .text          0x00002798        0x4 c:/nxp/lpcxpresso_8.2.2_650/lpcxpresso/tools/bin/../lib/gcc/arm-none-eabi/5.4.1/armv7-m\libgcc.a(_dvmd_tls.o)
                0x00002798                __aeabi_idiv0
                0x00002798                __aeabi_ldiv0
 .text.memset   0x0000279c       0x9c c:/nxp/lpcxpresso_8.2.2_650/lpcxpresso/tools/bin/../lib/gcc/arm-none-eabi/5.4.1/../../../../arm-none-eabi/lib/armv7-m\libc.a(lib_a-memset.o)
                0x0000279c                memset
 *(.rodata .rodata.* .constdata .constdata.*)
 .rodata        0x00002838       0x31 ./src/main.o
 *fill*         0x00002869        0x3 ff
 .rodata        0x0000286c        0x8 C:\Users\rodri\Documents\LPCXpresso_8.2.2_650\embedded_LPCXpresso\workspace\Lib_EaBaseBoard\Debug\libLib_EaBaseBoard.a(oled.o)
 .rodata        0x00002874      0x300 C:\Users\rodri\Documents\LPCXpresso_8.2.2_650\embedded_LPCXpresso\workspace\Lib_EaBaseBoard\Debug\libLib_EaBaseBoard.a(font5x7.o)
                0x00002874                font5x7
 .rodata        0x00002b74       0x15 C:\Users\rodri\Documents\LPCXpresso_8.2.2_650\embedded_LPCXpresso\workspace\Lib_MCU\Debug\libLib_MCU.a(lpc17xx_adc.o)
 *fill*         0x00002b89        0x3 ff
 .rodata        0x00002b8c       0x15 C:\Users\rodri\Documents\LPCXpresso_8.2.2_650\embedded_LPCXpresso\workspace\Lib_MCU\Debug\libLib_MCU.a(lpc17xx_i2c.o)
 *fill*         0x00002ba1        0x3 ff
 .rodata        0x00002ba4       0x15 C:\Users\rodri\Documents\LPCXpresso_8.2.2_650\embedded_LPCXpresso\workspace\Lib_MCU\Debug\libLib_MCU.a(lpc17xx_ssp.o)
 *fill*         0x00002bb9        0x3 ff
 .rodata        0x00002bbc       0x17 C:\Users\rodri\Documents\LPCXpresso_8.2.2_650\embedded_LPCXpresso\workspace\Lib_MCU\Debug\libLib_MCU.a(lpc17xx_timer.o)
                0x00002bd4                . = ALIGN (0x4)
 *fill*         0x00002bd3        0x1 ff

.glue_7         0x00002bd4        0x0
 .glue_7        0x00002bd4        0x0 linker stubs

.glue_7t        0x00002bd4        0x0
 .glue_7t       0x00002bd4        0x0 linker stubs

.vfp11_veneer   0x00002bd4        0x0
 .vfp11_veneer  0x00002bd4        0x0 linker stubs

.v4_bx          0x00002bd4        0x0
 .v4_bx         0x00002bd4        0x0 linker stubs

.iplt           0x00002bd4        0x0
 .iplt          0x00002bd4        0x0 ./src/cr_startup_lpc17.o

.ARM.extab
 *(.ARM.extab* .gnu.linkonce.armextab.*)
                0x00002bd4                __exidx_start = .

.ARM.exidx      0x00002bd4        0x8
 *(.ARM.exidx* .gnu.linkonce.armexidx.*)
 .ARM.exidx     0x00002bd4        0x8 c:/nxp/lpcxpresso_8.2.2_650/lpcxpresso/tools/bin/../lib/gcc/arm-none-eabi/5.4.1/armv7-m\libgcc.a(_udivmoddi4.o)
                0x00002bdc                __exidx_end = .
                0x00002bdc                _etext = .

.rel.dyn        0x00002bdc        0x0
 .rel.iplt      0x00002bdc        0x0 ./src/cr_startup_lpc17.o

.data_RAM2      0x2007c000        0x0 load address 0x00002bdc
 FILL mask 0xff
                [!provide]                PROVIDE (__start_data_RAM2, .)
 *(.ramfunc.$RAM2)
 *(.ramfunc.$RamAHB32)
 *(.data.$RAM2*)
 *(.data.$RamAHB32*)
                0x2007c000                . = ALIGN (0x4)
                [!provide]                PROVIDE (__end_data_RAM2, .)

.uninit_RESERVED
                0x10000000        0x0
 *(.bss.$RESERVED*)
                0x10000000                . = ALIGN (0x4)
                0x10000000                _end_uninit_RESERVED = .

.data           0x10000000        0x8 load address 0x00002bdc
 FILL mask 0xff
                0x10000000                _data = .
 *(vtable)
 *(.ramfunc*)
 *(.data*)
 .data          0x10000000        0x4 ./src/main.o
 .data.SystemCoreClock
                0x10000004        0x4 C:\Users\rodri\Documents\LPCXpresso_8.2.2_650\embedded_LPCXpresso\workspace\CMSISv2p00_LPC17xx\Debug\libCMSISv2p00_LPC17xx.a(system_LPC17xx.o)
                0x10000004                SystemCoreClock
                0x10000008                . = ALIGN (0x4)
                0x10000008                _edata = .

.igot.plt       0x10000008        0x0 load address 0x00002be4
 .igot.plt      0x10000008        0x0 ./src/cr_startup_lpc17.o

.bss_RAM2       0x2007c000        0x0
                [!provide]                PROVIDE (__start_bss_RAM2, .)
 *(.bss.$RAM2*)
 *(.bss.$RamAHB32*)
                0x2007c000                . = ALIGN ((. != 0x0)?0x4:0x1)
                [!provide]                PROVIDE (__end_bss_RAM2, .)

.bss            0x10000008      0x32c
                0x10000008                _bss = .
 *(.bss*)
 .bss           0x10000008        0xe ./src/main.o
 *fill*         0x10000016        0x2 
 .bss           0x10000018      0x300 C:\Users\rodri\Documents\LPCXpresso_8.2.2_650\embedded_LPCXpresso\workspace\Lib_EaBaseBoard\Debug\libLib_EaBaseBoard.a(oled.o)
 .bss           0x10000318        0x4 C:\Users\rodri\Documents\LPCXpresso_8.2.2_650\embedded_LPCXpresso\workspace\Lib_EaBaseBoard\Debug\libLib_EaBaseBoard.a(temp.o)
 .bss           0x1000031c       0x18 C:\Users\rodri\Documents\LPCXpresso_8.2.2_650\embedded_LPCXpresso\workspace\Lib_MCU\Debug\libLib_MCU.a(lpc17xx_ssp.o)
 *(COMMON)
                0x10000334                . = ALIGN (0x4)
                0x10000334                _ebss = .
                [!provide]                PROVIDE (end, .)

.noinit_RAM2    0x2007c000        0x0
 *(.noinit.$RAM2*)
 *(.noinit.$RamAHB32*)
                0x2007c000                . = ALIGN (0x4)

.noinit         0x10000334        0x0
                0x10000334                _noinit = .
 *(.noinit*)
                0x10000334                . = ALIGN (0x4)
                0x10000334                _end_noinit = .
                [!provide]                PROVIDE (_pvHeapStart, DEFINED (__user_heap_base)?__user_heap_base:.)
                0x10008000                PROVIDE (_vStackTop, DEFINED (__user_stack_top)?__user_stack_top:(__top_RamLoc32 - 0x0))
                [!provide]                PROVIDE (__valid_user_code_checksum, (0x0 - ((((((_vStackTop + (ResetISR + 0x1)) + (NMI_Handler + 0x1)) + (HardFault_Handler + 0x1)) + (DEFINED (MemManage_Handler)?MemManage_Handler:0x0 + 0x1)) + (DEFINED (BusFault_Handler)?BusFault_Handler:0x0 + 0x1)) + (DEFINED (UsageFault_Handler)?UsageFault_Handler:0x0 + 0x1))))
OUTPUT(oled_periph.axf elf32-littlearm)

.debug_info     0x00000000     0x51a7
 .debug_info    0x00000000      0x1b6 ./src/cr_startup_lpc17.o
 .debug_info    0x000001b6      0xa61 ./src/main.o
 .debug_info    0x00000c17      0x318 C:\Users\rodri\Documents\LPCXpresso_8.2.2_650\embedded_LPCXpresso\workspace\CMSISv2p00_LPC17xx\Debug\libCMSISv2p00_LPC17xx.a(system_LPC17xx.o)
 .debug_info    0x00000f2f      0x920 C:\Users\rodri\Documents\LPCXpresso_8.2.2_650\embedded_LPCXpresso\workspace\Lib_EaBaseBoard\Debug\libLib_EaBaseBoard.a(oled.o)
 .debug_info    0x0000184f      0x13e C:\Users\rodri\Documents\LPCXpresso_8.2.2_650\embedded_LPCXpresso\workspace\Lib_EaBaseBoard\Debug\libLib_EaBaseBoard.a(temp.o)
 .debug_info    0x0000198d       0x61 C:\Users\rodri\Documents\LPCXpresso_8.2.2_650\embedded_LPCXpresso\workspace\Lib_EaBaseBoard\Debug\libLib_EaBaseBoard.a(font5x7.o)
 .debug_info    0x000019ee      0x5e5 C:\Users\rodri\Documents\LPCXpresso_8.2.2_650\embedded_LPCXpresso\workspace\Lib_MCU\Debug\libLib_MCU.a(lpc17xx_adc.o)
 .debug_info    0x00001fd3      0x638 C:\Users\rodri\Documents\LPCXpresso_8.2.2_650\embedded_LPCXpresso\workspace\Lib_MCU\Debug\libLib_MCU.a(lpc17xx_clkpwr.o)
 .debug_info    0x0000260b      0xad4 C:\Users\rodri\Documents\LPCXpresso_8.2.2_650\embedded_LPCXpresso\workspace\Lib_MCU\Debug\libLib_MCU.a(lpc17xx_gpio.o)
 .debug_info    0x000030df      0xc14 C:\Users\rodri\Documents\LPCXpresso_8.2.2_650\embedded_LPCXpresso\workspace\Lib_MCU\Debug\libLib_MCU.a(lpc17xx_i2c.o)
 .debug_info    0x00003cf3      0x459 C:\Users\rodri\Documents\LPCXpresso_8.2.2_650\embedded_LPCXpresso\workspace\Lib_MCU\Debug\libLib_MCU.a(lpc17xx_pinsel.o)
 .debug_info    0x0000414c      0x7e1 C:\Users\rodri\Documents\LPCXpresso_8.2.2_650\embedded_LPCXpresso\workspace\Lib_MCU\Debug\libLib_MCU.a(lpc17xx_ssp.o)
 .debug_info    0x0000492d      0x87a C:\Users\rodri\Documents\LPCXpresso_8.2.2_650\embedded_LPCXpresso\workspace\Lib_MCU\Debug\libLib_MCU.a(lpc17xx_timer.o)

.debug_abbrev   0x00000000     0x135a
 .debug_abbrev  0x00000000       0xb9 ./src/cr_startup_lpc17.o
 .debug_abbrev  0x000000b9      0x252 ./src/main.o
 .debug_abbrev  0x0000030b       0xe6 C:\Users\rodri\Documents\LPCXpresso_8.2.2_650\embedded_LPCXpresso\workspace\CMSISv2p00_LPC17xx\Debug\libCMSISv2p00_LPC17xx.a(system_LPC17xx.o)
 .debug_abbrev  0x000003f1      0x201 C:\Users\rodri\Documents\LPCXpresso_8.2.2_650\embedded_LPCXpresso\workspace\Lib_EaBaseBoard\Debug\libLib_EaBaseBoard.a(oled.o)
 .debug_abbrev  0x000005f2       0xc7 C:\Users\rodri\Documents\LPCXpresso_8.2.2_650\embedded_LPCXpresso\workspace\Lib_EaBaseBoard\Debug\libLib_EaBaseBoard.a(temp.o)
 .debug_abbrev  0x000006b9       0x48 C:\Users\rodri\Documents\LPCXpresso_8.2.2_650\embedded_LPCXpresso\workspace\Lib_EaBaseBoard\Debug\libLib_EaBaseBoard.a(font5x7.o)
 .debug_abbrev  0x00000701      0x165 C:\Users\rodri\Documents\LPCXpresso_8.2.2_650\embedded_LPCXpresso\workspace\Lib_MCU\Debug\libLib_MCU.a(lpc17xx_adc.o)
 .debug_abbrev  0x00000866      0x1cc C:\Users\rodri\Documents\LPCXpresso_8.2.2_650\embedded_LPCXpresso\workspace\Lib_MCU\Debug\libLib_MCU.a(lpc17xx_clkpwr.o)
 .debug_abbrev  0x00000a32      0x193 C:\Users\rodri\Documents\LPCXpresso_8.2.2_650\embedded_LPCXpresso\workspace\Lib_MCU\Debug\libLib_MCU.a(lpc17xx_gpio.o)
 .debug_abbrev  0x00000bc5      0x28b C:\Users\rodri\Documents\LPCXpresso_8.2.2_650\embedded_LPCXpresso\workspace\Lib_MCU\Debug\libLib_MCU.a(lpc17xx_i2c.o)
 .debug_abbrev  0x00000e50      0x12b C:\Users\rodri\Documents\LPCXpresso_8.2.2_650\embedded_LPCXpresso\workspace\Lib_MCU\Debug\libLib_MCU.a(lpc17xx_pinsel.o)
 .debug_abbrev  0x00000f7b      0x1fd C:\Users\rodri\Documents\LPCXpresso_8.2.2_650\embedded_LPCXpresso\workspace\Lib_MCU\Debug\libLib_MCU.a(lpc17xx_ssp.o)
 .debug_abbrev  0x00001178      0x1e2 C:\Users\rodri\Documents\LPCXpresso_8.2.2_650\embedded_LPCXpresso\workspace\Lib_MCU\Debug\libLib_MCU.a(lpc17xx_timer.o)

.debug_aranges  0x00000000      0x5e0
 .debug_aranges
                0x00000000       0x70 ./src/cr_startup_lpc17.o
 .debug_aranges
                0x00000070       0x68 ./src/main.o
 .debug_aranges
                0x000000d8       0x28 C:\Users\rodri\Documents\LPCXpresso_8.2.2_650\embedded_LPCXpresso\workspace\CMSISv2p00_LPC17xx\Debug\libCMSISv2p00_LPC17xx.a(system_LPC17xx.o)
 .debug_aranges
                0x00000100       0x90 C:\Users\rodri\Documents\LPCXpresso_8.2.2_650\embedded_LPCXpresso\workspace\Lib_EaBaseBoard\Debug\libLib_EaBaseBoard.a(oled.o)
 .debug_aranges
                0x00000190       0x28 C:\Users\rodri\Documents\LPCXpresso_8.2.2_650\embedded_LPCXpresso\workspace\Lib_EaBaseBoard\Debug\libLib_EaBaseBoard.a(temp.o)
 .debug_aranges
                0x000001b8       0x18 C:\Users\rodri\Documents\LPCXpresso_8.2.2_650\embedded_LPCXpresso\workspace\Lib_EaBaseBoard\Debug\libLib_EaBaseBoard.a(font5x7.o)
 .debug_aranges
                0x000001d0       0x80 C:\Users\rodri\Documents\LPCXpresso_8.2.2_650\embedded_LPCXpresso\workspace\Lib_MCU\Debug\libLib_MCU.a(lpc17xx_adc.o)
 .debug_aranges
                0x00000250       0x58 C:\Users\rodri\Documents\LPCXpresso_8.2.2_650\embedded_LPCXpresso\workspace\Lib_MCU\Debug\libLib_MCU.a(lpc17xx_clkpwr.o)
 .debug_aranges
                0x000002a8       0xc8 C:\Users\rodri\Documents\LPCXpresso_8.2.2_650\embedded_LPCXpresso\workspace\Lib_MCU\Debug\libLib_MCU.a(lpc17xx_gpio.o)
 .debug_aranges
                0x00000370       0xd0 C:\Users\rodri\Documents\LPCXpresso_8.2.2_650\embedded_LPCXpresso\workspace\Lib_MCU\Debug\libLib_MCU.a(lpc17xx_i2c.o)
 .debug_aranges
                0x00000440       0x48 C:\Users\rodri\Documents\LPCXpresso_8.2.2_650\embedded_LPCXpresso\workspace\Lib_MCU\Debug\libLib_MCU.a(lpc17xx_pinsel.o)
 .debug_aranges
                0x00000488       0xb8 C:\Users\rodri\Documents\LPCXpresso_8.2.2_650\embedded_LPCXpresso\workspace\Lib_MCU\Debug\libLib_MCU.a(lpc17xx_ssp.o)
 .debug_aranges
                0x00000540       0xa0 C:\Users\rodri\Documents\LPCXpresso_8.2.2_650\embedded_LPCXpresso\workspace\Lib_MCU\Debug\libLib_MCU.a(lpc17xx_timer.o)

.debug_ranges   0x00000000      0x508
 .debug_ranges  0x00000000       0x60 ./src/cr_startup_lpc17.o
 .debug_ranges  0x00000060       0x58 ./src/main.o
 .debug_ranges  0x000000b8       0x18 C:\Users\rodri\Documents\LPCXpresso_8.2.2_650\embedded_LPCXpresso\workspace\CMSISv2p00_LPC17xx\Debug\libCMSISv2p00_LPC17xx.a(system_LPC17xx.o)
 .debug_ranges  0x000000d0       0x80 C:\Users\rodri\Documents\LPCXpresso_8.2.2_650\embedded_LPCXpresso\workspace\Lib_EaBaseBoard\Debug\libLib_EaBaseBoard.a(oled.o)
 .debug_ranges  0x00000150       0x18 C:\Users\rodri\Documents\LPCXpresso_8.2.2_650\embedded_LPCXpresso\workspace\Lib_EaBaseBoard\Debug\libLib_EaBaseBoard.a(temp.o)
 .debug_ranges  0x00000168       0x70 C:\Users\rodri\Documents\LPCXpresso_8.2.2_650\embedded_LPCXpresso\workspace\Lib_MCU\Debug\libLib_MCU.a(lpc17xx_adc.o)
 .debug_ranges  0x000001d8       0x48 C:\Users\rodri\Documents\LPCXpresso_8.2.2_650\embedded_LPCXpresso\workspace\Lib_MCU\Debug\libLib_MCU.a(lpc17xx_clkpwr.o)
 .debug_ranges  0x00000220       0xb8 C:\Users\rodri\Documents\LPCXpresso_8.2.2_650\embedded_LPCXpresso\workspace\Lib_MCU\Debug\libLib_MCU.a(lpc17xx_gpio.o)
 .debug_ranges  0x000002d8       0xc0 C:\Users\rodri\Documents\LPCXpresso_8.2.2_650\embedded_LPCXpresso\workspace\Lib_MCU\Debug\libLib_MCU.a(lpc17xx_i2c.o)
 .debug_ranges  0x00000398       0x38 C:\Users\rodri\Documents\LPCXpresso_8.2.2_650\embedded_LPCXpresso\workspace\Lib_MCU\Debug\libLib_MCU.a(lpc17xx_pinsel.o)
 .debug_ranges  0x000003d0       0xa8 C:\Users\rodri\Documents\LPCXpresso_8.2.2_650\embedded_LPCXpresso\workspace\Lib_MCU\Debug\libLib_MCU.a(lpc17xx_ssp.o)
 .debug_ranges  0x00000478       0x90 C:\Users\rodri\Documents\LPCXpresso_8.2.2_650\embedded_LPCXpresso\workspace\Lib_MCU\Debug\libLib_MCU.a(lpc17xx_timer.o)

.debug_macro    0x00000000     0x557e
 .debug_macro   0x00000000       0x79 ./src/cr_startup_lpc17.o
 .debug_macro   0x00000079      0x886 ./src/cr_startup_lpc17.o
 .debug_macro   0x000008ff       0x22 ./src/cr_startup_lpc17.o
 .debug_macro   0x00000921       0x87 ./src/cr_startup_lpc17.o
 .debug_macro   0x000009a8       0x44 ./src/cr_startup_lpc17.o
 .debug_macro   0x000009ec       0xfd ./src/cr_startup_lpc17.o
 .debug_macro   0x00000ae9       0x5e ./src/cr_startup_lpc17.o
 .debug_macro   0x00000b47      0x1df ./src/cr_startup_lpc17.o
 .debug_macro   0x00000d26       0xf4 ./src/main.o
 .debug_macro   0x00000e1a       0x1c ./src/main.o
 .debug_macro   0x00000e36       0x2e ./src/main.o
 .debug_macro   0x00000e64       0x18 ./src/main.o
 .debug_macro   0x00000e7c      0x7af ./src/main.o
 .debug_macro   0x0000162b      0x2c7 ./src/main.o
 .debug_macro   0x000018f2       0x63 ./src/main.o
 .debug_macro   0x00001955      0x143 ./src/main.o
 .debug_macro   0x00001a98      0x192 ./src/main.o
 .debug_macro   0x00001c2a       0x46 ./src/main.o
 .debug_macro   0x00001c70      0x2af ./src/main.o
 .debug_macro   0x00001f1f       0xf4 ./src/main.o
 .debug_macro   0x00002013       0xe9 ./src/main.o
 .debug_macro   0x000020fc       0x16 ./src/main.o
 .debug_macro   0x00002112      0x12b C:\Users\rodri\Documents\LPCXpresso_8.2.2_650\embedded_LPCXpresso\workspace\CMSISv2p00_LPC17xx\Debug\libCMSISv2p00_LPC17xx.a(system_LPC17xx.o)
 .debug_macro   0x0000223d      0x886 C:\Users\rodri\Documents\LPCXpresso_8.2.2_650\embedded_LPCXpresso\workspace\CMSISv2p00_LPC17xx\Debug\libCMSISv2p00_LPC17xx.a(system_LPC17xx.o)
 .debug_macro   0x00002ac3       0x10 C:\Users\rodri\Documents\LPCXpresso_8.2.2_650\embedded_LPCXpresso\workspace\CMSISv2p00_LPC17xx\Debug\libCMSISv2p00_LPC17xx.a(system_LPC17xx.o)
 .debug_macro   0x00002ad3      0x12d C:\Users\rodri\Documents\LPCXpresso_8.2.2_650\embedded_LPCXpresso\workspace\CMSISv2p00_LPC17xx\Debug\libCMSISv2p00_LPC17xx.a(system_LPC17xx.o)
 .debug_macro   0x00002c00      0x5b2 C:\Users\rodri\Documents\LPCXpresso_8.2.2_650\embedded_LPCXpresso\workspace\CMSISv2p00_LPC17xx\Debug\libCMSISv2p00_LPC17xx.a(system_LPC17xx.o)
 .debug_macro   0x000031b2       0xf0 C:\Users\rodri\Documents\LPCXpresso_8.2.2_650\embedded_LPCXpresso\workspace\Lib_EaBaseBoard\Debug\libLib_EaBaseBoard.a(oled.o)
 .debug_macro   0x000032a2      0x880 C:\Users\rodri\Documents\LPCXpresso_8.2.2_650\embedded_LPCXpresso\workspace\Lib_EaBaseBoard\Debug\libLib_EaBaseBoard.a(oled.o)
 .debug_macro   0x00003b22       0x5d C:\Users\rodri\Documents\LPCXpresso_8.2.2_650\embedded_LPCXpresso\workspace\Lib_EaBaseBoard\Debug\libLib_EaBaseBoard.a(oled.o)
 .debug_macro   0x00003b7f       0x40 C:\Users\rodri\Documents\LPCXpresso_8.2.2_650\embedded_LPCXpresso\workspace\Lib_EaBaseBoard\Debug\libLib_EaBaseBoard.a(oled.o)
 .debug_macro   0x00003bbf       0xc1 C:\Users\rodri\Documents\LPCXpresso_8.2.2_650\embedded_LPCXpresso\workspace\Lib_EaBaseBoard\Debug\libLib_EaBaseBoard.a(temp.o)
 .debug_macro   0x00003c80       0x1a C:\Users\rodri\Documents\LPCXpresso_8.2.2_650\embedded_LPCXpresso\workspace\Lib_EaBaseBoard\Debug\libLib_EaBaseBoard.a(font5x7.o)
 .debug_macro   0x00003c9a      0x696 C:\Users\rodri\Documents\LPCXpresso_8.2.2_650\embedded_LPCXpresso\workspace\Lib_EaBaseBoard\Debug\libLib_EaBaseBoard.a(font5x7.o)
 .debug_macro   0x00004330       0x9f C:\Users\rodri\Documents\LPCXpresso_8.2.2_650\embedded_LPCXpresso\workspace\Lib_MCU\Debug\libLib_MCU.a(lpc17xx_adc.o)
 .debug_macro   0x000043cf       0xee C:\Users\rodri\Documents\LPCXpresso_8.2.2_650\embedded_LPCXpresso\workspace\Lib_MCU\Debug\libLib_MCU.a(lpc17xx_adc.o)
 .debug_macro   0x000044bd      0x2fe C:\Users\rodri\Documents\LPCXpresso_8.2.2_650\embedded_LPCXpresso\workspace\Lib_MCU\Debug\libLib_MCU.a(lpc17xx_adc.o)
 .debug_macro   0x000047bb       0xcb C:\Users\rodri\Documents\LPCXpresso_8.2.2_650\embedded_LPCXpresso\workspace\Lib_MCU\Debug\libLib_MCU.a(lpc17xx_adc.o)
 .debug_macro   0x00004886       0x8d C:\Users\rodri\Documents\LPCXpresso_8.2.2_650\embedded_LPCXpresso\workspace\Lib_MCU\Debug\libLib_MCU.a(lpc17xx_clkpwr.o)
 .debug_macro   0x00004913      0x2f8 C:\Users\rodri\Documents\LPCXpresso_8.2.2_650\embedded_LPCXpresso\workspace\Lib_MCU\Debug\libLib_MCU.a(lpc17xx_clkpwr.o)
 .debug_macro   0x00004c0b       0x96 C:\Users\rodri\Documents\LPCXpresso_8.2.2_650\embedded_LPCXpresso\workspace\Lib_MCU\Debug\libLib_MCU.a(lpc17xx_gpio.o)
 .debug_macro   0x00004ca1       0xa8 C:\Users\rodri\Documents\LPCXpresso_8.2.2_650\embedded_LPCXpresso\workspace\Lib_MCU\Debug\libLib_MCU.a(lpc17xx_i2c.o)
 .debug_macro   0x00004d49      0x18c C:\Users\rodri\Documents\LPCXpresso_8.2.2_650\embedded_LPCXpresso\workspace\Lib_MCU\Debug\libLib_MCU.a(lpc17xx_i2c.o)
 .debug_macro   0x00004ed5      0x149 C:\Users\rodri\Documents\LPCXpresso_8.2.2_650\embedded_LPCXpresso\workspace\Lib_MCU\Debug\libLib_MCU.a(lpc17xx_i2c.o)
 .debug_macro   0x0000501e       0x8d C:\Users\rodri\Documents\LPCXpresso_8.2.2_650\embedded_LPCXpresso\workspace\Lib_MCU\Debug\libLib_MCU.a(lpc17xx_pinsel.o)
 .debug_macro   0x000050ab       0x9f C:\Users\rodri\Documents\LPCXpresso_8.2.2_650\embedded_LPCXpresso\workspace\Lib_MCU\Debug\libLib_MCU.a(lpc17xx_ssp.o)
 .debug_macro   0x0000514a      0x2a9 C:\Users\rodri\Documents\LPCXpresso_8.2.2_650\embedded_LPCXpresso\workspace\Lib_MCU\Debug\libLib_MCU.a(lpc17xx_ssp.o)
 .debug_macro   0x000053f3       0xa8 C:\Users\rodri\Documents\LPCXpresso_8.2.2_650\embedded_LPCXpresso\workspace\Lib_MCU\Debug\libLib_MCU.a(lpc17xx_timer.o)
 .debug_macro   0x0000549b       0xe3 C:\Users\rodri\Documents\LPCXpresso_8.2.2_650\embedded_LPCXpresso\workspace\Lib_MCU\Debug\libLib_MCU.a(lpc17xx_timer.o)

.debug_line     0x00000000     0x3547
 .debug_line    0x00000000      0x338 ./src/cr_startup_lpc17.o
 .debug_line    0x00000338      0x51d ./src/main.o
 .debug_line    0x00000855      0x1d3 C:\Users\rodri\Documents\LPCXpresso_8.2.2_650\embedded_LPCXpresso\workspace\CMSISv2p00_LPC17xx\Debug\libCMSISv2p00_LPC17xx.a(system_LPC17xx.o)
 .debug_line    0x00000a28      0x5dc C:\Users\rodri\Documents\LPCXpresso_8.2.2_650\embedded_LPCXpresso\workspace\Lib_EaBaseBoard\Debug\libLib_EaBaseBoard.a(oled.o)
 .debug_line    0x00001004      0x2d6 C:\Users\rodri\Documents\LPCXpresso_8.2.2_650\embedded_LPCXpresso\workspace\Lib_EaBaseBoard\Debug\libLib_EaBaseBoard.a(temp.o)
 .debug_line    0x000012da       0xa1 C:\Users\rodri\Documents\LPCXpresso_8.2.2_650\embedded_LPCXpresso\workspace\Lib_EaBaseBoard\Debug\libLib_EaBaseBoard.a(font5x7.o)
 .debug_line    0x0000137b      0x444 C:\Users\rodri\Documents\LPCXpresso_8.2.2_650\embedded_LPCXpresso\workspace\Lib_MCU\Debug\libLib_MCU.a(lpc17xx_adc.o)
 .debug_line    0x000017bf      0x318 C:\Users\rodri\Documents\LPCXpresso_8.2.2_650\embedded_LPCXpresso\workspace\Lib_MCU\Debug\libLib_MCU.a(lpc17xx_clkpwr.o)
 .debug_line    0x00001ad7      0x456 C:\Users\rodri\Documents\LPCXpresso_8.2.2_650\embedded_LPCXpresso\workspace\Lib_MCU\Debug\libLib_MCU.a(lpc17xx_gpio.o)
 .debug_line    0x00001f2d      0x72b C:\Users\rodri\Documents\LPCXpresso_8.2.2_650\embedded_LPCXpresso\workspace\Lib_MCU\Debug\libLib_MCU.a(lpc17xx_i2c.o)
 .debug_line    0x00002658      0x2b0 C:\Users\rodri\Documents\LPCXpresso_8.2.2_650\embedded_LPCXpresso\workspace\Lib_MCU\Debug\libLib_MCU.a(lpc17xx_pinsel.o)
 .debug_line    0x00002908      0x65c C:\Users\rodri\Documents\LPCXpresso_8.2.2_650\embedded_LPCXpresso\workspace\Lib_MCU\Debug\libLib_MCU.a(lpc17xx_ssp.o)
 .debug_line    0x00002f64      0x5e3 C:\Users\rodri\Documents\LPCXpresso_8.2.2_650\embedded_LPCXpresso\workspace\Lib_MCU\Debug\libLib_MCU.a(lpc17xx_timer.o)

.debug_str      0x00000000    0x10005
 .debug_str     0x00000000     0x337f ./src/cr_startup_lpc17.o
                               0x34e0 (size before relaxing)
 .debug_str     0x0000337f     0x76d4 ./src/main.o
                               0xaab7 (size before relaxing)
 .debug_str     0x0000aa53     0x1c21 C:\Users\rodri\Documents\LPCXpresso_8.2.2_650\embedded_LPCXpresso\workspace\CMSISv2p00_LPC17xx\Debug\libCMSISv2p00_LPC17xx.a(system_LPC17xx.o)
                               0x815f (size before relaxing)
 .debug_str     0x0000c674      0x418 C:\Users\rodri\Documents\LPCXpresso_8.2.2_650\embedded_LPCXpresso\workspace\Lib_EaBaseBoard\Debug\libLib_EaBaseBoard.a(oled.o)
                               0x9d9f (size before relaxing)
 .debug_str     0x0000ca8c       0xee C:\Users\rodri\Documents\LPCXpresso_8.2.2_650\embedded_LPCXpresso\workspace\Lib_EaBaseBoard\Debug\libLib_EaBaseBoard.a(temp.o)
                               0x81d2 (size before relaxing)
 .debug_str     0x0000cb7a      0xe21 C:\Users\rodri\Documents\LPCXpresso_8.2.2_650\embedded_LPCXpresso\workspace\Lib_EaBaseBoard\Debug\libLib_EaBaseBoard.a(font5x7.o)
                               0x32e6 (size before relaxing)
 .debug_str     0x0000d99b     0x1669 C:\Users\rodri\Documents\LPCXpresso_8.2.2_650\embedded_LPCXpresso\workspace\Lib_MCU\Debug\libLib_MCU.a(lpc17xx_adc.o)
                               0x9ce5 (size before relaxing)
 .debug_str     0x0000f004       0xcb C:\Users\rodri\Documents\LPCXpresso_8.2.2_650\embedded_LPCXpresso\workspace\Lib_MCU\Debug\libLib_MCU.a(lpc17xx_clkpwr.o)
                               0x9330 (size before relaxing)
 .debug_str     0x0000f0cf      0x33e C:\Users\rodri\Documents\LPCXpresso_8.2.2_650\embedded_LPCXpresso\workspace\Lib_MCU\Debug\libLib_MCU.a(lpc17xx_gpio.o)
                               0x8576 (size before relaxing)
 .debug_str     0x0000f40d      0x3ac C:\Users\rodri\Documents\LPCXpresso_8.2.2_650\embedded_LPCXpresso\workspace\Lib_MCU\Debug\libLib_MCU.a(lpc17xx_i2c.o)
                               0xa613 (size before relaxing)
 .debug_str     0x0000f7b9      0x214 C:\Users\rodri\Documents\LPCXpresso_8.2.2_650\embedded_LPCXpresso\workspace\Lib_MCU\Debug\libLib_MCU.a(lpc17xx_pinsel.o)
                               0x85ba (size before relaxing)
 .debug_str     0x0000f9cd      0x200 C:\Users\rodri\Documents\LPCXpresso_8.2.2_650\embedded_LPCXpresso\workspace\Lib_MCU\Debug\libLib_MCU.a(lpc17xx_ssp.o)
                               0xa55e (size before relaxing)
 .debug_str     0x0000fbcd      0x438 C:\Users\rodri\Documents\LPCXpresso_8.2.2_650\embedded_LPCXpresso\workspace\Lib_MCU\Debug\libLib_MCU.a(lpc17xx_timer.o)
                               0xa2ea (size before relaxing)

.comment        0x00000000       0x6e
 .comment       0x00000000       0x6e ./src/cr_startup_lpc17.o
                                 0x6f (size before relaxing)
 .comment       0x0000006e       0x6f ./src/main.o
 .comment       0x0000006e       0x6f C:\Users\rodri\Documents\LPCXpresso_8.2.2_650\embedded_LPCXpresso\workspace\CMSISv2p00_LPC17xx\Debug\libCMSISv2p00_LPC17xx.a(system_LPC17xx.o)
 .comment       0x0000006e       0x6f C:\Users\rodri\Documents\LPCXpresso_8.2.2_650\embedded_LPCXpresso\workspace\Lib_EaBaseBoard\Debug\libLib_EaBaseBoard.a(oled.o)
 .comment       0x0000006e       0x6f C:\Users\rodri\Documents\LPCXpresso_8.2.2_650\embedded_LPCXpresso\workspace\Lib_EaBaseBoard\Debug\libLib_EaBaseBoard.a(temp.o)
 .comment       0x0000006e       0x6f C:\Users\rodri\Documents\LPCXpresso_8.2.2_650\embedded_LPCXpresso\workspace\Lib_EaBaseBoard\Debug\libLib_EaBaseBoard.a(font5x7.o)
 .comment       0x0000006e       0x6f C:\Users\rodri\Documents\LPCXpresso_8.2.2_650\embedded_LPCXpresso\workspace\Lib_MCU\Debug\libLib_MCU.a(lpc17xx_adc.o)
 .comment       0x0000006e       0x6f C:\Users\rodri\Documents\LPCXpresso_8.2.2_650\embedded_LPCXpresso\workspace\Lib_MCU\Debug\libLib_MCU.a(lpc17xx_clkpwr.o)
 .comment       0x0000006e       0x6f C:\Users\rodri\Documents\LPCXpresso_8.2.2_650\embedded_LPCXpresso\workspace\Lib_MCU\Debug\libLib_MCU.a(lpc17xx_gpio.o)
 .comment       0x0000006e       0x6f C:\Users\rodri\Documents\LPCXpresso_8.2.2_650\embedded_LPCXpresso\workspace\Lib_MCU\Debug\libLib_MCU.a(lpc17xx_i2c.o)
 .comment       0x0000006e       0x6f C:\Users\rodri\Documents\LPCXpresso_8.2.2_650\embedded_LPCXpresso\workspace\Lib_MCU\Debug\libLib_MCU.a(lpc17xx_pinsel.o)
 .comment       0x0000006e       0x6f C:\Users\rodri\Documents\LPCXpresso_8.2.2_650\embedded_LPCXpresso\workspace\Lib_MCU\Debug\libLib_MCU.a(lpc17xx_ssp.o)
 .comment       0x0000006e       0x6f C:\Users\rodri\Documents\LPCXpresso_8.2.2_650\embedded_LPCXpresso\workspace\Lib_MCU\Debug\libLib_MCU.a(lpc17xx_timer.o)

.ARM.attributes
                0x00000000       0x33
 .ARM.attributes
                0x00000000       0x33 ./src/cr_startup_lpc17.o
 .ARM.attributes
                0x00000033       0x33 ./src/main.o
 .ARM.attributes
                0x00000066       0x33 C:\Users\rodri\Documents\LPCXpresso_8.2.2_650\embedded_LPCXpresso\workspace\CMSISv2p00_LPC17xx\Debug\libCMSISv2p00_LPC17xx.a(system_LPC17xx.o)
 .ARM.attributes
                0x00000099       0x33 C:\Users\rodri\Documents\LPCXpresso_8.2.2_650\embedded_LPCXpresso\workspace\Lib_EaBaseBoard\Debug\libLib_EaBaseBoard.a(oled.o)
 .ARM.attributes
                0x000000cc       0x33 C:\Users\rodri\Documents\LPCXpresso_8.2.2_650\embedded_LPCXpresso\workspace\Lib_EaBaseBoard\Debug\libLib_EaBaseBoard.a(temp.o)
 .ARM.attributes
                0x000000ff       0x33 C:\Users\rodri\Documents\LPCXpresso_8.2.2_650\embedded_LPCXpresso\workspace\Lib_EaBaseBoard\Debug\libLib_EaBaseBoard.a(font5x7.o)
 .ARM.attributes
                0x00000132       0x33 C:\Users\rodri\Documents\LPCXpresso_8.2.2_650\embedded_LPCXpresso\workspace\Lib_MCU\Debug\libLib_MCU.a(lpc17xx_adc.o)
 .ARM.attributes
                0x00000165       0x33 C:\Users\rodri\Documents\LPCXpresso_8.2.2_650\embedded_LPCXpresso\workspace\Lib_MCU\Debug\libLib_MCU.a(lpc17xx_clkpwr.o)
 .ARM.attributes
                0x00000198       0x33 C:\Users\rodri\Documents\LPCXpresso_8.2.2_650\embedded_LPCXpresso\workspace\Lib_MCU\Debug\libLib_MCU.a(lpc17xx_gpio.o)
 .ARM.attributes
                0x000001cb       0x33 C:\Users\rodri\Documents\LPCXpresso_8.2.2_650\embedded_LPCXpresso\workspace\Lib_MCU\Debug\libLib_MCU.a(lpc17xx_i2c.o)
 .ARM.attributes
                0x000001fe       0x33 C:\Users\rodri\Documents\LPCXpresso_8.2.2_650\embedded_LPCXpresso\workspace\Lib_MCU\Debug\libLib_MCU.a(lpc17xx_pinsel.o)
 .ARM.attributes
                0x00000231       0x33 C:\Users\rodri\Documents\LPCXpresso_8.2.2_650\embedded_LPCXpresso\workspace\Lib_MCU\Debug\libLib_MCU.a(lpc17xx_ssp.o)
 .ARM.attributes
                0x00000264       0x33 C:\Users\rodri\Documents\LPCXpresso_8.2.2_650\embedded_LPCXpresso\workspace\Lib_MCU\Debug\libLib_MCU.a(lpc17xx_timer.o)
 .ARM.attributes
                0x00000297       0x1d c:/nxp/lpcxpresso_8.2.2_650/lpcxpresso/tools/bin/../lib/gcc/arm-none-eabi/5.4.1/armv7-m\libgcc.a(_aeabi_uldivmod.o)
 .ARM.attributes
                0x000002b4       0x2d c:/nxp/lpcxpresso_8.2.2_650/lpcxpresso/tools/bin/../lib/gcc/arm-none-eabi/5.4.1/armv7-m\libgcc.a(_udivmoddi4.o)
 .ARM.attributes
                0x000002e1       0x1d c:/nxp/lpcxpresso_8.2.2_650/lpcxpresso/tools/bin/../lib/gcc/arm-none-eabi/5.4.1/armv7-m\libgcc.a(_dvmd_tls.o)
 .ARM.attributes
                0x000002fe       0x2d c:/nxp/lpcxpresso_8.2.2_650/lpcxpresso/tools/bin/../lib/gcc/arm-none-eabi/5.4.1/../../../../arm-none-eabi/lib/armv7-m\libc.a(lib_a-memset.o)

.debug_frame    0x00000000     0x1610
 .debug_frame   0x00000000      0x120 ./src/cr_startup_lpc17.o
 .debug_frame   0x00000120      0x170 ./src/main.o
 .debug_frame   0x00000290       0x3c C:\Users\rodri\Documents\LPCXpresso_8.2.2_650\embedded_LPCXpresso\workspace\CMSISv2p00_LPC17xx\Debug\libCMSISv2p00_LPC17xx.a(system_LPC17xx.o)
 .debug_frame   0x000002cc      0x244 C:\Users\rodri\Documents\LPCXpresso_8.2.2_650\embedded_LPCXpresso\workspace\Lib_EaBaseBoard\Debug\libLib_EaBaseBoard.a(oled.o)
 .debug_frame   0x00000510       0x58 C:\Users\rodri\Documents\LPCXpresso_8.2.2_650\embedded_LPCXpresso\workspace\Lib_EaBaseBoard\Debug\libLib_EaBaseBoard.a(temp.o)
 .debug_frame   0x00000568      0x1e8 C:\Users\rodri\Documents\LPCXpresso_8.2.2_650\embedded_LPCXpresso\workspace\Lib_MCU\Debug\libLib_MCU.a(lpc17xx_adc.o)
 .debug_frame   0x00000750      0x12c C:\Users\rodri\Documents\LPCXpresso_8.2.2_650\embedded_LPCXpresso\workspace\Lib_MCU\Debug\libLib_MCU.a(lpc17xx_clkpwr.o)
 .debug_frame   0x0000087c      0x344 C:\Users\rodri\Documents\LPCXpresso_8.2.2_650\embedded_LPCXpresso\workspace\Lib_MCU\Debug\libLib_MCU.a(lpc17xx_gpio.o)
 .debug_frame   0x00000bc0      0x35c C:\Users\rodri\Documents\LPCXpresso_8.2.2_650\embedded_LPCXpresso\workspace\Lib_MCU\Debug\libLib_MCU.a(lpc17xx_i2c.o)
 .debug_frame   0x00000f1c       0xfc C:\Users\rodri\Documents\LPCXpresso_8.2.2_650\embedded_LPCXpresso\workspace\Lib_MCU\Debug\libLib_MCU.a(lpc17xx_pinsel.o)
 .debug_frame   0x00001018      0x2e0 C:\Users\rodri\Documents\LPCXpresso_8.2.2_650\embedded_LPCXpresso\workspace\Lib_MCU\Debug\libLib_MCU.a(lpc17xx_ssp.o)
 .debug_frame   0x000012f8      0x280 C:\Users\rodri\Documents\LPCXpresso_8.2.2_650\embedded_LPCXpresso\workspace\Lib_MCU\Debug\libLib_MCU.a(lpc17xx_timer.o)
 .debug_frame   0x00001578       0x2c c:/nxp/lpcxpresso_8.2.2_650/lpcxpresso/tools/bin/../lib/gcc/arm-none-eabi/5.4.1/armv7-m\libgcc.a(_aeabi_uldivmod.o)
 .debug_frame   0x000015a4       0x38 c:/nxp/lpcxpresso_8.2.2_650/lpcxpresso/tools/bin/../lib/gcc/arm-none-eabi/5.4.1/armv7-m\libgcc.a(_udivmoddi4.o)
 .debug_frame   0x000015dc       0x34 c:/nxp/lpcxpresso_8.2.2_650/lpcxpresso/tools/bin/../lib/gcc/arm-none-eabi/5.4.1/../../../../arm-none-eabi/lib/armv7-m\libc.a(lib_a-memset.o)
