10:30:48 **** Clean-only build of configuration Debug for project Project ****
make -r clean 
rm -rf  ./src/Project.o ./src/cr_startup_lpc175x_6x.o ./src/crp.o  ./src/Project.d ./src/cr_startup_lpc175x_6x.d ./src/crp.d  Project.axf
 
10:30:57 **** Build of configuration Debug for project Project ****
make -r all 
Building file: ../src/Project.c
Invoking: MCU C Compiler
arm-none-eabi-gcc -DDEBUG -D__CODE_RED -DCORE_M3 -D__USE_CMSIS=CMSISv2p00_LPC17xx -D__LPC17XX__ -D__REDLIB__ -I"C:\Users\aluno.RACK20-035525NB\Documents\LPCXpresso_8.2.2_650\workspace\CMSISv2p00_LPC17xx\inc" -I"C:\Users\aluno.RACK20-035525NB\Documents\LPCXpresso_8.2.2_650\workspace\Lib_EaBaseBoard\inc" -I"C:\Users\aluno.RACK20-035525NB\Documents\LPCXpresso_8.2.2_650\workspace\Lib_MCU\inc" -O0 -fno-common -g3 -Wall -c -fmessage-length=0 -fno-builtin -ffunction-sections -fdata-sections -mcpu=cortex-m3 -mthumb -specs=redlib.specs -MMD -MP -MF"src/Project.d" -MT"src/Project.o" -MT"src/Project.d" -o "src/Project.o" "../src/Project.c"
Finished building: ../src/Project.c
 
Building file: ../src/cr_startup_lpc175x_6x.c
Invoking: MCU C Compiler
arm-none-eabi-gcc -DDEBUG -D__CODE_RED -DCORE_M3 -D__USE_CMSIS=CMSISv2p00_LPC17xx -D__LPC17XX__ -D__REDLIB__ -I"C:\Users\aluno.RACK20-035525NB\Documents\LPCXpresso_8.2.2_650\workspace\CMSISv2p00_LPC17xx\inc" -I"C:\Users\aluno.RACK20-035525NB\Documents\LPCXpresso_8.2.2_650\workspace\Lib_EaBaseBoard\inc" -I"C:\Users\aluno.RACK20-035525NB\Documents\LPCXpresso_8.2.2_650\workspace\Lib_MCU\inc" -O0 -fno-common -g3 -Wall -c -fmessage-length=0 -fno-builtin -ffunction-sections -fdata-sections -mcpu=cortex-m3 -mthumb -specs=redlib.specs -MMD -MP -MF"src/cr_startup_lpc175x_6x.d" -MT"src/cr_startup_lpc175x_6x.o" -MT"src/cr_startup_lpc175x_6x.d" -o "src/cr_startup_lpc175x_6x.o" "../src/cr_startup_lpc175x_6x.c"
Finished building: ../src/cr_startup_lpc175x_6x.c
 
Building file: ../src/crp.c
Invoking: MCU C Compiler
arm-none-eabi-gcc -DDEBUG -D__CODE_RED -DCORE_M3 -D__USE_CMSIS=CMSISv2p00_LPC17xx -D__LPC17XX__ -D__REDLIB__ -I"C:\Users\aluno.RACK20-035525NB\Documents\LPCXpresso_8.2.2_650\workspace\CMSISv2p00_LPC17xx\inc" -I"C:\Users\aluno.RACK20-035525NB\Documents\LPCXpresso_8.2.2_650\workspace\Lib_EaBaseBoard\inc" -I"C:\Users\aluno.RACK20-035525NB\Documents\LPCXpresso_8.2.2_650\workspace\Lib_MCU\inc" -O0 -fno-common -g3 -Wall -c -fmessage-length=0 -fno-builtin -ffunction-sections -fdata-sections -mcpu=cortex-m3 -mthumb -specs=redlib.specs -MMD -MP -MF"src/crp.d" -MT"src/crp.o" -MT"src/crp.d" -o "src/crp.o" "../src/crp.c"
Finished building: ../src/crp.c
 
Building target: Project.axf
Invoking: MCU Linker
arm-none-eabi-gcc -nostdlib -L"C:\Users\aluno.RACK20-035525NB\Documents\LPCXpresso_8.2.2_650\workspace\CMSISv2p00_LPC17xx\Debug" -L"C:\Users\aluno.RACK20-035525NB\Documents\LPCXpresso_8.2.2_650\workspace\Lib_EaBaseBoard\Debug" -L"C:\Users\aluno.RACK20-035525NB\Documents\LPCXpresso_8.2.2_650\workspace\Lib_MCU\Debug" -Xlinker -Map="Project.map" -Xlinker --gc-sections -Xlinker -print-memory-usage -mcpu=cortex-m3 -mthumb -T "Project_Debug.ld" -o "Project.axf"  ./src/Project.o ./src/cr_startup_lpc175x_6x.o ./src/crp.o   -lCMSISv2p00_LPC17xx -lLib_EaBaseBoard -lLib_MCU
Memory region         Used Size  Region Size  %age Used
       MFlash512:        4196 B       512 KB      0.80%
        RamLoc32:           4 B        32 KB      0.01%
        RamAHB32:          0 GB        32 KB      0.00%
Finished building target: Project.axf
 
make --no-print-directory post-build
Performing post-build steps
arm-none-eabi-size "Project.axf"; # arm-none-eabi-objcopy -v -O binary "Project.axf" "Project.bin" ; # checksum -p LPC1769 -d "Project.bin";
   text	   data	    bss	    dec	    hex	filename
   4192	      4	      0	   4196	   1064	Project.axf
 
10:39:05 **** Incremental Build of configuration Debug for project Project ****
make -r all 
Building file: ../src/Project.c
Invoking: MCU C Compiler
arm-none-eabi-gcc -DDEBUG -D__CODE_RED -DCORE_M3 -D__USE_CMSIS=CMSISv2p00_LPC17xx -D__LPC17XX__ -D__REDLIB__ -I"C:\Users\aluno.RACK20-035525NB\Documents\LPCXpresso_8.2.2_650\workspace\CMSISv2p00_LPC17xx\inc" -I"C:\Users\aluno.RACK20-035525NB\Documents\LPCXpresso_8.2.2_650\workspace\Lib_EaBaseBoard\inc" -I"C:\Users\aluno.RACK20-035525NB\Documents\LPCXpresso_8.2.2_650\workspace\Lib_MCU\inc" -O0 -fno-common -g3 -Wall -c -fmessage-length=0 -fno-builtin -ffunction-sections -fdata-sections -mcpu=cortex-m3 -mthumb -specs=redlib.specs -MMD -MP -MF"src/Project.d" -MT"src/Project.o" -MT"src/Project.d" -o "src/Project.o" "../src/Project.c"
../src/Project.c: In function 'main':
../src/Project.c:31:13: warning: unused variable 'state' [-Wunused-variable]
     uint8_t state    = 0;
             ^
Finished building: ../src/Project.c
 
Building target: Project.axf
Invoking: MCU Linker
arm-none-eabi-gcc -nostdlib -L"C:\Users\aluno.RACK20-035525NB\Documents\LPCXpresso_8.2.2_650\workspace\CMSISv2p00_LPC17xx\Debug" -L"C:\Users\aluno.RACK20-035525NB\Documents\LPCXpresso_8.2.2_650\workspace\Lib_EaBaseBoard\Debug" -L"C:\Users\aluno.RACK20-035525NB\Documents\LPCXpresso_8.2.2_650\workspace\Lib_MCU\Debug" -Xlinker -Map="Project.map" -Xlinker --gc-sections -Xlinker -print-memory-usage -mcpu=cortex-m3 -mthumb -T "Project_Debug.ld" -o "Project.axf"  ./src/Project.o ./src/cr_startup_lpc175x_6x.o ./src/crp.o   -lCMSISv2p00_LPC17xx -lLib_EaBaseBoard -lLib_MCU
Memory region         Used Size  Region Size  %age Used
       MFlash512:        6324 B       512 KB      1.21%
        RamLoc32:         108 B        32 KB      0.33%
        RamAHB32:          0 GB        32 KB      0.00%
Finished building target: Project.axf
 
make --no-print-directory post-build
Performing post-build steps
arm-none-eabi-size "Project.axf"; # arm-none-eabi-objcopy -v -O binary "Project.axf" "Project.bin" ; # checksum -p LPC1769 -d "Project.bin";
   text	   data	    bss	    dec	    hex	filename
   6240	     84	     24	   6348	   18cc	Project.axf
 
10:40:40 **** Incremental Build of configuration Debug for project Project ****
make -r all 
make: Nothing to be done for `all'.
10:40:50 **** Incremental Build of configuration Debug for project Project ****
make -r all 
make: Nothing to be done for `all'.
10:41:01 **** Incremental Build of configuration Debug for project Project ****
make -r all 
make: Nothing to be done for `all'.
10:41:11 **** Incremental Build of configuration Debug for project Project ****
make -r all 
make: Nothing to be done for `all'.
10:41:22 **** Incremental Build of configuration Debug for project Project ****
make -r all 
make: Nothing to be done for `all'.
10:41:32 **** Incremental Build of configuration Debug for project Project ****
make -r all 
make: Nothing to be done for `all'.
10:41:45 **** Incremental Build of configuration Debug for project Project ****
make -r all 
make: Nothing to be done for `all'.
10:42:14 **** Incremental Build of configuration Debug for project Project ****
make -r all 
make: Nothing to be done for `all'.
10:43:18 **** Incremental Build of configuration Debug for project Project ****
make -r all 
Building file: ../src/Project.c
Invoking: MCU C Compiler
arm-none-eabi-gcc -DDEBUG -D__CODE_RED -DCORE_M3 -D__USE_CMSIS=CMSISv2p00_LPC17xx -D__LPC17XX__ -D__REDLIB__ -I"C:\Users\aluno.RACK20-035525NB\Documents\LPCXpresso_8.2.2_650\workspace\CMSISv2p00_LPC17xx\inc" -I"C:\Users\aluno.RACK20-035525NB\Documents\LPCXpresso_8.2.2_650\workspace\Lib_EaBaseBoard\inc" -I"C:\Users\aluno.RACK20-035525NB\Documents\LPCXpresso_8.2.2_650\workspace\Lib_MCU\inc" -O0 -fno-common -g3 -Wall -c -fmessage-length=0 -fno-builtin -ffunction-sections -fdata-sections -mcpu=cortex-m3 -mthumb -specs=redlib.specs -MMD -MP -MF"src/Project.d" -MT"src/Project.o" -MT"src/Project.d" -o "src/Project.o" "../src/Project.c"
../src/Project.c: In function 'main':
../src/Project.c:31:13: warning: unused variable 'state' [-Wunused-variable]
     uint8_t state    = 0;
             ^
Finished building: ../src/Project.c
 
Building target: Project.axf
Invoking: MCU Linker
arm-none-eabi-gcc -nostdlib -L"C:\Users\aluno.RACK20-035525NB\Documents\LPCXpresso_8.2.2_650\workspace\CMSISv2p00_LPC17xx\Debug" -L"C:\Users\aluno.RACK20-035525NB\Documents\LPCXpresso_8.2.2_650\workspace\Lib_EaBaseBoard\Debug" -L"C:\Users\aluno.RACK20-035525NB\Documents\LPCXpresso_8.2.2_650\workspace\Lib_MCU\Debug" -Xlinker -Map="Project.map" -Xlinker --gc-sections -Xlinker -print-memory-usage -mcpu=cortex-m3 -mthumb -T "Project_Debug.ld" -o "Project.axf"  ./src/Project.o ./src/cr_startup_lpc175x_6x.o ./src/crp.o   -lCMSISv2p00_LPC17xx -lLib_EaBaseBoard -lLib_MCU
Memory region         Used Size  Region Size  %age Used
       MFlash512:        7548 B       512 KB      1.44%
        RamLoc32:         108 B        32 KB      0.33%
        RamAHB32:          0 GB        32 KB      0.00%
Finished building target: Project.axf
 
make --no-print-directory post-build
Performing post-build steps
arm-none-eabi-size "Project.axf"; # arm-none-eabi-objcopy -v -O binary "Project.axf" "Project.bin" ; # checksum -p LPC1769 -d "Project.bin";
   text	   data	    bss	    dec	    hex	filename
   7464	     84	     24	   7572	   1d94	Project.axf
 
10:51:05 **** Incremental Build of configuration Debug for project Project ****
make -r all 
Building file: ../src/Project.c
Invoking: MCU C Compiler
arm-none-eabi-gcc -DDEBUG -D__CODE_RED -DCORE_M3 -D__USE_CMSIS=CMSISv2p00_LPC17xx -D__LPC17XX__ -D__REDLIB__ -I"C:\Users\aluno.RACK20-035525NB\Documents\LPCXpresso_8.2.2_650\workspace\CMSISv2p00_LPC17xx\inc" -I"C:\Users\aluno.RACK20-035525NB\Documents\LPCXpresso_8.2.2_650\workspace\Lib_EaBaseBoard\inc" -I"C:\Users\aluno.RACK20-035525NB\Documents\LPCXpresso_8.2.2_650\workspace\Lib_MCU\inc" -O0 -fno-common -g3 -Wall -c -fmessage-length=0 -fno-builtin -ffunction-sections -fdata-sections -mcpu=cortex-m3 -mthumb -specs=redlib.specs -MMD -MP -MF"src/Project.d" -MT"src/Project.o" -MT"src/Project.d" -o "src/Project.o" "../src/Project.c"
../src/Project.c: In function 'main':
../src/Project.c:33:13: warning: unused variable 'ch' [-Wunused-variable]
     uint8_t ch = '0';
             ^
Finished building: ../src/Project.c
 
Building target: Project.axf
Invoking: MCU Linker
arm-none-eabi-gcc -nostdlib -L"C:\Users\aluno.RACK20-035525NB\Documents\LPCXpresso_8.2.2_650\workspace\CMSISv2p00_LPC17xx\Debug" -L"C:\Users\aluno.RACK20-035525NB\Documents\LPCXpresso_8.2.2_650\workspace\Lib_EaBaseBoard\Debug" -L"C:\Users\aluno.RACK20-035525NB\Documents\LPCXpresso_8.2.2_650\workspace\Lib_MCU\Debug" -Xlinker -Map="Project.map" -Xlinker --gc-sections -Xlinker -print-memory-usage -mcpu=cortex-m3 -mthumb -T "Project_Debug.ld" -o "Project.axf"  ./src/Project.o ./src/cr_startup_lpc175x_6x.o ./src/crp.o   -lCMSISv2p00_LPC17xx -lLib_EaBaseBoard -lLib_MCU
Memory region         Used Size  Region Size  %age Used
       MFlash512:        7572 B       512 KB      1.44%
        RamLoc32:         108 B        32 KB      0.33%
        RamAHB32:          0 GB        32 KB      0.00%
Finished building target: Project.axf
 
make --no-print-directory post-build
Performing post-build steps
arm-none-eabi-size "Project.axf"; # arm-none-eabi-objcopy -v -O binary "Project.axf" "Project.bin" ; # checksum -p LPC1769 -d "Project.bin";
   text	   data	    bss	    dec	    hex	filename
   7488	     84	     24	   7596	   1dac	Project.axf
 
10:55:49 **** Build of configuration Debug for project Project ****
make -r all 
Building target: Project.axf
Invoking: MCU Linker
arm-none-eabi-gcc -nostdlib -L"C:\Users\aluno.RACK20-035525NB\Documents\LPCXpresso_8.2.2_650\workspace\CMSISv2p00_LPC17xx\Debug" -L"C:\Users\aluno.RACK20-035525NB\Documents\LPCXpresso_8.2.2_650\workspace\Lib_EaBaseBoard\Debug" -L"C:\Users\aluno.RACK20-035525NB\Documents\LPCXpresso_8.2.2_650\workspace\Lib_MCU\Debug" -Xlinker -Map="Project.map" -Xlinker --gc-sections -Xlinker -print-memory-usage -mcpu=cortex-m3 -mthumb -T "Project_Debug.ld" -o "Project.axf"  ./src/Project.o ./src/cr_startup_lpc175x_6x.o ./src/crp.o   -lCMSISv2p00_LPC17xx -lLib_EaBaseBoard -lLib_MCU
Memory region         Used Size  Region Size  %age Used
       MFlash512:        7572 B       512 KB      1.44%
        RamLoc32:         108 B        32 KB      0.33%
        RamAHB32:          0 GB        32 KB      0.00%
Finished building target: Project.axf
 
make --no-print-directory post-build
Performing post-build steps
arm-none-eabi-size "Project.axf"; # arm-none-eabi-objcopy -v -O binary "Project.axf" "Project.bin" ; # checksum -p LPC1769 -d "Project.bin";
   text	   data	    bss	    dec	    hex	filename
   7488	     84	     24	   7596	   1dac	Project.axf
 
10:58:09 **** Incremental Build of configuration Debug for project Project ****
make -r all 
make: Nothing to be done for `all'.
10:59:01 **** Incremental Build of configuration Debug for project Project ****
make -r all 
Building file: ../src/Project.c
Invoking: MCU C Compiler
arm-none-eabi-gcc -DDEBUG -D__CODE_RED -DCORE_M3 -D__USE_CMSIS=CMSISv2p00_LPC17xx -D__LPC17XX__ -D__REDLIB__ -I"C:\Users\aluno.RACK20-035525NB\Documents\LPCXpresso_8.2.2_650\workspace\CMSISv2p00_LPC17xx\inc" -I"C:\Users\aluno.RACK20-035525NB\Documents\LPCXpresso_8.2.2_650\workspace\Lib_EaBaseBoard\inc" -I"C:\Users\aluno.RACK20-035525NB\Documents\LPCXpresso_8.2.2_650\workspace\Lib_MCU\inc" -O0 -fno-common -g3 -Wall -c -fmessage-length=0 -fno-builtin -ffunction-sections -fdata-sections -mcpu=cortex-m3 -mthumb -specs=redlib.specs -MMD -MP -MF"src/Project.d" -MT"src/Project.o" -MT"src/Project.d" -o "src/Project.o" "../src/Project.c"
../src/Project.c: In function 'main':
../src/Project.c:33:13: warning: unused variable 'ch' [-Wunused-variable]
     uint8_t ch = '0';
             ^
Finished building: ../src/Project.c
 
Building target: Project.axf
Invoking: MCU Linker
arm-none-eabi-gcc -nostdlib -L"C:\Users\aluno.RACK20-035525NB\Documents\LPCXpresso_8.2.2_650\workspace\CMSISv2p00_LPC17xx\Debug" -L"C:\Users\aluno.RACK20-035525NB\Documents\LPCXpresso_8.2.2_650\workspace\Lib_EaBaseBoard\Debug" -L"C:\Users\aluno.RACK20-035525NB\Documents\LPCXpresso_8.2.2_650\workspace\Lib_MCU\Debug" -Xlinker -Map="Project.map" -Xlinker --gc-sections -Xlinker -print-memory-usage -mcpu=cortex-m3 -mthumb -T "Project_Debug.ld" -o "Project.axf"  ./src/Project.o ./src/cr_startup_lpc175x_6x.o ./src/crp.o   -lCMSISv2p00_LPC17xx -lLib_EaBaseBoard -lLib_MCU
Memory region         Used Size  Region Size  %age Used
       MFlash512:        7572 B       512 KB      1.44%
        RamLoc32:         108 B        32 KB      0.33%
        RamAHB32:          0 GB        32 KB      0.00%
Finished building target: Project.axf
 
make --no-print-directory post-build
Performing post-build steps
arm-none-eabi-size "Project.axf"; # arm-none-eabi-objcopy -v -O binary "Project.axf" "Project.bin" ; # checksum -p LPC1769 -d "Project.bin";
   text	   data	    bss	    dec	    hex	filename
   7488	     84	     24	   7596	   1dac	Project.axf
 
10:59:40 **** Incremental Build of configuration Debug for project Project ****
make -r all 
Building file: ../src/Project.c
Invoking: MCU C Compiler
arm-none-eabi-gcc -DDEBUG -D__CODE_RED -DCORE_M3 -D__USE_CMSIS=CMSISv2p00_LPC17xx -D__LPC17XX__ -D__REDLIB__ -I"C:\Users\aluno.RACK20-035525NB\Documents\LPCXpresso_8.2.2_650\workspace\CMSISv2p00_LPC17xx\inc" -I"C:\Users\aluno.RACK20-035525NB\Documents\LPCXpresso_8.2.2_650\workspace\Lib_EaBaseBoard\inc" -I"C:\Users\aluno.RACK20-035525NB\Documents\LPCXpresso_8.2.2_650\workspace\Lib_MCU\inc" -O0 -fno-common -g3 -Wall -c -fmessage-length=0 -fno-builtin -ffunction-sections -fdata-sections -mcpu=cortex-m3 -mthumb -specs=redlib.specs -MMD -MP -MF"src/Project.d" -MT"src/Project.o" -MT"src/Project.d" -o "src/Project.o" "../src/Project.c"
Finished building: ../src/Project.c
 
Building target: Project.axf
Invoking: MCU Linker
arm-none-eabi-gcc -nostdlib -L"C:\Users\aluno.RACK20-035525NB\Documents\LPCXpresso_8.2.2_650\workspace\CMSISv2p00_LPC17xx\Debug" -L"C:\Users\aluno.RACK20-035525NB\Documents\LPCXpresso_8.2.2_650\workspace\Lib_EaBaseBoard\Debug" -L"C:\Users\aluno.RACK20-035525NB\Documents\LPCXpresso_8.2.2_650\workspace\Lib_MCU\Debug" -Xlinker -Map="Project.map" -Xlinker --gc-sections -Xlinker -print-memory-usage -mcpu=cortex-m3 -mthumb -T "Project_Debug.ld" -o "Project.axf"  ./src/Project.o ./src/cr_startup_lpc175x_6x.o ./src/crp.o   -lCMSISv2p00_LPC17xx -lLib_EaBaseBoard -lLib_MCU
Memory region         Used Size  Region Size  %age Used
       MFlash512:        7584 B       512 KB      1.45%
        RamLoc32:         108 B        32 KB      0.33%
        RamAHB32:          0 GB        32 KB      0.00%
Finished building target: Project.axf
 
make --no-print-directory post-build
Performing post-build steps
arm-none-eabi-size "Project.axf"; # arm-none-eabi-objcopy -v -O binary "Project.axf" "Project.bin" ; # checksum -p LPC1769 -d "Project.bin";
   text	   data	    bss	    dec	    hex	filename
   7500	     84	     24	   7608	   1db8	Project.axf
 
11:00:31 **** Incremental Build of configuration Debug for project Project ****
make -r all 
make: Nothing to be done for `all'.
11:05:24 **** Incremental Build of configuration Debug for project Project ****
make -r all 
Building file: ../src/Project.c
Invoking: MCU C Compiler
arm-none-eabi-gcc -DDEBUG -D__CODE_RED -DCORE_M3 -D__USE_CMSIS=CMSISv2p00_LPC17xx -D__LPC17XX__ -D__REDLIB__ -I"C:\Users\aluno.RACK20-035525NB\Documents\LPCXpresso_8.2.2_650\workspace\CMSISv2p00_LPC17xx\inc" -I"C:\Users\aluno.RACK20-035525NB\Documents\LPCXpresso_8.2.2_650\workspace\Lib_EaBaseBoard\inc" -I"C:\Users\aluno.RACK20-035525NB\Documents\LPCXpresso_8.2.2_650\workspace\Lib_MCU\inc" -O0 -fno-common -g3 -Wall -c -fmessage-length=0 -fno-builtin -ffunction-sections -fdata-sections -mcpu=cortex-m3 -mthumb -specs=redlib.specs -MMD -MP -MF"src/Project.d" -MT"src/Project.o" -MT"src/Project.d" -o "src/Project.o" "../src/Project.c"
../src/Project.c: In function 'main':
../src/Project.c:31:5: error: unknown type name 'uint8'
     uint8 displayCount = 0;
     ^
../src/Project.c:83:21: warning: passing argument 1 of 'led7seg_setChar' makes integer from pointer without a cast [-Wint-conversion]
     led7seg_setChar(ch, FALSE);
                     ^
In file included from ../src/Project.c:22:0:
C:\Users\aluno.RACK20-035525NB\Documents\LPCXpresso_8.2.2_650\workspace\Lib_EaBaseBoard\inc/led7seg.h:15:6: note: expected 'uint8_t {aka unsigned char}' but argument is of type 'uint8_t * {aka unsigned char *}'
 void led7seg_setChar(uint8_t ch, uint32_t rawMode);
      ^
make: *** [src/Project.o] Error 1
11:06:00 **** Incremental Build of configuration Debug for project Project ****
make -r all 
Building file: ../src/Project.c
Invoking: MCU C Compiler
arm-none-eabi-gcc -DDEBUG -D__CODE_RED -DCORE_M3 -D__USE_CMSIS=CMSISv2p00_LPC17xx -D__LPC17XX__ -D__REDLIB__ -I"C:\Users\aluno.RACK20-035525NB\Documents\LPCXpresso_8.2.2_650\workspace\CMSISv2p00_LPC17xx\inc" -I"C:\Users\aluno.RACK20-035525NB\Documents\LPCXpresso_8.2.2_650\workspace\Lib_EaBaseBoard\inc" -I"C:\Users\aluno.RACK20-035525NB\Documents\LPCXpresso_8.2.2_650\workspace\Lib_MCU\inc" -O0 -fno-common -g3 -Wall -c -fmessage-length=0 -fno-builtin -ffunction-sections -fdata-sections -mcpu=cortex-m3 -mthumb -specs=redlib.specs -MMD -MP -MF"src/Project.d" -MT"src/Project.o" -MT"src/Project.d" -o "src/Project.o" "../src/Project.c"
../src/Project.c: In function 'main':
../src/Project.c:83:21: warning: passing argument 1 of 'led7seg_setChar' makes integer from pointer without a cast [-Wint-conversion]
     led7seg_setChar(ch, FALSE);
                     ^
In file included from ../src/Project.c:22:0:
C:\Users\aluno.RACK20-035525NB\Documents\LPCXpresso_8.2.2_650\workspace\Lib_EaBaseBoard\inc/led7seg.h:15:6: note: expected 'uint8_t {aka unsigned char}' but argument is of type 'uint8_t * {aka unsigned char *}'
 void led7seg_setChar(uint8_t ch, uint32_t rawMode);
      ^
Finished building: ../src/Project.c
 
Building target: Project.axf
Invoking: MCU Linker
arm-none-eabi-gcc -nostdlib -L"C:\Users\aluno.RACK20-035525NB\Documents\LPCXpresso_8.2.2_650\workspace\CMSISv2p00_LPC17xx\Debug" -L"C:\Users\aluno.RACK20-035525NB\Documents\LPCXpresso_8.2.2_650\workspace\Lib_EaBaseBoard\Debug" -L"C:\Users\aluno.RACK20-035525NB\Documents\LPCXpresso_8.2.2_650\workspace\Lib_MCU\Debug" -Xlinker -Map="Project.map" -Xlinker --gc-sections -Xlinker -print-memory-usage -mcpu=cortex-m3 -mthumb -T "Project_Debug.ld" -o "Project.axf"  ./src/Project.o ./src/cr_startup_lpc175x_6x.o ./src/crp.o   -lCMSISv2p00_LPC17xx -lLib_EaBaseBoard -lLib_MCU
Memory region         Used Size  Region Size  %age Used
       MFlash512:        7644 B       512 KB      1.46%
        RamLoc32:         108 B        32 KB      0.33%
        RamAHB32:          0 GB        32 KB      0.00%
Finished building target: Project.axf
 
make --no-print-directory post-build
Performing post-build steps
arm-none-eabi-size "Project.axf"; # arm-none-eabi-objcopy -v -O binary "Project.axf" "Project.bin" ; # checksum -p LPC1769 -d "Project.bin";
   text	   data	    bss	    dec	    hex	filename
   7560	     84	     24	   7668	   1df4	Project.axf
 
11:07:49 **** Incremental Build of configuration Debug for project Project ****
make -r all 
Building file: ../src/Project.c
Invoking: MCU C Compiler
arm-none-eabi-gcc -DDEBUG -D__CODE_RED -DCORE_M3 -D__USE_CMSIS=CMSISv2p00_LPC17xx -D__LPC17XX__ -D__REDLIB__ -I"C:\Users\aluno.RACK20-035525NB\Documents\LPCXpresso_8.2.2_650\workspace\CMSISv2p00_LPC17xx\inc" -I"C:\Users\aluno.RACK20-035525NB\Documents\LPCXpresso_8.2.2_650\workspace\Lib_EaBaseBoard\inc" -I"C:\Users\aluno.RACK20-035525NB\Documents\LPCXpresso_8.2.2_650\workspace\Lib_MCU\inc" -O0 -fno-common -g3 -Wall -c -fmessage-length=0 -fno-builtin -ffunction-sections -fdata-sections -mcpu=cortex-m3 -mthumb -specs=redlib.specs -MMD -MP -MF"src/Project.d" -MT"src/Project.o" -MT"src/Project.d" -o "src/Project.o" "../src/Project.c"
../src/Project.c: In function 'main':
../src/Project.c:83:21: warning: passing argument 1 of 'led7seg_setChar' makes integer from pointer without a cast [-Wint-conversion]
     led7seg_setChar(ch, FALSE);
                     ^
In file included from ../src/Project.c:22:0:
C:\Users\aluno.RACK20-035525NB\Documents\LPCXpresso_8.2.2_650\workspace\Lib_EaBaseBoard\inc/led7seg.h:15:6: note: expected 'uint8_t {aka unsigned char}' but argument is of type 'uint8_t * {aka unsigned char *}'
 void led7seg_setChar(uint8_t ch, uint32_t rawMode);
      ^
Finished building: ../src/Project.c
 
Building target: Project.axf
Invoking: MCU Linker
arm-none-eabi-gcc -nostdlib -L"C:\Users\aluno.RACK20-035525NB\Documents\LPCXpresso_8.2.2_650\workspace\CMSISv2p00_LPC17xx\Debug" -L"C:\Users\aluno.RACK20-035525NB\Documents\LPCXpresso_8.2.2_650\workspace\Lib_EaBaseBoard\Debug" -L"C:\Users\aluno.RACK20-035525NB\Documents\LPCXpresso_8.2.2_650\workspace\Lib_MCU\Debug" -Xlinker -Map="Project.map" -Xlinker --gc-sections -Xlinker -print-memory-usage -mcpu=cortex-m3 -mthumb -T "Project_Debug.ld" -o "Project.axf"  ./src/Project.o ./src/cr_startup_lpc175x_6x.o ./src/crp.o   -lCMSISv2p00_LPC17xx -lLib_EaBaseBoard -lLib_MCU
Memory region         Used Size  Region Size  %age Used
       MFlash512:        7652 B       512 KB      1.46%
        RamLoc32:         108 B        32 KB      0.33%
        RamAHB32:          0 GB        32 KB      0.00%
Finished building target: Project.axf
 
make --no-print-directory post-build
Performing post-build steps
arm-none-eabi-size "Project.axf"; # arm-none-eabi-objcopy -v -O binary "Project.axf" "Project.bin" ; # checksum -p LPC1769 -d "Project.bin";
   text	   data	    bss	    dec	    hex	filename
   7568	     84	     24	   7676	   1dfc	Project.axf
 
11:12:41 **** Incremental Build of configuration Debug for project Project ****
make -r all 
Building file: ../src/Project.c
Invoking: MCU C Compiler
arm-none-eabi-gcc -DDEBUG -D__CODE_RED -DCORE_M3 -D__USE_CMSIS=CMSISv2p00_LPC17xx -D__LPC17XX__ -D__REDLIB__ -I"C:\Users\aluno.RACK20-035525NB\Documents\LPCXpresso_8.2.2_650\workspace\CMSISv2p00_LPC17xx\inc" -I"C:\Users\aluno.RACK20-035525NB\Documents\LPCXpresso_8.2.2_650\workspace\Lib_EaBaseBoard\inc" -I"C:\Users\aluno.RACK20-035525NB\Documents\LPCXpresso_8.2.2_650\workspace\Lib_MCU\inc" -O0 -fno-common -g3 -Wall -c -fmessage-length=0 -fno-builtin -ffunction-sections -fdata-sections -mcpu=cortex-m3 -mthumb -specs=redlib.specs -MMD -MP -MF"src/Project.d" -MT"src/Project.o" -MT"src/Project.d" -o "src/Project.o" "../src/Project.c"
../src/Project.c: In function 'main':
../src/Project.c:87:24: error: expected expression before ']' token
     led7seg_setChar(ch[], FALSE);
                        ^
make: *** [src/Project.o] Error 1
11:13:17 **** Incremental Build of configuration Debug for project Project ****
make -r all 
Building file: ../src/Project.c
Invoking: MCU C Compiler
arm-none-eabi-gcc -DDEBUG -D__CODE_RED -DCORE_M3 -D__USE_CMSIS=CMSISv2p00_LPC17xx -D__LPC17XX__ -D__REDLIB__ -I"C:\Users\aluno.RACK20-035525NB\Documents\LPCXpresso_8.2.2_650\workspace\CMSISv2p00_LPC17xx\inc" -I"C:\Users\aluno.RACK20-035525NB\Documents\LPCXpresso_8.2.2_650\workspace\Lib_EaBaseBoard\inc" -I"C:\Users\aluno.RACK20-035525NB\Documents\LPCXpresso_8.2.2_650\workspace\Lib_MCU\inc" -O0 -fno-common -g3 -Wall -c -fmessage-length=0 -fno-builtin -ffunction-sections -fdata-sections -mcpu=cortex-m3 -mthumb -specs=redlib.specs -MMD -MP -MF"src/Project.d" -MT"src/Project.o" -MT"src/Project.d" -o "src/Project.o" "../src/Project.c"
Finished building: ../src/Project.c
 
Building target: Project.axf
Invoking: MCU Linker
arm-none-eabi-gcc -nostdlib -L"C:\Users\aluno.RACK20-035525NB\Documents\LPCXpresso_8.2.2_650\workspace\CMSISv2p00_LPC17xx\Debug" -L"C:\Users\aluno.RACK20-035525NB\Documents\LPCXpresso_8.2.2_650\workspace\Lib_EaBaseBoard\Debug" -L"C:\Users\aluno.RACK20-035525NB\Documents\LPCXpresso_8.2.2_650\workspace\Lib_MCU\Debug" -Xlinker -Map="Project.map" -Xlinker --gc-sections -Xlinker -print-memory-usage -mcpu=cortex-m3 -mthumb -T "Project_Debug.ld" -o "Project.axf"  ./src/Project.o ./src/cr_startup_lpc175x_6x.o ./src/crp.o   -lCMSISv2p00_LPC17xx -lLib_EaBaseBoard -lLib_MCU
Memory region         Used Size  Region Size  %age Used
       MFlash512:        7712 B       512 KB      1.47%
        RamLoc32:         108 B        32 KB      0.33%
        RamAHB32:          0 GB        32 KB      0.00%
Finished building target: Project.axf
 
make --no-print-directory post-build
Performing post-build steps
arm-none-eabi-size "Project.axf"; # arm-none-eabi-objcopy -v -O binary "Project.axf" "Project.bin" ; # checksum -p LPC1769 -d "Project.bin";
   text	   data	    bss	    dec	    hex	filename
   7628	     84	     24	   7736	   1e38	Project.axf
 
11:18:17 **** Incremental Build of configuration Debug for project Project ****
make -r all 
Building file: ../src/Project.c
Invoking: MCU C Compiler
arm-none-eabi-gcc -DDEBUG -D__CODE_RED -DCORE_M3 -D__USE_CMSIS=CMSISv2p00_LPC17xx -D__LPC17XX__ -D__REDLIB__ -I"C:\Users\aluno.RACK20-035525NB\Documents\LPCXpresso_8.2.2_650\workspace\CMSISv2p00_LPC17xx\inc" -I"C:\Users\aluno.RACK20-035525NB\Documents\LPCXpresso_8.2.2_650\workspace\Lib_EaBaseBoard\inc" -I"C:\Users\aluno.RACK20-035525NB\Documents\LPCXpresso_8.2.2_650\workspace\Lib_MCU\inc" -O0 -fno-common -g3 -Wall -c -fmessage-length=0 -fno-builtin -ffunction-sections -fdata-sections -mcpu=cortex-m3 -mthumb -specs=redlib.specs -MMD -MP -MF"src/Project.d" -MT"src/Project.o" -MT"src/Project.d" -o "src/Project.o" "../src/Project.c"
../src/Project.c: In function 'joystickLevel':
../src/Project.c:38:7: error: 'level' undeclared (first use in this function)
   if (level > 0){
       ^
../src/Project.c:38:7: note: each undeclared identifier is reported only once for each function it appears in
../src/Project.c: In function 'main':
../src/Project.c:129:9: error: 'joy' undeclared (first use in this function)
         joy = joystick_read();
         ^
../src/Project.c:85:13: warning: unused variable 'level' [-Wunused-variable]
     uint8_t level = 0;
             ^
make: *** [src/Project.o] Error 1
11:19:43 **** Incremental Build of configuration Debug for project Project ****
make -r all 
Building file: ../src/Project.c
Invoking: MCU C Compiler
arm-none-eabi-gcc -DDEBUG -D__CODE_RED -DCORE_M3 -D__USE_CMSIS=CMSISv2p00_LPC17xx -D__LPC17XX__ -D__REDLIB__ -I"C:\Users\aluno.RACK20-035525NB\Documents\LPCXpresso_8.2.2_650\workspace\CMSISv2p00_LPC17xx\inc" -I"C:\Users\aluno.RACK20-035525NB\Documents\LPCXpresso_8.2.2_650\workspace\Lib_EaBaseBoard\inc" -I"C:\Users\aluno.RACK20-035525NB\Documents\LPCXpresso_8.2.2_650\workspace\Lib_MCU\inc" -O0 -fno-common -g3 -Wall -c -fmessage-length=0 -fno-builtin -ffunction-sections -fdata-sections -mcpu=cortex-m3 -mthumb -specs=redlib.specs -MMD -MP -MF"src/Project.d" -MT"src/Project.o" -MT"src/Project.d" -o "src/Project.o" "../src/Project.c"
Finished building: ../src/Project.c
 
Building target: Project.axf
Invoking: MCU Linker
arm-none-eabi-gcc -nostdlib -L"C:\Users\aluno.RACK20-035525NB\Documents\LPCXpresso_8.2.2_650\workspace\CMSISv2p00_LPC17xx\Debug" -L"C:\Users\aluno.RACK20-035525NB\Documents\LPCXpresso_8.2.2_650\workspace\Lib_EaBaseBoard\Debug" -L"C:\Users\aluno.RACK20-035525NB\Documents\LPCXpresso_8.2.2_650\workspace\Lib_MCU\Debug" -Xlinker -Map="Project.map" -Xlinker --gc-sections -Xlinker -print-memory-usage -mcpu=cortex-m3 -mthumb -T "Project_Debug.ld" -o "Project.axf"  ./src/Project.o ./src/cr_startup_lpc175x_6x.o ./src/crp.o   -lCMSISv2p00_LPC17xx -lLib_EaBaseBoard -lLib_MCU
Memory region         Used Size  Region Size  %age Used
       MFlash512:        7648 B       512 KB      1.46%
        RamLoc32:         108 B        32 KB      0.33%
        RamAHB32:          0 GB        32 KB      0.00%
Finished building target: Project.axf
 
make --no-print-directory post-build
Performing post-build steps
arm-none-eabi-size "Project.axf"; # arm-none-eabi-objcopy -v -O binary "Project.axf" "Project.bin" ; # checksum -p LPC1769 -d "Project.bin";
   text	   data	    bss	    dec	    hex	filename
   7564	     84	     24	   7672	   1df8	Project.axf
 
11:21:06 **** Incremental Build of configuration Debug for project Project ****
make -r all 
make: Nothing to be done for `all'.
11:22:31 **** Incremental Build of configuration Debug for project Project ****
make -r all 
make: Nothing to be done for `all'.
11:24:04 **** Incremental Build of configuration Debug for project Project ****
make -r all 
make: Nothing to be done for `all'.
11:24:59 **** Incremental Build of configuration Debug for project Project ****
make -r all 
make: Nothing to be done for `all'.
11:26:51 **** Incremental Build of configuration Debug for project Project ****
make -r all 
make: Nothing to be done for `all'.
11:27:01 **** Incremental Build of configuration Debug for project Project ****
make -r all 
make: Nothing to be done for `all'.
11:27:30 **** Incremental Build of configuration Debug for project Project ****
make -r all 
make: Nothing to be done for `all'.
11:29:06 **** Incremental Build of configuration Debug for project Project ****
make -r all 
Building file: ../src/Project.c
Invoking: MCU C Compiler
arm-none-eabi-gcc -DDEBUG -D__CODE_RED -DCORE_M3 -D__USE_CMSIS=CMSISv2p00_LPC17xx -D__LPC17XX__ -D__REDLIB__ -I"C:\Users\aluno.RACK20-035525NB\Documents\LPCXpresso_8.2.2_650\workspace\CMSISv2p00_LPC17xx\inc" -I"C:\Users\aluno.RACK20-035525NB\Documents\LPCXpresso_8.2.2_650\workspace\Lib_EaBaseBoard\inc" -I"C:\Users\aluno.RACK20-035525NB\Documents\LPCXpresso_8.2.2_650\workspace\Lib_MCU\inc" -O0 -fno-common -g3 -Wall -c -fmessage-length=0 -fno-builtin -ffunction-sections -fdata-sections -mcpu=cortex-m3 -mthumb -specs=redlib.specs -MMD -MP -MF"src/Project.d" -MT"src/Project.o" -MT"src/Project.d" -o "src/Project.o" "../src/Project.c"
Finished building: ../src/Project.c
 
Building target: Project.axf
Invoking: MCU Linker
arm-none-eabi-gcc -nostdlib -L"C:\Users\aluno.RACK20-035525NB\Documents\LPCXpresso_8.2.2_650\workspace\CMSISv2p00_LPC17xx\Debug" -L"C:\Users\aluno.RACK20-035525NB\Documents\LPCXpresso_8.2.2_650\workspace\Lib_EaBaseBoard\Debug" -L"C:\Users\aluno.RACK20-035525NB\Documents\LPCXpresso_8.2.2_650\workspace\Lib_MCU\Debug" -Xlinker -Map="Project.map" -Xlinker --gc-sections -Xlinker -print-memory-usage -mcpu=cortex-m3 -mthumb -T "Project_Debug.ld" -o "Project.axf"  ./src/Project.o ./src/cr_startup_lpc175x_6x.o ./src/crp.o   -lCMSISv2p00_LPC17xx -lLib_EaBaseBoard -lLib_MCU
Memory region         Used Size  Region Size  %age Used
       MFlash512:        7688 B       512 KB      1.47%
        RamLoc32:         112 B        32 KB      0.34%
        RamAHB32:          0 GB        32 KB      0.00%
Finished building target: Project.axf
 
make --no-print-directory post-build
Performing post-build steps
arm-none-eabi-size "Project.axf"; # arm-none-eabi-objcopy -v -O binary "Project.axf" "Project.bin" ; # checksum -p LPC1769 -d "Project.bin";
   text	   data	    bss	    dec	    hex	filename
   7604	     84	     28	   7716	   1e24	Project.axf
 
11:29:30 **** Incremental Build of configuration Debug for project Project ****
make -r all 
make: Nothing to be done for `all'.
11:29:48 **** Incremental Build of configuration Debug for project Project ****
make -r all 
make: Nothing to be done for `all'.
11:30:14 **** Incremental Build of configuration Debug for project Project ****
make -r all 
make: Nothing to be done for `all'.
11:30:48 **** Incremental Build of configuration Debug for project Project ****
make -r all 
make: Nothing to be done for `all'.
11:32:56 **** Incremental Build of configuration Debug for project Project ****
make -r all 
make: Nothing to be done for `all'.
11:34:01 **** Clean-only build of configuration Debug for project CMSISv2p00_LPC17xx ****
make -r clean 
rm -rf  ./src/core_cm3.o ./src/system_LPC17xx.o  ./src/core_cm3.d ./src/system_LPC17xx.d  libCMSISv2p00_LPC17xx.a
 
11:34:04 **** Build of configuration Debug for project CMSISv2p00_LPC17xx ****
make -r all 
Building file: ../src/core_cm3.c
Invoking: MCU C Compiler
arm-none-eabi-gcc -D__REDLIB__ -DDEBUG -D__CODE_RED -I../inc -O0 -Os -g3 -Wall -c -fmessage-length=0 -fno-builtin -ffunction-sections -fdata-sections -mcpu=cortex-m3 -mthumb -D__REDLIB__ -specs=redlib.specs -MMD -MP -MF"src/core_cm3.d" -MT"src/core_cm3.o" -MT"src/core_cm3.d" -o "src/core_cm3.o" "../src/core_cm3.c"
Finished building: ../src/core_cm3.c
 
Building file: ../src/system_LPC17xx.c
Invoking: MCU C Compiler
arm-none-eabi-gcc -D__REDLIB__ -DDEBUG -D__CODE_RED -I../inc -O0 -Os -g3 -Wall -c -fmessage-length=0 -fno-builtin -ffunction-sections -fdata-sections -mcpu=cortex-m3 -mthumb -D__REDLIB__ -specs=redlib.specs -MMD -MP -MF"src/system_LPC17xx.d" -MT"src/system_LPC17xx.o" -MT"src/system_LPC17xx.d" -o "src/system_LPC17xx.o" "../src/system_LPC17xx.c"
Finished building: ../src/system_LPC17xx.c
 
Building target: libCMSISv2p00_LPC17xx.a
Invoking: MCU Archiver
arm-none-eabi-ar -r  "libCMSISv2p00_LPC17xx.a"  ./src/core_cm3.o ./src/system_LPC17xx.o   
c:\nxp\LPCXpresso_8.2.2_650\lpcxpresso\tools\bin\arm-none-eabi-ar.exe: creating libCMSISv2p00_LPC17xx.a
Finished building target: libCMSISv2p00_LPC17xx.a
 
make --no-print-directory post-build
Performing post-build steps
arm-none-eabi-size libCMSISv2p00_LPC17xx.a ; # arm-none-eabi-objdump -h -S libCMSISv2p00_LPC17xx.a >libCMSISv2p00_LPC17xx.lss
   text	   data	    bss	    dec	    hex	filename
      0	      0	      0	      0	      0	core_cm3.o (ex libCMSISv2p00_LPC17xx.a)
    408	      4	      0	    412	    19c	system_LPC17xx.o (ex libCMSISv2p00_LPC17xx.a)
 
11:34:29 **** Clean-only build of configuration Debug for project Lib_MCU ****
make -r clean 
rm -rf  ./src/lpc17xx_adc.o ./src/lpc17xx_can.o ./src/lpc17xx_clkpwr.o ./src/lpc17xx_dac.o ./src/lpc17xx_emac.o ./src/lpc17xx_gpio.o ./src/lpc17xx_i2c.o ./src/lpc17xx_i2s.o ./src/lpc17xx_libcfg_default.o ./src/lpc17xx_mcpwm.o ./src/lpc17xx_nvic.o ./src/lpc17xx_pinsel.o ./src/lpc17xx_pwm.o ./src/lpc17xx_qei.o ./src/lpc17xx_rit.o ./src/lpc17xx_rtc.o ./src/lpc17xx_spi.o ./src/lpc17xx_ssp.o ./src/lpc17xx_timer.o ./src/lpc17xx_uart.o ./src/lpc17xx_wdt.o  ./src/lpc17xx_adc.d ./src/lpc17xx_can.d ./src/lpc17xx_clkpwr.d ./src/lpc17xx_dac.d ./src/lpc17xx_emac.d ./src/lpc17xx_gpio.d ./src/lpc17xx_i2c.d ./src/lpc17xx_i2s.d ./src/lpc17xx_libcfg_default.d ./src/lpc17xx_mcpwm.d ./src/lpc17xx_nvic.d ./src/lpc17xx_pinsel.d ./src/lpc17xx_pwm.d ./src/lpc17xx_qei.d ./src/lpc17xx_rit.d ./src/lpc17xx_rtc.d ./src/lpc17xx_spi.d ./src/lpc17xx_ssp.d ./src/lpc17xx_timer.d ./src/lpc17xx_uart.d ./src/lpc17xx_wdt.d  libLib_MCU.a
 
11:34:31 **** Build of configuration Debug for project Lib_MCU ****
make -r all 
Building file: ../src/lpc17xx_adc.c
Invoking: MCU C Compiler
arm-none-eabi-gcc -DDEBUG -D__CODE_RED -D__REDLIB__ -I"C:\Users\aluno.RACK20-035525NB\Documents\LPCXpresso_8.2.2_650\workspace\CMSISv2p00_LPC17xx\inc" -I"C:\Users\aluno.RACK20-035525NB\Documents\LPCXpresso_8.2.2_650\workspace\Lib_MCU\inc" -O0 -g3 -Wall -c -fmessage-length=0 -fno-builtin -ffunction-sections -mcpu=cortex-m3 -mthumb -D__REDLIB__ -specs=redlib.specs -MMD -MP -MF"src/lpc17xx_adc.d" -MT"src/lpc17xx_adc.o" -MT"src/lpc17xx_adc.d" -o "src/lpc17xx_adc.o" "../src/lpc17xx_adc.c"
Finished building: ../src/lpc17xx_adc.c
 
Building file: ../src/lpc17xx_can.c
Invoking: MCU C Compiler
arm-none-eabi-gcc -DDEBUG -D__CODE_RED -D__REDLIB__ -I"C:\Users\aluno.RACK20-035525NB\Documents\LPCXpresso_8.2.2_650\workspace\CMSISv2p00_LPC17xx\inc" -I"C:\Users\aluno.RACK20-035525NB\Documents\LPCXpresso_8.2.2_650\workspace\Lib_MCU\inc" -O0 -g3 -Wall -c -fmessage-length=0 -fno-builtin -ffunction-sections -mcpu=cortex-m3 -mthumb -D__REDLIB__ -specs=redlib.specs -MMD -MP -MF"src/lpc17xx_can.d" -MT"src/lpc17xx_can.o" -MT"src/lpc17xx_can.d" -o "src/lpc17xx_can.o" "../src/lpc17xx_can.c"
../src/lpc17xx_can.c: In function 'CAN_Init':
../src/lpc17xx_can.c:177:11: warning: variable 'temp' set but not used [-Wunused-but-set-variable]
  uint32_t temp;
           ^
Finished building: ../src/lpc17xx_can.c
 
Building file: ../src/lpc17xx_clkpwr.c
Invoking: MCU C Compiler
arm-none-eabi-gcc -DDEBUG -D__CODE_RED -D__REDLIB__ -I"C:\Users\aluno.RACK20-035525NB\Documents\LPCXpresso_8.2.2_650\workspace\CMSISv2p00_LPC17xx\inc" -I"C:\Users\aluno.RACK20-035525NB\Documents\LPCXpresso_8.2.2_650\workspace\Lib_MCU\inc" -O0 -g3 -Wall -c -fmessage-length=0 -fno-builtin -ffunction-sections -mcpu=cortex-m3 -mthumb -D__REDLIB__ -specs=redlib.specs -MMD -MP -MF"src/lpc17xx_clkpwr.d" -MT"src/lpc17xx_clkpwr.o" -MT"src/lpc17xx_clkpwr.d" -o "src/lpc17xx_clkpwr.o" "../src/lpc17xx_clkpwr.c"
Finished building: ../src/lpc17xx_clkpwr.c
 
Building file: ../src/lpc17xx_dac.c
Invoking: MCU C Compiler
arm-none-eabi-gcc -DDEBUG -D__CODE_RED -D__REDLIB__ -I"C:\Users\aluno.RACK20-035525NB\Documents\LPCXpresso_8.2.2_650\workspace\CMSISv2p00_LPC17xx\inc" -I"C:\Users\aluno.RACK20-035525NB\Documents\LPCXpresso_8.2.2_650\workspace\Lib_MCU\inc" -O0 -g3 -Wall -c -fmessage-length=0 -fno-builtin -ffunction-sections -mcpu=cortex-m3 -mthumb -D__REDLIB__ -specs=redlib.specs -MMD -MP -MF"src/lpc17xx_dac.d" -MT"src/lpc17xx_dac.o" -MT"src/lpc17xx_dac.d" -o "src/lpc17xx_dac.o" "../src/lpc17xx_dac.c"
Finished building: ../src/lpc17xx_dac.c
 
Building file: ../src/lpc17xx_emac.c
Invoking: MCU C Compiler
arm-none-eabi-gcc -DDEBUG -D__CODE_RED -D__REDLIB__ -I"C:\Users\aluno.RACK20-035525NB\Documents\LPCXpresso_8.2.2_650\workspace\CMSISv2p00_LPC17xx\inc" -I"C:\Users\aluno.RACK20-035525NB\Documents\LPCXpresso_8.2.2_650\workspace\Lib_MCU\inc" -O0 -g3 -Wall -c -fmessage-length=0 -fno-builtin -ffunction-sections -mcpu=cortex-m3 -mthumb -D__REDLIB__ -specs=redlib.specs -MMD -MP -MF"src/lpc17xx_emac.d" -MT"src/lpc17xx_emac.o" -MT"src/lpc17xx_emac.d" -o "src/lpc17xx_emac.o" "../src/lpc17xx_emac.c"
Finished building: ../src/lpc17xx_emac.c
 
Building file: ../src/lpc17xx_gpio.c
Invoking: MCU C Compiler
arm-none-eabi-gcc -DDEBUG -D__CODE_RED -D__REDLIB__ -I"C:\Users\aluno.RACK20-035525NB\Documents\LPCXpresso_8.2.2_650\workspace\CMSISv2p00_LPC17xx\inc" -I"C:\Users\aluno.RACK20-035525NB\Documents\LPCXpresso_8.2.2_650\workspace\Lib_MCU\inc" -O0 -g3 -Wall -c -fmessage-length=0 -fno-builtin -ffunction-sections -mcpu=cortex-m3 -mthumb -D__REDLIB__ -specs=redlib.specs -MMD -MP -MF"src/lpc17xx_gpio.d" -MT"src/lpc17xx_gpio.o" -MT"src/lpc17xx_gpio.d" -o "src/lpc17xx_gpio.o" "../src/lpc17xx_gpio.c"
Finished building: ../src/lpc17xx_gpio.c
 
Building file: ../src/lpc17xx_i2c.c
Invoking: MCU C Compiler
arm-none-eabi-gcc -DDEBUG -D__CODE_RED -D__REDLIB__ -I"C:\Users\aluno.RACK20-035525NB\Documents\LPCXpresso_8.2.2_650\workspace\CMSISv2p00_LPC17xx\inc" -I"C:\Users\aluno.RACK20-035525NB\Documents\LPCXpresso_8.2.2_650\workspace\Lib_MCU\inc" -O0 -g3 -Wall -c -fmessage-length=0 -fno-builtin -ffunction-sections -mcpu=cortex-m3 -mthumb -D__REDLIB__ -specs=redlib.specs -MMD -MP -MF"src/lpc17xx_i2c.d" -MT"src/lpc17xx_i2c.o" -MT"src/lpc17xx_i2c.d" -o "src/lpc17xx_i2c.o" "../src/lpc17xx_i2c.c"
Finished building: ../src/lpc17xx_i2c.c
 
Building file: ../src/lpc17xx_i2s.c
Invoking: MCU C Compiler
arm-none-eabi-gcc -DDEBUG -D__CODE_RED -D__REDLIB__ -I"C:\Users\aluno.RACK20-035525NB\Documents\LPCXpresso_8.2.2_650\workspace\CMSISv2p00_LPC17xx\inc" -I"C:\Users\aluno.RACK20-035525NB\Documents\LPCXpresso_8.2.2_650\workspace\Lib_MCU\inc" -O0 -g3 -Wall -c -fmessage-length=0 -fno-builtin -ffunction-sections -mcpu=cortex-m3 -mthumb -D__REDLIB__ -specs=redlib.specs -MMD -MP -MF"src/lpc17xx_i2s.d" -MT"src/lpc17xx_i2s.o" -MT"src/lpc17xx_i2s.d" -o "src/lpc17xx_i2s.o" "../src/lpc17xx_i2s.c"
Finished building: ../src/lpc17xx_i2s.c
 
Building file: ../src/lpc17xx_libcfg_default.c
Invoking: MCU C Compiler
arm-none-eabi-gcc -DDEBUG -D__CODE_RED -D__REDLIB__ -I"C:\Users\aluno.RACK20-035525NB\Documents\LPCXpresso_8.2.2_650\workspace\CMSISv2p00_LPC17xx\inc" -I"C:\Users\aluno.RACK20-035525NB\Documents\LPCXpresso_8.2.2_650\workspace\Lib_MCU\inc" -O0 -g3 -Wall -c -fmessage-length=0 -fno-builtin -ffunction-sections -mcpu=cortex-m3 -mthumb -D__REDLIB__ -specs=redlib.specs -MMD -MP -MF"src/lpc17xx_libcfg_default.d" -MT"src/lpc17xx_libcfg_default.o" -MT"src/lpc17xx_libcfg_default.d" -o "src/lpc17xx_libcfg_default.o" "../src/lpc17xx_libcfg_default.c"
Finished building: ../src/lpc17xx_libcfg_default.c
 
Building file: ../src/lpc17xx_mcpwm.c
Invoking: MCU C Compiler
arm-none-eabi-gcc -DDEBUG -D__CODE_RED -D__REDLIB__ -I"C:\Users\aluno.RACK20-035525NB\Documents\LPCXpresso_8.2.2_650\workspace\CMSISv2p00_LPC17xx\inc" -I"C:\Users\aluno.RACK20-035525NB\Documents\LPCXpresso_8.2.2_650\workspace\Lib_MCU\inc" -O0 -g3 -Wall -c -fmessage-length=0 -fno-builtin -ffunction-sections -mcpu=cortex-m3 -mthumb -D__REDLIB__ -specs=redlib.specs -MMD -MP -MF"src/lpc17xx_mcpwm.d" -MT"src/lpc17xx_mcpwm.o" -MT"src/lpc17xx_mcpwm.d" -o "src/lpc17xx_mcpwm.o" "../src/lpc17xx_mcpwm.c"
Finished building: ../src/lpc17xx_mcpwm.c
 
Building file: ../src/lpc17xx_nvic.c
Invoking: MCU C Compiler
arm-none-eabi-gcc -DDEBUG -D__CODE_RED -D__REDLIB__ -I"C:\Users\aluno.RACK20-035525NB\Documents\LPCXpresso_8.2.2_650\workspace\CMSISv2p00_LPC17xx\inc" -I"C:\Users\aluno.RACK20-035525NB\Documents\LPCXpresso_8.2.2_650\workspace\Lib_MCU\inc" -O0 -g3 -Wall -c -fmessage-length=0 -fno-builtin -ffunction-sections -mcpu=cortex-m3 -mthumb -D__REDLIB__ -specs=redlib.specs -MMD -MP -MF"src/lpc17xx_nvic.d" -MT"src/lpc17xx_nvic.o" -MT"src/lpc17xx_nvic.d" -o "src/lpc17xx_nvic.o" "../src/lpc17xx_nvic.c"
Finished building: ../src/lpc17xx_nvic.c
 
Building file: ../src/lpc17xx_pinsel.c
Invoking: MCU C Compiler
arm-none-eabi-gcc -DDEBUG -D__CODE_RED -D__REDLIB__ -I"C:\Users\aluno.RACK20-035525NB\Documents\LPCXpresso_8.2.2_650\workspace\CMSISv2p00_LPC17xx\inc" -I"C:\Users\aluno.RACK20-035525NB\Documents\LPCXpresso_8.2.2_650\workspace\Lib_MCU\inc" -O0 -g3 -Wall -c -fmessage-length=0 -fno-builtin -ffunction-sections -mcpu=cortex-m3 -mthumb -D__REDLIB__ -specs=redlib.specs -MMD -MP -MF"src/lpc17xx_pinsel.d" -MT"src/lpc17xx_pinsel.o" -MT"src/lpc17xx_pinsel.d" -o "src/lpc17xx_pinsel.o" "../src/lpc17xx_pinsel.c"
Finished building: ../src/lpc17xx_pinsel.c
 
Building file: ../src/lpc17xx_pwm.c
Invoking: MCU C Compiler
arm-none-eabi-gcc -DDEBUG -D__CODE_RED -D__REDLIB__ -I"C:\Users\aluno.RACK20-035525NB\Documents\LPCXpresso_8.2.2_650\workspace\CMSISv2p00_LPC17xx\inc" -I"C:\Users\aluno.RACK20-035525NB\Documents\LPCXpresso_8.2.2_650\workspace\Lib_MCU\inc" -O0 -g3 -Wall -c -fmessage-length=0 -fno-builtin -ffunction-sections -mcpu=cortex-m3 -mthumb -D__REDLIB__ -specs=redlib.specs -MMD -MP -MF"src/lpc17xx_pwm.d" -MT"src/lpc17xx_pwm.o" -MT"src/lpc17xx_pwm.d" -o "src/lpc17xx_pwm.o" "../src/lpc17xx_pwm.c"
Finished building: ../src/lpc17xx_pwm.c
 
Building file: ../src/lpc17xx_qei.c
Invoking: MCU C Compiler
arm-none-eabi-gcc -DDEBUG -D__CODE_RED -D__REDLIB__ -I"C:\Users\aluno.RACK20-035525NB\Documents\LPCXpresso_8.2.2_650\workspace\CMSISv2p00_LPC17xx\inc" -I"C:\Users\aluno.RACK20-035525NB\Documents\LPCXpresso_8.2.2_650\workspace\Lib_MCU\inc" -O0 -g3 -Wall -c -fmessage-length=0 -fno-builtin -ffunction-sections -mcpu=cortex-m3 -mthumb -D__REDLIB__ -specs=redlib.specs -MMD -MP -MF"src/lpc17xx_qei.d" -MT"src/lpc17xx_qei.o" -MT"src/lpc17xx_qei.d" -o "src/lpc17xx_qei.o" "../src/lpc17xx_qei.c"
Finished building: ../src/lpc17xx_qei.c
 
Building file: ../src/lpc17xx_rit.c
Invoking: MCU C Compiler
arm-none-eabi-gcc -DDEBUG -D__CODE_RED -D__REDLIB__ -I"C:\Users\aluno.RACK20-035525NB\Documents\LPCXpresso_8.2.2_650\workspace\CMSISv2p00_LPC17xx\inc" -I"C:\Users\aluno.RACK20-035525NB\Documents\LPCXpresso_8.2.2_650\workspace\Lib_MCU\inc" -O0 -g3 -Wall -c -fmessage-length=0 -fno-builtin -ffunction-sections -mcpu=cortex-m3 -mthumb -D__REDLIB__ -specs=redlib.specs -MMD -MP -MF"src/lpc17xx_rit.d" -MT"src/lpc17xx_rit.o" -MT"src/lpc17xx_rit.d" -o "src/lpc17xx_rit.o" "../src/lpc17xx_rit.c"
Finished building: ../src/lpc17xx_rit.c
 
Building file: ../src/lpc17xx_rtc.c
Invoking: MCU C Compiler
arm-none-eabi-gcc -DDEBUG -D__CODE_RED -D__REDLIB__ -I"C:\Users\aluno.RACK20-035525NB\Documents\LPCXpresso_8.2.2_650\workspace\CMSISv2p00_LPC17xx\inc" -I"C:\Users\aluno.RACK20-035525NB\Documents\LPCXpresso_8.2.2_650\workspace\Lib_MCU\inc" -O0 -g3 -Wall -c -fmessage-length=0 -fno-builtin -ffunction-sections -mcpu=cortex-m3 -mthumb -D__REDLIB__ -specs=redlib.specs -MMD -MP -MF"src/lpc17xx_rtc.d" -MT"src/lpc17xx_rtc.o" -MT"src/lpc17xx_rtc.d" -o "src/lpc17xx_rtc.o" "../src/lpc17xx_rtc.c"
Finished building: ../src/lpc17xx_rtc.c
 
Building file: ../src/lpc17xx_spi.c
Invoking: MCU C Compiler
arm-none-eabi-gcc -DDEBUG -D__CODE_RED -D__REDLIB__ -I"C:\Users\aluno.RACK20-035525NB\Documents\LPCXpresso_8.2.2_650\workspace\CMSISv2p00_LPC17xx\inc" -I"C:\Users\aluno.RACK20-035525NB\Documents\LPCXpresso_8.2.2_650\workspace\Lib_MCU\inc" -O0 -g3 -Wall -c -fmessage-length=0 -fno-builtin -ffunction-sections -mcpu=cortex-m3 -mthumb -D__REDLIB__ -specs=redlib.specs -MMD -MP -MF"src/lpc17xx_spi.d" -MT"src/lpc17xx_spi.o" -MT"src/lpc17xx_spi.d" -o "src/lpc17xx_spi.o" "../src/lpc17xx_spi.c"
Finished building: ../src/lpc17xx_spi.c
 
Building file: ../src/lpc17xx_ssp.c
Invoking: MCU C Compiler
arm-none-eabi-gcc -DDEBUG -D__CODE_RED -D__REDLIB__ -I"C:\Users\aluno.RACK20-035525NB\Documents\LPCXpresso_8.2.2_650\workspace\CMSISv2p00_LPC17xx\inc" -I"C:\Users\aluno.RACK20-035525NB\Documents\LPCXpresso_8.2.2_650\workspace\Lib_MCU\inc" -O0 -g3 -Wall -c -fmessage-length=0 -fno-builtin -ffunction-sections -mcpu=cortex-m3 -mthumb -D__REDLIB__ -specs=redlib.specs -MMD -MP -MF"src/lpc17xx_ssp.d" -MT"src/lpc17xx_ssp.o" -MT"src/lpc17xx_ssp.d" -o "src/lpc17xx_ssp.o" "../src/lpc17xx_ssp.c"
Finished building: ../src/lpc17xx_ssp.c
 
Building file: ../src/lpc17xx_timer.c
Invoking: MCU C Compiler
arm-none-eabi-gcc -DDEBUG -D__CODE_RED -D__REDLIB__ -I"C:\Users\aluno.RACK20-035525NB\Documents\LPCXpresso_8.2.2_650\workspace\CMSISv2p00_LPC17xx\inc" -I"C:\Users\aluno.RACK20-035525NB\Documents\LPCXpresso_8.2.2_650\workspace\Lib_MCU\inc" -O0 -g3 -Wall -c -fmessage-length=0 -fno-builtin -ffunction-sections -mcpu=cortex-m3 -mthumb -D__REDLIB__ -specs=redlib.specs -MMD -MP -MF"src/lpc17xx_timer.d" -MT"src/lpc17xx_timer.o" -MT"src/lpc17xx_timer.d" -o "src/lpc17xx_timer.o" "../src/lpc17xx_timer.c"
../src/lpc17xx_timer.c: In function 'TIM_Init':
../src/lpc17xx_timer.c:244:11: warning: variable 'timer' set but not used [-Wunused-but-set-variable]
  uint32_t timer;
           ^
../src/lpc17xx_timer.c: In function 'TIM_ConfigMatch':
../src/lpc17xx_timer.c:389:11: warning: variable 'timer' set but not used [-Wunused-but-set-variable]
  uint32_t timer;
           ^
../src/lpc17xx_timer.c: In function 'TIM_ConfigCapture':
../src/lpc17xx_timer.c:436:11: warning: variable 'timer' set but not used [-Wunused-but-set-variable]
  uint32_t timer;
           ^
Finished building: ../src/lpc17xx_timer.c
 
Building file: ../src/lpc17xx_uart.c
Invoking: MCU C Compiler
arm-none-eabi-gcc -DDEBUG -D__CODE_RED -D__REDLIB__ -I"C:\Users\aluno.RACK20-035525NB\Documents\LPCXpresso_8.2.2_650\workspace\CMSISv2p00_LPC17xx\inc" -I"C:\Users\aluno.RACK20-035525NB\Documents\LPCXpresso_8.2.2_650\workspace\Lib_MCU\inc" -O0 -g3 -Wall -c -fmessage-length=0 -fno-builtin -ffunction-sections -mcpu=cortex-m3 -mthumb -D__REDLIB__ -specs=redlib.specs -MMD -MP -MF"src/lpc17xx_uart.d" -MT"src/lpc17xx_uart.o" -MT"src/lpc17xx_uart.d" -o "src/lpc17xx_uart.o" "../src/lpc17xx_uart.c"
../src/lpc17xx_uart.c: In function 'UART_SendString':
../src/lpc17xx_uart.c:1394:33: warning: implicit declaration of function 'strlen' [-Wimplicit-function-declaration]
  return UART_Send(UARTx, txbuf, strlen(txbuf), BLOCKING);
                                 ^
Finished building: ../src/lpc17xx_uart.c
 
Building file: ../src/lpc17xx_wdt.c
Invoking: MCU C Compiler
arm-none-eabi-gcc -DDEBUG -D__CODE_RED -D__REDLIB__ -I"C:\Users\aluno.RACK20-035525NB\Documents\LPCXpresso_8.2.2_650\workspace\CMSISv2p00_LPC17xx\inc" -I"C:\Users\aluno.RACK20-035525NB\Documents\LPCXpresso_8.2.2_650\workspace\Lib_MCU\inc" -O0 -g3 -Wall -c -fmessage-length=0 -fno-builtin -ffunction-sections -mcpu=cortex-m3 -mthumb -D__REDLIB__ -specs=redlib.specs -MMD -MP -MF"src/lpc17xx_wdt.d" -MT"src/lpc17xx_wdt.o" -MT"src/lpc17xx_wdt.d" -o "src/lpc17xx_wdt.o" "../src/lpc17xx_wdt.c"
Finished building: ../src/lpc17xx_wdt.c
 
Building target: libLib_MCU.a
Invoking: MCU Archiver
arm-none-eabi-ar -r  "libLib_MCU.a"  ./src/lpc17xx_adc.o ./src/lpc17xx_can.o ./src/lpc17xx_clkpwr.o ./src/lpc17xx_dac.o ./src/lpc17xx_emac.o ./src/lpc17xx_gpio.o ./src/lpc17xx_i2c.o ./src/lpc17xx_i2s.o ./src/lpc17xx_libcfg_default.o ./src/lpc17xx_mcpwm.o ./src/lpc17xx_nvic.o ./src/lpc17xx_pinsel.o ./src/lpc17xx_pwm.o ./src/lpc17xx_qei.o ./src/lpc17xx_rit.o ./src/lpc17xx_rtc.o ./src/lpc17xx_spi.o ./src/lpc17xx_ssp.o ./src/lpc17xx_timer.o ./src/lpc17xx_uart.o ./src/lpc17xx_wdt.o   
c:\nxp\LPCXpresso_8.2.2_650\lpcxpresso\tools\bin\arm-none-eabi-ar.exe: creating libLib_MCU.a
Finished building target: libLib_MCU.a
 
make --no-print-directory post-build
Performing post-build steps
arm-none-eabi-size libLib_MCU.a ; # arm-none-eabi-objdump -h -S libLib_MCU.a >libLib_MCU.lss
   text	   data	    bss	    dec	    hex	filename
   1241	      0	      0	   1241	    4d9	lpc17xx_adc.o (ex libLib_MCU.a)
  10777	     16	     60	  10853	   2a65	lpc17xx_can.o (ex libLib_MCU.a)
    536	      0	      0	    536	    218	lpc17xx_clkpwr.o (ex libLib_MCU.a)
    385	      0	      0	    385	    181	lpc17xx_dac.o (ex libLib_MCU.a)
   2951	      0	  10892	  13843	   3613	lpc17xx_emac.o (ex libLib_MCU.a)
   1708	      0	      0	   1708	    6ac	lpc17xx_gpio.o (ex libLib_MCU.a)
   4469	      0	     36	   4505	   1199	lpc17xx_i2c.o (ex libLib_MCU.a)
   2901	      0	      8	   2909	    b5d	lpc17xx_i2s.o (ex libLib_MCU.a)
     12	      0	      0	     12	      c	lpc17xx_libcfg_default.o (ex libLib_MCU.a)
   1820	      0	      0	   1820	    71c	lpc17xx_mcpwm.o (ex libLib_MCU.a)
    240	      0	      0	    240	     f0	lpc17xx_nvic.o (ex libLib_MCU.a)
    564	      0	      0	    564	    234	lpc17xx_pinsel.o (ex libLib_MCU.a)
   2557	      0	      0	   2557	    9fd	lpc17xx_pwm.o (ex libLib_MCU.a)
   2145	      0	      0	   2145	    861	lpc17xx_qei.o (ex libLib_MCU.a)
    633	      0	      0	    633	    279	lpc17xx_rit.o (ex libLib_MCU.a)
   3905	      0	      0	   3905	    f41	lpc17xx_rtc.o (ex libLib_MCU.a)
   1717	      0	     12	   1729	    6c1	lpc17xx_spi.o (ex libLib_MCU.a)
   3517	      0	     24	   3541	    dd5	lpc17xx_ssp.o (ex libLib_MCU.a)
   2591	      0	      0	   2591	    a1f	lpc17xx_timer.o (ex libLib_MCU.a)
   5822	      0	     68	   5890	   1702	lpc17xx_uart.o (ex libLib_MCU.a)
    701	      0	      0	    701	    2bd	lpc17xx_wdt.o (ex libLib_MCU.a)
 
11:36:40 **** Clean-only build of configuration Debug for project Lib_EaBaseBoard ****
make -r clean 
rm -rf  ./src/acc.o ./src/eeprom.o ./src/flash.o ./src/font5x7.o ./src/joystick.o ./src/led7seg.o ./src/light.o ./src/oled.o ./src/pca9532.o ./src/rgb.o ./src/rotary.o ./src/temp.o ./src/uart2.o  ./src/acc.d ./src/eeprom.d ./src/flash.d ./src/font5x7.d ./src/joystick.d ./src/led7seg.d ./src/light.d ./src/oled.d ./src/pca9532.d ./src/rgb.d ./src/rotary.d ./src/temp.d ./src/uart2.d  libLib_EaBaseBoard.a
 
11:36:43 **** Build of configuration Debug for project Lib_EaBaseBoard ****
make -r all 
Building file: ../src/acc.c
Invoking: MCU C Compiler
arm-none-eabi-gcc -DDEBUG -D__CODE_RED -D__REDLIB__ -I"C:\Users\aluno.RACK20-035525NB\Documents\LPCXpresso_8.2.2_650\workspace\CMSISv2p00_LPC17xx\inc" -I"C:\Users\aluno.RACK20-035525NB\Documents\LPCXpresso_8.2.2_650\workspace\Lib_EaBaseBoard\inc" -I"C:\Users\aluno.RACK20-035525NB\Documents\LPCXpresso_8.2.2_650\workspace\Lib_MCU\inc" -O0 -g3 -Wall -c -fmessage-length=0 -fno-builtin -ffunction-sections -mcpu=cortex-m3 -mthumb -D__REDLIB__ -specs=redlib.specs -MMD -MP -MF"src/acc.d" -MT"src/acc.o" -MT"src/acc.d" -o "src/acc.o" "../src/acc.c"
Finished building: ../src/acc.c
 
Building file: ../src/eeprom.c
Invoking: MCU C Compiler
arm-none-eabi-gcc -DDEBUG -D__CODE_RED -D__REDLIB__ -I"C:\Users\aluno.RACK20-035525NB\Documents\LPCXpresso_8.2.2_650\workspace\CMSISv2p00_LPC17xx\inc" -I"C:\Users\aluno.RACK20-035525NB\Documents\LPCXpresso_8.2.2_650\workspace\Lib_EaBaseBoard\inc" -I"C:\Users\aluno.RACK20-035525NB\Documents\LPCXpresso_8.2.2_650\workspace\Lib_MCU\inc" -O0 -g3 -Wall -c -fmessage-length=0 -fno-builtin -ffunction-sections -mcpu=cortex-m3 -mthumb -D__REDLIB__ -specs=redlib.specs -MMD -MP -MF"src/eeprom.d" -MT"src/eeprom.o" -MT"src/eeprom.d" -o "src/eeprom.o" "../src/eeprom.c"
Finished building: ../src/eeprom.c
 
Building file: ../src/flash.c
Invoking: MCU C Compiler
arm-none-eabi-gcc -DDEBUG -D__CODE_RED -D__REDLIB__ -I"C:\Users\aluno.RACK20-035525NB\Documents\LPCXpresso_8.2.2_650\workspace\CMSISv2p00_LPC17xx\inc" -I"C:\Users\aluno.RACK20-035525NB\Documents\LPCXpresso_8.2.2_650\workspace\Lib_EaBaseBoard\inc" -I"C:\Users\aluno.RACK20-035525NB\Documents\LPCXpresso_8.2.2_650\workspace\Lib_MCU\inc" -O0 -g3 -Wall -c -fmessage-length=0 -fno-builtin -ffunction-sections -mcpu=cortex-m3 -mthumb -D__REDLIB__ -specs=redlib.specs -MMD -MP -MF"src/flash.d" -MT"src/flash.o" -MT"src/flash.d" -o "src/flash.o" "../src/flash.c"
Finished building: ../src/flash.c
 
Building file: ../src/font5x7.c
Invoking: MCU C Compiler
arm-none-eabi-gcc -DDEBUG -D__CODE_RED -D__REDLIB__ -I"C:\Users\aluno.RACK20-035525NB\Documents\LPCXpresso_8.2.2_650\workspace\CMSISv2p00_LPC17xx\inc" -I"C:\Users\aluno.RACK20-035525NB\Documents\LPCXpresso_8.2.2_650\workspace\Lib_EaBaseBoard\inc" -I"C:\Users\aluno.RACK20-035525NB\Documents\LPCXpresso_8.2.2_650\workspace\Lib_MCU\inc" -O0 -g3 -Wall -c -fmessage-length=0 -fno-builtin -ffunction-sections -mcpu=cortex-m3 -mthumb -D__REDLIB__ -specs=redlib.specs -MMD -MP -MF"src/font5x7.d" -MT"src/font5x7.o" -MT"src/font5x7.d" -o "src/font5x7.o" "../src/font5x7.c"
Finished building: ../src/font5x7.c
 
Building file: ../src/joystick.c
Invoking: MCU C Compiler
arm-none-eabi-gcc -DDEBUG -D__CODE_RED -D__REDLIB__ -I"C:\Users\aluno.RACK20-035525NB\Documents\LPCXpresso_8.2.2_650\workspace\CMSISv2p00_LPC17xx\inc" -I"C:\Users\aluno.RACK20-035525NB\Documents\LPCXpresso_8.2.2_650\workspace\Lib_EaBaseBoard\inc" -I"C:\Users\aluno.RACK20-035525NB\Documents\LPCXpresso_8.2.2_650\workspace\Lib_MCU\inc" -O0 -g3 -Wall -c -fmessage-length=0 -fno-builtin -ffunction-sections -mcpu=cortex-m3 -mthumb -D__REDLIB__ -specs=redlib.specs -MMD -MP -MF"src/joystick.d" -MT"src/joystick.o" -MT"src/joystick.d" -o "src/joystick.o" "../src/joystick.c"
Finished building: ../src/joystick.c
 
Building file: ../src/led7seg.c
Invoking: MCU C Compiler
arm-none-eabi-gcc -DDEBUG -D__CODE_RED -D__REDLIB__ -I"C:\Users\aluno.RACK20-035525NB\Documents\LPCXpresso_8.2.2_650\workspace\CMSISv2p00_LPC17xx\inc" -I"C:\Users\aluno.RACK20-035525NB\Documents\LPCXpresso_8.2.2_650\workspace\Lib_EaBaseBoard\inc" -I"C:\Users\aluno.RACK20-035525NB\Documents\LPCXpresso_8.2.2_650\workspace\Lib_MCU\inc" -O0 -g3 -Wall -c -fmessage-length=0 -fno-builtin -ffunction-sections -mcpu=cortex-m3 -mthumb -D__REDLIB__ -specs=redlib.specs -MMD -MP -MF"src/led7seg.d" -MT"src/led7seg.o" -MT"src/led7seg.d" -o "src/led7seg.o" "../src/led7seg.c"
Finished building: ../src/led7seg.c
 
Building file: ../src/light.c
Invoking: MCU C Compiler
arm-none-eabi-gcc -DDEBUG -D__CODE_RED -D__REDLIB__ -I"C:\Users\aluno.RACK20-035525NB\Documents\LPCXpresso_8.2.2_650\workspace\CMSISv2p00_LPC17xx\inc" -I"C:\Users\aluno.RACK20-035525NB\Documents\LPCXpresso_8.2.2_650\workspace\Lib_EaBaseBoard\inc" -I"C:\Users\aluno.RACK20-035525NB\Documents\LPCXpresso_8.2.2_650\workspace\Lib_MCU\inc" -O0 -g3 -Wall -c -fmessage-length=0 -fno-builtin -ffunction-sections -mcpu=cortex-m3 -mthumb -D__REDLIB__ -specs=redlib.specs -MMD -MP -MF"src/light.d" -MT"src/light.o" -MT"src/light.d" -o "src/light.o" "../src/light.c"
Finished building: ../src/light.c
 
Building file: ../src/oled.c
Invoking: MCU C Compiler
arm-none-eabi-gcc -DDEBUG -D__CODE_RED -D__REDLIB__ -I"C:\Users\aluno.RACK20-035525NB\Documents\LPCXpresso_8.2.2_650\workspace\CMSISv2p00_LPC17xx\inc" -I"C:\Users\aluno.RACK20-035525NB\Documents\LPCXpresso_8.2.2_650\workspace\Lib_EaBaseBoard\inc" -I"C:\Users\aluno.RACK20-035525NB\Documents\LPCXpresso_8.2.2_650\workspace\Lib_MCU\inc" -O0 -g3 -Wall -c -fmessage-length=0 -fno-builtin -ffunction-sections -mcpu=cortex-m3 -mthumb -D__REDLIB__ -specs=redlib.specs -MMD -MP -MF"src/oled.d" -MT"src/oled.o" -MT"src/oled.d" -o "src/oled.o" "../src/oled.c"
Finished building: ../src/oled.c
 
Building file: ../src/pca9532.c
Invoking: MCU C Compiler
arm-none-eabi-gcc -DDEBUG -D__CODE_RED -D__REDLIB__ -I"C:\Users\aluno.RACK20-035525NB\Documents\LPCXpresso_8.2.2_650\workspace\CMSISv2p00_LPC17xx\inc" -I"C:\Users\aluno.RACK20-035525NB\Documents\LPCXpresso_8.2.2_650\workspace\Lib_EaBaseBoard\inc" -I"C:\Users\aluno.RACK20-035525NB\Documents\LPCXpresso_8.2.2_650\workspace\Lib_MCU\inc" -O0 -g3 -Wall -c -fmessage-length=0 -fno-builtin -ffunction-sections -mcpu=cortex-m3 -mthumb -D__REDLIB__ -specs=redlib.specs -MMD -MP -MF"src/pca9532.d" -MT"src/pca9532.o" -MT"src/pca9532.d" -o "src/pca9532.o" "../src/pca9532.c"
Finished building: ../src/pca9532.c
 
Building file: ../src/rgb.c
Invoking: MCU C Compiler
arm-none-eabi-gcc -DDEBUG -D__CODE_RED -D__REDLIB__ -I"C:\Users\aluno.RACK20-035525NB\Documents\LPCXpresso_8.2.2_650\workspace\CMSISv2p00_LPC17xx\inc" -I"C:\Users\aluno.RACK20-035525NB\Documents\LPCXpresso_8.2.2_650\workspace\Lib_EaBaseBoard\inc" -I"C:\Users\aluno.RACK20-035525NB\Documents\LPCXpresso_8.2.2_650\workspace\Lib_MCU\inc" -O0 -g3 -Wall -c -fmessage-length=0 -fno-builtin -ffunction-sections -mcpu=cortex-m3 -mthumb -D__REDLIB__ -specs=redlib.specs -MMD -MP -MF"src/rgb.d" -MT"src/rgb.o" -MT"src/rgb.d" -o "src/rgb.o" "../src/rgb.c"
Finished building: ../src/rgb.c
 
Building file: ../src/rotary.c
Invoking: MCU C Compiler
arm-none-eabi-gcc -DDEBUG -D__CODE_RED -D__REDLIB__ -I"C:\Users\aluno.RACK20-035525NB\Documents\LPCXpresso_8.2.2_650\workspace\CMSISv2p00_LPC17xx\inc" -I"C:\Users\aluno.RACK20-035525NB\Documents\LPCXpresso_8.2.2_650\workspace\Lib_EaBaseBoard\inc" -I"C:\Users\aluno.RACK20-035525NB\Documents\LPCXpresso_8.2.2_650\workspace\Lib_MCU\inc" -O0 -g3 -Wall -c -fmessage-length=0 -fno-builtin -ffunction-sections -mcpu=cortex-m3 -mthumb -D__REDLIB__ -specs=redlib.specs -MMD -MP -MF"src/rotary.d" -MT"src/rotary.o" -MT"src/rotary.d" -o "src/rotary.o" "../src/rotary.c"
Finished building: ../src/rotary.c
 
Building file: ../src/temp.c
Invoking: MCU C Compiler
arm-none-eabi-gcc -DDEBUG -D__CODE_RED -D__REDLIB__ -I"C:\Users\aluno.RACK20-035525NB\Documents\LPCXpresso_8.2.2_650\workspace\CMSISv2p00_LPC17xx\inc" -I"C:\Users\aluno.RACK20-035525NB\Documents\LPCXpresso_8.2.2_650\workspace\Lib_EaBaseBoard\inc" -I"C:\Users\aluno.RACK20-035525NB\Documents\LPCXpresso_8.2.2_650\workspace\Lib_MCU\inc" -O0 -g3 -Wall -c -fmessage-length=0 -fno-builtin -ffunction-sections -mcpu=cortex-m3 -mthumb -D__REDLIB__ -specs=redlib.specs -MMD -MP -MF"src/temp.d" -MT"src/temp.o" -MT"src/temp.d" -o "src/temp.o" "../src/temp.c"
Finished building: ../src/temp.c
 
Building file: ../src/uart2.c
Invoking: MCU C Compiler
arm-none-eabi-gcc -DDEBUG -D__CODE_RED -D__REDLIB__ -I"C:\Users\aluno.RACK20-035525NB\Documents\LPCXpresso_8.2.2_650\workspace\CMSISv2p00_LPC17xx\inc" -I"C:\Users\aluno.RACK20-035525NB\Documents\LPCXpresso_8.2.2_650\workspace\Lib_EaBaseBoard\inc" -I"C:\Users\aluno.RACK20-035525NB\Documents\LPCXpresso_8.2.2_650\workspace\Lib_MCU\inc" -O0 -g3 -Wall -c -fmessage-length=0 -fno-builtin -ffunction-sections -mcpu=cortex-m3 -mthumb -D__REDLIB__ -specs=redlib.specs -MMD -MP -MF"src/uart2.d" -MT"src/uart2.o" -MT"src/uart2.d" -o "src/uart2.o" "../src/uart2.c"
Finished building: ../src/uart2.c
 
Building target: libLib_EaBaseBoard.a
Invoking: MCU Archiver
arm-none-eabi-ar -r  "libLib_EaBaseBoard.a"  ./src/acc.o ./src/eeprom.o ./src/flash.o ./src/font5x7.o ./src/joystick.o ./src/led7seg.o ./src/light.o ./src/oled.o ./src/pca9532.o ./src/rgb.o ./src/rotary.o ./src/temp.o ./src/uart2.o   
c:\nxp\LPCXpresso_8.2.2_650\lpcxpresso\tools\bin\arm-none-eabi-ar.exe: creating libLib_EaBaseBoard.a
Finished building target: libLib_EaBaseBoard.a
 
make --no-print-directory post-build
Performing post-build steps
arm-none-eabi-size libLib_EaBaseBoard.a ; # arm-none-eabi-objdump -h -S libLib_EaBaseBoard.a >libLib_EaBaseBoard.lss
   text	   data	    bss	    dec	    hex	filename
    580	      0	      0	    580	    244	acc.o (ex libLib_EaBaseBoard.a)
    588	      0	      0	    588	    24c	eeprom.o (ex libLib_EaBaseBoard.a)
   1395	     80	     12	   1487	    5cf	flash.o (ex libLib_EaBaseBoard.a)
    768	      0	      0	    768	    300	font5x7.o (ex libLib_EaBaseBoard.a)
    168	      0	      0	    168	     a8	joystick.o (ex libLib_EaBaseBoard.a)
    144	     80	      0	    224	     e0	led7seg.o (ex libLib_EaBaseBoard.a)
   1176	      8	      0	   1184	    4a0	light.o (ex libLib_EaBaseBoard.a)
   3032	      0	    768	   3800	    ed8	oled.o (ex libLib_EaBaseBoard.a)
   1080	      0	      6	   1086	    43e	pca9532.o (ex libLib_EaBaseBoard.a)
    148	      0	      0	    148	     94	rgb.o (ex libLib_EaBaseBoard.a)
    232	      0	      0	    232	     e8	rotary.o (ex libLib_EaBaseBoard.a)
    276	      0	      4	    280	    118	temp.o (ex libLib_EaBaseBoard.a)
    848	      0	      1	    849	    351	uart2.o (ex libLib_EaBaseBoard.a)
 
11:38:08 **** Clean-only build of configuration Debug for project oled_periph ****
make -r clean 
rm -rf  ./src/cr_startup_lpc17.o ./src/main.o  ./src/cr_startup_lpc17.d ./src/main.d  oled_periph.axf
 
11:38:10 **** Build of configuration Debug for project oled_periph ****
make -r all 
Building file: ../src/cr_startup_lpc17.c
Invoking: MCU C Compiler
arm-none-eabi-gcc -DDEBUG -D__USE_CMSIS=CMSISv1p30_LPC17xx -D__CODE_RED -D__NEWLIB__ -I"C:\Users\aluno.RACK20-035525NB\Documents\LPCXpresso_8.2.2_650\workspace\CMSISv2p00_LPC17xx\inc" -I"C:\Users\aluno.RACK20-035525NB\Documents\LPCXpresso_8.2.2_650\workspace\Lib_EaBaseBoard\inc" -I"C:\Users\aluno.RACK20-035525NB\Documents\LPCXpresso_8.2.2_650\workspace\Lib_MCU\inc" -O0 -g3 -Wall -c -fmessage-length=0 -fno-builtin -ffunction-sections -mcpu=cortex-m3 -mthumb -D__NEWLIB__ -MMD -MP -MF"src/cr_startup_lpc17.d" -MT"src/cr_startup_lpc17.o" -MT"src/cr_startup_lpc17.d" -o "src/cr_startup_lpc17.o" "../src/cr_startup_lpc17.c"
Finished building: ../src/cr_startup_lpc17.c
 
Building file: ../src/main.c
Invoking: MCU C Compiler
arm-none-eabi-gcc -DDEBUG -D__USE_CMSIS=CMSISv1p30_LPC17xx -D__CODE_RED -D__NEWLIB__ -I"C:\Users\aluno.RACK20-035525NB\Documents\LPCXpresso_8.2.2_650\workspace\CMSISv2p00_LPC17xx\inc" -I"C:\Users\aluno.RACK20-035525NB\Documents\LPCXpresso_8.2.2_650\workspace\Lib_EaBaseBoard\inc" -I"C:\Users\aluno.RACK20-035525NB\Documents\LPCXpresso_8.2.2_650\workspace\Lib_MCU\inc" -O0 -g3 -Wall -c -fmessage-length=0 -fno-builtin -ffunction-sections -mcpu=cortex-m3 -mthumb -D__NEWLIB__ -MMD -MP -MF"src/main.d" -MT"src/main.o" -MT"src/main.d" -o "src/main.o" "../src/main.c"
Finished building: ../src/main.c
 
Building target: oled_periph.axf
Invoking: MCU Linker
arm-none-eabi-gcc -nostdlib -L"C:\Users\aluno.RACK20-035525NB\Documents\LPCXpresso_8.2.2_650\workspace\CMSISv2p00_LPC17xx\Debug" -L"C:\Users\aluno.RACK20-035525NB\Documents\LPCXpresso_8.2.2_650\workspace\Lib_EaBaseBoard\Debug" -L"C:\Users\aluno.RACK20-035525NB\Documents\LPCXpresso_8.2.2_650\workspace\Lib_MCU\Debug" -Xlinker --gc-sections -Xlinker -Map=oled_periph.map -mcpu=cortex-m3 -mthumb -T "rdb1768cmsis_uart_Debug.ld" -o "oled_periph.axf"  ./src/cr_startup_lpc17.o ./src/main.o   -lCMSISv2p00_LPC17xx -lLib_EaBaseBoard -lLib_MCU
Finished building target: oled_periph.axf
 
make --no-print-directory post-build
Performing post-build steps
arm-none-eabi-size oled_periph.axf; # arm-none-eabi-objdump -h -S oled_periph.axf >oled_periph.lss
   text	   data	    bss	    dec	    hex	filename
  15360	     16	    848	  16224	   3f60	oled_periph.axf
 
11:38:38 **** Incremental Build of configuration Debug for project oled_periph ****
make -r all 
make: Nothing to be done for `all'.
