11:36:43 **** Build of configuration Debug for project Lib_EaBaseBoard ****
make -r all 
Building file: ../src/acc.c
Invoking: MCU C Compiler
arm-none-eabi-gcc -DDEBUG -D__CODE_RED -D__REDLIB__ -I"C:\Users\aluno.RACK20-035525NB\Documents\LPCXpresso_8.2.2_650\workspace\CMSISv2p00_LPC17xx\inc" -I"C:\Users\aluno.RACK20-035525NB\Documents\LPCXpresso_8.2.2_650\workspace\Lib_EaBaseBoard\inc" -I"C:\Users\aluno.RACK20-035525NB\Documents\LPCXpresso_8.2.2_650\workspace\Lib_MCU\inc" -O0 -g3 -Wall -c -fmessage-length=0 -fno-builtin -ffunction-sections -mcpu=cortex-m3 -mthumb -D__REDLIB__ -specs=redlib.specs -MMD -MP -MF"src/acc.d" -MT"src/acc.o" -MT"src/acc.d" -o "src/acc.o" "../src/acc.c"
Finished building: ../src/acc.c
 
Building file: ../src/eeprom.c
Invoking: MCU C Compiler
arm-none-eabi-gcc -DDEBUG -D__CODE_RED -D__REDLIB__ -I"C:\Users\aluno.RACK20-035525NB\Documents\LPCXpresso_8.2.2_650\workspace\CMSISv2p00_LPC17xx\inc" -I"C:\Users\aluno.RACK20-035525NB\Documents\LPCXpresso_8.2.2_650\workspace\Lib_EaBaseBoard\inc" -I"C:\Users\aluno.RACK20-035525NB\Documents\LPCXpresso_8.2.2_650\workspace\Lib_MCU\inc" -O0 -g3 -Wall -c -fmessage-length=0 -fno-builtin -ffunction-sections -mcpu=cortex-m3 -mthumb -D__REDLIB__ -specs=redlib.specs -MMD -MP -MF"src/eeprom.d" -MT"src/eeprom.o" -MT"src/eeprom.d" -o "src/eeprom.o" "../src/eeprom.c"
Finished building: ../src/eeprom.c
 
Building file: ../src/flash.c
Invoking: MCU C Compiler
arm-none-eabi-gcc -DDEBUG -D__CODE_RED -D__REDLIB__ -I"C:\Users\aluno.RACK20-035525NB\Documents\LPCXpresso_8.2.2_650\workspace\CMSISv2p00_LPC17xx\inc" -I"C:\Users\aluno.RACK20-035525NB\Documents\LPCXpresso_8.2.2_650\workspace\Lib_EaBaseBoard\inc" -I"C:\Users\aluno.RACK20-035525NB\Documents\LPCXpresso_8.2.2_650\workspace\Lib_MCU\inc" -O0 -g3 -Wall -c -fmessage-length=0 -fno-builtin -ffunction-sections -mcpu=cortex-m3 -mthumb -D__REDLIB__ -specs=redlib.specs -MMD -MP -MF"src/flash.d" -MT"src/flash.o" -MT"src/flash.d" -o "src/flash.o" "../src/flash.c"
Finished building: ../src/flash.c
 
Building file: ../src/font5x7.c
Invoking: MCU C Compiler
arm-none-eabi-gcc -DDEBUG -D__CODE_RED -D__REDLIB__ -I"C:\Users\aluno.RACK20-035525NB\Documents\LPCXpresso_8.2.2_650\workspace\CMSISv2p00_LPC17xx\inc" -I"C:\Users\aluno.RACK20-035525NB\Documents\LPCXpresso_8.2.2_650\workspace\Lib_EaBaseBoard\inc" -I"C:\Users\aluno.RACK20-035525NB\Documents\LPCXpresso_8.2.2_650\workspace\Lib_MCU\inc" -O0 -g3 -Wall -c -fmessage-length=0 -fno-builtin -ffunction-sections -mcpu=cortex-m3 -mthumb -D__REDLIB__ -specs=redlib.specs -MMD -MP -MF"src/font5x7.d" -MT"src/font5x7.o" -MT"src/font5x7.d" -o "src/font5x7.o" "../src/font5x7.c"
Finished building: ../src/font5x7.c
 
Building file: ../src/joystick.c
Invoking: MCU C Compiler
arm-none-eabi-gcc -DDEBUG -D__CODE_RED -D__REDLIB__ -I"C:\Users\aluno.RACK20-035525NB\Documents\LPCXpresso_8.2.2_650\workspace\CMSISv2p00_LPC17xx\inc" -I"C:\Users\aluno.RACK20-035525NB\Documents\LPCXpresso_8.2.2_650\workspace\Lib_EaBaseBoard\inc" -I"C:\Users\aluno.RACK20-035525NB\Documents\LPCXpresso_8.2.2_650\workspace\Lib_MCU\inc" -O0 -g3 -Wall -c -fmessage-length=0 -fno-builtin -ffunction-sections -mcpu=cortex-m3 -mthumb -D__REDLIB__ -specs=redlib.specs -MMD -MP -MF"src/joystick.d" -MT"src/joystick.o" -MT"src/joystick.d" -o "src/joystick.o" "../src/joystick.c"
Finished building: ../src/joystick.c
 
Building file: ../src/led7seg.c
Invoking: MCU C Compiler
arm-none-eabi-gcc -DDEBUG -D__CODE_RED -D__REDLIB__ -I"C:\Users\aluno.RACK20-035525NB\Documents\LPCXpresso_8.2.2_650\workspace\CMSISv2p00_LPC17xx\inc" -I"C:\Users\aluno.RACK20-035525NB\Documents\LPCXpresso_8.2.2_650\workspace\Lib_EaBaseBoard\inc" -I"C:\Users\aluno.RACK20-035525NB\Documents\LPCXpresso_8.2.2_650\workspace\Lib_MCU\inc" -O0 -g3 -Wall -c -fmessage-length=0 -fno-builtin -ffunction-sections -mcpu=cortex-m3 -mthumb -D__REDLIB__ -specs=redlib.specs -MMD -MP -MF"src/led7seg.d" -MT"src/led7seg.o" -MT"src/led7seg.d" -o "src/led7seg.o" "../src/led7seg.c"
Finished building: ../src/led7seg.c
 
Building file: ../src/light.c
Invoking: MCU C Compiler
arm-none-eabi-gcc -DDEBUG -D__CODE_RED -D__REDLIB__ -I"C:\Users\aluno.RACK20-035525NB\Documents\LPCXpresso_8.2.2_650\workspace\CMSISv2p00_LPC17xx\inc" -I"C:\Users\aluno.RACK20-035525NB\Documents\LPCXpresso_8.2.2_650\workspace\Lib_EaBaseBoard\inc" -I"C:\Users\aluno.RACK20-035525NB\Documents\LPCXpresso_8.2.2_650\workspace\Lib_MCU\inc" -O0 -g3 -Wall -c -fmessage-length=0 -fno-builtin -ffunction-sections -mcpu=cortex-m3 -mthumb -D__REDLIB__ -specs=redlib.specs -MMD -MP -MF"src/light.d" -MT"src/light.o" -MT"src/light.d" -o "src/light.o" "../src/light.c"
Finished building: ../src/light.c
 
Building file: ../src/oled.c
Invoking: MCU C Compiler
arm-none-eabi-gcc -DDEBUG -D__CODE_RED -D__REDLIB__ -I"C:\Users\aluno.RACK20-035525NB\Documents\LPCXpresso_8.2.2_650\workspace\CMSISv2p00_LPC17xx\inc" -I"C:\Users\aluno.RACK20-035525NB\Documents\LPCXpresso_8.2.2_650\workspace\Lib_EaBaseBoard\inc" -I"C:\Users\aluno.RACK20-035525NB\Documents\LPCXpresso_8.2.2_650\workspace\Lib_MCU\inc" -O0 -g3 -Wall -c -fmessage-length=0 -fno-builtin -ffunction-sections -mcpu=cortex-m3 -mthumb -D__REDLIB__ -specs=redlib.specs -MMD -MP -MF"src/oled.d" -MT"src/oled.o" -MT"src/oled.d" -o "src/oled.o" "../src/oled.c"
Finished building: ../src/oled.c
 
Building file: ../src/pca9532.c
Invoking: MCU C Compiler
arm-none-eabi-gcc -DDEBUG -D__CODE_RED -D__REDLIB__ -I"C:\Users\aluno.RACK20-035525NB\Documents\LPCXpresso_8.2.2_650\workspace\CMSISv2p00_LPC17xx\inc" -I"C:\Users\aluno.RACK20-035525NB\Documents\LPCXpresso_8.2.2_650\workspace\Lib_EaBaseBoard\inc" -I"C:\Users\aluno.RACK20-035525NB\Documents\LPCXpresso_8.2.2_650\workspace\Lib_MCU\inc" -O0 -g3 -Wall -c -fmessage-length=0 -fno-builtin -ffunction-sections -mcpu=cortex-m3 -mthumb -D__REDLIB__ -specs=redlib.specs -MMD -MP -MF"src/pca9532.d" -MT"src/pca9532.o" -MT"src/pca9532.d" -o "src/pca9532.o" "../src/pca9532.c"
Finished building: ../src/pca9532.c
 
Building file: ../src/rgb.c
Invoking: MCU C Compiler
arm-none-eabi-gcc -DDEBUG -D__CODE_RED -D__REDLIB__ -I"C:\Users\aluno.RACK20-035525NB\Documents\LPCXpresso_8.2.2_650\workspace\CMSISv2p00_LPC17xx\inc" -I"C:\Users\aluno.RACK20-035525NB\Documents\LPCXpresso_8.2.2_650\workspace\Lib_EaBaseBoard\inc" -I"C:\Users\aluno.RACK20-035525NB\Documents\LPCXpresso_8.2.2_650\workspace\Lib_MCU\inc" -O0 -g3 -Wall -c -fmessage-length=0 -fno-builtin -ffunction-sections -mcpu=cortex-m3 -mthumb -D__REDLIB__ -specs=redlib.specs -MMD -MP -MF"src/rgb.d" -MT"src/rgb.o" -MT"src/rgb.d" -o "src/rgb.o" "../src/rgb.c"
Finished building: ../src/rgb.c
 
Building file: ../src/rotary.c
Invoking: MCU C Compiler
arm-none-eabi-gcc -DDEBUG -D__CODE_RED -D__REDLIB__ -I"C:\Users\aluno.RACK20-035525NB\Documents\LPCXpresso_8.2.2_650\workspace\CMSISv2p00_LPC17xx\inc" -I"C:\Users\aluno.RACK20-035525NB\Documents\LPCXpresso_8.2.2_650\workspace\Lib_EaBaseBoard\inc" -I"C:\Users\aluno.RACK20-035525NB\Documents\LPCXpresso_8.2.2_650\workspace\Lib_MCU\inc" -O0 -g3 -Wall -c -fmessage-length=0 -fno-builtin -ffunction-sections -mcpu=cortex-m3 -mthumb -D__REDLIB__ -specs=redlib.specs -MMD -MP -MF"src/rotary.d" -MT"src/rotary.o" -MT"src/rotary.d" -o "src/rotary.o" "../src/rotary.c"
Finished building: ../src/rotary.c
 
Building file: ../src/temp.c
Invoking: MCU C Compiler
arm-none-eabi-gcc -DDEBUG -D__CODE_RED -D__REDLIB__ -I"C:\Users\aluno.RACK20-035525NB\Documents\LPCXpresso_8.2.2_650\workspace\CMSISv2p00_LPC17xx\inc" -I"C:\Users\aluno.RACK20-035525NB\Documents\LPCXpresso_8.2.2_650\workspace\Lib_EaBaseBoard\inc" -I"C:\Users\aluno.RACK20-035525NB\Documents\LPCXpresso_8.2.2_650\workspace\Lib_MCU\inc" -O0 -g3 -Wall -c -fmessage-length=0 -fno-builtin -ffunction-sections -mcpu=cortex-m3 -mthumb -D__REDLIB__ -specs=redlib.specs -MMD -MP -MF"src/temp.d" -MT"src/temp.o" -MT"src/temp.d" -o "src/temp.o" "../src/temp.c"
Finished building: ../src/temp.c
 
Building file: ../src/uart2.c
Invoking: MCU C Compiler
arm-none-eabi-gcc -DDEBUG -D__CODE_RED -D__REDLIB__ -I"C:\Users\aluno.RACK20-035525NB\Documents\LPCXpresso_8.2.2_650\workspace\CMSISv2p00_LPC17xx\inc" -I"C:\Users\aluno.RACK20-035525NB\Documents\LPCXpresso_8.2.2_650\workspace\Lib_EaBaseBoard\inc" -I"C:\Users\aluno.RACK20-035525NB\Documents\LPCXpresso_8.2.2_650\workspace\Lib_MCU\inc" -O0 -g3 -Wall -c -fmessage-length=0 -fno-builtin -ffunction-sections -mcpu=cortex-m3 -mthumb -D__REDLIB__ -specs=redlib.specs -MMD -MP -MF"src/uart2.d" -MT"src/uart2.o" -MT"src/uart2.d" -o "src/uart2.o" "../src/uart2.c"
Finished building: ../src/uart2.c
 
Building target: libLib_EaBaseBoard.a
Invoking: MCU Archiver
arm-none-eabi-ar -r  "libLib_EaBaseBoard.a"  ./src/acc.o ./src/eeprom.o ./src/flash.o ./src/font5x7.o ./src/joystick.o ./src/led7seg.o ./src/light.o ./src/oled.o ./src/pca9532.o ./src/rgb.o ./src/rotary.o ./src/temp.o ./src/uart2.o   
c:\nxp\LPCXpresso_8.2.2_650\lpcxpresso\tools\bin\arm-none-eabi-ar.exe: creating libLib_EaBaseBoard.a
Finished building target: libLib_EaBaseBoard.a
 
make --no-print-directory post-build
Performing post-build steps
arm-none-eabi-size libLib_EaBaseBoard.a ; # arm-none-eabi-objdump -h -S libLib_EaBaseBoard.a >libLib_EaBaseBoard.lss
   text	   data	    bss	    dec	    hex	filename
    580	      0	      0	    580	    244	acc.o (ex libLib_EaBaseBoard.a)
    588	      0	      0	    588	    24c	eeprom.o (ex libLib_EaBaseBoard.a)
   1395	     80	     12	   1487	    5cf	flash.o (ex libLib_EaBaseBoard.a)
    768	      0	      0	    768	    300	font5x7.o (ex libLib_EaBaseBoard.a)
    168	      0	      0	    168	     a8	joystick.o (ex libLib_EaBaseBoard.a)
    144	     80	      0	    224	     e0	led7seg.o (ex libLib_EaBaseBoard.a)
   1176	      8	      0	   1184	    4a0	light.o (ex libLib_EaBaseBoard.a)
   3032	      0	    768	   3800	    ed8	oled.o (ex libLib_EaBaseBoard.a)
   1080	      0	      6	   1086	    43e	pca9532.o (ex libLib_EaBaseBoard.a)
    148	      0	      0	    148	     94	rgb.o (ex libLib_EaBaseBoard.a)
    232	      0	      0	    232	     e8	rotary.o (ex libLib_EaBaseBoard.a)
    276	      0	      4	    280	    118	temp.o (ex libLib_EaBaseBoard.a)
    848	      0	      1	    849	    351	uart2.o (ex libLib_EaBaseBoard.a)
 

11:38:02 Build Finished (took 1m:18s.837ms)

