14:04:56 **** Incremental Build of configuration Debug for project demo ****
make -r all 
Building target: demo.axf
Invoking: MCU Linker
arm-none-eabi-gcc -nostdlib -L"C:\Users\rodri\Documents\LPCXpresso_8.2.2_650\embedded_LPCXpresso\workspace\CMSISv2p00_LPC17xx\Debug" -L"C:\Users\rodri\Documents\LPCXpresso_8.2.2_650\embedded_LPCXpresso\workspace\Lib_EaBaseBoard\Debug" -L"C:\Users\rodri\Documents\LPCXpresso_8.2.2_650\embedded_LPCXpresso\workspace\Lib_MCU\Debug" -Xlinker --gc-sections -Xlinker -Map=demo.map -mcpu=cortex-m3 -mthumb -T "rdb1768cmsis_uart_Debug.ld" -o "demo.axf"  ./src/cr_startup_lpc17.o ./src/main.o   -lCMSISv2p00_LPC17xx -lLib_EaBaseBoard -lLib_MCU
Finished building target: demo.axf
 
make --no-print-directory post-build
Performing post-build steps
arm-none-eabi-size demo.axf; # arm-none-eabi-objdump -h -S demo.axf >demo.lss
   text	   data	    bss	    dec	    hex	filename
  14796	    152	    844	  15792	   3db0	demo.axf
 

14:04:57 Build Finished (took 887ms)

