16:13:21 **** Incremental Build of configuration Debug for project Project ****
make -r all 
Building file: ../src/Project.c
Invoking: MCU C Compiler
arm-none-eabi-gcc -DDEBUG -D__CODE_RED -DCORE_M3 -D__USE_CMSIS=CMSISv2p00_LPC17xx -D__LPC17XX__ -D__REDLIB__ -I"C:\Users\rodri\Documents\LPCXpresso_8.2.2_650\embedded_LPCXpresso\workspace\CMSISv2p00_LPC17xx\inc" -I"C:\Users\rodri\Documents\LPCXpresso_8.2.2_650\embedded_LPCXpresso\workspace\Lib_EaBaseBoard\inc" -I"C:\Users\rodri\Documents\LPCXpresso_8.2.2_650\embedded_LPCXpresso\workspace\Lib_MCU\inc" -O0 -fno-common -g3 -Wall -c -fmessage-length=0 -fno-builtin -ffunction-sections -fdata-sections -mcpu=cortex-m3 -mthumb -specs=redlib.specs -MMD -MP -MF"src/Project.d" -MT"src/Project.o" -MT"src/Project.d" -o "src/Project.o" "../src/Project.c"
Finished building: ../src/Project.c
 
Building target: Project.axf
Invoking: MCU Linker
arm-none-eabi-gcc -nostdlib -L"C:\Users\rodri\Documents\LPCXpresso_8.2.2_650\embedded_LPCXpresso\workspace\CMSISv2p00_LPC17xx\Debug" -L"C:\Users\rodri\Documents\LPCXpresso_8.2.2_650\embedded_LPCXpresso\workspace\Lib_EaBaseBoard\Debug" -L"C:\Users\rodri\Documents\LPCXpresso_8.2.2_650\embedded_LPCXpresso\workspace\Lib_MCU\Debug" -Xlinker -Map="Project.map" -Xlinker --gc-sections -Xlinker -print-memory-usage -mcpu=cortex-m3 -mthumb -T "Project_Debug.ld" -o "Project.axf"  ./src/Project.o ./src/cr_startup_lpc175x_6x.o ./src/crp.o   -lCMSISv2p00_LPC17xx -lLib_EaBaseBoard -lLib_MCU
Memory region         Used Size  Region Size  %age Used
       MFlash512:       15400 B       512 KB      2.94%
        RamLoc32:         940 B        32 KB      2.87%
        RamAHB32:          0 GB        32 KB      0.00%
Finished building target: Project.axf
 
make --no-print-directory post-build
Performing post-build steps
arm-none-eabi-size "Project.axf"; # arm-none-eabi-objcopy -v -O binary "Project.axf" "Project.bin" ; # checksum -p LPC1769 -d "Project.bin";
   text	   data	    bss	    dec	    hex	filename
  15312	     88	    852	  16252	   3f7c	Project.axf
 

16:13:23 Build Finished (took 1s.219ms)

