Archive member included to satisfy reference by file (symbol)

C:\Users\rodri\Documents\LPCXpresso_8.2.2_650\embedded_LPCXpresso\workspace\CMSISv2p00_LPC17xx\Debug\libCMSISv2p00_LPC17xx.a(system_LPC17xx.o)
                              ./src/cr_startup_lpc175x_6x.o (SystemInit)
C:\Users\rodri\Documents\LPCXpresso_8.2.2_650\embedded_LPCXpresso\workspace\Lib_EaBaseBoard\Debug\libLib_EaBaseBoard.a(acc.o)
                              ./src/Project.o (acc_init)
C:\Users\rodri\Documents\LPCXpresso_8.2.2_650\embedded_LPCXpresso\workspace\Lib_EaBaseBoard\Debug\libLib_EaBaseBoard.a(joystick.o)
                              ./src/Project.o (joystick_init)
C:\Users\rodri\Documents\LPCXpresso_8.2.2_650\embedded_LPCXpresso\workspace\Lib_EaBaseBoard\Debug\libLib_EaBaseBoard.a(led7seg.o)
                              ./src/Project.o (led7seg_init)
C:\Users\rodri\Documents\LPCXpresso_8.2.2_650\embedded_LPCXpresso\workspace\Lib_EaBaseBoard\Debug\libLib_EaBaseBoard.a(oled.o)
                              ./src/Project.o (oled_init)
C:\Users\rodri\Documents\LPCXpresso_8.2.2_650\embedded_LPCXpresso\workspace\Lib_EaBaseBoard\Debug\libLib_EaBaseBoard.a(rgb.o)
                              ./src/Project.o (rgb_init)
C:\Users\rodri\Documents\LPCXpresso_8.2.2_650\embedded_LPCXpresso\workspace\Lib_EaBaseBoard\Debug\libLib_EaBaseBoard.a(temp.o)
                              ./src/Project.o (temp_init)
C:\Users\rodri\Documents\LPCXpresso_8.2.2_650\embedded_LPCXpresso\workspace\Lib_EaBaseBoard\Debug\libLib_EaBaseBoard.a(font5x7.o)
                              C:\Users\rodri\Documents\LPCXpresso_8.2.2_650\embedded_LPCXpresso\workspace\Lib_EaBaseBoard\Debug\libLib_EaBaseBoard.a(oled.o) (font5x7)
C:\Users\rodri\Documents\LPCXpresso_8.2.2_650\embedded_LPCXpresso\workspace\Lib_MCU\Debug\libLib_MCU.a(lpc17xx_adc.o)
                              ./src/Project.o (ADC_Init)
C:\Users\rodri\Documents\LPCXpresso_8.2.2_650\embedded_LPCXpresso\workspace\Lib_MCU\Debug\libLib_MCU.a(lpc17xx_clkpwr.o)
                              C:\Users\rodri\Documents\LPCXpresso_8.2.2_650\embedded_LPCXpresso\workspace\Lib_MCU\Debug\libLib_MCU.a(lpc17xx_adc.o) (CLKPWR_GetPCLK)
C:\Users\rodri\Documents\LPCXpresso_8.2.2_650\embedded_LPCXpresso\workspace\Lib_MCU\Debug\libLib_MCU.a(lpc17xx_gpio.o)
                              C:\Users\rodri\Documents\LPCXpresso_8.2.2_650\embedded_LPCXpresso\workspace\Lib_EaBaseBoard\Debug\libLib_EaBaseBoard.a(joystick.o) (GPIO_SetDir)
C:\Users\rodri\Documents\LPCXpresso_8.2.2_650\embedded_LPCXpresso\workspace\Lib_MCU\Debug\libLib_MCU.a(lpc17xx_i2c.o)
                              ./src/Project.o (I2C_Init)
C:\Users\rodri\Documents\LPCXpresso_8.2.2_650\embedded_LPCXpresso\workspace\Lib_MCU\Debug\libLib_MCU.a(lpc17xx_libcfg_default.o)
                              C:\Users\rodri\Documents\LPCXpresso_8.2.2_650\embedded_LPCXpresso\workspace\Lib_MCU\Debug\libLib_MCU.a(lpc17xx_adc.o) (check_failed)
C:\Users\rodri\Documents\LPCXpresso_8.2.2_650\embedded_LPCXpresso\workspace\Lib_MCU\Debug\libLib_MCU.a(lpc17xx_pinsel.o)
                              ./src/Project.o (PINSEL_ConfigPin)
C:\Users\rodri\Documents\LPCXpresso_8.2.2_650\embedded_LPCXpresso\workspace\Lib_MCU\Debug\libLib_MCU.a(lpc17xx_ssp.o)
                              ./src/Project.o (SSP_Init)
C:\Users\rodri\Documents\LPCXpresso_8.2.2_650\embedded_LPCXpresso\workspace\Lib_MCU\Debug\libLib_MCU.a(lpc17xx_timer.o)
                              ./src/Project.o (Timer0_Wait)
c:/nxp/lpcxpresso_8.2.2_650/lpcxpresso/tools/bin/../lib/gcc/arm-none-eabi/5.4.1/../../../../arm-none-eabi/lib/armv7-m\libcr_c.a(memset.o)
                              C:\Users\rodri\Documents\LPCXpresso_8.2.2_650\embedded_LPCXpresso\workspace\Lib_EaBaseBoard\Debug\libLib_EaBaseBoard.a(oled.o) (memset)
c:/nxp/lpcxpresso_8.2.2_650/lpcxpresso/tools/bin/../lib/gcc/arm-none-eabi/5.4.1/../../../../arm-none-eabi/lib/armv7-m\libcr_c.a(__weak__main.o)
                              ./src/cr_startup_lpc175x_6x.o (__main)
c:/nxp/lpcxpresso_8.2.2_650/lpcxpresso/tools/bin/../lib/gcc/arm-none-eabi/5.4.1/armv7-m\libcr_eabihelpers.a(division_64.o)
                              C:\Users\rodri\Documents\LPCXpresso_8.2.2_650\embedded_LPCXpresso\workspace\CMSISv2p00_LPC17xx\Debug\libCMSISv2p00_LPC17xx.a(system_LPC17xx.o) (__aeabi_uldivmod)
c:/nxp/lpcxpresso_8.2.2_650/lpcxpresso/tools/bin/../lib/gcc/arm-none-eabi/5.4.1/armv7-m\libcr_eabihelpers.a(division_idiv0.o)
                              c:/nxp/lpcxpresso_8.2.2_650/lpcxpresso/tools/bin/../lib/gcc/arm-none-eabi/5.4.1/armv7-m\libcr_eabihelpers.a(division_64.o) (__aeabi_idiv0)
c:/nxp/lpcxpresso_8.2.2_650/lpcxpresso/tools/bin/../lib/gcc/arm-none-eabi/5.4.1/armv7-m\libcr_eabihelpers.a(memcpy.o)
                              c:/nxp/lpcxpresso_8.2.2_650/lpcxpresso/tools/bin/../lib/gcc/arm-none-eabi/5.4.1/../../../../arm-none-eabi/lib/armv7-m\libcr_c.a(memset.o) (__aeabi_lowlevel_memset)

Discarded input sections

 .group         0x00000000        0x8 ./src/Project.o
[...]
Memory Configuration

Name             Origin             Length             Attributes
MFlash512        0x00000000         0x00080000         xr
RamLoc32         0x10000000         0x00008000         xrw
RamAHB32         0x2007c000         0x00008000         xrw
*default*        0x00000000         0xffffffff

Linker script and memory map

LOAD ./src/Project.o
LOAD ./src/cr_startup_lpc175x_6x.o
LOAD ./src/crp.o
LOAD C:\Users\rodri\Documents\LPCXpresso_8.2.2_650\embedded_LPCXpresso\workspace\CMSISv2p00_LPC17xx\Debug\libCMSISv2p00_LPC17xx.a
LOAD C:\Users\rodri\Documents\LPCXpresso_8.2.2_650\embedded_LPCXpresso\workspace\Lib_EaBaseBoard\Debug\libLib_EaBaseBoard.a
LOAD C:\Users\rodri\Documents\LPCXpresso_8.2.2_650\embedded_LPCXpresso\workspace\Lib_MCU\Debug\libLib_MCU.a
START GROUP
LOAD c:/nxp/lpcxpresso_8.2.2_650/lpcxpresso/tools/bin/../lib/gcc/arm-none-eabi/5.4.1/../../../../arm-none-eabi/lib/armv7-m\libcr_c.a
LOAD c:/nxp/lpcxpresso_8.2.2_650/lpcxpresso/tools/bin/../lib/gcc/arm-none-eabi/5.4.1/armv7-m\libcr_eabihelpers.a
END GROUP
                0x00000000                __base_MFlash512 = 0x0
                0x00000000                __base_Flash = 0x0
                0x00080000                __top_MFlash512 = 0x80000
                0x00080000                __top_Flash = 0x80000
                0x10000000                __base_RamLoc32 = 0x10000000
                0x10000000                __base_RAM = 0x10000000
                0x10008000                __top_RamLoc32 = 0x10008000
                0x10008000                __top_RAM = 0x10008000
                0x2007c000                __base_RamAHB32 = 0x2007c000
                0x2007c000                __base_RAM2 = 0x2007c000
                0x20084000                __top_RamAHB32 = 0x20084000
                0x20084000                __top_RAM2 = 0x20084000

.text           0x00000000     0x3bd0
 FILL mask 0xff
                0x00000000                __vectors_start__ = ABSOLUTE (.)
 *(.isr_vector)
 .isr_vector    0x00000000       0xcc ./src/cr_startup_lpc175x_6x.o
                0x00000000                g_pfnVectors
                0x000000cc                . = ALIGN (0x4)
                0x000000cc                __section_table_start = .
                0x000000cc                __data_section_table = .
                0x000000cc        0x4 LONG 0x3bd0 LOADADDR (.data)
                0x000000d0        0x4 LONG 0x10000000 ADDR (.data)
                0x000000d4        0x4 LONG 0x58 SIZEOF (.data)
                0x000000d8        0x4 LONG 0x3bd0 LOADADDR (.data_RAM2)
                0x000000dc        0x4 LONG 0x2007c000 ADDR (.data_RAM2)
                0x000000e0        0x4 LONG 0x0 SIZEOF (.data_RAM2)
                0x000000e4                __data_section_table_end = .
                0x000000e4                __bss_section_table = .
                0x000000e4        0x4 LONG 0x10000058 ADDR (.bss)
                0x000000e8        0x4 LONG 0x354 SIZEOF (.bss)
                0x000000ec        0x4 LONG 0x2007c000 ADDR (.bss_RAM2)
                0x000000f0        0x4 LONG 0x0 SIZEOF (.bss_RAM2)
                0x000000f4                __bss_section_table_end = .
                0x000000f4                __section_table_end = .
 *(.after_vectors*)
 .after_vectors
                0x000000f4      0x144 ./src/cr_startup_lpc175x_6x.o
                0x000000f4                data_init
                0x00000138                bss_init
                0x00000170                ResetISR
                0x000001e8                NMI_Handler
                0x000001f0                HardFault_Handler
                0x000001f8                MemManage_Handler
                0x00000200                BusFault_Handler
                0x00000208                UsageFault_Handler
                0x00000210                SVC_Handler
                0x00000218                DebugMon_Handler
                0x00000220                PendSV_Handler
                0x00000230                UART1_IRQHandler
                0x00000230                EINT3_IRQHandler
                0x00000230                CANActivity_IRQHandler
                0x00000230                TIMER3_IRQHandler
                0x00000230                UART0_IRQHandler
                0x00000230                USBActivity_IRQHandler
                0x00000230                EINT2_IRQHandler
                0x00000230                IntDefaultHandler
                0x00000230                PLL0_IRQHandler
                0x00000230                CAN_IRQHandler
                0x00000230                I2C0_IRQHandler
                0x00000230                SSP0_IRQHandler
                0x00000230                I2C1_IRQHandler
                0x00000230                I2C2_IRQHandler
                0x00000230                RTC_IRQHandler
                0x00000230                TIMER0_IRQHandler
                0x00000230                SPI_IRQHandler
                0x00000230                RIT_IRQHandler
                0x00000230                EINT1_IRQHandler
                0x00000230                TIMER1_IRQHandler
                0x00000230                UART2_IRQHandler
                0x00000230                ADC_IRQHandler
                0x00000230                SSP1_IRQHandler
                0x00000230                USB_IRQHandler
                0x00000230                BOD_IRQHandler
                0x00000230                PWM1_IRQHandler
                0x00000230                WDT_IRQHandler
                0x00000230                I2S_IRQHandler
                0x00000230                QEI_IRQHandler
                0x00000230                EINT0_IRQHandler
                0x00000230                PLL1_IRQHandler
                0x00000230                DMA_IRQHandler
                0x00000230                TIMER2_IRQHandler
                0x00000230                UART3_IRQHandler
                0x00000230                MCPWM_IRQHandler
                0x00000230                ENET_IRQHandler
                0x000002fc                . = 0x2fc
 *fill*         0x00000238       0xc4 ff
                0x000002fc                PROVIDE (__CRP_WORD_START__, .)
 *(.crp)
 .crp           0x000002fc        0x4 ./src/crp.o
                0x000002fc                CRP_WORD
                0x00000300                PROVIDE (__CRP_WORD_END__, .)
                0x00000001                ASSERT (! ((__CRP_WORD_START__ == __CRP_WORD_END__)), Linker CRP Enabled, but no CRP_WORD provided within application)
 *(.text*)
 .text.NVIC_SetPriority
                0x00000300       0x54 ./src/Project.o
 .text.SysTick_Config
                0x00000354       0x44 ./src/Project.o
 .text.intToString
                0x00000398       0xc8 ./src/Project.o
 .text.SysTick_Handler
                0x00000460       0x1c ./src/Project.o
                0x00000460                SysTick_Handler
 .text.getTicks
                0x0000047c       0x14 ./src/Project.o
 .text.init_ssp
                0x00000490       0x78 ./src/Project.o
 .text.init_i2c
                0x00000508       0x48 ./src/Project.o
 .text.init_adc
                0x00000550       0x50 ./src/Project.o
 .text.joystickLed
                0x000005a0      0x10c ./src/Project.o
 .text.temperatureLed
                0x000006ac       0xcc ./src/Project.o
 .text.accLed   0x00000778      0x198 ./src/Project.o
 .text.main     0x00000910      0x160 ./src/Project.o
                0x00000910                main
 .text.SystemInit
                0x00000a70       0xe4 C:\Users\rodri\Documents\LPCXpresso_8.2.2_650\embedded_LPCXpresso\workspace\CMSISv2p00_LPC17xx\Debug\libCMSISv2p00_LPC17xx.a(system_LPC17xx.o)
                0x00000a70                SystemInit
 .text.I2CRead  0x00000b54       0x50 C:\Users\rodri\Documents\LPCXpresso_8.2.2_650\embedded_LPCXpresso\workspace\Lib_EaBaseBoard\Debug\libLib_EaBaseBoard.a(acc.o)
 .text.I2CWrite
                0x00000ba4       0x50 C:\Users\rodri\Documents\LPCXpresso_8.2.2_650\embedded_LPCXpresso\workspace\Lib_EaBaseBoard\Debug\libLib_EaBaseBoard.a(acc.o)
 .text.getStatus
                0x00000bf4       0x2c C:\Users\rodri\Documents\LPCXpresso_8.2.2_650\embedded_LPCXpresso\workspace\Lib_EaBaseBoard\Debug\libLib_EaBaseBoard.a(acc.o)
 .text.setModeControl
                0x00000c20       0x28 C:\Users\rodri\Documents\LPCXpresso_8.2.2_650\embedded_LPCXpresso\workspace\Lib_EaBaseBoard\Debug\libLib_EaBaseBoard.a(acc.o)
 .text.acc_init
                0x00000c48       0x10 C:\Users\rodri\Documents\LPCXpresso_8.2.2_650\embedded_LPCXpresso\workspace\Lib_EaBaseBoard\Debug\libLib_EaBaseBoard.a(acc.o)
                0x00000c48                acc_init
 .text.acc_read
                0x00000c58       0x9c C:\Users\rodri\Documents\LPCXpresso_8.2.2_650\embedded_LPCXpresso\workspace\Lib_EaBaseBoard\Debug\libLib_EaBaseBoard.a(acc.o)
                0x00000c58                acc_read
 .text.joystick_init
                0x00000cf4       0x20 C:\Users\rodri\Documents\LPCXpresso_8.2.2_650\embedded_LPCXpresso\workspace\Lib_EaBaseBoard\Debug\libLib_EaBaseBoard.a(joystick.o)
                0x00000cf4                joystick_init
 .text.joystick_read
                0x00000d14       0x88 C:\Users\rodri\Documents\LPCXpresso_8.2.2_650\embedded_LPCXpresso\workspace\Lib_EaBaseBoard\Debug\libLib_EaBaseBoard.a(joystick.o)
                0x00000d14                joystick_read
 .text.led7seg_init
                0x00000d9c       0x1c C:\Users\rodri\Documents\LPCXpresso_8.2.2_650\embedded_LPCXpresso\workspace\Lib_EaBaseBoard\Debug\libLib_EaBaseBoard.a(led7seg.o)
                0x00000d9c                led7seg_init
 .text.led7seg_setChar
                0x00000db8       0x74 C:\Users\rodri\Documents\LPCXpresso_8.2.2_650\embedded_LPCXpresso\workspace\Lib_EaBaseBoard\Debug\libLib_EaBaseBoard.a(led7seg.o)
                0x00000db8                led7seg_setChar
 .text.writeCommand
                0x00000e2c       0x48 C:\Users\rodri\Documents\LPCXpresso_8.2.2_650\embedded_LPCXpresso\workspace\Lib_EaBaseBoard\Debug\libLib_EaBaseBoard.a(oled.o)
 .text.writeData
                0x00000e74       0x48 C:\Users\rodri\Documents\LPCXpresso_8.2.2_650\embedded_LPCXpresso\workspace\Lib_EaBaseBoard\Debug\libLib_EaBaseBoard.a(oled.o)
 .text.writeDataLen
                0x00000ebc       0x78 C:\Users\rodri\Documents\LPCXpresso_8.2.2_650\embedded_LPCXpresso\workspace\Lib_EaBaseBoard\Debug\libLib_EaBaseBoard.a(oled.o)
 .text.runInitSequence
                0x00000f34       0xd4 C:\Users\rodri\Documents\LPCXpresso_8.2.2_650\embedded_LPCXpresso\workspace\Lib_EaBaseBoard\Debug\libLib_EaBaseBoard.a(oled.o)
 .text.hLine    0x00001008       0x58 C:\Users\rodri\Documents\LPCXpresso_8.2.2_650\embedded_LPCXpresso\workspace\Lib_EaBaseBoard\Debug\libLib_EaBaseBoard.a(oled.o)
 .text.vLine    0x00001060       0x58 C:\Users\rodri\Documents\LPCXpresso_8.2.2_650\embedded_LPCXpresso\workspace\Lib_EaBaseBoard\Debug\libLib_EaBaseBoard.a(oled.o)
 .text.oled_init
                0x000010b8       0x74 C:\Users\rodri\Documents\LPCXpresso_8.2.2_650\embedded_LPCXpresso\workspace\Lib_EaBaseBoard\Debug\libLib_EaBaseBoard.a(oled.o)
                0x000010b8                oled_init
 .text.oled_putPixel
                0x0000112c      0x150 C:\Users\rodri\Documents\LPCXpresso_8.2.2_650\embedded_LPCXpresso\workspace\Lib_EaBaseBoard\Debug\libLib_EaBaseBoard.a(oled.o)
                0x0000112c                oled_putPixel
 .text.oled_fillRect
                0x0000127c       0xa0 C:\Users\rodri\Documents\LPCXpresso_8.2.2_650\embedded_LPCXpresso\workspace\Lib_EaBaseBoard\Debug\libLib_EaBaseBoard.a(oled.o)
                0x0000127c                oled_fillRect
 .text.oled_clearScreen
                0x0000131c       0x64 C:\Users\rodri\Documents\LPCXpresso_8.2.2_650\embedded_LPCXpresso\workspace\Lib_EaBaseBoard\Debug\libLib_EaBaseBoard.a(oled.o)
                0x0000131c                oled_clearScreen
 .text.oled_putChar
                0x00001380       0xd8 C:\Users\rodri\Documents\LPCXpresso_8.2.2_650\embedded_LPCXpresso\workspace\Lib_EaBaseBoard\Debug\libLib_EaBaseBoard.a(oled.o)
                0x00001380                oled_putChar
 .text.oled_putString
                0x00001458       0x54 C:\Users\rodri\Documents\LPCXpresso_8.2.2_650\embedded_LPCXpresso\workspace\Lib_EaBaseBoard\Debug\libLib_EaBaseBoard.a(oled.o)
                0x00001458                oled_putString
 .text.rgb_init
                0x000014ac       0x28 C:\Users\rodri\Documents\LPCXpresso_8.2.2_650\embedded_LPCXpresso\workspace\Lib_EaBaseBoard\Debug\libLib_EaBaseBoard.a(rgb.o)
                0x000014ac                rgb_init
 .text.rgb_setLeds
                0x000014d4       0x6c C:\Users\rodri\Documents\LPCXpresso_8.2.2_650\embedded_LPCXpresso\workspace\Lib_EaBaseBoard\Debug\libLib_EaBaseBoard.a(rgb.o)
                0x000014d4                rgb_setLeds
 .text.temp_init
                0x00001540       0x24 C:\Users\rodri\Documents\LPCXpresso_8.2.2_650\embedded_LPCXpresso\workspace\Lib_EaBaseBoard\Debug\libLib_EaBaseBoard.a(temp.o)
                0x00001540                temp_init
 .text.temp_read
                0x00001564       0xf0 C:\Users\rodri\Documents\LPCXpresso_8.2.2_650\embedded_LPCXpresso\workspace\Lib_EaBaseBoard\Debug\libLib_EaBaseBoard.a(temp.o)
                0x00001564                temp_read
 .text.ADC_Init
                0x00001654       0x78 C:\Users\rodri\Documents\LPCXpresso_8.2.2_650\embedded_LPCXpresso\workspace\Lib_MCU\Debug\libLib_MCU.a(lpc17xx_adc.o)
                0x00001654                ADC_Init
 .text.ADC_IntConfig
                0x000016cc       0x9c C:\Users\rodri\Documents\LPCXpresso_8.2.2_650\embedded_LPCXpresso\workspace\Lib_MCU\Debug\libLib_MCU.a(lpc17xx_adc.o)
                0x000016cc                ADC_IntConfig
 .text.ADC_ChannelCmd
                0x00001768       0x60 C:\Users\rodri\Documents\LPCXpresso_8.2.2_650\embedded_LPCXpresso\workspace\Lib_MCU\Debug\libLib_MCU.a(lpc17xx_adc.o)
                0x00001768                ADC_ChannelCmd
 .text.CLKPWR_SetPCLKDiv
                0x000017c8       0x8c C:\Users\rodri\Documents\LPCXpresso_8.2.2_650\embedded_LPCXpresso\workspace\Lib_MCU\Debug\libLib_MCU.a(lpc17xx_clkpwr.o)
                0x000017c8                CLKPWR_SetPCLKDiv
 .text.CLKPWR_GetPCLKSEL
                0x00001854       0x48 C:\Users\rodri\Documents\LPCXpresso_8.2.2_650\embedded_LPCXpresso\workspace\Lib_MCU\Debug\libLib_MCU.a(lpc17xx_clkpwr.o)
                0x00001854                CLKPWR_GetPCLKSEL
 .text.CLKPWR_GetPCLK
                0x0000189c       0x64 C:\Users\rodri\Documents\LPCXpresso_8.2.2_650\embedded_LPCXpresso\workspace\Lib_MCU\Debug\libLib_MCU.a(lpc17xx_clkpwr.o)
                0x0000189c                CLKPWR_GetPCLK
 .text.CLKPWR_ConfigPPWR
                0x00001900       0x58 C:\Users\rodri\Documents\LPCXpresso_8.2.2_650\embedded_LPCXpresso\workspace\Lib_MCU\Debug\libLib_MCU.a(lpc17xx_clkpwr.o)
                0x00001900                CLKPWR_ConfigPPWR
 .text.GPIO_GetPointer
                0x00001958       0x70 C:\Users\rodri\Documents\LPCXpresso_8.2.2_650\embedded_LPCXpresso\workspace\Lib_MCU\Debug\libLib_MCU.a(lpc17xx_gpio.o)
 .text.GPIO_SetDir
                0x000019c8       0x4c C:\Users\rodri\Documents\LPCXpresso_8.2.2_650\embedded_LPCXpresso\workspace\Lib_MCU\Debug\libLib_MCU.a(lpc17xx_gpio.o)
                0x000019c8                GPIO_SetDir
 .text.GPIO_SetValue
                0x00001a14       0x2c C:\Users\rodri\Documents\LPCXpresso_8.2.2_650\embedded_LPCXpresso\workspace\Lib_MCU\Debug\libLib_MCU.a(lpc17xx_gpio.o)
                0x00001a14                GPIO_SetValue
 .text.GPIO_ClearValue
                0x00001a40       0x2c C:\Users\rodri\Documents\LPCXpresso_8.2.2_650\embedded_LPCXpresso\workspace\Lib_MCU\Debug\libLib_MCU.a(lpc17xx_gpio.o)
                0x00001a40                GPIO_ClearValue
 .text.GPIO_ReadValue
                0x00001a6c       0x2c C:\Users\rodri\Documents\LPCXpresso_8.2.2_650\embedded_LPCXpresso\workspace\Lib_MCU\Debug\libLib_MCU.a(lpc17xx_gpio.o)
                0x00001a6c                GPIO_ReadValue
 .text.NVIC_EnableIRQ
                0x00001a98       0x30 C:\Users\rodri\Documents\LPCXpresso_8.2.2_650\embedded_LPCXpresso\workspace\Lib_MCU\Debug\libLib_MCU.a(lpc17xx_i2c.o)
 .text.NVIC_DisableIRQ
                0x00001ac8       0x34 C:\Users\rodri\Documents\LPCXpresso_8.2.2_650\embedded_LPCXpresso\workspace\Lib_MCU\Debug\libLib_MCU.a(lpc17xx_i2c.o)
 .text.I2C_getNum
                0x00001afc       0x48 C:\Users\rodri\Documents\LPCXpresso_8.2.2_650\embedded_LPCXpresso\workspace\Lib_MCU\Debug\libLib_MCU.a(lpc17xx_i2c.o)
 .text.I2C_Start
                0x00001b44       0x3c C:\Users\rodri\Documents\LPCXpresso_8.2.2_650\embedded_LPCXpresso\workspace\Lib_MCU\Debug\libLib_MCU.a(lpc17xx_i2c.o)
 .text.I2C_Stop
                0x00001b80       0x30 C:\Users\rodri\Documents\LPCXpresso_8.2.2_650\embedded_LPCXpresso\workspace\Lib_MCU\Debug\libLib_MCU.a(lpc17xx_i2c.o)
 .text.I2C_SendByte
                0x00001bb0       0x4c C:\Users\rodri\Documents\LPCXpresso_8.2.2_650\embedded_LPCXpresso\workspace\Lib_MCU\Debug\libLib_MCU.a(lpc17xx_i2c.o)
 .text.I2C_GetByte
                0x00001bfc       0x54 C:\Users\rodri\Documents\LPCXpresso_8.2.2_650\embedded_LPCXpresso\workspace\Lib_MCU\Debug\libLib_MCU.a(lpc17xx_i2c.o)
 .text.I2C_IntCmd
                0x00001c50       0x88 C:\Users\rodri\Documents\LPCXpresso_8.2.2_650\embedded_LPCXpresso\workspace\Lib_MCU\Debug\libLib_MCU.a(lpc17xx_i2c.o)
                0x00001c50                I2C_IntCmd
 .text.I2C_MasterHandler
                0x00001cd8      0x3a0 C:\Users\rodri\Documents\LPCXpresso_8.2.2_650\embedded_LPCXpresso\workspace\Lib_MCU\Debug\libLib_MCU.a(lpc17xx_i2c.o)
                0x00001cd8                I2C_MasterHandler
 .text.I2C_SetClock
                0x00002078       0xa4 C:\Users\rodri\Documents\LPCXpresso_8.2.2_650\embedded_LPCXpresso\workspace\Lib_MCU\Debug\libLib_MCU.a(lpc17xx_i2c.o)
                0x00002078                I2C_SetClock
 .text.I2C_Init
                0x0000211c       0xa4 C:\Users\rodri\Documents\LPCXpresso_8.2.2_650\embedded_LPCXpresso\workspace\Lib_MCU\Debug\libLib_MCU.a(lpc17xx_i2c.o)
                0x0000211c                I2C_Init
 .text.I2C_Cmd  0x000021c0       0x70 C:\Users\rodri\Documents\LPCXpresso_8.2.2_650\embedded_LPCXpresso\workspace\Lib_MCU\Debug\libLib_MCU.a(lpc17xx_i2c.o)
                0x000021c0                I2C_Cmd
 .text.I2C_MasterTransferData
                0x00002230      0x2f8 C:\Users\rodri\Documents\LPCXpresso_8.2.2_650\embedded_LPCXpresso\workspace\Lib_MCU\Debug\libLib_MCU.a(lpc17xx_i2c.o)
                0x00002230                I2C_MasterTransferData
 .text.check_failed
                0x00002528        0xc C:\Users\rodri\Documents\LPCXpresso_8.2.2_650\embedded_LPCXpresso\workspace\Lib_MCU\Debug\libLib_MCU.a(lpc17xx_libcfg_default.o)
                0x00002528                check_failed
 .text.PINSEL_SetPinFunc
                0x00002534       0x84 C:\Users\rodri\Documents\LPCXpresso_8.2.2_650\embedded_LPCXpresso\workspace\Lib_MCU\Debug\libLib_MCU.a(lpc17xx_pinsel.o)
                0x00002534                PINSEL_SetPinFunc
 .text.PINSEL_SetResistorMode
                0x000025b8       0x84 C:\Users\rodri\Documents\LPCXpresso_8.2.2_650\embedded_LPCXpresso\workspace\Lib_MCU\Debug\libLib_MCU.a(lpc17xx_pinsel.o)
                0x000025b8                PINSEL_SetResistorMode
 .text.PINSEL_SetOpenDrainMode
                0x0000263c       0x6c C:\Users\rodri\Documents\LPCXpresso_8.2.2_650\embedded_LPCXpresso\workspace\Lib_MCU\Debug\libLib_MCU.a(lpc17xx_pinsel.o)
                0x0000263c                PINSEL_SetOpenDrainMode
 .text.PINSEL_ConfigPin
                0x000026a8       0x48 C:\Users\rodri\Documents\LPCXpresso_8.2.2_650\embedded_LPCXpresso\workspace\Lib_MCU\Debug\libLib_MCU.a(lpc17xx_pinsel.o)
                0x000026a8                PINSEL_ConfigPin
 .text.SSP_getNum
                0x000026f0       0x38 C:\Users\rodri\Documents\LPCXpresso_8.2.2_650\embedded_LPCXpresso\workspace\Lib_MCU\Debug\libLib_MCU.a(lpc17xx_ssp.o)
 .text.SSP_IntHandler
                0x00002728      0x2cc C:\Users\rodri\Documents\LPCXpresso_8.2.2_650\embedded_LPCXpresso\workspace\Lib_MCU\Debug\libLib_MCU.a(lpc17xx_ssp.o)
                0x00002728                SSP_IntHandler
 .text.SSP_SetClock
                0x000029f4       0xc4 C:\Users\rodri\Documents\LPCXpresso_8.2.2_650\embedded_LPCXpresso\workspace\Lib_MCU\Debug\libLib_MCU.a(lpc17xx_ssp.o)
                0x000029f4                SSP_SetClock
 .text.SSP_Init
                0x00002ab8       0xd8 C:\Users\rodri\Documents\LPCXpresso_8.2.2_650\embedded_LPCXpresso\workspace\Lib_MCU\Debug\libLib_MCU.a(lpc17xx_ssp.o)
                0x00002ab8                SSP_Init
 .text.SSP_ConfigStructInit
                0x00002b90       0x3c C:\Users\rodri\Documents\LPCXpresso_8.2.2_650\embedded_LPCXpresso\workspace\Lib_MCU\Debug\libLib_MCU.a(lpc17xx_ssp.o)
                0x00002b90                SSP_ConfigStructInit
 .text.SSP_Cmd  0x00002bcc       0x70 C:\Users\rodri\Documents\LPCXpresso_8.2.2_650\embedded_LPCXpresso\workspace\Lib_MCU\Debug\libLib_MCU.a(lpc17xx_ssp.o)
                0x00002bcc                SSP_Cmd
 .text.SSP_SendData
                0x00002c3c       0x40 C:\Users\rodri\Documents\LPCXpresso_8.2.2_650\embedded_LPCXpresso\workspace\Lib_MCU\Debug\libLib_MCU.a(lpc17xx_ssp.o)
                0x00002c3c                SSP_SendData
 .text.SSP_ReceiveData
                0x00002c7c       0x3c C:\Users\rodri\Documents\LPCXpresso_8.2.2_650\embedded_LPCXpresso\workspace\Lib_MCU\Debug\libLib_MCU.a(lpc17xx_ssp.o)
                0x00002c7c                SSP_ReceiveData
 .text.SSP_ReadWrite
                0x00002cb8      0x3c0 C:\Users\rodri\Documents\LPCXpresso_8.2.2_650\embedded_LPCXpresso\workspace\Lib_MCU\Debug\libLib_MCU.a(lpc17xx_ssp.o)
                0x00002cb8                SSP_ReadWrite
 .text.TIM_GetPClock
                0x00003078       0x58 C:\Users\rodri\Documents\LPCXpresso_8.2.2_650\embedded_LPCXpresso\workspace\Lib_MCU\Debug\libLib_MCU.a(lpc17xx_timer.o)
                0x00003078                TIM_GetPClock
 .text.TIM_ConverUSecToVal
                0x000030d0       0x58 C:\Users\rodri\Documents\LPCXpresso_8.2.2_650\embedded_LPCXpresso\workspace\Lib_MCU\Debug\libLib_MCU.a(lpc17xx_timer.o)
                0x000030d0                TIM_ConverUSecToVal
 .text.TIM_ConverPtrToTimeNum
                0x00003128       0x5c C:\Users\rodri\Documents\LPCXpresso_8.2.2_650\embedded_LPCXpresso\workspace\Lib_MCU\Debug\libLib_MCU.a(lpc17xx_timer.o)
                0x00003128                TIM_ConverPtrToTimeNum
 .text.TIM_GetIntStatus
                0x00003184       0x98 C:\Users\rodri\Documents\LPCXpresso_8.2.2_650\embedded_LPCXpresso\workspace\Lib_MCU\Debug\libLib_MCU.a(lpc17xx_timer.o)
                0x00003184                TIM_GetIntStatus
 .text.TIM_ClearIntPending
                0x0000321c       0x8c C:\Users\rodri\Documents\LPCXpresso_8.2.2_650\embedded_LPCXpresso\workspace\Lib_MCU\Debug\libLib_MCU.a(lpc17xx_timer.o)
                0x0000321c                TIM_ClearIntPending
 .text.TIM_Init
                0x000032a8      0x170 C:\Users\rodri\Documents\LPCXpresso_8.2.2_650\embedded_LPCXpresso\workspace\Lib_MCU\Debug\libLib_MCU.a(lpc17xx_timer.o)
                0x000032a8                TIM_Init
 .text.TIM_Cmd  0x00003418       0x70 C:\Users\rodri\Documents\LPCXpresso_8.2.2_650\embedded_LPCXpresso\workspace\Lib_MCU\Debug\libLib_MCU.a(lpc17xx_timer.o)
                0x00003418                TIM_Cmd
 .text.TIM_ConfigMatch
                0x00003488      0x15c C:\Users\rodri\Documents\LPCXpresso_8.2.2_650\embedded_LPCXpresso\workspace\Lib_MCU\Debug\libLib_MCU.a(lpc17xx_timer.o)
                0x00003488                TIM_ConfigMatch
 .text.Timer0_Wait
                0x000035e4       0x78 C:\Users\rodri\Documents\LPCXpresso_8.2.2_650\embedded_LPCXpresso\workspace\Lib_MCU\Debug\libLib_MCU.a(lpc17xx_timer.o)
                0x000035e4                Timer0_Wait
 .text.memset   0x0000365c        0x4 c:/nxp/lpcxpresso_8.2.2_650/lpcxpresso/tools/bin/../lib/gcc/arm-none-eabi/5.4.1/../../../../arm-none-eabi/lib/armv7-m\libcr_c.a(memset.o)
                0x0000365c                memset
 .text.__weak_main
                0x00003660        0x4 c:/nxp/lpcxpresso_8.2.2_650/lpcxpresso/tools/bin/../lib/gcc/arm-none-eabi/5.4.1/../../../../arm-none-eabi/lib/armv7-m\libcr_c.a(__weak__main.o)
                0x00003660                __weak_main
                0x00003660                __main
 .text.__aeabi_division_uldivmod
                0x00003664      0x174 c:/nxp/lpcxpresso_8.2.2_650/lpcxpresso/tools/bin/../lib/gcc/arm-none-eabi/5.4.1/armv7-m\libcr_eabihelpers.a(division_64.o)
                0x00003664                __aeabi_uldivmod
                0x00003668                __bhs_ldivmod1
 .text.__aeabi_division_idiv0
                0x000037d8        0x2 c:/nxp/lpcxpresso_8.2.2_650/lpcxpresso/tools/bin/../lib/gcc/arm-none-eabi/5.4.1/armv7-m\libcr_eabihelpers.a(division_idiv0.o)
                0x000037d8                __aeabi_idiv0
 .text.__aeabi_memset_lowlevel
                0x000037da       0x32 c:/nxp/lpcxpresso_8.2.2_650/lpcxpresso/tools/bin/../lib/gcc/arm-none-eabi/5.4.1/armv7-m\libcr_eabihelpers.a(memcpy.o)
                0x000037da                __aeabi_lowlevel_memset
 *(.rodata .rodata.* .constdata .constdata.*)
 .rodata        0x0000380c       0x59 ./src/Project.o
 *fill*         0x00003865        0x3 ff
 .rodata        0x00003868        0x8 C:\Users\rodri\Documents\LPCXpresso_8.2.2_650\embedded_LPCXpresso\workspace\Lib_EaBaseBoard\Debug\libLib_EaBaseBoard.a(oled.o)
 .rodata        0x00003870      0x300 C:\Users\rodri\Documents\LPCXpresso_8.2.2_650\embedded_LPCXpresso\workspace\Lib_EaBaseBoard\Debug\libLib_EaBaseBoard.a(font5x7.o)
                0x00003870                font5x7
 .rodata        0x00003b70       0x15 C:\Users\rodri\Documents\LPCXpresso_8.2.2_650\embedded_LPCXpresso\workspace\Lib_MCU\Debug\libLib_MCU.a(lpc17xx_adc.o)
 *fill*         0x00003b85        0x3 ff
 .rodata        0x00003b88       0x15 C:\Users\rodri\Documents\LPCXpresso_8.2.2_650\embedded_LPCXpresso\workspace\Lib_MCU\Debug\libLib_MCU.a(lpc17xx_i2c.o)
 *fill*         0x00003b9d        0x3 ff
 .rodata        0x00003ba0       0x15 C:\Users\rodri\Documents\LPCXpresso_8.2.2_650\embedded_LPCXpresso\workspace\Lib_MCU\Debug\libLib_MCU.a(lpc17xx_ssp.o)
 *fill*         0x00003bb5        0x3 ff
 .rodata        0x00003bb8       0x17 C:\Users\rodri\Documents\LPCXpresso_8.2.2_650\embedded_LPCXpresso\workspace\Lib_MCU\Debug\libLib_MCU.a(lpc17xx_timer.o)
                0x00003bd0                . = ALIGN (0x4)
 *fill*         0x00003bcf        0x1 ff

.glue_7         0x00003bd0        0x0
 .glue_7        0x00003bd0        0x0 linker stubs

.glue_7t        0x00003bd0        0x0
 .glue_7t       0x00003bd0        0x0 linker stubs

.vfp11_veneer   0x00003bd0        0x0
 .vfp11_veneer  0x00003bd0        0x0 linker stubs

.v4_bx          0x00003bd0        0x0
 .v4_bx         0x00003bd0        0x0 linker stubs

.iplt           0x00003bd0        0x0
 .iplt          0x00003bd0        0x0 ./src/Project.o

.rel.dyn        0x00003bd0        0x0
 .rel.iplt      0x00003bd0        0x0 ./src/Project.o

.ARM.extab
 *(.ARM.extab* .gnu.linkonce.armextab.*)
                0x00003bd0                __exidx_start = .

.ARM.exidx
 *(.ARM.exidx* .gnu.linkonce.armexidx.*)
                0x00003bd0                __exidx_end = .
                0x00003bd0                _etext = .

.data_RAM2      0x2007c000        0x0 load address 0x00003bd0
 FILL mask 0xff
                [!provide]                PROVIDE (__start_data_RAM2, .)
 *(.ramfunc.$RAM2)
 *(.ramfunc.$RamAHB32)
 *(.data.$RAM2*)
 *(.data.$RamAHB32*)
                0x2007c000                . = ALIGN (0x4)
                [!provide]                PROVIDE (__end_data_RAM2, .)

.uninit_RESERVED
                0x10000000        0x0
 *(.bss.$RESERVED*)
                0x10000000                . = ALIGN (0x4)
                0x10000000                _end_uninit_RESERVED = .

.data           0x10000000       0x58 load address 0x00003bd0
 FILL mask 0xff
                0x10000000                _data = .
 *(vtable)
 *(.ramfunc*)
 *(.data*)
 .data.pAscii.5553
                0x10000000        0x4 ./src/Project.o
 .data.SystemCoreClock
                0x10000004        0x4 C:\Users\rodri\Documents\LPCXpresso_8.2.2_650\embedded_LPCXpresso\workspace\CMSISv2p00_LPC17xx\Debug\libCMSISv2p00_LPC17xx.a(system_LPC17xx.o)
                0x10000004                SystemCoreClock
 .data          0x10000008       0x50 C:\Users\rodri\Documents\LPCXpresso_8.2.2_650\embedded_LPCXpresso\workspace\Lib_EaBaseBoard\Debug\libLib_EaBaseBoard.a(led7seg.o)
                0x10000058                . = ALIGN (0x4)
                0x10000058                _edata = .

.igot.plt       0x10000058        0x0 load address 0x00003c28
 .igot.plt      0x10000058        0x0 ./src/Project.o

.bss_RAM2       0x2007c000        0x0
                [!provide]                PROVIDE (__start_bss_RAM2, .)
 *(.bss.$RAM2*)
 *(.bss.$RamAHB32*)
                0x2007c000                . = ALIGN ((. != 0x0)?0x4:0x1)
                [!provide]                PROVIDE (__end_bss_RAM2, .)

.bss            0x10000058      0x354
                0x10000058                _bss = .
 *(.bss*)
 .bss.joy       0x10000058        0x1 ./src/Project.o
                0x10000058                joy
 .bss.level     0x10000059        0x1 ./src/Project.o
                0x10000059                level
 *fill*         0x1000005a        0x2 
 .bss.msTicks   0x1000005c        0x4 ./src/Project.o
 .bss.buf       0x10000060        0xa ./src/Project.o
 *fill*         0x1000006a        0x2 
 .bss           0x1000006c      0x300 C:\Users\rodri\Documents\LPCXpresso_8.2.2_650\embedded_LPCXpresso\workspace\Lib_EaBaseBoard\Debug\libLib_EaBaseBoard.a(oled.o)
 .bss           0x1000036c        0x4 C:\Users\rodri\Documents\LPCXpresso_8.2.2_650\embedded_LPCXpresso\workspace\Lib_EaBaseBoard\Debug\libLib_EaBaseBoard.a(temp.o)
 .bss           0x10000370       0x24 C:\Users\rodri\Documents\LPCXpresso_8.2.2_650\embedded_LPCXpresso\workspace\Lib_MCU\Debug\libLib_MCU.a(lpc17xx_i2c.o)
 .bss           0x10000394       0x18 C:\Users\rodri\Documents\LPCXpresso_8.2.2_650\embedded_LPCXpresso\workspace\Lib_MCU\Debug\libLib_MCU.a(lpc17xx_ssp.o)
 *(COMMON)
                0x100003ac                . = ALIGN (0x4)
                0x100003ac                _ebss = .
                [!provide]                PROVIDE (end, .)

.noinit_RAM2    0x2007c000        0x0
 *(.noinit.$RAM2*)
 *(.noinit.$RamAHB32*)
                0x2007c000                . = ALIGN (0x4)

.noinit         0x100003ac        0x0
                0x100003ac                _noinit = .
 *(.noinit*)
                0x100003ac                . = ALIGN (0x4)
                0x100003ac                _end_noinit = .
                [!provide]                PROVIDE (_pvHeapStart, DEFINED (__user_heap_base)?__user_heap_base:.)
                0x10008000                PROVIDE (_vStackTop, DEFINED (__user_stack_top)?__user_stack_top:(__top_RamLoc32 - 0x0))
                0xefff74b2                PROVIDE (__valid_user_code_checksum, (0x0 - ((((((_vStackTop + (ResetISR + 0x1)) + (NMI_Handler + 0x1)) + (HardFault_Handler + 0x1)) + (DEFINED (MemManage_Handler)?MemManage_Handler:0x0 + 0x1)) + (DEFINED (BusFault_Handler)?BusFault_Handler:0x0 + 0x1)) + (DEFINED (UsageFault_Handler)?UsageFault_Handler:0x0 + 0x1))))
OUTPUT(Project.axf elf32-littlearm)

.debug_info     0x00000000     0x5dcb
 .debug_info    0x00000000      0xbb7 ./src/Project.o
 .debug_info    0x00000bb7      0x253 ./src/cr_startup_lpc175x_6x.o
 .debug_info    0x00000e0a       0x3f ./src/crp.o
 .debug_info    0x00000e49      0x318 C:\Users\rodri\Documents\LPCXpresso_8.2.2_650\embedded_LPCXpresso\workspace\CMSISv2p00_LPC17xx\Debug\libCMSISv2p00_LPC17xx.a(system_LPC17xx.o)
 .debug_info    0x00001161      0x4f5 C:\Users\rodri\Documents\LPCXpresso_8.2.2_650\embedded_LPCXpresso\workspace\Lib_EaBaseBoard\Debug\libLib_EaBaseBoard.a(acc.o)
 .debug_info    0x00001656      0x105 C:\Users\rodri\Documents\LPCXpresso_8.2.2_650\embedded_LPCXpresso\workspace\Lib_EaBaseBoard\Debug\libLib_EaBaseBoard.a(joystick.o)
 .debug_info    0x0000175b      0x259 C:\Users\rodri\Documents\LPCXpresso_8.2.2_650\embedded_LPCXpresso\workspace\Lib_EaBaseBoard\Debug\libLib_EaBaseBoard.a(led7seg.o)
 .debug_info    0x000019b4      0x920 C:\Users\rodri\Documents\LPCXpresso_8.2.2_650\embedded_LPCXpresso\workspace\Lib_EaBaseBoard\Debug\libLib_EaBaseBoard.a(oled.o)
 .debug_info    0x000022d4       0xda C:\Users\rodri\Documents\LPCXpresso_8.2.2_650\embedded_LPCXpresso\workspace\Lib_EaBaseBoard\Debug\libLib_EaBaseBoard.a(rgb.o)
 .debug_info    0x000023ae      0x13e C:\Users\rodri\Documents\LPCXpresso_8.2.2_650\embedded_LPCXpresso\workspace\Lib_EaBaseBoard\Debug\libLib_EaBaseBoard.a(temp.o)
 .debug_info    0x000024ec       0x61 C:\Users\rodri\Documents\LPCXpresso_8.2.2_650\embedded_LPCXpresso\workspace\Lib_EaBaseBoard\Debug\libLib_EaBaseBoard.a(font5x7.o)
 .debug_info    0x0000254d      0x5e5 C:\Users\rodri\Documents\LPCXpresso_8.2.2_650\embedded_LPCXpresso\workspace\Lib_MCU\Debug\libLib_MCU.a(lpc17xx_adc.o)
 .debug_info    0x00002b32      0x638 C:\Users\rodri\Documents\LPCXpresso_8.2.2_650\embedded_LPCXpresso\workspace\Lib_MCU\Debug\libLib_MCU.a(lpc17xx_clkpwr.o)
 .debug_info    0x0000316a      0xad4 C:\Users\rodri\Documents\LPCXpresso_8.2.2_650\embedded_LPCXpresso\workspace\Lib_MCU\Debug\libLib_MCU.a(lpc17xx_gpio.o)
 .debug_info    0x00003c3e      0xc14 C:\Users\rodri\Documents\LPCXpresso_8.2.2_650\embedded_LPCXpresso\workspace\Lib_MCU\Debug\libLib_MCU.a(lpc17xx_i2c.o)
 .debug_info    0x00004852       0xc5 C:\Users\rodri\Documents\LPCXpresso_8.2.2_650\embedded_LPCXpresso\workspace\Lib_MCU\Debug\libLib_MCU.a(lpc17xx_libcfg_default.o)
 .debug_info    0x00004917      0x459 C:\Users\rodri\Documents\LPCXpresso_8.2.2_650\embedded_LPCXpresso\workspace\Lib_MCU\Debug\libLib_MCU.a(lpc17xx_pinsel.o)
 .debug_info    0x00004d70      0x7e1 C:\Users\rodri\Documents\LPCXpresso_8.2.2_650\embedded_LPCXpresso\workspace\Lib_MCU\Debug\libLib_MCU.a(lpc17xx_ssp.o)
 .debug_info    0x00005551      0x87a C:\Users\rodri\Documents\LPCXpresso_8.2.2_650\embedded_LPCXpresso\workspace\Lib_MCU\Debug\libLib_MCU.a(lpc17xx_timer.o)

.debug_abbrev   0x00000000     0x1893
 .debug_abbrev  0x00000000      0x2be ./src/Project.o
 .debug_abbrev  0x000002be       0xf5 ./src/cr_startup_lpc175x_6x.o
 .debug_abbrev  0x000003b3       0x36 ./src/crp.o
 .debug_abbrev  0x000003e9       0xe6 C:\Users\rodri\Documents\LPCXpresso_8.2.2_650\embedded_LPCXpresso\workspace\CMSISv2p00_LPC17xx\Debug\libCMSISv2p00_LPC17xx.a(system_LPC17xx.o)
 .debug_abbrev  0x000004cf      0x16b C:\Users\rodri\Documents\LPCXpresso_8.2.2_650\embedded_LPCXpresso\workspace\Lib_EaBaseBoard\Debug\libLib_EaBaseBoard.a(acc.o)
 .debug_abbrev  0x0000063a       0x95 C:\Users\rodri\Documents\LPCXpresso_8.2.2_650\embedded_LPCXpresso\workspace\Lib_EaBaseBoard\Debug\libLib_EaBaseBoard.a(joystick.o)
 .debug_abbrev  0x000006cf      0x15c C:\Users\rodri\Documents\LPCXpresso_8.2.2_650\embedded_LPCXpresso\workspace\Lib_EaBaseBoard\Debug\libLib_EaBaseBoard.a(led7seg.o)
 .debug_abbrev  0x0000082b      0x201 C:\Users\rodri\Documents\LPCXpresso_8.2.2_650\embedded_LPCXpresso\workspace\Lib_EaBaseBoard\Debug\libLib_EaBaseBoard.a(oled.o)
 .debug_abbrev  0x00000a2c       0x93 C:\Users\rodri\Documents\LPCXpresso_8.2.2_650\embedded_LPCXpresso\workspace\Lib_EaBaseBoard\Debug\libLib_EaBaseBoard.a(rgb.o)
 .debug_abbrev  0x00000abf       0xc7 C:\Users\rodri\Documents\LPCXpresso_8.2.2_650\embedded_LPCXpresso\workspace\Lib_EaBaseBoard\Debug\libLib_EaBaseBoard.a(temp.o)
 .debug_abbrev  0x00000b86       0x48 C:\Users\rodri\Documents\LPCXpresso_8.2.2_650\embedded_LPCXpresso\workspace\Lib_EaBaseBoard\Debug\libLib_EaBaseBoard.a(font5x7.o)
 .debug_abbrev  0x00000bce      0x165 C:\Users\rodri\Documents\LPCXpresso_8.2.2_650\embedded_LPCXpresso\workspace\Lib_MCU\Debug\libLib_MCU.a(lpc17xx_adc.o)
 .debug_abbrev  0x00000d33      0x1cc C:\Users\rodri\Documents\LPCXpresso_8.2.2_650\embedded_LPCXpresso\workspace\Lib_MCU\Debug\libLib_MCU.a(lpc17xx_clkpwr.o)
 .debug_abbrev  0x00000eff      0x193 C:\Users\rodri\Documents\LPCXpresso_8.2.2_650\embedded_LPCXpresso\workspace\Lib_MCU\Debug\libLib_MCU.a(lpc17xx_gpio.o)
 .debug_abbrev  0x00001092      0x28b C:\Users\rodri\Documents\LPCXpresso_8.2.2_650\embedded_LPCXpresso\workspace\Lib_MCU\Debug\libLib_MCU.a(lpc17xx_i2c.o)
 .debug_abbrev  0x0000131d       0x6c C:\Users\rodri\Documents\LPCXpresso_8.2.2_650\embedded_LPCXpresso\workspace\Lib_MCU\Debug\libLib_MCU.a(lpc17xx_libcfg_default.o)
 .debug_abbrev  0x00001389      0x12b C:\Users\rodri\Documents\LPCXpresso_8.2.2_650\embedded_LPCXpresso\workspace\Lib_MCU\Debug\libLib_MCU.a(lpc17xx_pinsel.o)
 .debug_abbrev  0x000014b4      0x1fd C:\Users\rodri\Documents\LPCXpresso_8.2.2_650\embedded_LPCXpresso\workspace\Lib_MCU\Debug\libLib_MCU.a(lpc17xx_ssp.o)
 .debug_abbrev  0x000016b1      0x1e2 C:\Users\rodri\Documents\LPCXpresso_8.2.2_650\embedded_LPCXpresso\workspace\Lib_MCU\Debug\libLib_MCU.a(lpc17xx_timer.o)

.debug_aranges  0x00000000      0x710
 .debug_aranges
                0x00000000       0x78 ./src/Project.o
 .debug_aranges
                0x00000078       0x80 ./src/cr_startup_lpc175x_6x.o
 .debug_aranges
                0x000000f8       0x18 ./src/crp.o
 .debug_aranges
                0x00000110       0x28 C:\Users\rodri\Documents\LPCXpresso_8.2.2_650\embedded_LPCXpresso\workspace\CMSISv2p00_LPC17xx\Debug\libCMSISv2p00_LPC17xx.a(system_LPC17xx.o)
 .debug_aranges
                0x00000138       0x60 C:\Users\rodri\Documents\LPCXpresso_8.2.2_650\embedded_LPCXpresso\workspace\Lib_EaBaseBoard\Debug\libLib_EaBaseBoard.a(acc.o)
 .debug_aranges
                0x00000198       0x28 C:\Users\rodri\Documents\LPCXpresso_8.2.2_650\embedded_LPCXpresso\workspace\Lib_EaBaseBoard\Debug\libLib_EaBaseBoard.a(joystick.o)
 .debug_aranges
                0x000001c0       0x28 C:\Users\rodri\Documents\LPCXpresso_8.2.2_650\embedded_LPCXpresso\workspace\Lib_EaBaseBoard\Debug\libLib_EaBaseBoard.a(led7seg.o)
 .debug_aranges
                0x000001e8       0x90 C:\Users\rodri\Documents\LPCXpresso_8.2.2_650\embedded_LPCXpresso\workspace\Lib_EaBaseBoard\Debug\libLib_EaBaseBoard.a(oled.o)
 .debug_aranges
                0x00000278       0x28 C:\Users\rodri\Documents\LPCXpresso_8.2.2_650\embedded_LPCXpresso\workspace\Lib_EaBaseBoard\Debug\libLib_EaBaseBoard.a(rgb.o)
 .debug_aranges
                0x000002a0       0x28 C:\Users\rodri\Documents\LPCXpresso_8.2.2_650\embedded_LPCXpresso\workspace\Lib_EaBaseBoard\Debug\libLib_EaBaseBoard.a(temp.o)
 .debug_aranges
                0x000002c8       0x18 C:\Users\rodri\Documents\LPCXpresso_8.2.2_650\embedded_LPCXpresso\workspace\Lib_EaBaseBoard\Debug\libLib_EaBaseBoard.a(font5x7.o)
 .debug_aranges
                0x000002e0       0x80 C:\Users\rodri\Documents\LPCXpresso_8.2.2_650\embedded_LPCXpresso\workspace\Lib_MCU\Debug\libLib_MCU.a(lpc17xx_adc.o)
 .debug_aranges
                0x00000360       0x58 C:\Users\rodri\Documents\LPCXpresso_8.2.2_650\embedded_LPCXpresso\workspace\Lib_MCU\Debug\libLib_MCU.a(lpc17xx_clkpwr.o)
 .debug_aranges
                0x000003b8       0xc8 C:\Users\rodri\Documents\LPCXpresso_8.2.2_650\embedded_LPCXpresso\workspace\Lib_MCU\Debug\libLib_MCU.a(lpc17xx_gpio.o)
 .debug_aranges
                0x00000480       0xd0 C:\Users\rodri\Documents\LPCXpresso_8.2.2_650\embedded_LPCXpresso\workspace\Lib_MCU\Debug\libLib_MCU.a(lpc17xx_i2c.o)
 .debug_aranges
                0x00000550       0x20 C:\Users\rodri\Documents\LPCXpresso_8.2.2_650\embedded_LPCXpresso\workspace\Lib_MCU\Debug\libLib_MCU.a(lpc17xx_libcfg_default.o)
 .debug_aranges
                0x00000570       0x48 C:\Users\rodri\Documents\LPCXpresso_8.2.2_650\embedded_LPCXpresso\workspace\Lib_MCU\Debug\libLib_MCU.a(lpc17xx_pinsel.o)
 .debug_aranges
                0x000005b8       0xb8 C:\Users\rodri\Documents\LPCXpresso_8.2.2_650\embedded_LPCXpresso\workspace\Lib_MCU\Debug\libLib_MCU.a(lpc17xx_ssp.o)
 .debug_aranges
                0x00000670       0xa0 C:\Users\rodri\Documents\LPCXpresso_8.2.2_650\embedded_LPCXpresso\workspace\Lib_MCU\Debug\libLib_MCU.a(lpc17xx_timer.o)

.debug_ranges   0x00000000      0x5d0
 .debug_ranges  0x00000000       0x68 ./src/Project.o
 .debug_ranges  0x00000068       0x70 ./src/cr_startup_lpc175x_6x.o
 .debug_ranges  0x000000d8       0x18 C:\Users\rodri\Documents\LPCXpresso_8.2.2_650\embedded_LPCXpresso\workspace\CMSISv2p00_LPC17xx\Debug\libCMSISv2p00_LPC17xx.a(system_LPC17xx.o)
 .debug_ranges  0x000000f0       0x50 C:\Users\rodri\Documents\LPCXpresso_8.2.2_650\embedded_LPCXpresso\workspace\Lib_EaBaseBoard\Debug\libLib_EaBaseBoard.a(acc.o)
 .debug_ranges  0x00000140       0x18 C:\Users\rodri\Documents\LPCXpresso_8.2.2_650\embedded_LPCXpresso\workspace\Lib_EaBaseBoard\Debug\libLib_EaBaseBoard.a(joystick.o)
 .debug_ranges  0x00000158       0x18 C:\Users\rodri\Documents\LPCXpresso_8.2.2_650\embedded_LPCXpresso\workspace\Lib_EaBaseBoard\Debug\libLib_EaBaseBoard.a(led7seg.o)
 .debug_ranges  0x00000170       0x80 C:\Users\rodri\Documents\LPCXpresso_8.2.2_650\embedded_LPCXpresso\workspace\Lib_EaBaseBoard\Debug\libLib_EaBaseBoard.a(oled.o)
 .debug_ranges  0x000001f0       0x18 C:\Users\rodri\Documents\LPCXpresso_8.2.2_650\embedded_LPCXpresso\workspace\Lib_EaBaseBoard\Debug\libLib_EaBaseBoard.a(rgb.o)
 .debug_ranges  0x00000208       0x18 C:\Users\rodri\Documents\LPCXpresso_8.2.2_650\embedded_LPCXpresso\workspace\Lib_EaBaseBoard\Debug\libLib_EaBaseBoard.a(temp.o)
 .debug_ranges  0x00000220       0x70 C:\Users\rodri\Documents\LPCXpresso_8.2.2_650\embedded_LPCXpresso\workspace\Lib_MCU\Debug\libLib_MCU.a(lpc17xx_adc.o)
 .debug_ranges  0x00000290       0x48 C:\Users\rodri\Documents\LPCXpresso_8.2.2_650\embedded_LPCXpresso\workspace\Lib_MCU\Debug\libLib_MCU.a(lpc17xx_clkpwr.o)
 .debug_ranges  0x000002d8       0xb8 C:\Users\rodri\Documents\LPCXpresso_8.2.2_650\embedded_LPCXpresso\workspace\Lib_MCU\Debug\libLib_MCU.a(lpc17xx_gpio.o)
 .debug_ranges  0x00000390       0xc0 C:\Users\rodri\Documents\LPCXpresso_8.2.2_650\embedded_LPCXpresso\workspace\Lib_MCU\Debug\libLib_MCU.a(lpc17xx_i2c.o)
 .debug_ranges  0x00000450       0x10 C:\Users\rodri\Documents\LPCXpresso_8.2.2_650\embedded_LPCXpresso\workspace\Lib_MCU\Debug\libLib_MCU.a(lpc17xx_libcfg_default.o)
 .debug_ranges  0x00000460       0x38 C:\Users\rodri\Documents\LPCXpresso_8.2.2_650\embedded_LPCXpresso\workspace\Lib_MCU\Debug\libLib_MCU.a(lpc17xx_pinsel.o)
 .debug_ranges  0x00000498       0xa8 C:\Users\rodri\Documents\LPCXpresso_8.2.2_650\embedded_LPCXpresso\workspace\Lib_MCU\Debug\libLib_MCU.a(lpc17xx_ssp.o)
 .debug_ranges  0x00000540       0x90 C:\Users\rodri\Documents\LPCXpresso_8.2.2_650\embedded_LPCXpresso\workspace\Lib_MCU\Debug\libLib_MCU.a(lpc17xx_timer.o)

.debug_macro    0x00000000     0x5661
 .debug_macro   0x00000000       0xf9 ./src/Project.o
 .debug_macro   0x000000f9      0x88c ./src/Project.o
 .debug_macro   0x00000985       0x1c ./src/Project.o
 .debug_macro   0x000009a1       0x2e ./src/Project.o
 .debug_macro   0x000009cf       0x10 ./src/Project.o
 .debug_macro   0x000009df      0x12d ./src/Project.o
 .debug_macro   0x00000b0c      0x5b2 ./src/Project.o
 .debug_macro   0x000010be       0x18 ./src/Project.o
 .debug_macro   0x000010d6      0x7af ./src/Project.o
 .debug_macro   0x00001885      0x2c7 ./src/Project.o
 .debug_macro   0x00001b4c       0x63 ./src/Project.o
 .debug_macro   0x00001baf      0x143 ./src/Project.o
 .debug_macro   0x00001cf2       0xe9 ./src/Project.o
 .debug_macro   0x00001ddb       0x46 ./src/Project.o
 .debug_macro   0x00001e21      0x2af ./src/Project.o
 .debug_macro   0x000020d0      0x192 ./src/Project.o
 .debug_macro   0x00002262       0xf4 ./src/Project.o
 .debug_macro   0x00002356       0x28 ./src/Project.o
 .debug_macro   0x0000237e       0x16 ./src/Project.o
 .debug_macro   0x00002394       0x1c ./src/Project.o
 .debug_macro   0x000023b0       0x1d ./src/cr_startup_lpc175x_6x.o
 .debug_macro   0x000023cd       0x1a ./src/crp.o
 .debug_macro   0x000023e7       0x34 ./src/crp.o
 .debug_macro   0x0000241b      0x12b C:\Users\rodri\Documents\LPCXpresso_8.2.2_650\embedded_LPCXpresso\workspace\CMSISv2p00_LPC17xx\Debug\libCMSISv2p00_LPC17xx.a(system_LPC17xx.o)
 .debug_macro   0x00002546      0x886 C:\Users\rodri\Documents\LPCXpresso_8.2.2_650\embedded_LPCXpresso\workspace\CMSISv2p00_LPC17xx\Debug\libCMSISv2p00_LPC17xx.a(system_LPC17xx.o)
 .debug_macro   0x00002dcc      0x175 C:\Users\rodri\Documents\LPCXpresso_8.2.2_650\embedded_LPCXpresso\workspace\Lib_EaBaseBoard\Debug\libLib_EaBaseBoard.a(acc.o)
 .debug_macro   0x00002f41      0x880 C:\Users\rodri\Documents\LPCXpresso_8.2.2_650\embedded_LPCXpresso\workspace\Lib_EaBaseBoard\Debug\libLib_EaBaseBoard.a(acc.o)
 .debug_macro   0x000037c1      0x18c C:\Users\rodri\Documents\LPCXpresso_8.2.2_650\embedded_LPCXpresso\workspace\Lib_EaBaseBoard\Debug\libLib_EaBaseBoard.a(acc.o)
 .debug_macro   0x0000394d       0x96 C:\Users\rodri\Documents\LPCXpresso_8.2.2_650\embedded_LPCXpresso\workspace\Lib_EaBaseBoard\Debug\libLib_EaBaseBoard.a(joystick.o)
 .debug_macro   0x000039e3       0x40 C:\Users\rodri\Documents\LPCXpresso_8.2.2_650\embedded_LPCXpresso\workspace\Lib_EaBaseBoard\Debug\libLib_EaBaseBoard.a(joystick.o)
 .debug_macro   0x00003a23       0xac C:\Users\rodri\Documents\LPCXpresso_8.2.2_650\embedded_LPCXpresso\workspace\Lib_EaBaseBoard\Debug\libLib_EaBaseBoard.a(led7seg.o)
 .debug_macro   0x00003acf       0xf0 C:\Users\rodri\Documents\LPCXpresso_8.2.2_650\embedded_LPCXpresso\workspace\Lib_EaBaseBoard\Debug\libLib_EaBaseBoard.a(oled.o)
 .debug_macro   0x00003bbf       0x5d C:\Users\rodri\Documents\LPCXpresso_8.2.2_650\embedded_LPCXpresso\workspace\Lib_EaBaseBoard\Debug\libLib_EaBaseBoard.a(oled.o)
 .debug_macro   0x00003c1c       0x96 C:\Users\rodri\Documents\LPCXpresso_8.2.2_650\embedded_LPCXpresso\workspace\Lib_EaBaseBoard\Debug\libLib_EaBaseBoard.a(rgb.o)
 .debug_macro   0x00003cb2       0xc1 C:\Users\rodri\Documents\LPCXpresso_8.2.2_650\embedded_LPCXpresso\workspace\Lib_EaBaseBoard\Debug\libLib_EaBaseBoard.a(temp.o)
 .debug_macro   0x00003d73       0x1a C:\Users\rodri\Documents\LPCXpresso_8.2.2_650\embedded_LPCXpresso\workspace\Lib_EaBaseBoard\Debug\libLib_EaBaseBoard.a(font5x7.o)
 .debug_macro   0x00003d8d      0x696 C:\Users\rodri\Documents\LPCXpresso_8.2.2_650\embedded_LPCXpresso\workspace\Lib_EaBaseBoard\Debug\libLib_EaBaseBoard.a(font5x7.o)
 .debug_macro   0x00004423       0x9f C:\Users\rodri\Documents\LPCXpresso_8.2.2_650\embedded_LPCXpresso\workspace\Lib_MCU\Debug\libLib_MCU.a(lpc17xx_adc.o)
 .debug_macro   0x000044c2       0xee C:\Users\rodri\Documents\LPCXpresso_8.2.2_650\embedded_LPCXpresso\workspace\Lib_MCU\Debug\libLib_MCU.a(lpc17xx_adc.o)
 .debug_macro   0x000045b0      0x2fe C:\Users\rodri\Documents\LPCXpresso_8.2.2_650\embedded_LPCXpresso\workspace\Lib_MCU\Debug\libLib_MCU.a(lpc17xx_adc.o)
 .debug_macro   0x000048ae       0xcb C:\Users\rodri\Documents\LPCXpresso_8.2.2_650\embedded_LPCXpresso\workspace\Lib_MCU\Debug\libLib_MCU.a(lpc17xx_adc.o)
 .debug_macro   0x00004979       0x8d C:\Users\rodri\Documents\LPCXpresso_8.2.2_650\embedded_LPCXpresso\workspace\Lib_MCU\Debug\libLib_MCU.a(lpc17xx_clkpwr.o)
 .debug_macro   0x00004a06      0x2f8 C:\Users\rodri\Documents\LPCXpresso_8.2.2_650\embedded_LPCXpresso\workspace\Lib_MCU\Debug\libLib_MCU.a(lpc17xx_clkpwr.o)
 .debug_macro   0x00004cfe       0x96 C:\Users\rodri\Documents\LPCXpresso_8.2.2_650\embedded_LPCXpresso\workspace\Lib_MCU\Debug\libLib_MCU.a(lpc17xx_gpio.o)
 .debug_macro   0x00004d94       0xa8 C:\Users\rodri\Documents\LPCXpresso_8.2.2_650\embedded_LPCXpresso\workspace\Lib_MCU\Debug\libLib_MCU.a(lpc17xx_i2c.o)
 .debug_macro   0x00004e3c      0x149 C:\Users\rodri\Documents\LPCXpresso_8.2.2_650\embedded_LPCXpresso\workspace\Lib_MCU\Debug\libLib_MCU.a(lpc17xx_i2c.o)
 .debug_macro   0x00004f85       0x5a C:\Users\rodri\Documents\LPCXpresso_8.2.2_650\embedded_LPCXpresso\workspace\Lib_MCU\Debug\libLib_MCU.a(lpc17xx_libcfg_default.o)
 .debug_macro   0x00004fdf       0x5d C:\Users\rodri\Documents\LPCXpresso_8.2.2_650\embedded_LPCXpresso\workspace\Lib_MCU\Debug\libLib_MCU.a(lpc17xx_libcfg_default.o)
 .debug_macro   0x0000503c       0xc5 C:\Users\rodri\Documents\LPCXpresso_8.2.2_650\embedded_LPCXpresso\workspace\Lib_MCU\Debug\libLib_MCU.a(lpc17xx_libcfg_default.o)
 .debug_macro   0x00005101       0x8d C:\Users\rodri\Documents\LPCXpresso_8.2.2_650\embedded_LPCXpresso\workspace\Lib_MCU\Debug\libLib_MCU.a(lpc17xx_pinsel.o)
 .debug_macro   0x0000518e       0x9f C:\Users\rodri\Documents\LPCXpresso_8.2.2_650\embedded_LPCXpresso\workspace\Lib_MCU\Debug\libLib_MCU.a(lpc17xx_ssp.o)
 .debug_macro   0x0000522d      0x2a9 C:\Users\rodri\Documents\LPCXpresso_8.2.2_650\embedded_LPCXpresso\workspace\Lib_MCU\Debug\libLib_MCU.a(lpc17xx_ssp.o)
 .debug_macro   0x000054d6       0xa8 C:\Users\rodri\Documents\LPCXpresso_8.2.2_650\embedded_LPCXpresso\workspace\Lib_MCU\Debug\libLib_MCU.a(lpc17xx_timer.o)
 .debug_macro   0x0000557e       0xe3 C:\Users\rodri\Documents\LPCXpresso_8.2.2_650\embedded_LPCXpresso\workspace\Lib_MCU\Debug\libLib_MCU.a(lpc17xx_timer.o)

.debug_line     0x00000000     0x408d
 .debug_line    0x00000000      0x51a ./src/Project.o
 .debug_line    0x0000051a       0xd5 ./src/cr_startup_lpc175x_6x.o
 .debug_line    0x000005ef       0x78 ./src/crp.o
 .debug_line    0x00000667      0x1d3 C:\Users\rodri\Documents\LPCXpresso_8.2.2_650\embedded_LPCXpresso\workspace\CMSISv2p00_LPC17xx\Debug\libCMSISv2p00_LPC17xx.a(system_LPC17xx.o)
 .debug_line    0x0000083a      0x35e C:\Users\rodri\Documents\LPCXpresso_8.2.2_650\embedded_LPCXpresso\workspace\Lib_EaBaseBoard\Debug\libLib_EaBaseBoard.a(acc.o)
 .debug_line    0x00000b98      0x2c1 C:\Users\rodri\Documents\LPCXpresso_8.2.2_650\embedded_LPCXpresso\workspace\Lib_EaBaseBoard\Debug\libLib_EaBaseBoard.a(joystick.o)
 .debug_line    0x00000e59      0x2d1 C:\Users\rodri\Documents\LPCXpresso_8.2.2_650\embedded_LPCXpresso\workspace\Lib_EaBaseBoard\Debug\libLib_EaBaseBoard.a(led7seg.o)
 .debug_line    0x0000112a      0x5dc C:\Users\rodri\Documents\LPCXpresso_8.2.2_650\embedded_LPCXpresso\workspace\Lib_EaBaseBoard\Debug\libLib_EaBaseBoard.a(oled.o)
 .debug_line    0x00001706      0x2af C:\Users\rodri\Documents\LPCXpresso_8.2.2_650\embedded_LPCXpresso\workspace\Lib_EaBaseBoard\Debug\libLib_EaBaseBoard.a(rgb.o)
 .debug_line    0x000019b5      0x2d6 C:\Users\rodri\Documents\LPCXpresso_8.2.2_650\embedded_LPCXpresso\workspace\Lib_EaBaseBoard\Debug\libLib_EaBaseBoard.a(temp.o)
 .debug_line    0x00001c8b       0xa1 C:\Users\rodri\Documents\LPCXpresso_8.2.2_650\embedded_LPCXpresso\workspace\Lib_EaBaseBoard\Debug\libLib_EaBaseBoard.a(font5x7.o)
 .debug_line    0x00001d2c      0x444 C:\Users\rodri\Documents\LPCXpresso_8.2.2_650\embedded_LPCXpresso\workspace\Lib_MCU\Debug\libLib_MCU.a(lpc17xx_adc.o)
 .debug_line    0x00002170      0x318 C:\Users\rodri\Documents\LPCXpresso_8.2.2_650\embedded_LPCXpresso\workspace\Lib_MCU\Debug\libLib_MCU.a(lpc17xx_clkpwr.o)
 .debug_line    0x00002488      0x456 C:\Users\rodri\Documents\LPCXpresso_8.2.2_650\embedded_LPCXpresso\workspace\Lib_MCU\Debug\libLib_MCU.a(lpc17xx_gpio.o)
 .debug_line    0x000028de      0x72b C:\Users\rodri\Documents\LPCXpresso_8.2.2_650\embedded_LPCXpresso\workspace\Lib_MCU\Debug\libLib_MCU.a(lpc17xx_i2c.o)
 .debug_line    0x00003009      0x195 C:\Users\rodri\Documents\LPCXpresso_8.2.2_650\embedded_LPCXpresso\workspace\Lib_MCU\Debug\libLib_MCU.a(lpc17xx_libcfg_default.o)
 .debug_line    0x0000319e      0x2b0 C:\Users\rodri\Documents\LPCXpresso_8.2.2_650\embedded_LPCXpresso\workspace\Lib_MCU\Debug\libLib_MCU.a(lpc17xx_pinsel.o)
 .debug_line    0x0000344e      0x65c C:\Users\rodri\Documents\LPCXpresso_8.2.2_650\embedded_LPCXpresso\workspace\Lib_MCU\Debug\libLib_MCU.a(lpc17xx_ssp.o)
 .debug_line    0x00003aaa      0x5e3 C:\Users\rodri\Documents\LPCXpresso_8.2.2_650\embedded_LPCXpresso\workspace\Lib_MCU\Debug\libLib_MCU.a(lpc17xx_timer.o)

.debug_str      0x00000000     0xfae5
 .debug_str     0x00000000     0xb3d9 ./src/Project.o
                               0xb47b (size before relaxing)
 .debug_str     0x0000b3d9      0x1b2 ./src/cr_startup_lpc175x_6x.o
                               0x26cf (size before relaxing)
 .debug_str     0x0000b58b       0xe9 ./src/crp.o
                               0x25e7 (size before relaxing)
 .debug_str     0x0000b674      0x531 C:\Users\rodri\Documents\LPCXpresso_8.2.2_650\embedded_LPCXpresso\workspace\CMSISv2p00_LPC17xx\Debug\libCMSISv2p00_LPC17xx.a(system_LPC17xx.o)
                               0x815f (size before relaxing)
 .debug_str     0x0000bba5      0x5be C:\Users\rodri\Documents\LPCXpresso_8.2.2_650\embedded_LPCXpresso\workspace\Lib_EaBaseBoard\Debug\libLib_EaBaseBoard.a(acc.o)
                               0x8c7b (size before relaxing)
 .debug_str     0x0000c163       0x3a C:\Users\rodri\Documents\LPCXpresso_8.2.2_650\embedded_LPCXpresso\workspace\Lib_EaBaseBoard\Debug\libLib_EaBaseBoard.a(joystick.o)
                               0x8180 (size before relaxing)
 .debug_str     0x0000c19d       0xe8 C:\Users\rodri\Documents\LPCXpresso_8.2.2_650\embedded_LPCXpresso\workspace\Lib_EaBaseBoard\Debug\libLib_EaBaseBoard.a(led7seg.o)
                               0x921e (size before relaxing)
 .debug_str     0x0000c285      0x33d C:\Users\rodri\Documents\LPCXpresso_8.2.2_650\embedded_LPCXpresso\workspace\Lib_EaBaseBoard\Debug\libLib_EaBaseBoard.a(oled.o)
                               0x9d9f (size before relaxing)
 .debug_str     0x0000c5c2       0x2a C:\Users\rodri\Documents\LPCXpresso_8.2.2_650\embedded_LPCXpresso\workspace\Lib_EaBaseBoard\Debug\libLib_EaBaseBoard.a(rgb.o)
                               0x8125 (size before relaxing)
 .debug_str     0x0000c5ec       0xee C:\Users\rodri\Documents\LPCXpresso_8.2.2_650\embedded_LPCXpresso\workspace\Lib_EaBaseBoard\Debug\libLib_EaBaseBoard.a(temp.o)
                               0x81d2 (size before relaxing)
 .debug_str     0x0000c6da      0xe21 C:\Users\rodri\Documents\LPCXpresso_8.2.2_650\embedded_LPCXpresso\workspace\Lib_EaBaseBoard\Debug\libLib_EaBaseBoard.a(font5x7.o)
                               0x32e6 (size before relaxing)
 .debug_str     0x0000d4fb     0x1669 C:\Users\rodri\Documents\LPCXpresso_8.2.2_650\embedded_LPCXpresso\workspace\Lib_MCU\Debug\libLib_MCU.a(lpc17xx_adc.o)
                               0x9ce5 (size before relaxing)
 .debug_str     0x0000eb64       0xcb C:\Users\rodri\Documents\LPCXpresso_8.2.2_650\embedded_LPCXpresso\workspace\Lib_MCU\Debug\libLib_MCU.a(lpc17xx_clkpwr.o)
                               0x9330 (size before relaxing)
 .debug_str     0x0000ec2f      0x33e C:\Users\rodri\Documents\LPCXpresso_8.2.2_650\embedded_LPCXpresso\workspace\Lib_MCU\Debug\libLib_MCU.a(lpc17xx_gpio.o)
                               0x8576 (size before relaxing)
 .debug_str     0x0000ef6d      0x2fa C:\Users\rodri\Documents\LPCXpresso_8.2.2_650\embedded_LPCXpresso\workspace\Lib_MCU\Debug\libLib_MCU.a(lpc17xx_i2c.o)
                               0xa613 (size before relaxing)
 .debug_str     0x0000f267       0x32 C:\Users\rodri\Documents\LPCXpresso_8.2.2_650\embedded_LPCXpresso\workspace\Lib_MCU\Debug\libLib_MCU.a(lpc17xx_libcfg_default.o)
                               0x3f35 (size before relaxing)
 .debug_str     0x0000f299      0x214 C:\Users\rodri\Documents\LPCXpresso_8.2.2_650\embedded_LPCXpresso\workspace\Lib_MCU\Debug\libLib_MCU.a(lpc17xx_pinsel.o)
                               0x85ba (size before relaxing)
 .debug_str     0x0000f4ad      0x200 C:\Users\rodri\Documents\LPCXpresso_8.2.2_650\embedded_LPCXpresso\workspace\Lib_MCU\Debug\libLib_MCU.a(lpc17xx_ssp.o)
                               0xa55e (size before relaxing)
 .debug_str     0x0000f6ad      0x438 C:\Users\rodri\Documents\LPCXpresso_8.2.2_650\embedded_LPCXpresso\workspace\Lib_MCU\Debug\libLib_MCU.a(lpc17xx_timer.o)
                               0xa2ea (size before relaxing)

.comment        0x00000000       0xdc
 .comment       0x00000000       0x6e ./src/Project.o
                                 0x6f (size before relaxing)
 .comment       0x0000006e       0x6f ./src/cr_startup_lpc175x_6x.o
 .comment       0x0000006e       0x6f ./src/crp.o
 .comment       0x0000006e       0x6f C:\Users\rodri\Documents\LPCXpresso_8.2.2_650\embedded_LPCXpresso\workspace\CMSISv2p00_LPC17xx\Debug\libCMSISv2p00_LPC17xx.a(system_LPC17xx.o)
 .comment       0x0000006e       0x6f C:\Users\rodri\Documents\LPCXpresso_8.2.2_650\embedded_LPCXpresso\workspace\Lib_EaBaseBoard\Debug\libLib_EaBaseBoard.a(acc.o)
 .comment       0x0000006e       0x6f C:\Users\rodri\Documents\LPCXpresso_8.2.2_650\embedded_LPCXpresso\workspace\Lib_EaBaseBoard\Debug\libLib_EaBaseBoard.a(joystick.o)
 .comment       0x0000006e       0x6f C:\Users\rodri\Documents\LPCXpresso_8.2.2_650\embedded_LPCXpresso\workspace\Lib_EaBaseBoard\Debug\libLib_EaBaseBoard.a(led7seg.o)
 .comment       0x0000006e       0x6f C:\Users\rodri\Documents\LPCXpresso_8.2.2_650\embedded_LPCXpresso\workspace\Lib_EaBaseBoard\Debug\libLib_EaBaseBoard.a(oled.o)
 .comment       0x0000006e       0x6f C:\Users\rodri\Documents\LPCXpresso_8.2.2_650\embedded_LPCXpresso\workspace\Lib_EaBaseBoard\Debug\libLib_EaBaseBoard.a(rgb.o)
 .comment       0x0000006e       0x6f C:\Users\rodri\Documents\LPCXpresso_8.2.2_650\embedded_LPCXpresso\workspace\Lib_EaBaseBoard\Debug\libLib_EaBaseBoard.a(temp.o)
 .comment       0x0000006e       0x6f C:\Users\rodri\Documents\LPCXpresso_8.2.2_650\embedded_LPCXpresso\workspace\Lib_EaBaseBoard\Debug\libLib_EaBaseBoard.a(font5x7.o)
 .comment       0x0000006e       0x6f C:\Users\rodri\Documents\LPCXpresso_8.2.2_650\embedded_LPCXpresso\workspace\Lib_MCU\Debug\libLib_MCU.a(lpc17xx_adc.o)
 .comment       0x0000006e       0x6f C:\Users\rodri\Documents\LPCXpresso_8.2.2_650\embedded_LPCXpresso\workspace\Lib_MCU\Debug\libLib_MCU.a(lpc17xx_clkpwr.o)
 .comment       0x0000006e       0x6f C:\Users\rodri\Documents\LPCXpresso_8.2.2_650\embedded_LPCXpresso\workspace\Lib_MCU\Debug\libLib_MCU.a(lpc17xx_gpio.o)
 .comment       0x0000006e       0x6f C:\Users\rodri\Documents\LPCXpresso_8.2.2_650\embedded_LPCXpresso\workspace\Lib_MCU\Debug\libLib_MCU.a(lpc17xx_i2c.o)
 .comment       0x0000006e       0x6f C:\Users\rodri\Documents\LPCXpresso_8.2.2_650\embedded_LPCXpresso\workspace\Lib_MCU\Debug\libLib_MCU.a(lpc17xx_libcfg_default.o)
 .comment       0x0000006e       0x6f C:\Users\rodri\Documents\LPCXpresso_8.2.2_650\embedded_LPCXpresso\workspace\Lib_MCU\Debug\libLib_MCU.a(lpc17xx_pinsel.o)
 .comment       0x0000006e       0x6f C:\Users\rodri\Documents\LPCXpresso_8.2.2_650\embedded_LPCXpresso\workspace\Lib_MCU\Debug\libLib_MCU.a(lpc17xx_ssp.o)
 .comment       0x0000006e       0x6f C:\Users\rodri\Documents\LPCXpresso_8.2.2_650\embedded_LPCXpresso\workspace\Lib_MCU\Debug\libLib_MCU.a(lpc17xx_timer.o)
 .comment       0x0000006e       0x6e c:/nxp/lpcxpresso_8.2.2_650/lpcxpresso/tools/bin/../lib/gcc/arm-none-eabi/5.4.1/../../../../arm-none-eabi/lib/armv7-m\libcr_c.a(memset.o)
                                 0x6f (size before relaxing)
 .comment       0x000000dc       0x6f c:/nxp/lpcxpresso_8.2.2_650/lpcxpresso/tools/bin/../lib/gcc/arm-none-eabi/5.4.1/../../../../arm-none-eabi/lib/armv7-m\libcr_c.a(__weak__main.o)

.ARM.attributes
                0x00000000       0x31
 .ARM.attributes
                0x00000000       0x33 ./src/Project.o
 .ARM.attributes
                0x00000033       0x33 ./src/cr_startup_lpc175x_6x.o
 .ARM.attributes
                0x00000066       0x33 ./src/crp.o
 .ARM.attributes
                0x00000099       0x33 C:\Users\rodri\Documents\LPCXpresso_8.2.2_650\embedded_LPCXpresso\workspace\CMSISv2p00_LPC17xx\Debug\libCMSISv2p00_LPC17xx.a(system_LPC17xx.o)
 .ARM.attributes
                0x000000cc       0x33 C:\Users\rodri\Documents\LPCXpresso_8.2.2_650\embedded_LPCXpresso\workspace\Lib_EaBaseBoard\Debug\libLib_EaBaseBoard.a(acc.o)
 .ARM.attributes
                0x000000ff       0x33 C:\Users\rodri\Documents\LPCXpresso_8.2.2_650\embedded_LPCXpresso\workspace\Lib_EaBaseBoard\Debug\libLib_EaBaseBoard.a(joystick.o)
 .ARM.attributes
                0x00000132       0x33 C:\Users\rodri\Documents\LPCXpresso_8.2.2_650\embedded_LPCXpresso\workspace\Lib_EaBaseBoard\Debug\libLib_EaBaseBoard.a(led7seg.o)
 .ARM.attributes
                0x00000165       0x33 C:\Users\rodri\Documents\LPCXpresso_8.2.2_650\embedded_LPCXpresso\workspace\Lib_EaBaseBoard\Debug\libLib_EaBaseBoard.a(oled.o)
 .ARM.attributes
                0x00000198       0x33 C:\Users\rodri\Documents\LPCXpresso_8.2.2_650\embedded_LPCXpresso\workspace\Lib_EaBaseBoard\Debug\libLib_EaBaseBoard.a(rgb.o)
 .ARM.attributes
                0x000001cb       0x33 C:\Users\rodri\Documents\LPCXpresso_8.2.2_650\embedded_LPCXpresso\workspace\Lib_EaBaseBoard\Debug\libLib_EaBaseBoard.a(temp.o)
 .ARM.attributes
                0x000001fe       0x33 C:\Users\rodri\Documents\LPCXpresso_8.2.2_650\embedded_LPCXpresso\workspace\Lib_EaBaseBoard\Debug\libLib_EaBaseBoard.a(font5x7.o)
 .ARM.attributes
                0x00000231       0x33 C:\Users\rodri\Documents\LPCXpresso_8.2.2_650\embedded_LPCXpresso\workspace\Lib_MCU\Debug\libLib_MCU.a(lpc17xx_adc.o)
 .ARM.attributes
                0x00000264       0x33 C:\Users\rodri\Documents\LPCXpresso_8.2.2_650\embedded_LPCXpresso\workspace\Lib_MCU\Debug\libLib_MCU.a(lpc17xx_clkpwr.o)
 .ARM.attributes
                0x00000297       0x33 C:\Users\rodri\Documents\LPCXpresso_8.2.2_650\embedded_LPCXpresso\workspace\Lib_MCU\Debug\libLib_MCU.a(lpc17xx_gpio.o)
 .ARM.attributes
                0x000002ca       0x33 C:\Users\rodri\Documents\LPCXpresso_8.2.2_650\embedded_LPCXpresso\workspace\Lib_MCU\Debug\libLib_MCU.a(lpc17xx_i2c.o)
 .ARM.attributes
                0x000002fd       0x33 C:\Users\rodri\Documents\LPCXpresso_8.2.2_650\embedded_LPCXpresso\workspace\Lib_MCU\Debug\libLib_MCU.a(lpc17xx_libcfg_default.o)
 .ARM.attributes
                0x00000330       0x33 C:\Users\rodri\Documents\LPCXpresso_8.2.2_650\embedded_LPCXpresso\workspace\Lib_MCU\Debug\libLib_MCU.a(lpc17xx_pinsel.o)
 .ARM.attributes
                0x00000363       0x33 C:\Users\rodri\Documents\LPCXpresso_8.2.2_650\embedded_LPCXpresso\workspace\Lib_MCU\Debug\libLib_MCU.a(lpc17xx_ssp.o)
 .ARM.attributes
                0x00000396       0x33 C:\Users\rodri\Documents\LPCXpresso_8.2.2_650\embedded_LPCXpresso\workspace\Lib_MCU\Debug\libLib_MCU.a(lpc17xx_timer.o)
 .ARM.attributes
                0x000003c9       0x33 c:/nxp/lpcxpresso_8.2.2_650/lpcxpresso/tools/bin/../lib/gcc/arm-none-eabi/5.4.1/../../../../arm-none-eabi/lib/armv7-m\libcr_c.a(memset.o)
 .ARM.attributes
                0x000003fc       0x33 c:/nxp/lpcxpresso_8.2.2_650/lpcxpresso/tools/bin/../lib/gcc/arm-none-eabi/5.4.1/../../../../arm-none-eabi/lib/armv7-m\libcr_c.a(__weak__main.o)
 .ARM.attributes
                0x0000042f       0x21 c:/nxp/lpcxpresso_8.2.2_650/lpcxpresso/tools/bin/../lib/gcc/arm-none-eabi/5.4.1/armv7-m\libcr_eabihelpers.a(division_64.o)
 .ARM.attributes
                0x00000450       0x21 c:/nxp/lpcxpresso_8.2.2_650/lpcxpresso/tools/bin/../lib/gcc/arm-none-eabi/5.4.1/armv7-m\libcr_eabihelpers.a(division_idiv0.o)
 .ARM.attributes
                0x00000471       0x21 c:/nxp/lpcxpresso_8.2.2_650/lpcxpresso/tools/bin/../lib/gcc/arm-none-eabi/5.4.1/armv7-m\libcr_eabihelpers.a(memcpy.o)

.debug_frame    0x00000000     0x1888
 .debug_frame   0x00000000      0x1c8 ./src/Project.o
 .debug_frame   0x000001c8      0x170 ./src/cr_startup_lpc175x_6x.o
 .debug_frame   0x00000338       0x3c C:\Users\rodri\Documents\LPCXpresso_8.2.2_650\embedded_LPCXpresso\workspace\CMSISv2p00_LPC17xx\Debug\libCMSISv2p00_LPC17xx.a(system_LPC17xx.o)
 .debug_frame   0x00000374      0x14c C:\Users\rodri\Documents\LPCXpresso_8.2.2_650\embedded_LPCXpresso\workspace\Lib_EaBaseBoard\Debug\libLib_EaBaseBoard.a(acc.o)
 .debug_frame   0x000004c0       0x50 C:\Users\rodri\Documents\LPCXpresso_8.2.2_650\embedded_LPCXpresso\workspace\Lib_EaBaseBoard\Debug\libLib_EaBaseBoard.a(joystick.o)
 .debug_frame   0x00000510       0x50 C:\Users\rodri\Documents\LPCXpresso_8.2.2_650\embedded_LPCXpresso\workspace\Lib_EaBaseBoard\Debug\libLib_EaBaseBoard.a(led7seg.o)
 .debug_frame   0x00000560      0x244 C:\Users\rodri\Documents\LPCXpresso_8.2.2_650\embedded_LPCXpresso\workspace\Lib_EaBaseBoard\Debug\libLib_EaBaseBoard.a(oled.o)
 .debug_frame   0x000007a4       0x50 C:\Users\rodri\Documents\LPCXpresso_8.2.2_650\embedded_LPCXpresso\workspace\Lib_EaBaseBoard\Debug\libLib_EaBaseBoard.a(rgb.o)
 .debug_frame   0x000007f4       0x58 C:\Users\rodri\Documents\LPCXpresso_8.2.2_650\embedded_LPCXpresso\workspace\Lib_EaBaseBoard\Debug\libLib_EaBaseBoard.a(temp.o)
 .debug_frame   0x0000084c      0x1e8 C:\Users\rodri\Documents\LPCXpresso_8.2.2_650\embedded_LPCXpresso\workspace\Lib_MCU\Debug\libLib_MCU.a(lpc17xx_adc.o)
 .debug_frame   0x00000a34      0x12c C:\Users\rodri\Documents\LPCXpresso_8.2.2_650\embedded_LPCXpresso\workspace\Lib_MCU\Debug\libLib_MCU.a(lpc17xx_clkpwr.o)
 .debug_frame   0x00000b60      0x344 C:\Users\rodri\Documents\LPCXpresso_8.2.2_650\embedded_LPCXpresso\workspace\Lib_MCU\Debug\libLib_MCU.a(lpc17xx_gpio.o)
 .debug_frame   0x00000ea4      0x35c C:\Users\rodri\Documents\LPCXpresso_8.2.2_650\embedded_LPCXpresso\workspace\Lib_MCU\Debug\libLib_MCU.a(lpc17xx_i2c.o)
 .debug_frame   0x00001200       0x2c C:\Users\rodri\Documents\LPCXpresso_8.2.2_650\embedded_LPCXpresso\workspace\Lib_MCU\Debug\libLib_MCU.a(lpc17xx_libcfg_default.o)
 .debug_frame   0x0000122c       0xfc C:\Users\rodri\Documents\LPCXpresso_8.2.2_650\embedded_LPCXpresso\workspace\Lib_MCU\Debug\libLib_MCU.a(lpc17xx_pinsel.o)
 .debug_frame   0x00001328      0x2e0 C:\Users\rodri\Documents\LPCXpresso_8.2.2_650\embedded_LPCXpresso\workspace\Lib_MCU\Debug\libLib_MCU.a(lpc17xx_ssp.o)
 .debug_frame   0x00001608      0x280 C:\Users\rodri\Documents\LPCXpresso_8.2.2_650\embedded_LPCXpresso\workspace\Lib_MCU\Debug\libLib_MCU.a(lpc17xx_timer.o)
