Archive member included to satisfy reference by file (symbol)

C:\Users\rodri\Documents\LPCXpresso_8.2.2_650\embedded_LPCXpresso\workspace_projeto\CMSISv2p00_LPC17xx\Debug\libCMSISv2p00_LPC17xx.a(system_LPC17xx.o)
                              ./src/cr_startup_lpc17.o (SystemInit)
C:\Users\rodri\Documents\LPCXpresso_8.2.2_650\embedded_LPCXpresso\workspace_projeto\Lib_EaBaseBoard\Debug\libLib_EaBaseBoard.a(acc.o)
                              ./src/easyweb.o (acc_init)
C:\Users\rodri\Documents\LPCXpresso_8.2.2_650\embedded_LPCXpresso\workspace_projeto\Lib_EaBaseBoard\Debug\libLib_EaBaseBoard.a(joystick.o)
                              ./src/easyweb.o (joystick_init)
C:\Users\rodri\Documents\LPCXpresso_8.2.2_650\embedded_LPCXpresso\workspace_projeto\Lib_EaBaseBoard\Debug\libLib_EaBaseBoard.a(led7seg.o)
                              ./src/easyweb.o (led7seg_init)
C:\Users\rodri\Documents\LPCXpresso_8.2.2_650\embedded_LPCXpresso\workspace_projeto\Lib_EaBaseBoard\Debug\libLib_EaBaseBoard.a(oled.o)
                              ./src/easyweb.o (oled_init)
C:\Users\rodri\Documents\LPCXpresso_8.2.2_650\embedded_LPCXpresso\workspace_projeto\Lib_EaBaseBoard\Debug\libLib_EaBaseBoard.a(pca9532.o)
                              ./src/easyweb.o (pca9532_init)
C:\Users\rodri\Documents\LPCXpresso_8.2.2_650\embedded_LPCXpresso\workspace_projeto\Lib_EaBaseBoard\Debug\libLib_EaBaseBoard.a(rgb.o)
                              ./src/easyweb.o (rgb_init)
C:\Users\rodri\Documents\LPCXpresso_8.2.2_650\embedded_LPCXpresso\workspace_projeto\Lib_EaBaseBoard\Debug\libLib_EaBaseBoard.a(temp.o)
                              ./src/easyweb.o (temp_init)
C:\Users\rodri\Documents\LPCXpresso_8.2.2_650\embedded_LPCXpresso\workspace_projeto\Lib_EaBaseBoard\Debug\libLib_EaBaseBoard.a(font5x7.o)
                              C:\Users\rodri\Documents\LPCXpresso_8.2.2_650\embedded_LPCXpresso\workspace_projeto\Lib_EaBaseBoard\Debug\libLib_EaBaseBoard.a(oled.o) (font5x7)
C:\Users\rodri\Documents\LPCXpresso_8.2.2_650\embedded_LPCXpresso\workspace_projeto\Lib_MCU\Debug\libLib_MCU.a(lpc17xx_adc.o)
                              ./src/easyweb.o (ADC_Init)
C:\Users\rodri\Documents\LPCXpresso_8.2.2_650\embedded_LPCXpresso\workspace_projeto\Lib_MCU\Debug\libLib_MCU.a(lpc17xx_clkpwr.o)
                              C:\Users\rodri\Documents\LPCXpresso_8.2.2_650\embedded_LPCXpresso\workspace_projeto\Lib_MCU\Debug\libLib_MCU.a(lpc17xx_adc.o) (CLKPWR_GetPCLK)
C:\Users\rodri\Documents\LPCXpresso_8.2.2_650\embedded_LPCXpresso\workspace_projeto\Lib_MCU\Debug\libLib_MCU.a(lpc17xx_gpio.o)
                              C:\Users\rodri\Documents\LPCXpresso_8.2.2_650\embedded_LPCXpresso\workspace_projeto\Lib_EaBaseBoard\Debug\libLib_EaBaseBoard.a(joystick.o) (GPIO_SetDir)
C:\Users\rodri\Documents\LPCXpresso_8.2.2_650\embedded_LPCXpresso\workspace_projeto\Lib_MCU\Debug\libLib_MCU.a(lpc17xx_i2c.o)
                              ./src/easyweb.o (I2C_Init)
C:\Users\rodri\Documents\LPCXpresso_8.2.2_650\embedded_LPCXpresso\workspace_projeto\Lib_MCU\Debug\libLib_MCU.a(lpc17xx_libcfg_default.o)
                              C:\Users\rodri\Documents\LPCXpresso_8.2.2_650\embedded_LPCXpresso\workspace_projeto\Lib_MCU\Debug\libLib_MCU.a(lpc17xx_adc.o) (check_failed)
C:\Users\rodri\Documents\LPCXpresso_8.2.2_650\embedded_LPCXpresso\workspace_projeto\Lib_MCU\Debug\libLib_MCU.a(lpc17xx_pinsel.o)
                              ./src/easyweb.o (PINSEL_ConfigPin)
C:\Users\rodri\Documents\LPCXpresso_8.2.2_650\embedded_LPCXpresso\workspace_projeto\Lib_MCU\Debug\libLib_MCU.a(lpc17xx_ssp.o)
                              ./src/easyweb.o (SSP_Init)
C:\Users\rodri\Documents\LPCXpresso_8.2.2_650\embedded_LPCXpresso\workspace_projeto\Lib_MCU\Debug\libLib_MCU.a(lpc17xx_timer.o)
                              ./src/easyweb.o (Timer0_Wait)
c:/nxp/lpcxpresso_8.2.2_650/lpcxpresso/tools/bin/../lib/gcc/arm-none-eabi/5.4.1/armv7-m\libgcc.a(_aeabi_uldivmod.o)
                              C:\Users\rodri\Documents\LPCXpresso_8.2.2_650\embedded_LPCXpresso\workspace_projeto\CMSISv2p00_LPC17xx\Debug\libCMSISv2p00_LPC17xx.a(system_LPC17xx.o) (__aeabi_uldivmod)
c:/nxp/lpcxpresso_8.2.2_650/lpcxpresso/tools/bin/../lib/gcc/arm-none-eabi/5.4.1/armv7-m\libgcc.a(_udivmoddi4.o)
                              c:/nxp/lpcxpresso_8.2.2_650/lpcxpresso/tools/bin/../lib/gcc/arm-none-eabi/5.4.1/armv7-m\libgcc.a(_aeabi_uldivmod.o) (__udivmoddi4)
c:/nxp/lpcxpresso_8.2.2_650/lpcxpresso/tools/bin/../lib/gcc/arm-none-eabi/5.4.1/armv7-m\libgcc.a(_dvmd_tls.o)
                              c:/nxp/lpcxpresso_8.2.2_650/lpcxpresso/tools/bin/../lib/gcc/arm-none-eabi/5.4.1/armv7-m\libgcc.a(_aeabi_uldivmod.o) (__aeabi_ldiv0)
c:/nxp/lpcxpresso_8.2.2_650/lpcxpresso/tools/bin/../lib/gcc/arm-none-eabi/5.4.1/../../../../arm-none-eabi/lib/armv7-m\libc.a(lib_a-memcmp.o)
                              ./src/tcpip.o (memcmp)
[...]
Memory Configuration

Name             Origin             Length             Attributes
MFlash512        0x00000000         0x00080000         xr
RamLoc32         0x10000000         0x00008000         xrw
RamAHB32         0x2007c000         0x00008000         xrw
*default*        0x00000000         0xffffffff

Linker script and memory map

LOAD ./src/cr_startup_lpc17.o
LOAD ./src/easyweb.o
LOAD ./src/ethmac.o
LOAD ./src/ew_systick.o
LOAD ./src/tcpip.o
LOAD C:\Users\rodri\Documents\LPCXpresso_8.2.2_650\embedded_LPCXpresso\workspace_projeto\CMSISv2p00_LPC17xx\Debug\libCMSISv2p00_LPC17xx.a
LOAD C:\Users\rodri\Documents\LPCXpresso_8.2.2_650\embedded_LPCXpresso\workspace_projeto\Lib_EaBaseBoard\Debug\libLib_EaBaseBoard.a
LOAD C:\Users\rodri\Documents\LPCXpresso_8.2.2_650\embedded_LPCXpresso\workspace_projeto\Lib_MCU\Debug\libLib_MCU.a
START GROUP
LOAD c:/nxp/lpcxpresso_8.2.2_650/lpcxpresso/tools/bin/../lib/gcc/arm-none-eabi/5.4.1/armv7-m\libgcc.a
LOAD c:/nxp/lpcxpresso_8.2.2_650/lpcxpresso/tools/bin/../lib/gcc/arm-none-eabi/5.4.1/../../../../arm-none-eabi/lib/armv7-m\libc.a
LOAD c:/nxp/lpcxpresso_8.2.2_650/lpcxpresso/tools/bin/../lib/gcc/arm-none-eabi/5.4.1/../../../../arm-none-eabi/lib/armv7-m\libm.a
LOAD c:/nxp/lpcxpresso_8.2.2_650/lpcxpresso/tools/bin/../lib/gcc/arm-none-eabi/5.4.1/../../../../arm-none-eabi/lib/armv7-m\libcr_newlib_semihost.a
END GROUP
                0x00000000                __base_MFlash512 = 0x0
                0x00000000                __base_Flash = 0x0
                0x00080000                __top_MFlash512 = 0x80000
                0x00080000                __top_Flash = 0x80000
                0x10000000                __base_RamLoc32 = 0x10000000
                0x10000000                __base_RAM = 0x10000000
                0x10008000                __top_RamLoc32 = 0x10008000
                0x10008000                __top_RAM = 0x10008000
                0x2007c000                __base_RamAHB32 = 0x2007c000
                0x2007c000                __base_RAM2 = 0x2007c000
                0x20084000                __top_RamAHB32 = 0x20084000
                0x20084000                __top_RAM2 = 0x20084000

.text           0x00000000     0xa9ac
 FILL mask 0xff
                0x00000000                __vectors_start__ = ABSOLUTE (.)
 *(.isr_vector)
 .isr_vector    0x00000000       0xcc ./src/cr_startup_lpc17.o
                0x00000000                g_pfnVectors
                0x000000cc                . = ALIGN (0x4)
                0x000000cc                __section_table_start = .
                0x000000cc                __data_section_table = .
                0x000000cc        0x4 LONG 0xa9b4 LOADADDR (.data)
                0x000000d0        0x4 LONG 0x10000000 ADDR (.data)
                0x000000d4        0x4 LONG 0x8d4 SIZEOF (.data)
                0x000000d8        0x4 LONG 0xa9b4 LOADADDR (.data_RAM2)
                0x000000dc        0x4 LONG 0x2007c000 ADDR (.data_RAM2)
                0x000000e0        0x4 LONG 0x0 SIZEOF (.data_RAM2)
                0x000000e4                __data_section_table_end = .
                0x000000e4                __bss_section_table = .
                0x000000e4        0x4 LONG 0x100008d4 ADDR (.bss)
                0x000000e8        0x4 LONG 0x7b8 SIZEOF (.bss)
                0x000000ec        0x4 LONG 0x2007c000 ADDR (.bss_RAM2)
                0x000000f0        0x4 LONG 0x0 SIZEOF (.bss_RAM2)
                0x000000f4                __bss_section_table_end = .
                0x000000f4                __section_table_end = .
 *(.after_vectors*)
 *(.text*)
 .text.ResetISR
                0x000000f4       0x58 ./src/cr_startup_lpc17.o
                0x000000f4                ResetISR
 .text.NMI_Handler
                0x0000014c        0x8 ./src/cr_startup_lpc17.o
                0x0000014c                NMI_Handler
 .text.HardFault_Handler
                0x00000154        0x8 ./src/cr_startup_lpc17.o
                0x00000154                HardFault_Handler
 .text.MemManage_Handler
                0x0000015c        0x8 ./src/cr_startup_lpc17.o
                0x0000015c                MemManage_Handler
 .text.BusFault_Handler
                0x00000164        0x8 ./src/cr_startup_lpc17.o
                0x00000164                BusFault_Handler
 .text.UsageFault_Handler
                0x0000016c        0x8 ./src/cr_startup_lpc17.o
                0x0000016c                UsageFault_Handler
 .text.SVCall_Handler
                0x00000174        0x8 ./src/cr_startup_lpc17.o
                0x00000174                SVCall_Handler
 .text.DebugMon_Handler
                0x0000017c        0x8 ./src/cr_startup_lpc17.o
                0x0000017c                DebugMon_Handler
 .text.PendSV_Handler
                0x00000184        0x8 ./src/cr_startup_lpc17.o
                0x00000184                PendSV_Handler
 .text.IntDefaultHandler
                0x0000018c        0x8 ./src/cr_startup_lpc17.o
                0x0000018c                TIMER2_IRQHandler
                0x0000018c                RIT_IRQHandler
                0x0000018c                I2C0_IRQHandler
                0x0000018c                USBActivity_IRQHandler
                0x0000018c                PWM1_IRQHandler
                0x0000018c                I2C1_IRQHandler
                0x0000018c                EINT2_IRQHandler
                0x0000018c                UART1_IRQHandler
                0x0000018c                EINT3_IRQHandler
                0x0000018c                CANActivity_IRQHandler
                0x0000018c                TIMER3_IRQHandler
                0x0000018c                UART0_IRQHandler
                0x0000018c                IntDefaultHandler
                0x0000018c                PLL0_IRQHandler
                0x0000018c                CAN_IRQHandler
                0x0000018c                PLL1_IRQHandler
                0x0000018c                SSP0_IRQHandler
                0x0000018c                I2S_IRQHandler
                0x0000018c                I2C2_IRQHandler
                0x0000018c                RTC_IRQHandler
                0x0000018c                TIMER0_IRQHandler
                0x0000018c                SPI_IRQHandler
                0x0000018c                EINT1_IRQHandler
                0x0000018c                TIMER1_IRQHandler
                0x0000018c                UART2_IRQHandler
                0x0000018c                ADC_IRQHandler
                0x0000018c                SSP1_IRQHandler
                0x0000018c                USB_IRQHandler
                0x0000018c                BOD_IRQHandler
                0x0000018c                WDT_IRQHandler
                0x0000018c                QEI_IRQHandler
                0x0000018c                EINT0_IRQHandler
                0x0000018c                DMA_IRQHandler
                0x0000018c                UART3_IRQHandler
                0x0000018c                MCPWM_IRQHandler
                0x0000018c                ENET_IRQHandler
 .text.NVIC_SetPriority
                0x00000194       0x54 ./src/easyweb.o
 .text.SysTick_Config
                0x000001e8       0x44 ./src/easyweb.o
 .text.getTicks
                0x0000022c       0x14 ./src/easyweb.o
 .text.SysTick_Handler
                0x00000240       0x64 ./src/easyweb.o
                0x00000240                SysTick_Handler
 .text.Start_SysTick10ms
                0x000002a4       0x2c ./src/easyweb.o
                0x000002a4                Start_SysTick10ms
 .text.intToString
                0x000002d0       0xc8 ./src/easyweb.o
 .text.init_ssp
                0x00000398       0x78 ./src/easyweb.o
 .text.init_i2c
                0x00000410       0x48 ./src/easyweb.o
 .text.init_adc
                0x00000458       0x50 ./src/easyweb.o
 .text.joystickLed
                0x000004a8      0x10c ./src/easyweb.o
 .text.temperatureWeb
                0x000005b4       0x28 ./src/easyweb.o
 .text.temperatureLed
                0x000005dc      0x100 ./src/easyweb.o
 .text.moveBar  0x000006dc       0x80 ./src/easyweb.o
 .text.accWeb   0x0000075c       0x20 ./src/easyweb.o
 .text.accLed   0x0000077c      0x1dc ./src/easyweb.o
 .text.main     0x00000958      0x16c ./src/easyweb.o
                0x00000958                main
 .text.HTTPServer
                0x00000ac4      0x148 ./src/easyweb.o
                0x00000ac4                HTTPServer
 .text.InsertDynamicValues
                0x00000c0c      0x150 ./src/easyweb.o
                0x00000c0c                InsertDynamicValues
 .text.WriteToPHY
                0x00000d5c       0x50 ./src/ethmac.o
                0x00000d5c                WriteToPHY
 .text.ReadFromPHY
                0x00000dac       0x60 ./src/ethmac.o
                0x00000dac                ReadFromPHY
 .text.Init_EthMAC
                0x00000e0c      0x3b8 ./src/ethmac.o
                0x00000e0c                Init_EthMAC
 .text.WriteFrame_EthMAC
                0x000011c4       0x28 ./src/ethmac.o
                0x000011c4                WriteFrame_EthMAC
 .text.CopyToFrame_EthMAC
                0x000011ec       0x64 ./src/ethmac.o
                0x000011ec                CopyToFrame_EthMAC
 .text.ReadFrame_EthMAC
                0x00001250       0x1c ./src/ethmac.o
                0x00001250                ReadFrame_EthMAC
 .text.ReadFrameBE_EthMAC
                0x0000126c       0x2c ./src/ethmac.o
                0x0000126c                ReadFrameBE_EthMAC
 .text.CopyFromFrame_EthMAC
                0x00001298       0x48 ./src/ethmac.o
                0x00001298                CopyFromFrame_EthMAC
 .text.DummyReadFrame_EthMAC
                0x000012e0       0x24 ./src/ethmac.o
                0x000012e0                DummyReadFrame_EthMAC
 .text.RequestSend
                0x00001304       0x4c ./src/ethmac.o
                0x00001304                RequestSend
 .text.Rdy4Tx   0x00001350       0x10 ./src/ethmac.o
                0x00001350                Rdy4Tx
 .text.StartReadingFrame
                0x00001360       0x50 ./src/ethmac.o
                0x00001360                StartReadingFrame
 .text.StopReadingFrame
                0x000013b0       0x34 ./src/ethmac.o
                0x000013b0                StopReadingFrame
 .text.CheckIfFrameReceived
                0x000013e4       0x28 ./src/ethmac.o
                0x000013e4                CheckIfFrameReceived
 .text.TCPLowLevelInit
                0x0000140c       0x44 ./src/tcpip.o
                0x0000140c                TCPLowLevelInit
 .text.TCPPassiveOpen
                0x00001450       0x3c ./src/tcpip.o
                0x00001450                TCPPassiveOpen
 .text.TCPClose
                0x0000148c       0x5c ./src/tcpip.o
                0x0000148c                TCPClose
 .text.TCPReleaseRxBuffer
                0x000014e8       0x20 ./src/tcpip.o
                0x000014e8                TCPReleaseRxBuffer
 .text.TCPTransmitTxBuffer
                0x00001508       0x84 ./src/tcpip.o
                0x00001508                TCPTransmitTxBuffer
 .text.BroadcastMessage
                0x0000158c       0x58 ./src/tcpip.o
                0x0000158c                BroadcastMessage
 .text.DoNetworkStuff
                0x000015e4      0x27c ./src/tcpip.o
                0x000015e4                DoNetworkStuff
 .text.ProcessEthBroadcastFrame
                0x00001860       0x8c ./src/tcpip.o
                0x00001860                ProcessEthBroadcastFrame
 .text.ProcessEthIAFrame
                0x000018ec      0x114 ./src/tcpip.o
                0x000018ec                ProcessEthIAFrame
 .text.ProcessICMPFrame
                0x00001a00       0x2c ./src/tcpip.o
                0x00001a00                ProcessICMPFrame
 .text.ProcessTCPFrame
                0x00001a2c      0x52c ./src/tcpip.o
                0x00001a2c                ProcessTCPFrame
 .text.PrepareARP_REQUEST
                0x00001f58       0xfc ./src/tcpip.o
                0x00001f58                PrepareARP_REQUEST
 .text.PrepareARP_ANSWER
                0x00002054       0xb8 ./src/tcpip.o
                0x00002054                PrepareARP_ANSWER
 .text.PrepareICMP_ECHO_REPLY
                0x0000210c      0x154 ./src/tcpip.o
                0x0000210c                PrepareICMP_ECHO_REPLY
 .text.PrepareTCP_FRAME
                0x00002260      0x1ac ./src/tcpip.o
                0x00002260                PrepareTCP_FRAME
 .text.PrepareTCP_DATA_FRAME
                0x0000240c      0x13c ./src/tcpip.o
                0x0000240c                PrepareTCP_DATA_FRAME
 .text.CalcChecksum
                0x00002548       0xc8 ./src/tcpip.o
                0x00002548                CalcChecksum
 .text.TCPStartRetryTimer
                0x00002610       0x40 ./src/tcpip.o
                0x00002610                TCPStartRetryTimer
 .text.TCPStartTimeWaitTimer
                0x00002650       0x38 ./src/tcpip.o
                0x00002650                TCPStartTimeWaitTimer
 .text.TCPRestartTimer
                0x00002688       0x18 ./src/tcpip.o
                0x00002688                TCPRestartTimer
 .text.TCPStopTimer
                0x000026a0       0x20 ./src/tcpip.o
                0x000026a0                TCPStopTimer
 .text.TCPHandleRetransmission
                0x000026c0       0x64 ./src/tcpip.o
                0x000026c0                TCPHandleRetransmission
 .text.TCPHandleTimeout
                0x00002724       0x40 ./src/tcpip.o
                0x00002724                TCPHandleTimeout
 .text.TCPClockHandler
                0x00002764       0x2c ./src/tcpip.o
                0x00002764                TCPClockHandler
 .text.SendFrame1
                0x00002790       0x1c ./src/tcpip.o
                0x00002790                SendFrame1
 .text.SendFrame2
                0x000027ac       0x1c ./src/tcpip.o
                0x000027ac                SendFrame2
 .text.WriteWBE
                0x000027c8       0x30 ./src/tcpip.o
                0x000027c8                WriteWBE
 .text.WriteDWBE
                0x000027f8       0x48 ./src/tcpip.o
                0x000027f8                WriteDWBE
 .text.SwapBytes
                0x00002840       0x28 ./src/tcpip.o
                0x00002840                SwapBytes
 .text.SystemInit
                0x00002868       0xe4 C:\Users\rodri\Documents\LPCXpresso_8.2.2_650\embedded_LPCXpresso\workspace_projeto\CMSISv2p00_LPC17xx\Debug\libCMSISv2p00_LPC17xx.a(system_LPC17xx.o)
                0x00002868                SystemInit
 .text.I2CRead  0x0000294c       0x50 C:\Users\rodri\Documents\LPCXpresso_8.2.2_650\embedded_LPCXpresso\workspace_projeto\Lib_EaBaseBoard\Debug\libLib_EaBaseBoard.a(acc.o)
 .text.I2CWrite
                0x0000299c       0x50 C:\Users\rodri\Documents\LPCXpresso_8.2.2_650\embedded_LPCXpresso\workspace_projeto\Lib_EaBaseBoard\Debug\libLib_EaBaseBoard.a(acc.o)
 .text.getStatus
                0x000029ec       0x2c C:\Users\rodri\Documents\LPCXpresso_8.2.2_650\embedded_LPCXpresso\workspace_projeto\Lib_EaBaseBoard\Debug\libLib_EaBaseBoard.a(acc.o)
 .text.setModeControl
                0x00002a18       0x28 C:\Users\rodri\Documents\LPCXpresso_8.2.2_650\embedded_LPCXpresso\workspace_projeto\Lib_EaBaseBoard\Debug\libLib_EaBaseBoard.a(acc.o)
 .text.acc_init
                0x00002a40       0x10 C:\Users\rodri\Documents\LPCXpresso_8.2.2_650\embedded_LPCXpresso\workspace_projeto\Lib_EaBaseBoard\Debug\libLib_EaBaseBoard.a(acc.o)
                0x00002a40                acc_init
 .text.acc_read
                0x00002a50       0x9c C:\Users\rodri\Documents\LPCXpresso_8.2.2_650\embedded_LPCXpresso\workspace_projeto\Lib_EaBaseBoard\Debug\libLib_EaBaseBoard.a(acc.o)
                0x00002a50                acc_read
 .text.joystick_init
                0x00002aec       0x20 C:\Users\rodri\Documents\LPCXpresso_8.2.2_650\embedded_LPCXpresso\workspace_projeto\Lib_EaBaseBoard\Debug\libLib_EaBaseBoard.a(joystick.o)
                0x00002aec                joystick_init
 .text.joystick_read
                0x00002b0c       0x88 C:\Users\rodri\Documents\LPCXpresso_8.2.2_650\embedded_LPCXpresso\workspace_projeto\Lib_EaBaseBoard\Debug\libLib_EaBaseBoard.a(joystick.o)
                0x00002b0c                joystick_read
 .text.led7seg_init
                0x00002b94       0x1c C:\Users\rodri\Documents\LPCXpresso_8.2.2_650\embedded_LPCXpresso\workspace_projeto\Lib_EaBaseBoard\Debug\libLib_EaBaseBoard.a(led7seg.o)
                0x00002b94                led7seg_init
 .text.led7seg_setChar
                0x00002bb0       0x74 C:\Users\rodri\Documents\LPCXpresso_8.2.2_650\embedded_LPCXpresso\workspace_projeto\Lib_EaBaseBoard\Debug\libLib_EaBaseBoard.a(led7seg.o)
                0x00002bb0                led7seg_setChar
 .text.writeCommand
                0x00002c24       0x48 C:\Users\rodri\Documents\LPCXpresso_8.2.2_650\embedded_LPCXpresso\workspace_projeto\Lib_EaBaseBoard\Debug\libLib_EaBaseBoard.a(oled.o)
 .text.writeData
                0x00002c6c       0x48 C:\Users\rodri\Documents\LPCXpresso_8.2.2_650\embedded_LPCXpresso\workspace_projeto\Lib_EaBaseBoard\Debug\libLib_EaBaseBoard.a(oled.o)
 .text.writeDataLen
                0x00002cb4       0x78 C:\Users\rodri\Documents\LPCXpresso_8.2.2_650\embedded_LPCXpresso\workspace_projeto\Lib_EaBaseBoard\Debug\libLib_EaBaseBoard.a(oled.o)
 .text.runInitSequence
                0x00002d2c       0xd4 C:\Users\rodri\Documents\LPCXpresso_8.2.2_650\embedded_LPCXpresso\workspace_projeto\Lib_EaBaseBoard\Debug\libLib_EaBaseBoard.a(oled.o)
 .text.hLine    0x00002e00       0x58 C:\Users\rodri\Documents\LPCXpresso_8.2.2_650\embedded_LPCXpresso\workspace_projeto\Lib_EaBaseBoard\Debug\libLib_EaBaseBoard.a(oled.o)
 .text.vLine    0x00002e58       0x58 C:\Users\rodri\Documents\LPCXpresso_8.2.2_650\embedded_LPCXpresso\workspace_projeto\Lib_EaBaseBoard\Debug\libLib_EaBaseBoard.a(oled.o)
 .text.oled_init
                0x00002eb0       0x74 C:\Users\rodri\Documents\LPCXpresso_8.2.2_650\embedded_LPCXpresso\workspace_projeto\Lib_EaBaseBoard\Debug\libLib_EaBaseBoard.a(oled.o)
                0x00002eb0                oled_init
 .text.oled_putPixel
                0x00002f24      0x150 C:\Users\rodri\Documents\LPCXpresso_8.2.2_650\embedded_LPCXpresso\workspace_projeto\Lib_EaBaseBoard\Debug\libLib_EaBaseBoard.a(oled.o)
                0x00002f24                oled_putPixel
 .text.oled_fillRect
                0x00003074       0xa0 C:\Users\rodri\Documents\LPCXpresso_8.2.2_650\embedded_LPCXpresso\workspace_projeto\Lib_EaBaseBoard\Debug\libLib_EaBaseBoard.a(oled.o)
                0x00003074                oled_fillRect
 .text.oled_clearScreen
                0x00003114       0x64 C:\Users\rodri\Documents\LPCXpresso_8.2.2_650\embedded_LPCXpresso\workspace_projeto\Lib_EaBaseBoard\Debug\libLib_EaBaseBoard.a(oled.o)
                0x00003114                oled_clearScreen
 .text.oled_putChar
                0x00003178       0xd8 C:\Users\rodri\Documents\LPCXpresso_8.2.2_650\embedded_LPCXpresso\workspace_projeto\Lib_EaBaseBoard\Debug\libLib_EaBaseBoard.a(oled.o)
                0x00003178                oled_putChar
 .text.oled_putString
                0x00003250       0x54 C:\Users\rodri\Documents\LPCXpresso_8.2.2_650\embedded_LPCXpresso\workspace_projeto\Lib_EaBaseBoard\Debug\libLib_EaBaseBoard.a(oled.o)
                0x00003250                oled_putString
 .text.I2CWrite
                0x000032a4       0x50 C:\Users\rodri\Documents\LPCXpresso_8.2.2_650\embedded_LPCXpresso\workspace_projeto\Lib_EaBaseBoard\Debug\libLib_EaBaseBoard.a(pca9532.o)
 .text.setLsStates
                0x000032f4       0xcc C:\Users\rodri\Documents\LPCXpresso_8.2.2_650\embedded_LPCXpresso\workspace_projeto\Lib_EaBaseBoard\Debug\libLib_EaBaseBoard.a(pca9532.o)
 .text.setLeds  0x000033c0       0x70 C:\Users\rodri\Documents\LPCXpresso_8.2.2_650\embedded_LPCXpresso\workspace_projeto\Lib_EaBaseBoard\Debug\libLib_EaBaseBoard.a(pca9532.o)
 .text.pca9532_init
                0x00003430        0xc C:\Users\rodri\Documents\LPCXpresso_8.2.2_650\embedded_LPCXpresso\workspace_projeto\Lib_EaBaseBoard\Debug\libLib_EaBaseBoard.a(pca9532.o)
                0x00003430                pca9532_init
 .text.pca9532_setLeds
                0x0000343c       0x80 C:\Users\rodri\Documents\LPCXpresso_8.2.2_650\embedded_LPCXpresso\workspace_projeto\Lib_EaBaseBoard\Debug\libLib_EaBaseBoard.a(pca9532.o)
                0x0000343c                pca9532_setLeds
 .text.rgb_init
                0x000034bc       0x28 C:\Users\rodri\Documents\LPCXpresso_8.2.2_650\embedded_LPCXpresso\workspace_projeto\Lib_EaBaseBoard\Debug\libLib_EaBaseBoard.a(rgb.o)
                0x000034bc                rgb_init
 .text.rgb_setLeds
                0x000034e4       0x6c C:\Users\rodri\Documents\LPCXpresso_8.2.2_650\embedded_LPCXpresso\workspace_projeto\Lib_EaBaseBoard\Debug\libLib_EaBaseBoard.a(rgb.o)
                0x000034e4                rgb_setLeds
 .text.temp_init
                0x00003550       0x24 C:\Users\rodri\Documents\LPCXpresso_8.2.2_650\embedded_LPCXpresso\workspace_projeto\Lib_EaBaseBoard\Debug\libLib_EaBaseBoard.a(temp.o)
                0x00003550                temp_init
 .text.temp_read
                0x00003574       0xf0 C:\Users\rodri\Documents\LPCXpresso_8.2.2_650\embedded_LPCXpresso\workspace_projeto\Lib_EaBaseBoard\Debug\libLib_EaBaseBoard.a(temp.o)
                0x00003574                temp_read
 .text.ADC_Init
                0x00003664       0x78 C:\Users\rodri\Documents\LPCXpresso_8.2.2_650\embedded_LPCXpresso\workspace_projeto\Lib_MCU\Debug\libLib_MCU.a(lpc17xx_adc.o)
                0x00003664                ADC_Init
 .text.ADC_IntConfig
                0x000036dc       0x9c C:\Users\rodri\Documents\LPCXpresso_8.2.2_650\embedded_LPCXpresso\workspace_projeto\Lib_MCU\Debug\libLib_MCU.a(lpc17xx_adc.o)
                0x000036dc                ADC_IntConfig
 .text.ADC_ChannelCmd
                0x00003778       0x60 C:\Users\rodri\Documents\LPCXpresso_8.2.2_650\embedded_LPCXpresso\workspace_projeto\Lib_MCU\Debug\libLib_MCU.a(lpc17xx_adc.o)
                0x00003778                ADC_ChannelCmd
 .text.CLKPWR_SetPCLKDiv
                0x000037d8       0x8c C:\Users\rodri\Documents\LPCXpresso_8.2.2_650\embedded_LPCXpresso\workspace_projeto\Lib_MCU\Debug\libLib_MCU.a(lpc17xx_clkpwr.o)
                0x000037d8                CLKPWR_SetPCLKDiv
 .text.CLKPWR_GetPCLKSEL
                0x00003864       0x48 C:\Users\rodri\Documents\LPCXpresso_8.2.2_650\embedded_LPCXpresso\workspace_projeto\Lib_MCU\Debug\libLib_MCU.a(lpc17xx_clkpwr.o)
                0x00003864                CLKPWR_GetPCLKSEL
 .text.CLKPWR_GetPCLK
                0x000038ac       0x64 C:\Users\rodri\Documents\LPCXpresso_8.2.2_650\embedded_LPCXpresso\workspace_projeto\Lib_MCU\Debug\libLib_MCU.a(lpc17xx_clkpwr.o)
                0x000038ac                CLKPWR_GetPCLK
 .text.CLKPWR_ConfigPPWR
                0x00003910       0x58 C:\Users\rodri\Documents\LPCXpresso_8.2.2_650\embedded_LPCXpresso\workspace_projeto\Lib_MCU\Debug\libLib_MCU.a(lpc17xx_clkpwr.o)
                0x00003910                CLKPWR_ConfigPPWR
 .text.GPIO_GetPointer
                0x00003968       0x70 C:\Users\rodri\Documents\LPCXpresso_8.2.2_650\embedded_LPCXpresso\workspace_projeto\Lib_MCU\Debug\libLib_MCU.a(lpc17xx_gpio.o)
 .text.GPIO_SetDir
                0x000039d8       0x4c C:\Users\rodri\Documents\LPCXpresso_8.2.2_650\embedded_LPCXpresso\workspace_projeto\Lib_MCU\Debug\libLib_MCU.a(lpc17xx_gpio.o)
                0x000039d8                GPIO_SetDir
 .text.GPIO_SetValue
                0x00003a24       0x2c C:\Users\rodri\Documents\LPCXpresso_8.2.2_650\embedded_LPCXpresso\workspace_projeto\Lib_MCU\Debug\libLib_MCU.a(lpc17xx_gpio.o)
                0x00003a24                GPIO_SetValue
 .text.GPIO_ClearValue
                0x00003a50       0x2c C:\Users\rodri\Documents\LPCXpresso_8.2.2_650\embedded_LPCXpresso\workspace_projeto\Lib_MCU\Debug\libLib_MCU.a(lpc17xx_gpio.o)
                0x00003a50                GPIO_ClearValue
 .text.GPIO_ReadValue
                0x00003a7c       0x2c C:\Users\rodri\Documents\LPCXpresso_8.2.2_650\embedded_LPCXpresso\workspace_projeto\Lib_MCU\Debug\libLib_MCU.a(lpc17xx_gpio.o)
                0x00003a7c                GPIO_ReadValue
 .text.NVIC_EnableIRQ
                0x00003aa8       0x30 C:\Users\rodri\Documents\LPCXpresso_8.2.2_650\embedded_LPCXpresso\workspace_projeto\Lib_MCU\Debug\libLib_MCU.a(lpc17xx_i2c.o)
 .text.NVIC_DisableIRQ
                0x00003ad8       0x34 C:\Users\rodri\Documents\LPCXpresso_8.2.2_650\embedded_LPCXpresso\workspace_projeto\Lib_MCU\Debug\libLib_MCU.a(lpc17xx_i2c.o)
 .text.I2C_getNum
                0x00003b0c       0x48 C:\Users\rodri\Documents\LPCXpresso_8.2.2_650\embedded_LPCXpresso\workspace_projeto\Lib_MCU\Debug\libLib_MCU.a(lpc17xx_i2c.o)
 .text.I2C_Start
                0x00003b54       0x3c C:\Users\rodri\Documents\LPCXpresso_8.2.2_650\embedded_LPCXpresso\workspace_projeto\Lib_MCU\Debug\libLib_MCU.a(lpc17xx_i2c.o)
 .text.I2C_Stop
                0x00003b90       0x30 C:\Users\rodri\Documents\LPCXpresso_8.2.2_650\embedded_LPCXpresso\workspace_projeto\Lib_MCU\Debug\libLib_MCU.a(lpc17xx_i2c.o)
 .text.I2C_SendByte
                0x00003bc0       0x4c C:\Users\rodri\Documents\LPCXpresso_8.2.2_650\embedded_LPCXpresso\workspace_projeto\Lib_MCU\Debug\libLib_MCU.a(lpc17xx_i2c.o)
 .text.I2C_GetByte
                0x00003c0c       0x54 C:\Users\rodri\Documents\LPCXpresso_8.2.2_650\embedded_LPCXpresso\workspace_projeto\Lib_MCU\Debug\libLib_MCU.a(lpc17xx_i2c.o)
 .text.I2C_IntCmd
                0x00003c60       0x88 C:\Users\rodri\Documents\LPCXpresso_8.2.2_650\embedded_LPCXpresso\workspace_projeto\Lib_MCU\Debug\libLib_MCU.a(lpc17xx_i2c.o)
                0x00003c60                I2C_IntCmd
 .text.I2C_MasterHandler
                0x00003ce8      0x3a0 C:\Users\rodri\Documents\LPCXpresso_8.2.2_650\embedded_LPCXpresso\workspace_projeto\Lib_MCU\Debug\libLib_MCU.a(lpc17xx_i2c.o)
                0x00003ce8                I2C_MasterHandler
 .text.I2C_SetClock
                0x00004088       0xa4 C:\Users\rodri\Documents\LPCXpresso_8.2.2_650\embedded_LPCXpresso\workspace_projeto\Lib_MCU\Debug\libLib_MCU.a(lpc17xx_i2c.o)
                0x00004088                I2C_SetClock
 .text.I2C_Init
                0x0000412c       0xa4 C:\Users\rodri\Documents\LPCXpresso_8.2.2_650\embedded_LPCXpresso\workspace_projeto\Lib_MCU\Debug\libLib_MCU.a(lpc17xx_i2c.o)
                0x0000412c                I2C_Init
 .text.I2C_Cmd  0x000041d0       0x70 C:\Users\rodri\Documents\LPCXpresso_8.2.2_650\embedded_LPCXpresso\workspace_projeto\Lib_MCU\Debug\libLib_MCU.a(lpc17xx_i2c.o)
                0x000041d0                I2C_Cmd
 .text.I2C_MasterTransferData
                0x00004240      0x2f8 C:\Users\rodri\Documents\LPCXpresso_8.2.2_650\embedded_LPCXpresso\workspace_projeto\Lib_MCU\Debug\libLib_MCU.a(lpc17xx_i2c.o)
                0x00004240                I2C_MasterTransferData
 .text.check_failed
                0x00004538        0xc C:\Users\rodri\Documents\LPCXpresso_8.2.2_650\embedded_LPCXpresso\workspace_projeto\Lib_MCU\Debug\libLib_MCU.a(lpc17xx_libcfg_default.o)
                0x00004538                check_failed
 .text.PINSEL_SetPinFunc
                0x00004544       0x84 C:\Users\rodri\Documents\LPCXpresso_8.2.2_650\embedded_LPCXpresso\workspace_projeto\Lib_MCU\Debug\libLib_MCU.a(lpc17xx_pinsel.o)
                0x00004544                PINSEL_SetPinFunc
 .text.PINSEL_SetResistorMode
                0x000045c8       0x84 C:\Users\rodri\Documents\LPCXpresso_8.2.2_650\embedded_LPCXpresso\workspace_projeto\Lib_MCU\Debug\libLib_MCU.a(lpc17xx_pinsel.o)
                0x000045c8                PINSEL_SetResistorMode
 .text.PINSEL_SetOpenDrainMode
                0x0000464c       0x6c C:\Users\rodri\Documents\LPCXpresso_8.2.2_650\embedded_LPCXpresso\workspace_projeto\Lib_MCU\Debug\libLib_MCU.a(lpc17xx_pinsel.o)
                0x0000464c                PINSEL_SetOpenDrainMode
 .text.PINSEL_ConfigPin
                0x000046b8       0x48 C:\Users\rodri\Documents\LPCXpresso_8.2.2_650\embedded_LPCXpresso\workspace_projeto\Lib_MCU\Debug\libLib_MCU.a(lpc17xx_pinsel.o)
                0x000046b8                PINSEL_ConfigPin
 .text.SSP_getNum
                0x00004700       0x38 C:\Users\rodri\Documents\LPCXpresso_8.2.2_650\embedded_LPCXpresso\workspace_projeto\Lib_MCU\Debug\libLib_MCU.a(lpc17xx_ssp.o)
 .text.SSP_IntHandler
                0x00004738      0x2cc C:\Users\rodri\Documents\LPCXpresso_8.2.2_650\embedded_LPCXpresso\workspace_projeto\Lib_MCU\Debug\libLib_MCU.a(lpc17xx_ssp.o)
                0x00004738                SSP_IntHandler
 .text.SSP_SetClock
                0x00004a04       0xc4 C:\Users\rodri\Documents\LPCXpresso_8.2.2_650\embedded_LPCXpresso\workspace_projeto\Lib_MCU\Debug\libLib_MCU.a(lpc17xx_ssp.o)
                0x00004a04                SSP_SetClock
 .text.SSP_Init
                0x00004ac8       0xd8 C:\Users\rodri\Documents\LPCXpresso_8.2.2_650\embedded_LPCXpresso\workspace_projeto\Lib_MCU\Debug\libLib_MCU.a(lpc17xx_ssp.o)
                0x00004ac8                SSP_Init
 .text.SSP_ConfigStructInit
                0x00004ba0       0x3c C:\Users\rodri\Documents\LPCXpresso_8.2.2_650\embedded_LPCXpresso\workspace_projeto\Lib_MCU\Debug\libLib_MCU.a(lpc17xx_ssp.o)
                0x00004ba0                SSP_ConfigStructInit
 .text.SSP_Cmd  0x00004bdc       0x70 C:\Users\rodri\Documents\LPCXpresso_8.2.2_650\embedded_LPCXpresso\workspace_projeto\Lib_MCU\Debug\libLib_MCU.a(lpc17xx_ssp.o)
                0x00004bdc                SSP_Cmd
 .text.SSP_SendData
                0x00004c4c       0x40 C:\Users\rodri\Documents\LPCXpresso_8.2.2_650\embedded_LPCXpresso\workspace_projeto\Lib_MCU\Debug\libLib_MCU.a(lpc17xx_ssp.o)
                0x00004c4c                SSP_SendData
 .text.SSP_ReceiveData
                0x00004c8c       0x3c C:\Users\rodri\Documents\LPCXpresso_8.2.2_650\embedded_LPCXpresso\workspace_projeto\Lib_MCU\Debug\libLib_MCU.a(lpc17xx_ssp.o)
                0x00004c8c                SSP_ReceiveData
 .text.SSP_ReadWrite
                0x00004cc8      0x3c0 C:\Users\rodri\Documents\LPCXpresso_8.2.2_650\embedded_LPCXpresso\workspace_projeto\Lib_MCU\Debug\libLib_MCU.a(lpc17xx_ssp.o)
                0x00004cc8                SSP_ReadWrite
 .text.TIM_GetPClock
                0x00005088       0x58 C:\Users\rodri\Documents\LPCXpresso_8.2.2_650\embedded_LPCXpresso\workspace_projeto\Lib_MCU\Debug\libLib_MCU.a(lpc17xx_timer.o)
                0x00005088                TIM_GetPClock
 .text.TIM_ConverUSecToVal
                0x000050e0       0x58 C:\Users\rodri\Documents\LPCXpresso_8.2.2_650\embedded_LPCXpresso\workspace_projeto\Lib_MCU\Debug\libLib_MCU.a(lpc17xx_timer.o)
                0x000050e0                TIM_ConverUSecToVal
 .text.TIM_ConverPtrToTimeNum
                0x00005138       0x5c C:\Users\rodri\Documents\LPCXpresso_8.2.2_650\embedded_LPCXpresso\workspace_projeto\Lib_MCU\Debug\libLib_MCU.a(lpc17xx_timer.o)
                0x00005138                TIM_ConverPtrToTimeNum
 .text.TIM_GetIntStatus
                0x00005194       0x98 C:\Users\rodri\Documents\LPCXpresso_8.2.2_650\embedded_LPCXpresso\workspace_projeto\Lib_MCU\Debug\libLib_MCU.a(lpc17xx_timer.o)
                0x00005194                TIM_GetIntStatus
 .text.TIM_ClearIntPending
                0x0000522c       0x8c C:\Users\rodri\Documents\LPCXpresso_8.2.2_650\embedded_LPCXpresso\workspace_projeto\Lib_MCU\Debug\libLib_MCU.a(lpc17xx_timer.o)
                0x0000522c                TIM_ClearIntPending
 .text.TIM_Init
                0x000052b8      0x170 C:\Users\rodri\Documents\LPCXpresso_8.2.2_650\embedded_LPCXpresso\workspace_projeto\Lib_MCU\Debug\libLib_MCU.a(lpc17xx_timer.o)
                0x000052b8                TIM_Init
 .text.TIM_Cmd  0x00005428       0x70 C:\Users\rodri\Documents\LPCXpresso_8.2.2_650\embedded_LPCXpresso\workspace_projeto\Lib_MCU\Debug\libLib_MCU.a(lpc17xx_timer.o)
                0x00005428                TIM_Cmd
 .text.TIM_ConfigMatch
                0x00005498      0x15c C:\Users\rodri\Documents\LPCXpresso_8.2.2_650\embedded_LPCXpresso\workspace_projeto\Lib_MCU\Debug\libLib_MCU.a(lpc17xx_timer.o)
                0x00005498                TIM_ConfigMatch
 .text.Timer0_Wait
                0x000055f4       0x78 C:\Users\rodri\Documents\LPCXpresso_8.2.2_650\embedded_LPCXpresso\workspace_projeto\Lib_MCU\Debug\libLib_MCU.a(lpc17xx_timer.o)
                0x000055f4                Timer0_Wait
 .text          0x0000566c       0x30 c:/nxp/lpcxpresso_8.2.2_650/lpcxpresso/tools/bin/../lib/gcc/arm-none-eabi/5.4.1/armv7-m\libgcc.a(_aeabi_uldivmod.o)
                0x0000566c                __aeabi_uldivmod
 .text          0x0000569c      0x2ec c:/nxp/lpcxpresso_8.2.2_650/lpcxpresso/tools/bin/../lib/gcc/arm-none-eabi/5.4.1/armv7-m\libgcc.a(_udivmoddi4.o)
                0x0000569c                __udivmoddi4
 .text          0x00005988        0x4 c:/nxp/lpcxpresso_8.2.2_650/lpcxpresso/tools/bin/../lib/gcc/arm-none-eabi/5.4.1/armv7-m\libgcc.a(_dvmd_tls.o)
                0x00005988                __aeabi_idiv0
                0x00005988                __aeabi_ldiv0
 .text.memcmp   0x0000598c       0x64 c:/nxp/lpcxpresso_8.2.2_650/lpcxpresso/tools/bin/../lib/gcc/arm-none-eabi/5.4.1/../../../../arm-none-eabi/lib/armv7-m\libc.a(lib_a-memcmp.o)
                0x0000598c                memcmp
 .text          0x000059f0       0xec c:/nxp/lpcxpresso_8.2.2_650/lpcxpresso/tools/bin/../lib/gcc/arm-none-eabi/5.4.1/../../../../arm-none-eabi/lib/armv7-m\libc.a(lib_a-memcpy.o)
                0x000059f0                memcpy
 .text.memset   0x00005adc       0x9c c:/nxp/lpcxpresso_8.2.2_650/lpcxpresso/tools/bin/../lib/gcc/arm-none-eabi/5.4.1/../../../../arm-none-eabi/lib/armv7-m\libc.a(lib_a-memset.o)
                0x00005adc                memset
 .text.sprintf  0x00005b78       0x4c c:/nxp/lpcxpresso_8.2.2_650/lpcxpresso/tools/bin/../lib/gcc/arm-none-eabi/5.4.1/../../../../arm-none-eabi/lib/armv7-m\libc.a(lib_a-sprintf.o)
                0x00005b78                sprintf
 .text._svfprintf_r
                0x00005bc4     0x175c c:/nxp/lpcxpresso_8.2.2_650/lpcxpresso/tools/bin/../lib/gcc/arm-none-eabi/5.4.1/../../../../arm-none-eabi/lib/armv7-m\libc.a(lib_a-svfprintf.o)
                0x00005bc4                _svfprintf_r
 .text.quorem   0x00007320      0x12c c:/nxp/lpcxpresso_8.2.2_650/lpcxpresso/tools/bin/../lib/gcc/arm-none-eabi/5.4.1/../../../../arm-none-eabi/lib/armv7-m\libc.a(lib_a-dtoa.o)
 *fill*         0x0000744c        0x4 ff
 .text._dtoa_r  0x00007450      0xe4c c:/nxp/lpcxpresso_8.2.2_650/lpcxpresso/tools/bin/../lib/gcc/arm-none-eabi/5.4.1/../../../../arm-none-eabi/lib/armv7-m\libc.a(lib_a-dtoa.o)
                0x00007450                _dtoa_r
 .text._localeconv_r
                0x0000829c        0x8 c:/nxp/lpcxpresso_8.2.2_650/lpcxpresso/tools/bin/../lib/gcc/arm-none-eabi/5.4.1/../../../../arm-none-eabi/lib/armv7-m\libc.a(lib_a-locale.o)
                0x0000829c                _localeconv_r
 .text._malloc_r
                0x000082a4      0x558 c:/nxp/lpcxpresso_8.2.2_650/lpcxpresso/tools/bin/../lib/gcc/arm-none-eabi/5.4.1/../../../../arm-none-eabi/lib/armv7-m\libc.a(lib_a-mallocr.o)
                0x000082a4                _malloc_r
 .text.memchr   0x000087fc       0x8c c:/nxp/lpcxpresso_8.2.2_650/lpcxpresso/tools/bin/../lib/gcc/arm-none-eabi/5.4.1/../../../../arm-none-eabi/lib/armv7-m\libc.a(lib_a-memchr-stub.o)
                0x000087fc                memchr
 .text.__malloc_lock
                0x00008888        0x4 c:/nxp/lpcxpresso_8.2.2_650/lpcxpresso/tools/bin/../lib/gcc/arm-none-eabi/5.4.1/../../../../arm-none-eabi/lib/armv7-m\libc.a(lib_a-mlock.o)
                0x00008888                __malloc_lock
 .text.__malloc_unlock
                0x0000888c        0x4 c:/nxp/lpcxpresso_8.2.2_650/lpcxpresso/tools/bin/../lib/gcc/arm-none-eabi/5.4.1/../../../../arm-none-eabi/lib/armv7-m\libc.a(lib_a-mlock.o)
                0x0000888c                __malloc_unlock
 .text._Balloc  0x00008890       0x50 c:/nxp/lpcxpresso_8.2.2_650/lpcxpresso/tools/bin/../lib/gcc/arm-none-eabi/5.4.1/../../../../arm-none-eabi/lib/armv7-m\libc.a(lib_a-mprec.o)
                0x00008890                _Balloc
 .text._Bfree   0x000088e0       0x14 c:/nxp/lpcxpresso_8.2.2_650/lpcxpresso/tools/bin/../lib/gcc/arm-none-eabi/5.4.1/../../../../arm-none-eabi/lib/armv7-m\libc.a(lib_a-mprec.o)
                0x000088e0                _Bfree
 .text.__multadd
                0x000088f4       0x80 c:/nxp/lpcxpresso_8.2.2_650/lpcxpresso/tools/bin/../lib/gcc/arm-none-eabi/5.4.1/../../../../arm-none-eabi/lib/armv7-m\libc.a(lib_a-mprec.o)
                0x000088f4                __multadd
 .text.__hi0bits
                0x00008974       0x40 c:/nxp/lpcxpresso_8.2.2_650/lpcxpresso/tools/bin/../lib/gcc/arm-none-eabi/5.4.1/../../../../arm-none-eabi/lib/armv7-m\libc.a(lib_a-mprec.o)
                0x00008974                __hi0bits
 .text.__lo0bits
                0x000089b4       0x5c c:/nxp/lpcxpresso_8.2.2_650/lpcxpresso/tools/bin/../lib/gcc/arm-none-eabi/5.4.1/../../../../arm-none-eabi/lib/armv7-m\libc.a(lib_a-mprec.o)
                0x000089b4                __lo0bits
 .text.__i2b    0x00008a10       0x14 c:/nxp/lpcxpresso_8.2.2_650/lpcxpresso/tools/bin/../lib/gcc/arm-none-eabi/5.4.1/../../../../arm-none-eabi/lib/armv7-m\libc.a(lib_a-mprec.o)
                0x00008a10                __i2b
 .text.__multiply
                0x00008a24      0x13c c:/nxp/lpcxpresso_8.2.2_650/lpcxpresso/tools/bin/../lib/gcc/arm-none-eabi/5.4.1/../../../../arm-none-eabi/lib/armv7-m\libc.a(lib_a-mprec.o)
                0x00008a24                __multiply
 .text.__pow5mult
                0x00008b60       0xa0 c:/nxp/lpcxpresso_8.2.2_650/lpcxpresso/tools/bin/../lib/gcc/arm-none-eabi/5.4.1/../../../../arm-none-eabi/lib/armv7-m\libc.a(lib_a-mprec.o)
                0x00008b60                __pow5mult
 .text.__lshift
                0x00008c00       0xac c:/nxp/lpcxpresso_8.2.2_650/lpcxpresso/tools/bin/../lib/gcc/arm-none-eabi/5.4.1/../../../../arm-none-eabi/lib/armv7-m\libc.a(lib_a-mprec.o)
                0x00008c00                __lshift
 .text.__mcmp   0x00008cac       0x40 c:/nxp/lpcxpresso_8.2.2_650/lpcxpresso/tools/bin/../lib/gcc/arm-none-eabi/5.4.1/../../../../arm-none-eabi/lib/armv7-m\libc.a(lib_a-mprec.o)
                0x00008cac                __mcmp
 .text.__mdiff  0x00008cec      0x128 c:/nxp/lpcxpresso_8.2.2_650/lpcxpresso/tools/bin/../lib/gcc/arm-none-eabi/5.4.1/../../../../arm-none-eabi/lib/armv7-m\libc.a(lib_a-mprec.o)
                0x00008cec                __mdiff
 .text.__d2b    0x00008e14       0xa8 c:/nxp/lpcxpresso_8.2.2_650/lpcxpresso/tools/bin/../lib/gcc/arm-none-eabi/5.4.1/../../../../arm-none-eabi/lib/armv7-m\libc.a(lib_a-mprec.o)
                0x00008e14                __d2b
 .text._sbrk_r  0x00008ebc       0x24 c:/nxp/lpcxpresso_8.2.2_650/lpcxpresso/tools/bin/../lib/gcc/arm-none-eabi/5.4.1/../../../../arm-none-eabi/lib/armv7-m\libc.a(lib_a-sbrkr.o)
                0x00008ebc                _sbrk_r
 .text.strlen   0x00008ee0       0x5c c:/nxp/lpcxpresso_8.2.2_650/lpcxpresso/tools/bin/../lib/gcc/arm-none-eabi/5.4.1/../../../../arm-none-eabi/lib/armv7-m\libc.a(lib_a-strlen-stub.o)
                0x00008ee0                strlen
 .text.__ssprint_r
                0x00008f3c      0x100 c:/nxp/lpcxpresso_8.2.2_650/lpcxpresso/tools/bin/../lib/gcc/arm-none-eabi/5.4.1/../../../../arm-none-eabi/lib/armv7-m\libc.a(lib_a-svfiprintf.o)
                0x00008f3c                __ssprint_r
 .text._calloc_r
                0x0000903c       0x60 c:/nxp/lpcxpresso_8.2.2_650/lpcxpresso/tools/bin/../lib/gcc/arm-none-eabi/5.4.1/../../../../arm-none-eabi/lib/armv7-m\libc.a(lib_a-callocr.o)
                0x0000903c                _calloc_r
 .text._malloc_trim_r
                0x0000909c       0x9c c:/nxp/lpcxpresso_8.2.2_650/lpcxpresso/tools/bin/../lib/gcc/arm-none-eabi/5.4.1/../../../../arm-none-eabi/lib/armv7-m\libc.a(lib_a-freer.o)
                0x0000909c                _malloc_trim_r
 .text._free_r  0x00009138      0x1d0 c:/nxp/lpcxpresso_8.2.2_650/lpcxpresso/tools/bin/../lib/gcc/arm-none-eabi/5.4.1/../../../../arm-none-eabi/lib/armv7-m\libc.a(lib_a-freer.o)
                0x00009138                _free_r
 .text.memmove  0x00009308       0xc8 c:/nxp/lpcxpresso_8.2.2_650/lpcxpresso/tools/bin/../lib/gcc/arm-none-eabi/5.4.1/../../../../arm-none-eabi/lib/armv7-m\libc.a(lib_a-memmove.o)
                0x00009308                memmove
 .text._realloc_r
                0x000093d0      0x3d4 c:/nxp/lpcxpresso_8.2.2_650/lpcxpresso/tools/bin/../lib/gcc/arm-none-eabi/5.4.1/../../../../arm-none-eabi/lib/armv7-m\libc.a(lib_a-reallocr.o)
                0x000093d0                _realloc_r
 .text._sbrk    0x000097a4       0x3c c:/nxp/lpcxpresso_8.2.2_650/lpcxpresso/tools/bin/../lib/gcc/arm-none-eabi/5.4.1/../../../../arm-none-eabi/lib/armv7-m\libcr_newlib_semihost.a(_cr_sbrk.o)
                0x000097a4                _sbrk
 .text.__check_heap_overflow
                0x000097e0       0x18 c:/nxp/lpcxpresso_8.2.2_650/lpcxpresso/tools/bin/../lib/gcc/arm-none-eabi/5.4.1/../../../../arm-none-eabi/lib/armv7-m\libcr_newlib_semihost.a(_cr_check_heap.o)
                0x000097e0                __check_heap_overflow
 .text          0x000097f8      0x370 c:/nxp/lpcxpresso_8.2.2_650/lpcxpresso/tools/bin/../lib/gcc/arm-none-eabi/5.4.1/armv7-m\libgcc.a(_arm_addsubdf3.o)
                0x000097f8                __aeabi_drsub
                0x00009800                __aeabi_dsub
                0x00009800                __subdf3
                0x00009804                __aeabi_dadd
                0x00009804                __adddf3
                0x00009a7c                __floatunsidf
                0x00009a7c                __aeabi_ui2d
                0x00009a9c                __floatsidf
                0x00009a9c                __aeabi_i2d
                0x00009ac0                __aeabi_f2d
                0x00009ac0                __extendsfdf2
                0x00009afc                __floatundidf
                0x00009afc                __aeabi_ul2d
                0x00009b0c                __floatdidf
                0x00009b0c                __aeabi_l2d
 .text          0x00009b68      0x424 c:/nxp/lpcxpresso_8.2.2_650/lpcxpresso/tools/bin/../lib/gcc/arm-none-eabi/5.4.1/armv7-m\libgcc.a(_arm_muldivdf3.o)
                0x00009b68                __aeabi_dmul
                0x00009b68                __muldf3
                0x00009dbc                __divdf3
                0x00009dbc                __aeabi_ddiv
 .text          0x00009f8c      0x110 c:/nxp/lpcxpresso_8.2.2_650/lpcxpresso/tools/bin/../lib/gcc/arm-none-eabi/5.4.1/armv7-m\libgcc.a(_arm_cmpdf2.o)
                0x00009f8c                __gtdf2
                0x00009f8c                __gedf2
                0x00009f94                __ltdf2
                0x00009f94                __ledf2
                0x00009f9c                __nedf2
                0x00009f9c                __eqdf2
                0x00009f9c                __cmpdf2
                0x0000a018                __aeabi_cdrcmple
                0x0000a028                __aeabi_cdcmpeq
                0x0000a028                __aeabi_cdcmple
                0x0000a038                __aeabi_dcmpeq
                0x0000a04c                __aeabi_dcmplt
                0x0000a060                __aeabi_dcmple
                0x0000a074                __aeabi_dcmpge
                0x0000a088                __aeabi_dcmpgt
 .text          0x0000a09c       0x2c c:/nxp/lpcxpresso_8.2.2_650/lpcxpresso/tools/bin/../lib/gcc/arm-none-eabi/5.4.1/armv7-m\libgcc.a(_arm_unorddf2.o)
                0x0000a09c                __unorddf2
                0x0000a09c                __aeabi_dcmpun
 .text          0x0000a0c8       0x50 c:/nxp/lpcxpresso_8.2.2_650/lpcxpresso/tools/bin/../lib/gcc/arm-none-eabi/5.4.1/armv7-m\libgcc.a(_arm_fixdfsi.o)
                0x0000a0c8                __aeabi_d2iz
                0x0000a0c8                __fixdfsi
 .text.__errno  0x0000a118        0xc c:/nxp/lpcxpresso_8.2.2_650/lpcxpresso/tools/bin/../lib/gcc/arm-none-eabi/5.4.1/../../../../arm-none-eabi/lib/armv7-m\libc.a(lib_a-errno.o)
                0x0000a118                __errno
 *(.rodata .rodata.* .constdata .constdata.*)
 .rodata        0x0000a124      0x395 ./src/easyweb.o
                0x0000a124                GetResponse
                0x0000a154                MyIP
                0x0000a158                SubnetMask
                0x0000a15c                GatewayIP
                0x0000a160                WebSide
 *fill*         0x0000a4b9        0x3 ff
 .rodata        0x0000a4bc        0x6 ./src/tcpip.o
                0x0000a4bc                MyMAC
 *fill*         0x0000a4c2        0x2 ff
 .rodata        0x0000a4c4        0x8 C:\Users\rodri\Documents\LPCXpresso_8.2.2_650\embedded_LPCXpresso\workspace_projeto\Lib_EaBaseBoard\Debug\libLib_EaBaseBoard.a(oled.o)
 .rodata        0x0000a4cc      0x300 C:\Users\rodri\Documents\LPCXpresso_8.2.2_650\embedded_LPCXpresso\workspace_projeto\Lib_EaBaseBoard\Debug\libLib_EaBaseBoard.a(font5x7.o)
                0x0000a4cc                font5x7
 .rodata        0x0000a7cc       0x15 C:\Users\rodri\Documents\LPCXpresso_8.2.2_650\embedded_LPCXpresso\workspace_projeto\Lib_MCU\Debug\libLib_MCU.a(lpc17xx_adc.o)
 *fill*         0x0000a7e1        0x3 ff
 .rodata        0x0000a7e4       0x15 C:\Users\rodri\Documents\LPCXpresso_8.2.2_650\embedded_LPCXpresso\workspace_projeto\Lib_MCU\Debug\libLib_MCU.a(lpc17xx_i2c.o)
 *fill*         0x0000a7f9        0x3 ff
 .rodata        0x0000a7fc       0x15 C:\Users\rodri\Documents\LPCXpresso_8.2.2_650\embedded_LPCXpresso\workspace_projeto\Lib_MCU\Debug\libLib_MCU.a(lpc17xx_ssp.o)
 *fill*         0x0000a811        0x3 ff
 .rodata        0x0000a814       0x17 C:\Users\rodri\Documents\LPCXpresso_8.2.2_650\embedded_LPCXpresso\workspace_projeto\Lib_MCU\Debug\libLib_MCU.a(lpc17xx_timer.o)
 *fill*         0x0000a82b        0x1 ff
 .rodata.blanks.7055
                0x0000a82c       0x10 c:/nxp/lpcxpresso_8.2.2_650/lpcxpresso/tools/bin/../lib/gcc/arm-none-eabi/5.4.1/../../../../arm-none-eabi/lib/armv7-m\libc.a(lib_a-svfprintf.o)
 .rodata.str1.4
                0x0000a83c       0x42 c:/nxp/lpcxpresso_8.2.2_650/lpcxpresso/tools/bin/../lib/gcc/arm-none-eabi/5.4.1/../../../../arm-none-eabi/lib/armv7-m\libc.a(lib_a-svfprintf.o)
 *fill*         0x0000a87e        0x2 ff
 .rodata.zeroes.7056
                0x0000a880       0x10 c:/nxp/lpcxpresso_8.2.2_650/lpcxpresso/tools/bin/../lib/gcc/arm-none-eabi/5.4.1/../../../../arm-none-eabi/lib/armv7-m\libc.a(lib_a-svfprintf.o)
 .rodata.str1.4
                0x0000a890       0x10 c:/nxp/lpcxpresso_8.2.2_650/lpcxpresso/tools/bin/../lib/gcc/arm-none-eabi/5.4.1/../../../../arm-none-eabi/lib/armv7-m\libc.a(lib_a-dtoa.o)
                                 0x12 (size before relaxing)
 .rodata.str1.4
                0x0000a8a0        0x2 c:/nxp/lpcxpresso_8.2.2_650/lpcxpresso/tools/bin/../lib/gcc/arm-none-eabi/5.4.1/../../../../arm-none-eabi/lib/armv7-m\libc.a(lib_a-impure.o)
 *fill*         0x0000a8a2        0x2 ff
 .rodata.str1.4
                0x0000a8a4        0xc c:/nxp/lpcxpresso_8.2.2_650/lpcxpresso/tools/bin/../lib/gcc/arm-none-eabi/5.4.1/../../../../arm-none-eabi/lib/armv7-m\libc.a(lib_a-locale.o)
                                 0x12 (size before relaxing)
 .rodata.__mprec_tens
                0x0000a8b0       0xc8 c:/nxp/lpcxpresso_8.2.2_650/lpcxpresso/tools/bin/../lib/gcc/arm-none-eabi/5.4.1/../../../../arm-none-eabi/lib/armv7-m\libc.a(lib_a-mprec.o)
                0x0000a8b0                __mprec_tens
 .rodata.__mprec_bigtens
                0x0000a978       0x28 c:/nxp/lpcxpresso_8.2.2_650/lpcxpresso/tools/bin/../lib/gcc/arm-none-eabi/5.4.1/../../../../arm-none-eabi/lib/armv7-m\libc.a(lib_a-mprec.o)
                0x0000a978                __mprec_bigtens
 .rodata.p05.5396
                0x0000a9a0        0xc c:/nxp/lpcxpresso_8.2.2_650/lpcxpresso/tools/bin/../lib/gcc/arm-none-eabi/5.4.1/../../../../arm-none-eabi/lib/armv7-m\libc.a(lib_a-mprec.o)
                0x0000a9ac                . = ALIGN (0x4)

.glue_7         0x0000a9ac        0x0
 .glue_7        0x0000a9ac        0x0 linker stubs

.glue_7t        0x0000a9ac        0x0
 .glue_7t       0x0000a9ac        0x0 linker stubs

.vfp11_veneer   0x0000a9ac        0x0
 .vfp11_veneer  0x0000a9ac        0x0 linker stubs

.v4_bx          0x0000a9ac        0x0
 .v4_bx         0x0000a9ac        0x0 linker stubs

.iplt           0x0000a9ac        0x0
 .iplt          0x0000a9ac        0x0 ./src/cr_startup_lpc17.o

.ARM.extab
 *(.ARM.extab* .gnu.linkonce.armextab.*)
                0x0000a9ac                __exidx_start = .

.ARM.exidx      0x0000a9ac        0x8
 *(.ARM.exidx* .gnu.linkonce.armexidx.*)
 .ARM.exidx     0x0000a9ac        0x8 c:/nxp/lpcxpresso_8.2.2_650/lpcxpresso/tools/bin/../lib/gcc/arm-none-eabi/5.4.1/armv7-m\libgcc.a(_udivmoddi4.o)
                0x0000a9b4                __exidx_end = .
                0x0000a9b4                _etext = .

.rel.dyn        0x0000a9b4        0x0
 .rel.iplt      0x0000a9b4        0x0 ./src/cr_startup_lpc17.o

.data_RAM2      0x2007c000        0x0 load address 0x0000a9b4
 FILL mask 0xff
                [!provide]                PROVIDE (__start_data_RAM2, .)
 *(.ramfunc.$RAM2)
 *(.ramfunc.$RamAHB32)
 *(.data.$RAM2*)
 *(.data.$RamAHB32*)
                0x2007c000                . = ALIGN (0x4)
                [!provide]                PROVIDE (__end_data_RAM2, .)

.uninit_RESERVED
                0x10000000        0x0
 *(.bss.$RESERVED*)
                0x10000000                . = ALIGN (0x4)
                0x10000000                _end_uninit_RESERVED = .

.data           0x10000000      0x8d4 load address 0x0000a9b4
 FILL mask 0xff
                0x10000000                _data = .
 *(vtable)
 *(.ramfunc*)
 *(.data*)
 .data          0x10000000        0xc ./src/easyweb.o
                0x10000004                aaScrollbar
 .data.SystemCoreClock
                0x1000000c        0x4 C:\Users\rodri\Documents\LPCXpresso_8.2.2_650\embedded_LPCXpresso\workspace_projeto\CMSISv2p00_LPC17xx\Debug\libCMSISv2p00_LPC17xx.a(system_LPC17xx.o)
                0x1000000c                SystemCoreClock
 .data          0x10000010       0x50 C:\Users\rodri\Documents\LPCXpresso_8.2.2_650\embedded_LPCXpresso\workspace_projeto\Lib_EaBaseBoard\Debug\libLib_EaBaseBoard.a(led7seg.o)
 .data.impure_data
                0x10000060      0x428 c:/nxp/lpcxpresso_8.2.2_650/lpcxpresso/tools/bin/../lib/gcc/arm-none-eabi/5.4.1/../../../../arm-none-eabi/lib/armv7-m\libc.a(lib_a-impure.o)
 .data._impure_ptr
                0x10000488        0x4 c:/nxp/lpcxpresso_8.2.2_650/lpcxpresso/tools/bin/../lib/gcc/arm-none-eabi/5.4.1/../../../../arm-none-eabi/lib/armv7-m\libc.a(lib_a-impure.o)
                0x10000488                _impure_ptr
 .data.lconv    0x1000048c       0x38 c:/nxp/lpcxpresso_8.2.2_650/lpcxpresso/tools/bin/../lib/gcc/arm-none-eabi/5.4.1/../../../../arm-none-eabi/lib/armv7-m\libc.a(lib_a-locale.o)
 .data.__malloc_av_
                0x100004c4      0x408 c:/nxp/lpcxpresso_8.2.2_650/lpcxpresso/tools/bin/../lib/gcc/arm-none-eabi/5.4.1/../../../../arm-none-eabi/lib/armv7-m\libc.a(lib_a-mallocr.o)
                0x100004c4                __malloc_av_
 .data.__malloc_trim_threshold
                0x100008cc        0x4 c:/nxp/lpcxpresso_8.2.2_650/lpcxpresso/tools/bin/../lib/gcc/arm-none-eabi/5.4.1/../../../../arm-none-eabi/lib/armv7-m\libc.a(lib_a-mallocr.o)
                0x100008cc                __malloc_trim_threshold
 .data.__malloc_sbrk_base
                0x100008d0        0x4 c:/nxp/lpcxpresso_8.2.2_650/lpcxpresso/tools/bin/../lib/gcc/arm-none-eabi/5.4.1/../../../../arm-none-eabi/lib/armv7-m\libc.a(lib_a-mallocr.o)
                0x100008d0                __malloc_sbrk_base
                0x100008d4                . = ALIGN (0x4)
                0x100008d4                _edata = .

.igot.plt       0x100008d4        0x0 load address 0x0000b288
 .igot.plt      0x100008d4        0x0 ./src/cr_startup_lpc17.o

.bss_RAM2       0x2007c000        0x0
                [!provide]                PROVIDE (__start_bss_RAM2, .)
 *(.bss.$RAM2*)
 *(.bss.$RamAHB32*)
                0x2007c000                . = ALIGN ((. != 0x0)?0x4:0x1)
                [!provide]                PROVIDE (__end_bss_RAM2, .)

.bss            0x100008d4      0x7b8
                0x100008d4                _bss = .
 *(.bss*)
 .bss           0x100008d4       0x50 ./src/easyweb.o
                0x100008d4                joy
                0x100008d5                level
                0x1000090c                aaPagecounter
                0x10000910                adcValue
                0x10000914                TimeTick
                0x10000918                TimeTick2
                0x1000091c                msTicks
 .bss           0x10000924        0x8 ./src/ethmac.o
 .bss           0x1000092c      0x300 C:\Users\rodri\Documents\LPCXpresso_8.2.2_650\embedded_LPCXpresso\workspace_projeto\Lib_EaBaseBoard\Debug\libLib_EaBaseBoard.a(oled.o)
 .bss           0x10000c2c        0x6 C:\Users\rodri\Documents\LPCXpresso_8.2.2_650\embedded_LPCXpresso\workspace_projeto\Lib_EaBaseBoard\Debug\libLib_EaBaseBoard.a(pca9532.o)
 *fill*         0x10000c32        0x2 
 .bss           0x10000c34        0x4 C:\Users\rodri\Documents\LPCXpresso_8.2.2_650\embedded_LPCXpresso\workspace_projeto\Lib_EaBaseBoard\Debug\libLib_EaBaseBoard.a(temp.o)
 .bss           0x10000c38       0x24 C:\Users\rodri\Documents\LPCXpresso_8.2.2_650\embedded_LPCXpresso\workspace_projeto\Lib_MCU\Debug\libLib_MCU.a(lpc17xx_i2c.o)
 .bss           0x10000c5c       0x18 C:\Users\rodri\Documents\LPCXpresso_8.2.2_650\embedded_LPCXpresso\workspace_projeto\Lib_MCU\Debug\libLib_MCU.a(lpc17xx_ssp.o)
 .bss.__malloc_max_total_mem
                0x10000c74        0x4 c:/nxp/lpcxpresso_8.2.2_650/lpcxpresso/tools/bin/../lib/gcc/arm-none-eabi/5.4.1/../../../../arm-none-eabi/lib/armv7-m\libc.a(lib_a-mallocr.o)
                0x10000c74                __malloc_max_total_mem
 .bss.__malloc_max_sbrked_mem
                0x10000c78        0x4 c:/nxp/lpcxpresso_8.2.2_650/lpcxpresso/tools/bin/../lib/gcc/arm-none-eabi/5.4.1/../../../../arm-none-eabi/lib/armv7-m\libc.a(lib_a-mallocr.o)
                0x10000c78                __malloc_max_sbrked_mem
 .bss.__malloc_top_pad
                0x10000c7c        0x4 c:/nxp/lpcxpresso_8.2.2_650/lpcxpresso/tools/bin/../lib/gcc/arm-none-eabi/5.4.1/../../../../arm-none-eabi/lib/armv7-m\libc.a(lib_a-mallocr.o)
                0x10000c7c                __malloc_top_pad
 .bss.__malloc_current_mallinfo
                0x10000c80       0x28 c:/nxp/lpcxpresso_8.2.2_650/lpcxpresso/tools/bin/../lib/gcc/arm-none-eabi/5.4.1/../../../../arm-none-eabi/lib/armv7-m\libc.a(lib_a-mallocr.o)
                0x10000c80                __malloc_current_mallinfo
 .bss.__end_of_heap
                0x10000ca8        0x4 c:/nxp/lpcxpresso_8.2.2_650/lpcxpresso/tools/bin/../lib/gcc/arm-none-eabi/5.4.1/../../../../arm-none-eabi/lib/armv7-m\libcr_newlib_semihost.a(_cr_sbrk.o)
                0x10000ca8                __end_of_heap
 *(COMMON)
 COMMON         0x10000cac      0x3da ./src/easyweb.o
                0x10000cac                TCPTimer
                0x10000cb0                HTTPBytesToSend
                0x10000cb4                TCPRxDataCount
                0x10000cb6                HTTPStatus
                0x10000cb8                TCPTxDataCount
                0x10000cbc                RecdFrameIP
                0x10000cc0                RemoteMAC
                0x10000cc6                TCPStateMachine
                0x10000cc8                TCPUNASeqNr
                0x10000ccc                TCPLocalPort
                0x10000cd0                _RxTCPBuffer
                0x10000dd0                ITM_RxBuffer
                0x10000dd4                TCPFlags
                0x10000dd8                RecdFrameMAC
                0x10000dde                RecdIPFrameLength
                0x10000de0                PWebSide
                0x10000de4                RemoteIP
                0x10000de8                LastFrameSent
                0x10000dea                TCPRemotePort
                0x10000dec                TxFrame2Size
                0x10000df0                TCPAckNr
                0x10000df4                TransmitControl
                0x10000df6                TxFrame1Size
                0x10000df8                ISNGenHigh
                0x10000dfc                _TxFrame2
                0x10000e46                RecdFrameLength
                0x10000e48                _TxFrame1
                0x10001080                TCPSeqNr
                0x10001084                RetryCounter
                0x10001085                SocketStatus
 *fill*         0x10001086        0x2 
 COMMON         0x10001088        0x4 c:/nxp/lpcxpresso_8.2.2_650/lpcxpresso/tools/bin/../lib/gcc/arm-none-eabi/5.4.1/../../../../arm-none-eabi/lib/armv7-m\libc.a(lib_a-reent.o)
                0x10001088                errno
                0x1000108c                . = ALIGN (0x4)
                0x1000108c                _ebss = .
                [!provide]                PROVIDE (end, .)

.noinit_RAM2    0x2007c000        0x0
 *(.noinit.$RAM2*)
 *(.noinit.$RamAHB32*)
                0x2007c000                . = ALIGN (0x4)

.noinit         0x1000108c        0x0
                0x1000108c                _noinit = .
 *(.noinit*)
                0x1000108c                . = ALIGN (0x4)
                0x1000108c                _end_noinit = .
                0x1000108c                PROVIDE (_pvHeapStart, DEFINED (__user_heap_base)?__user_heap_base:.)
                0x10008000                PROVIDE (_vStackTop, DEFINED (__user_stack_top)?__user_stack_top:(__top_RamLoc32 - 0x0))
                [!provide]                PROVIDE (__valid_user_code_checksum, (0x0 - ((((((_vStackTop + (ResetISR + 0x1)) + (NMI_Handler + 0x1)) + (HardFault_Handler + 0x1)) + (DEFINED (MemManage_Handler)?MemManage_Handler:0x0 + 0x1)) + (DEFINED (BusFault_Handler)?BusFault_Handler:0x0 + 0x1)) + (DEFINED (UsageFault_Handler)?UsageFault_Handler:0x0 + 0x1))))
OUTPUT(easyweb.axf elf32-littlearm)

.debug_info     0x00000000     0x8232
 .debug_info    0x00000000      0x1b6 ./src/cr_startup_lpc17.o
 .debug_info    0x000001b6     0x13dd ./src/easyweb.o
 .debug_info    0x00001593      0xab5 ./src/ethmac.o
 .debug_info    0x00002048      0xaf9 ./src/tcpip.o
 .debug_info    0x00002b41      0x318 C:\Users\rodri\Documents\LPCXpresso_8.2.2_650\embedded_LPCXpresso\workspace_projeto\CMSISv2p00_LPC17xx\Debug\libCMSISv2p00_LPC17xx.a(system_LPC17xx.o)
 .debug_info    0x00002e59      0x4f5 C:\Users\rodri\Documents\LPCXpresso_8.2.2_650\embedded_LPCXpresso\workspace_projeto\Lib_EaBaseBoard\Debug\libLib_EaBaseBoard.a(acc.o)
 .debug_info    0x0000334e      0x105 C:\Users\rodri\Documents\LPCXpresso_8.2.2_650\embedded_LPCXpresso\workspace_projeto\Lib_EaBaseBoard\Debug\libLib_EaBaseBoard.a(joystick.o)
 .debug_info    0x00003453      0x259 C:\Users\rodri\Documents\LPCXpresso_8.2.2_650\embedded_LPCXpresso\workspace_projeto\Lib_EaBaseBoard\Debug\libLib_EaBaseBoard.a(led7seg.o)
 .debug_info    0x000036ac      0x920 C:\Users\rodri\Documents\LPCXpresso_8.2.2_650\embedded_LPCXpresso\workspace_projeto\Lib_EaBaseBoard\Debug\libLib_EaBaseBoard.a(oled.o)
 .debug_info    0x00003fcc      0x5e1 C:\Users\rodri\Documents\LPCXpresso_8.2.2_650\embedded_LPCXpresso\workspace_projeto\Lib_EaBaseBoard\Debug\libLib_EaBaseBoard.a(pca9532.o)
 .debug_info    0x000045ad       0xda C:\Users\rodri\Documents\LPCXpresso_8.2.2_650\embedded_LPCXpresso\workspace_projeto\Lib_EaBaseBoard\Debug\libLib_EaBaseBoard.a(rgb.o)
 .debug_info    0x00004687      0x13e C:\Users\rodri\Documents\LPCXpresso_8.2.2_650\embedded_LPCXpresso\workspace_projeto\Lib_EaBaseBoard\Debug\libLib_EaBaseBoard.a(temp.o)
 .debug_info    0x000047c5       0x61 C:\Users\rodri\Documents\LPCXpresso_8.2.2_650\embedded_LPCXpresso\workspace_projeto\Lib_EaBaseBoard\Debug\libLib_EaBaseBoard.a(font5x7.o)
 .debug_info    0x00004826      0x5e5 C:\Users\rodri\Documents\LPCXpresso_8.2.2_650\embedded_LPCXpresso\workspace_projeto\Lib_MCU\Debug\libLib_MCU.a(lpc17xx_adc.o)
 .debug_info    0x00004e0b      0x638 C:\Users\rodri\Documents\LPCXpresso_8.2.2_650\embedded_LPCXpresso\workspace_projeto\Lib_MCU\Debug\libLib_MCU.a(lpc17xx_clkpwr.o)
 .debug_info    0x00005443      0xad4 C:\Users\rodri\Documents\LPCXpresso_8.2.2_650\embedded_LPCXpresso\workspace_projeto\Lib_MCU\Debug\libLib_MCU.a(lpc17xx_gpio.o)
 .debug_info    0x00005f17      0xc14 C:\Users\rodri\Documents\LPCXpresso_8.2.2_650\embedded_LPCXpresso\workspace_projeto\Lib_MCU\Debug\libLib_MCU.a(lpc17xx_i2c.o)
 .debug_info    0x00006b2b       0xc5 C:\Users\rodri\Documents\LPCXpresso_8.2.2_650\embedded_LPCXpresso\workspace_projeto\Lib_MCU\Debug\libLib_MCU.a(lpc17xx_libcfg_default.o)
 .debug_info    0x00006bf0      0x459 C:\Users\rodri\Documents\LPCXpresso_8.2.2_650\embedded_LPCXpresso\workspace_projeto\Lib_MCU\Debug\libLib_MCU.a(lpc17xx_pinsel.o)
 .debug_info    0x00007049      0x7e1 C:\Users\rodri\Documents\LPCXpresso_8.2.2_650\embedded_LPCXpresso\workspace_projeto\Lib_MCU\Debug\libLib_MCU.a(lpc17xx_ssp.o)
 .debug_info    0x0000782a      0x87a C:\Users\rodri\Documents\LPCXpresso_8.2.2_650\embedded_LPCXpresso\workspace_projeto\Lib_MCU\Debug\libLib_MCU.a(lpc17xx_timer.o)
 .debug_info    0x000080a4      0x124 c:/nxp/lpcxpresso_8.2.2_650/lpcxpresso/tools/bin/../lib/gcc/arm-none-eabi/5.4.1/../../../../arm-none-eabi/lib/armv7-m\libcr_newlib_semihost.a(_cr_sbrk.o)
 .debug_info    0x000081c8       0x6a c:/nxp/lpcxpresso_8.2.2_650/lpcxpresso/tools/bin/../lib/gcc/arm-none-eabi/5.4.1/../../../../arm-none-eabi/lib/armv7-m\libcr_newlib_semihost.a(_cr_check_heap.o)

.debug_abbrev   0x00000000     0x2046
 .debug_abbrev  0x00000000       0xb9 ./src/cr_startup_lpc17.o
 .debug_abbrev  0x000000b9      0x32a ./src/easyweb.o
 .debug_abbrev  0x000003e3      0x242 ./src/ethmac.o
 .debug_abbrev  0x00000625      0x26f ./src/tcpip.o
 .debug_abbrev  0x00000894       0xe6 C:\Users\rodri\Documents\LPCXpresso_8.2.2_650\embedded_LPCXpresso\workspace_projeto\CMSISv2p00_LPC17xx\Debug\libCMSISv2p00_LPC17xx.a(system_LPC17xx.o)
 .debug_abbrev  0x0000097a      0x16b C:\Users\rodri\Documents\LPCXpresso_8.2.2_650\embedded_LPCXpresso\workspace_projeto\Lib_EaBaseBoard\Debug\libLib_EaBaseBoard.a(acc.o)
 .debug_abbrev  0x00000ae5       0x95 C:\Users\rodri\Documents\LPCXpresso_8.2.2_650\embedded_LPCXpresso\workspace_projeto\Lib_EaBaseBoard\Debug\libLib_EaBaseBoard.a(joystick.o)
 .debug_abbrev  0x00000b7a      0x15c C:\Users\rodri\Documents\LPCXpresso_8.2.2_650\embedded_LPCXpresso\workspace_projeto\Lib_EaBaseBoard\Debug\libLib_EaBaseBoard.a(led7seg.o)
 .debug_abbrev  0x00000cd6      0x201 C:\Users\rodri\Documents\LPCXpresso_8.2.2_650\embedded_LPCXpresso\workspace_projeto\Lib_EaBaseBoard\Debug\libLib_EaBaseBoard.a(oled.o)
 .debug_abbrev  0x00000ed7      0x1d7 C:\Users\rodri\Documents\LPCXpresso_8.2.2_650\embedded_LPCXpresso\workspace_projeto\Lib_EaBaseBoard\Debug\libLib_EaBaseBoard.a(pca9532.o)
 .debug_abbrev  0x000010ae       0x93 C:\Users\rodri\Documents\LPCXpresso_8.2.2_650\embedded_LPCXpresso\workspace_projeto\Lib_EaBaseBoard\Debug\libLib_EaBaseBoard.a(rgb.o)
 .debug_abbrev  0x00001141       0xc7 C:\Users\rodri\Documents\LPCXpresso_8.2.2_650\embedded_LPCXpresso\workspace_projeto\Lib_EaBaseBoard\Debug\libLib_EaBaseBoard.a(temp.o)
 .debug_abbrev  0x00001208       0x48 C:\Users\rodri\Documents\LPCXpresso_8.2.2_650\embedded_LPCXpresso\workspace_projeto\Lib_EaBaseBoard\Debug\libLib_EaBaseBoard.a(font5x7.o)
 .debug_abbrev  0x00001250      0x165 C:\Users\rodri\Documents\LPCXpresso_8.2.2_650\embedded_LPCXpresso\workspace_projeto\Lib_MCU\Debug\libLib_MCU.a(lpc17xx_adc.o)
 .debug_abbrev  0x000013b5      0x1cc C:\Users\rodri\Documents\LPCXpresso_8.2.2_650\embedded_LPCXpresso\workspace_projeto\Lib_MCU\Debug\libLib_MCU.a(lpc17xx_clkpwr.o)
 .debug_abbrev  0x00001581      0x193 C:\Users\rodri\Documents\LPCXpresso_8.2.2_650\embedded_LPCXpresso\workspace_projeto\Lib_MCU\Debug\libLib_MCU.a(lpc17xx_gpio.o)
 .debug_abbrev  0x00001714      0x28b C:\Users\rodri\Documents\LPCXpresso_8.2.2_650\embedded_LPCXpresso\workspace_projeto\Lib_MCU\Debug\libLib_MCU.a(lpc17xx_i2c.o)
 .debug_abbrev  0x0000199f       0x6c C:\Users\rodri\Documents\LPCXpresso_8.2.2_650\embedded_LPCXpresso\workspace_projeto\Lib_MCU\Debug\libLib_MCU.a(lpc17xx_libcfg_default.o)
 .debug_abbrev  0x00001a0b      0x12b C:\Users\rodri\Documents\LPCXpresso_8.2.2_650\embedded_LPCXpresso\workspace_projeto\Lib_MCU\Debug\libLib_MCU.a(lpc17xx_pinsel.o)
 .debug_abbrev  0x00001b36      0x1fd C:\Users\rodri\Documents\LPCXpresso_8.2.2_650\embedded_LPCXpresso\workspace_projeto\Lib_MCU\Debug\libLib_MCU.a(lpc17xx_ssp.o)
 .debug_abbrev  0x00001d33      0x1e2 C:\Users\rodri\Documents\LPCXpresso_8.2.2_650\embedded_LPCXpresso\workspace_projeto\Lib_MCU\Debug\libLib_MCU.a(lpc17xx_timer.o)
 .debug_abbrev  0x00001f15       0xcf c:/nxp/lpcxpresso_8.2.2_650/lpcxpresso/tools/bin/../lib/gcc/arm-none-eabi/5.4.1/../../../../arm-none-eabi/lib/armv7-m\libcr_newlib_semihost.a(_cr_sbrk.o)
 .debug_abbrev  0x00001fe4       0x62 c:/nxp/lpcxpresso_8.2.2_650/lpcxpresso/tools/bin/../lib/gcc/arm-none-eabi/5.4.1/../../../../arm-none-eabi/lib/armv7-m\libcr_newlib_semihost.a(_cr_check_heap.o)

.debug_aranges  0x00000000      0x968
 .debug_aranges
                0x00000000       0x70 ./src/cr_startup_lpc17.o
 .debug_aranges
                0x00000070       0xa8 ./src/easyweb.o
 .debug_aranges
                0x00000118       0x88 ./src/ethmac.o
 .debug_aranges
                0x000001a0      0x108 ./src/tcpip.o
 .debug_aranges
                0x000002a8       0x28 C:\Users\rodri\Documents\LPCXpresso_8.2.2_650\embedded_LPCXpresso\workspace_projeto\CMSISv2p00_LPC17xx\Debug\libCMSISv2p00_LPC17xx.a(system_LPC17xx.o)
 .debug_aranges
                0x000002d0       0x60 C:\Users\rodri\Documents\LPCXpresso_8.2.2_650\embedded_LPCXpresso\workspace_projeto\Lib_EaBaseBoard\Debug\libLib_EaBaseBoard.a(acc.o)
 .debug_aranges
                0x00000330       0x28 C:\Users\rodri\Documents\LPCXpresso_8.2.2_650\embedded_LPCXpresso\workspace_projeto\Lib_EaBaseBoard\Debug\libLib_EaBaseBoard.a(joystick.o)
 .debug_aranges
                0x00000358       0x28 C:\Users\rodri\Documents\LPCXpresso_8.2.2_650\embedded_LPCXpresso\workspace_projeto\Lib_EaBaseBoard\Debug\libLib_EaBaseBoard.a(led7seg.o)
 .debug_aranges
                0x00000380       0x90 C:\Users\rodri\Documents\LPCXpresso_8.2.2_650\embedded_LPCXpresso\workspace_projeto\Lib_EaBaseBoard\Debug\libLib_EaBaseBoard.a(oled.o)
 .debug_aranges
                0x00000410       0x80 C:\Users\rodri\Documents\LPCXpresso_8.2.2_650\embedded_LPCXpresso\workspace_projeto\Lib_EaBaseBoard\Debug\libLib_EaBaseBoard.a(pca9532.o)
 .debug_aranges
                0x00000490       0x28 C:\Users\rodri\Documents\LPCXpresso_8.2.2_650\embedded_LPCXpresso\workspace_projeto\Lib_EaBaseBoard\Debug\libLib_EaBaseBoard.a(rgb.o)
 .debug_aranges
                0x000004b8       0x28 C:\Users\rodri\Documents\LPCXpresso_8.2.2_650\embedded_LPCXpresso\workspace_projeto\Lib_EaBaseBoard\Debug\libLib_EaBaseBoard.a(temp.o)
 .debug_aranges
                0x000004e0       0x18 C:\Users\rodri\Documents\LPCXpresso_8.2.2_650\embedded_LPCXpresso\workspace_projeto\Lib_EaBaseBoard\Debug\libLib_EaBaseBoard.a(font5x7.o)
 .debug_aranges
                0x000004f8       0x80 C:\Users\rodri\Documents\LPCXpresso_8.2.2_650\embedded_LPCXpresso\workspace_projeto\Lib_MCU\Debug\libLib_MCU.a(lpc17xx_adc.o)
 .debug_aranges
                0x00000578       0x58 C:\Users\rodri\Documents\LPCXpresso_8.2.2_650\embedded_LPCXpresso\workspace_projeto\Lib_MCU\Debug\libLib_MCU.a(lpc17xx_clkpwr.o)
 .debug_aranges
                0x000005d0       0xc8 C:\Users\rodri\Documents\LPCXpresso_8.2.2_650\embedded_LPCXpresso\workspace_projeto\Lib_MCU\Debug\libLib_MCU.a(lpc17xx_gpio.o)
 .debug_aranges
                0x00000698       0xd0 C:\Users\rodri\Documents\LPCXpresso_8.2.2_650\embedded_LPCXpresso\workspace_projeto\Lib_MCU\Debug\libLib_MCU.a(lpc17xx_i2c.o)
 .debug_aranges
                0x00000768       0x20 C:\Users\rodri\Documents\LPCXpresso_8.2.2_650\embedded_LPCXpresso\workspace_projeto\Lib_MCU\Debug\libLib_MCU.a(lpc17xx_libcfg_default.o)
 .debug_aranges
                0x00000788       0x48 C:\Users\rodri\Documents\LPCXpresso_8.2.2_650\embedded_LPCXpresso\workspace_projeto\Lib_MCU\Debug\libLib_MCU.a(lpc17xx_pinsel.o)
 .debug_aranges
                0x000007d0       0xb8 C:\Users\rodri\Documents\LPCXpresso_8.2.2_650\embedded_LPCXpresso\workspace_projeto\Lib_MCU\Debug\libLib_MCU.a(lpc17xx_ssp.o)
 .debug_aranges
                0x00000888       0xa0 C:\Users\rodri\Documents\LPCXpresso_8.2.2_650\embedded_LPCXpresso\workspace_projeto\Lib_MCU\Debug\libLib_MCU.a(lpc17xx_timer.o)
 .debug_aranges
                0x00000928       0x20 c:/nxp/lpcxpresso_8.2.2_650/lpcxpresso/tools/bin/../lib/gcc/arm-none-eabi/5.4.1/../../../../arm-none-eabi/lib/armv7-m\libcr_newlib_semihost.a(_cr_sbrk.o)
 .debug_aranges
                0x00000948       0x20 c:/nxp/lpcxpresso_8.2.2_650/lpcxpresso/tools/bin/../lib/gcc/arm-none-eabi/5.4.1/../../../../arm-none-eabi/lib/armv7-m\libcr_newlib_semihost.a(_cr_check_heap.o)

.debug_ranges   0x00000000      0x7f0
 .debug_ranges  0x00000000       0x60 ./src/cr_startup_lpc17.o
 .debug_ranges  0x00000060       0x98 ./src/easyweb.o
 .debug_ranges  0x000000f8       0x78 ./src/ethmac.o
 .debug_ranges  0x00000170       0xf8 ./src/tcpip.o
 .debug_ranges  0x00000268       0x18 C:\Users\rodri\Documents\LPCXpresso_8.2.2_650\embedded_LPCXpresso\workspace_projeto\CMSISv2p00_LPC17xx\Debug\libCMSISv2p00_LPC17xx.a(system_LPC17xx.o)
 .debug_ranges  0x00000280       0x50 C:\Users\rodri\Documents\LPCXpresso_8.2.2_650\embedded_LPCXpresso\workspace_projeto\Lib_EaBaseBoard\Debug\libLib_EaBaseBoard.a(acc.o)
 .debug_ranges  0x000002d0       0x18 C:\Users\rodri\Documents\LPCXpresso_8.2.2_650\embedded_LPCXpresso\workspace_projeto\Lib_EaBaseBoard\Debug\libLib_EaBaseBoard.a(joystick.o)
 .debug_ranges  0x000002e8       0x18 C:\Users\rodri\Documents\LPCXpresso_8.2.2_650\embedded_LPCXpresso\workspace_projeto\Lib_EaBaseBoard\Debug\libLib_EaBaseBoard.a(led7seg.o)
 .debug_ranges  0x00000300       0x80 C:\Users\rodri\Documents\LPCXpresso_8.2.2_650\embedded_LPCXpresso\workspace_projeto\Lib_EaBaseBoard\Debug\libLib_EaBaseBoard.a(oled.o)
 .debug_ranges  0x00000380       0x70 C:\Users\rodri\Documents\LPCXpresso_8.2.2_650\embedded_LPCXpresso\workspace_projeto\Lib_EaBaseBoard\Debug\libLib_EaBaseBoard.a(pca9532.o)
 .debug_ranges  0x000003f0       0x18 C:\Users\rodri\Documents\LPCXpresso_8.2.2_650\embedded_LPCXpresso\workspace_projeto\Lib_EaBaseBoard\Debug\libLib_EaBaseBoard.a(rgb.o)
 .debug_ranges  0x00000408       0x18 C:\Users\rodri\Documents\LPCXpresso_8.2.2_650\embedded_LPCXpresso\workspace_projeto\Lib_EaBaseBoard\Debug\libLib_EaBaseBoard.a(temp.o)
 .debug_ranges  0x00000420       0x70 C:\Users\rodri\Documents\LPCXpresso_8.2.2_650\embedded_LPCXpresso\workspace_projeto\Lib_MCU\Debug\libLib_MCU.a(lpc17xx_adc.o)
 .debug_ranges  0x00000490       0x48 C:\Users\rodri\Documents\LPCXpresso_8.2.2_650\embedded_LPCXpresso\workspace_projeto\Lib_MCU\Debug\libLib_MCU.a(lpc17xx_clkpwr.o)
 .debug_ranges  0x000004d8       0xb8 C:\Users\rodri\Documents\LPCXpresso_8.2.2_650\embedded_LPCXpresso\workspace_projeto\Lib_MCU\Debug\libLib_MCU.a(lpc17xx_gpio.o)
 .debug_ranges  0x00000590       0xc0 C:\Users\rodri\Documents\LPCXpresso_8.2.2_650\embedded_LPCXpresso\workspace_projeto\Lib_MCU\Debug\libLib_MCU.a(lpc17xx_i2c.o)
 .debug_ranges  0x00000650       0x10 C:\Users\rodri\Documents\LPCXpresso_8.2.2_650\embedded_LPCXpresso\workspace_projeto\Lib_MCU\Debug\libLib_MCU.a(lpc17xx_libcfg_default.o)
 .debug_ranges  0x00000660       0x38 C:\Users\rodri\Documents\LPCXpresso_8.2.2_650\embedded_LPCXpresso\workspace_projeto\Lib_MCU\Debug\libLib_MCU.a(lpc17xx_pinsel.o)
 .debug_ranges  0x00000698       0xa8 C:\Users\rodri\Documents\LPCXpresso_8.2.2_650\embedded_LPCXpresso\workspace_projeto\Lib_MCU\Debug\libLib_MCU.a(lpc17xx_ssp.o)
 .debug_ranges  0x00000740       0x90 C:\Users\rodri\Documents\LPCXpresso_8.2.2_650\embedded_LPCXpresso\workspace_projeto\Lib_MCU\Debug\libLib_MCU.a(lpc17xx_timer.o)
 .debug_ranges  0x000007d0       0x10 c:/nxp/lpcxpresso_8.2.2_650/lpcxpresso/tools/bin/../lib/gcc/arm-none-eabi/5.4.1/../../../../arm-none-eabi/lib/armv7-m\libcr_newlib_semihost.a(_cr_sbrk.o)
 .debug_ranges  0x000007e0       0x10 c:/nxp/lpcxpresso_8.2.2_650/lpcxpresso/tools/bin/../lib/gcc/arm-none-eabi/5.4.1/../../../../arm-none-eabi/lib/armv7-m\libcr_newlib_semihost.a(_cr_check_heap.o)

.debug_macro    0x00000000     0x777e
 .debug_macro   0x00000000       0x79 ./src/cr_startup_lpc17.o
 .debug_macro   0x00000079      0x886 ./src/cr_startup_lpc17.o
 .debug_macro   0x000008ff       0x22 ./src/cr_startup_lpc17.o
 .debug_macro   0x00000921       0x87 ./src/cr_startup_lpc17.o
 .debug_macro   0x000009a8       0x44 ./src/cr_startup_lpc17.o
 .debug_macro   0x000009ec       0xfd ./src/cr_startup_lpc17.o
 .debug_macro   0x00000ae9       0x5e ./src/cr_startup_lpc17.o
 .debug_macro   0x00000b47      0x1df ./src/cr_startup_lpc17.o
 .debug_macro   0x00000d26      0x2ca ./src/easyweb.o
 .debug_macro   0x00000ff0       0x4c ./src/easyweb.o
 .debug_macro   0x0000103c       0x8d ./src/easyweb.o
 .debug_macro   0x000010c9       0x35 ./src/easyweb.o
 .debug_macro   0x000010fe       0x9c ./src/easyweb.o
 .debug_macro   0x0000119a       0x16 ./src/easyweb.o
 .debug_macro   0x000011b0      0x10e ./src/easyweb.o
 .debug_macro   0x000012be       0x8d ./src/easyweb.o
 .debug_macro   0x0000134b       0x4a ./src/easyweb.o
 .debug_macro   0x00001395       0x52 ./src/easyweb.o
 .debug_macro   0x000013e7       0x1f ./src/easyweb.o
 .debug_macro   0x00001406       0x43 ./src/easyweb.o
 .debug_macro   0x00001449       0x20 ./src/easyweb.o
 .debug_macro   0x00001469      0x187 ./src/easyweb.o
 .debug_macro   0x000015f0      0x30d ./src/easyweb.o
 .debug_macro   0x000018fd       0x16 ./src/easyweb.o
 .debug_macro   0x00001913       0x29 ./src/easyweb.o
 .debug_macro   0x0000193c       0x1c ./src/easyweb.o
 .debug_macro   0x00001958       0x35 ./src/easyweb.o
 .debug_macro   0x0000198d       0x10 ./src/easyweb.o
 .debug_macro   0x0000199d       0x10 ./src/easyweb.o
 .debug_macro   0x000019ad       0x1c ./src/easyweb.o
 .debug_macro   0x000019c9       0x52 ./src/easyweb.o
 .debug_macro   0x00001a1b       0x40 ./src/easyweb.o
 .debug_macro   0x00001a5b       0x10 ./src/easyweb.o
 .debug_macro   0x00001a6b       0x40 ./src/easyweb.o
 .debug_macro   0x00001aab       0xd7 ./src/easyweb.o
 .debug_macro   0x00001b82       0x16 ./src/easyweb.o
 .debug_macro   0x00001b98      0x189 ./src/easyweb.o
 .debug_macro   0x00001d21       0x16 ./src/easyweb.o
 .debug_macro   0x00001d37       0x10 ./src/easyweb.o
 .debug_macro   0x00001d47      0x5e5 ./src/easyweb.o
 .debug_macro   0x0000232c      0x2db ./src/easyweb.o
 .debug_macro   0x00002607       0x1c ./src/easyweb.o
 .debug_macro   0x00002623       0x2e ./src/easyweb.o
 .debug_macro   0x00002651       0x18 ./src/easyweb.o
 .debug_macro   0x00002669      0x7af ./src/easyweb.o
 .debug_macro   0x00002e18      0x2c7 ./src/easyweb.o
 .debug_macro   0x000030df       0x5d ./src/easyweb.o
 .debug_macro   0x0000313c      0x143 ./src/easyweb.o
 .debug_macro   0x0000327f       0xe9 ./src/easyweb.o
 .debug_macro   0x00003368       0x46 ./src/easyweb.o
 .debug_macro   0x000033ae      0x2af ./src/easyweb.o
 .debug_macro   0x0000365d      0x192 ./src/easyweb.o
 .debug_macro   0x000037ef       0xf4 ./src/easyweb.o
 .debug_macro   0x000038e3       0x28 ./src/easyweb.o
 .debug_macro   0x0000390b       0xb2 ./src/easyweb.o
 .debug_macro   0x000039bd       0x16 ./src/easyweb.o
 .debug_macro   0x000039d3       0x1c ./src/easyweb.o
 .debug_macro   0x000039ef       0xc6 ./src/ethmac.o
 .debug_macro   0x00003ab5      0x156 ./src/tcpip.o
 .debug_macro   0x00003c0b      0x174 ./src/tcpip.o
 .debug_macro   0x00003d7f       0x10 ./src/tcpip.o
 .debug_macro   0x00003d8f      0x12b C:\Users\rodri\Documents\LPCXpresso_8.2.2_650\embedded_LPCXpresso\workspace_projeto\CMSISv2p00_LPC17xx\Debug\libCMSISv2p00_LPC17xx.a(system_LPC17xx.o)
 .debug_macro   0x00003eba      0x886 C:\Users\rodri\Documents\LPCXpresso_8.2.2_650\embedded_LPCXpresso\workspace_projeto\CMSISv2p00_LPC17xx\Debug\libCMSISv2p00_LPC17xx.a(system_LPC17xx.o)
 .debug_macro   0x00004740       0x10 C:\Users\rodri\Documents\LPCXpresso_8.2.2_650\embedded_LPCXpresso\workspace_projeto\CMSISv2p00_LPC17xx\Debug\libCMSISv2p00_LPC17xx.a(system_LPC17xx.o)
 .debug_macro   0x00004750      0x12d C:\Users\rodri\Documents\LPCXpresso_8.2.2_650\embedded_LPCXpresso\workspace_projeto\CMSISv2p00_LPC17xx\Debug\libCMSISv2p00_LPC17xx.a(system_LPC17xx.o)
 .debug_macro   0x0000487d      0x5b2 C:\Users\rodri\Documents\LPCXpresso_8.2.2_650\embedded_LPCXpresso\workspace_projeto\CMSISv2p00_LPC17xx\Debug\libCMSISv2p00_LPC17xx.a(system_LPC17xx.o)
 .debug_macro   0x00004e2f      0x175 C:\Users\rodri\Documents\LPCXpresso_8.2.2_650\embedded_LPCXpresso\workspace_projeto\Lib_EaBaseBoard\Debug\libLib_EaBaseBoard.a(acc.o)
 .debug_macro   0x00004fa4      0x880 C:\Users\rodri\Documents\LPCXpresso_8.2.2_650\embedded_LPCXpresso\workspace_projeto\Lib_EaBaseBoard\Debug\libLib_EaBaseBoard.a(acc.o)
 .debug_macro   0x00005824       0x63 C:\Users\rodri\Documents\LPCXpresso_8.2.2_650\embedded_LPCXpresso\workspace_projeto\Lib_EaBaseBoard\Debug\libLib_EaBaseBoard.a(acc.o)
 .debug_macro   0x00005887      0x18c C:\Users\rodri\Documents\LPCXpresso_8.2.2_650\embedded_LPCXpresso\workspace_projeto\Lib_EaBaseBoard\Debug\libLib_EaBaseBoard.a(acc.o)
 .debug_macro   0x00005a13       0x96 C:\Users\rodri\Documents\LPCXpresso_8.2.2_650\embedded_LPCXpresso\workspace_projeto\Lib_EaBaseBoard\Debug\libLib_EaBaseBoard.a(joystick.o)
 .debug_macro   0x00005aa9       0x40 C:\Users\rodri\Documents\LPCXpresso_8.2.2_650\embedded_LPCXpresso\workspace_projeto\Lib_EaBaseBoard\Debug\libLib_EaBaseBoard.a(joystick.o)
 .debug_macro   0x00005ae9       0xac C:\Users\rodri\Documents\LPCXpresso_8.2.2_650\embedded_LPCXpresso\workspace_projeto\Lib_EaBaseBoard\Debug\libLib_EaBaseBoard.a(led7seg.o)
 .debug_macro   0x00005b95       0xf0 C:\Users\rodri\Documents\LPCXpresso_8.2.2_650\embedded_LPCXpresso\workspace_projeto\Lib_EaBaseBoard\Debug\libLib_EaBaseBoard.a(oled.o)
 .debug_macro   0x00005c85       0xb4 C:\Users\rodri\Documents\LPCXpresso_8.2.2_650\embedded_LPCXpresso\workspace_projeto\Lib_EaBaseBoard\Debug\libLib_EaBaseBoard.a(pca9532.o)
 .debug_macro   0x00005d39       0x96 C:\Users\rodri\Documents\LPCXpresso_8.2.2_650\embedded_LPCXpresso\workspace_projeto\Lib_EaBaseBoard\Debug\libLib_EaBaseBoard.a(rgb.o)
 .debug_macro   0x00005dcf       0xc1 C:\Users\rodri\Documents\LPCXpresso_8.2.2_650\embedded_LPCXpresso\workspace_projeto\Lib_EaBaseBoard\Debug\libLib_EaBaseBoard.a(temp.o)
 .debug_macro   0x00005e90       0x1a C:\Users\rodri\Documents\LPCXpresso_8.2.2_650\embedded_LPCXpresso\workspace_projeto\Lib_EaBaseBoard\Debug\libLib_EaBaseBoard.a(font5x7.o)
 .debug_macro   0x00005eaa      0x696 C:\Users\rodri\Documents\LPCXpresso_8.2.2_650\embedded_LPCXpresso\workspace_projeto\Lib_EaBaseBoard\Debug\libLib_EaBaseBoard.a(font5x7.o)
 .debug_macro   0x00006540       0x9f C:\Users\rodri\Documents\LPCXpresso_8.2.2_650\embedded_LPCXpresso\workspace_projeto\Lib_MCU\Debug\libLib_MCU.a(lpc17xx_adc.o)
 .debug_macro   0x000065df       0xee C:\Users\rodri\Documents\LPCXpresso_8.2.2_650\embedded_LPCXpresso\workspace_projeto\Lib_MCU\Debug\libLib_MCU.a(lpc17xx_adc.o)
 .debug_macro   0x000066cd      0x2fe C:\Users\rodri\Documents\LPCXpresso_8.2.2_650\embedded_LPCXpresso\workspace_projeto\Lib_MCU\Debug\libLib_MCU.a(lpc17xx_adc.o)
 .debug_macro   0x000069cb       0xcb C:\Users\rodri\Documents\LPCXpresso_8.2.2_650\embedded_LPCXpresso\workspace_projeto\Lib_MCU\Debug\libLib_MCU.a(lpc17xx_adc.o)
 .debug_macro   0x00006a96       0x8d C:\Users\rodri\Documents\LPCXpresso_8.2.2_650\embedded_LPCXpresso\workspace_projeto\Lib_MCU\Debug\libLib_MCU.a(lpc17xx_clkpwr.o)
 .debug_macro   0x00006b23      0x2f8 C:\Users\rodri\Documents\LPCXpresso_8.2.2_650\embedded_LPCXpresso\workspace_projeto\Lib_MCU\Debug\libLib_MCU.a(lpc17xx_clkpwr.o)
 .debug_macro   0x00006e1b       0x96 C:\Users\rodri\Documents\LPCXpresso_8.2.2_650\embedded_LPCXpresso\workspace_projeto\Lib_MCU\Debug\libLib_MCU.a(lpc17xx_gpio.o)
 .debug_macro   0x00006eb1       0xa8 C:\Users\rodri\Documents\LPCXpresso_8.2.2_650\embedded_LPCXpresso\workspace_projeto\Lib_MCU\Debug\libLib_MCU.a(lpc17xx_i2c.o)
 .debug_macro   0x00006f59      0x149 C:\Users\rodri\Documents\LPCXpresso_8.2.2_650\embedded_LPCXpresso\workspace_projeto\Lib_MCU\Debug\libLib_MCU.a(lpc17xx_i2c.o)
 .debug_macro   0x000070a2       0x5a C:\Users\rodri\Documents\LPCXpresso_8.2.2_650\embedded_LPCXpresso\workspace_projeto\Lib_MCU\Debug\libLib_MCU.a(lpc17xx_libcfg_default.o)
 .debug_macro   0x000070fc       0x5d C:\Users\rodri\Documents\LPCXpresso_8.2.2_650\embedded_LPCXpresso\workspace_projeto\Lib_MCU\Debug\libLib_MCU.a(lpc17xx_libcfg_default.o)
 .debug_macro   0x00007159       0xc5 C:\Users\rodri\Documents\LPCXpresso_8.2.2_650\embedded_LPCXpresso\workspace_projeto\Lib_MCU\Debug\libLib_MCU.a(lpc17xx_libcfg_default.o)
 .debug_macro   0x0000721e       0x8d C:\Users\rodri\Documents\LPCXpresso_8.2.2_650\embedded_LPCXpresso\workspace_projeto\Lib_MCU\Debug\libLib_MCU.a(lpc17xx_pinsel.o)
 .debug_macro   0x000072ab       0x9f C:\Users\rodri\Documents\LPCXpresso_8.2.2_650\embedded_LPCXpresso\workspace_projeto\Lib_MCU\Debug\libLib_MCU.a(lpc17xx_ssp.o)
 .debug_macro   0x0000734a      0x2a9 C:\Users\rodri\Documents\LPCXpresso_8.2.2_650\embedded_LPCXpresso\workspace_projeto\Lib_MCU\Debug\libLib_MCU.a(lpc17xx_ssp.o)
 .debug_macro   0x000075f3       0xa8 C:\Users\rodri\Documents\LPCXpresso_8.2.2_650\embedded_LPCXpresso\workspace_projeto\Lib_MCU\Debug\libLib_MCU.a(lpc17xx_timer.o)
 .debug_macro   0x0000769b       0xe3 C:\Users\rodri\Documents\LPCXpresso_8.2.2_650\embedded_LPCXpresso\workspace_projeto\Lib_MCU\Debug\libLib_MCU.a(lpc17xx_timer.o)

.debug_line     0x00000000     0x5838
 .debug_line    0x00000000      0x340 ./src/cr_startup_lpc17.o
 .debug_line    0x00000340      0x872 ./src/easyweb.o
 .debug_line    0x00000bb2      0x48e ./src/ethmac.o
 .debug_line    0x00001040      0x76b ./src/tcpip.o
 .debug_line    0x000017ab      0x1d3 C:\Users\rodri\Documents\LPCXpresso_8.2.2_650\embedded_LPCXpresso\workspace_projeto\CMSISv2p00_LPC17xx\Debug\libCMSISv2p00_LPC17xx.a(system_LPC17xx.o)
 .debug_line    0x0000197e      0x376 C:\Users\rodri\Documents\LPCXpresso_8.2.2_650\embedded_LPCXpresso\workspace_projeto\Lib_EaBaseBoard\Debug\libLib_EaBaseBoard.a(acc.o)
 .debug_line    0x00001cf4      0x2d9 C:\Users\rodri\Documents\LPCXpresso_8.2.2_650\embedded_LPCXpresso\workspace_projeto\Lib_EaBaseBoard\Debug\libLib_EaBaseBoard.a(joystick.o)
 .debug_line    0x00001fcd      0x2e9 C:\Users\rodri\Documents\LPCXpresso_8.2.2_650\embedded_LPCXpresso\workspace_projeto\Lib_EaBaseBoard\Debug\libLib_EaBaseBoard.a(led7seg.o)
 .debug_line    0x000022b6      0x5f4 C:\Users\rodri\Documents\LPCXpresso_8.2.2_650\embedded_LPCXpresso\workspace_projeto\Lib_EaBaseBoard\Debug\libLib_EaBaseBoard.a(oled.o)
 .debug_line    0x000028aa      0x409 C:\Users\rodri\Documents\LPCXpresso_8.2.2_650\embedded_LPCXpresso\workspace_projeto\Lib_EaBaseBoard\Debug\libLib_EaBaseBoard.a(pca9532.o)
 .debug_line    0x00002cb3      0x2c7 C:\Users\rodri\Documents\LPCXpresso_8.2.2_650\embedded_LPCXpresso\workspace_projeto\Lib_EaBaseBoard\Debug\libLib_EaBaseBoard.a(rgb.o)
 .debug_line    0x00002f7a      0x2ee C:\Users\rodri\Documents\LPCXpresso_8.2.2_650\embedded_LPCXpresso\workspace_projeto\Lib_EaBaseBoard\Debug\libLib_EaBaseBoard.a(temp.o)
 .debug_line    0x00003268       0xa9 C:\Users\rodri\Documents\LPCXpresso_8.2.2_650\embedded_LPCXpresso\workspace_projeto\Lib_EaBaseBoard\Debug\libLib_EaBaseBoard.a(font5x7.o)
 .debug_line    0x00003311      0x454 C:\Users\rodri\Documents\LPCXpresso_8.2.2_650\embedded_LPCXpresso\workspace_projeto\Lib_MCU\Debug\libLib_MCU.a(lpc17xx_adc.o)
 .debug_line    0x00003765      0x328 C:\Users\rodri\Documents\LPCXpresso_8.2.2_650\embedded_LPCXpresso\workspace_projeto\Lib_MCU\Debug\libLib_MCU.a(lpc17xx_clkpwr.o)
 .debug_line    0x00003a8d      0x466 C:\Users\rodri\Documents\LPCXpresso_8.2.2_650\embedded_LPCXpresso\workspace_projeto\Lib_MCU\Debug\libLib_MCU.a(lpc17xx_gpio.o)
 .debug_line    0x00003ef3      0x73b C:\Users\rodri\Documents\LPCXpresso_8.2.2_650\embedded_LPCXpresso\workspace_projeto\Lib_MCU\Debug\libLib_MCU.a(lpc17xx_i2c.o)
 .debug_line    0x0000462e      0x19d C:\Users\rodri\Documents\LPCXpresso_8.2.2_650\embedded_LPCXpresso\workspace_projeto\Lib_MCU\Debug\libLib_MCU.a(lpc17xx_libcfg_default.o)
 .debug_line    0x000047cb      0x2c0 C:\Users\rodri\Documents\LPCXpresso_8.2.2_650\embedded_LPCXpresso\workspace_projeto\Lib_MCU\Debug\libLib_MCU.a(lpc17xx_pinsel.o)
 .debug_line    0x00004a8b      0x66c C:\Users\rodri\Documents\LPCXpresso_8.2.2_650\embedded_LPCXpresso\workspace_projeto\Lib_MCU\Debug\libLib_MCU.a(lpc17xx_ssp.o)
 .debug_line    0x000050f7      0x5f3 C:\Users\rodri\Documents\LPCXpresso_8.2.2_650\embedded_LPCXpresso\workspace_projeto\Lib_MCU\Debug\libLib_MCU.a(lpc17xx_timer.o)
 .debug_line    0x000056ea      0x101 c:/nxp/lpcxpresso_8.2.2_650/lpcxpresso/tools/bin/../lib/gcc/arm-none-eabi/5.4.1/../../../../arm-none-eabi/lib/armv7-m\libcr_newlib_semihost.a(_cr_sbrk.o)
 .debug_line    0x000057eb       0x4d c:/nxp/lpcxpresso_8.2.2_650/lpcxpresso/tools/bin/../lib/gcc/arm-none-eabi/5.4.1/../../../../arm-none-eabi/lib/armv7-m\libcr_newlib_semihost.a(_cr_check_heap.o)

.debug_str      0x00000000    0x16f76
 .debug_str     0x00000000     0x337e ./src/cr_startup_lpc17.o
                               0x34e4 (size before relaxing)
 .debug_str     0x0000337e     0xd907 ./src/easyweb.o
                              0x10dfb (size before relaxing)
 .debug_str     0x00010c85      0x584 ./src/ethmac.o
                               0x9a64 (size before relaxing)
 .debug_str     0x00011209      0x2b8 ./src/tcpip.o
                               0xc4aa (size before relaxing)
 .debug_str     0x000114c1     0x1b11 C:\Users\rodri\Documents\LPCXpresso_8.2.2_650\embedded_LPCXpresso\workspace_projeto\CMSISv2p00_LPC17xx\Debug\libCMSISv2p00_LPC17xx.a(system_LPC17xx.o)
                               0x8167 (size before relaxing)
 .debug_str     0x00012fd2      0x53a C:\Users\rodri\Documents\LPCXpresso_8.2.2_650\embedded_LPCXpresso\workspace_projeto\Lib_EaBaseBoard\Debug\libLib_EaBaseBoard.a(acc.o)
                               0x8c83 (size before relaxing)
 .debug_str     0x0001350c       0x3a C:\Users\rodri\Documents\LPCXpresso_8.2.2_650\embedded_LPCXpresso\workspace_projeto\Lib_EaBaseBoard\Debug\libLib_EaBaseBoard.a(joystick.o)
                               0x8188 (size before relaxing)
 .debug_str     0x00013546       0xe8 C:\Users\rodri\Documents\LPCXpresso_8.2.2_650\embedded_LPCXpresso\workspace_projeto\Lib_EaBaseBoard\Debug\libLib_EaBaseBoard.a(led7seg.o)
                               0x9226 (size before relaxing)
 .debug_str     0x0001362e      0x323 C:\Users\rodri\Documents\LPCXpresso_8.2.2_650\embedded_LPCXpresso\workspace_projeto\Lib_EaBaseBoard\Debug\libLib_EaBaseBoard.a(oled.o)
                               0x9da7 (size before relaxing)
 .debug_str     0x00013951      0x1a3 C:\Users\rodri\Documents\LPCXpresso_8.2.2_650\embedded_LPCXpresso\workspace_projeto\Lib_EaBaseBoard\Debug\libLib_EaBaseBoard.a(pca9532.o)
                               0x8c20 (size before relaxing)
 .debug_str     0x00013af4       0x22 C:\Users\rodri\Documents\LPCXpresso_8.2.2_650\embedded_LPCXpresso\workspace_projeto\Lib_EaBaseBoard\Debug\libLib_EaBaseBoard.a(rgb.o)
                               0x812d (size before relaxing)
 .debug_str     0x00013b16       0xee C:\Users\rodri\Documents\LPCXpresso_8.2.2_650\embedded_LPCXpresso\workspace_projeto\Lib_EaBaseBoard\Debug\libLib_EaBaseBoard.a(temp.o)
                               0x81da (size before relaxing)
 .debug_str     0x00013c04      0xe21 C:\Users\rodri\Documents\LPCXpresso_8.2.2_650\embedded_LPCXpresso\workspace_projeto\Lib_EaBaseBoard\Debug\libLib_EaBaseBoard.a(font5x7.o)
                               0x32ee (size before relaxing)
 .debug_str     0x00014a25     0x1671 C:\Users\rodri\Documents\LPCXpresso_8.2.2_650\embedded_LPCXpresso\workspace_projeto\Lib_MCU\Debug\libLib_MCU.a(lpc17xx_adc.o)
                               0x9ced (size before relaxing)
 .debug_str     0x00016096       0xcb C:\Users\rodri\Documents\LPCXpresso_8.2.2_650\embedded_LPCXpresso\workspace_projeto\Lib_MCU\Debug\libLib_MCU.a(lpc17xx_clkpwr.o)
                               0x9338 (size before relaxing)
 .debug_str     0x00016161      0x213 C:\Users\rodri\Documents\LPCXpresso_8.2.2_650\embedded_LPCXpresso\workspace_projeto\Lib_MCU\Debug\libLib_MCU.a(lpc17xx_gpio.o)
                               0x857e (size before relaxing)
 .debug_str     0x00016374      0x2fa C:\Users\rodri\Documents\LPCXpresso_8.2.2_650\embedded_LPCXpresso\workspace_projeto\Lib_MCU\Debug\libLib_MCU.a(lpc17xx_i2c.o)
                               0xa61b (size before relaxing)
 .debug_str     0x0001666e       0x32 C:\Users\rodri\Documents\LPCXpresso_8.2.2_650\embedded_LPCXpresso\workspace_projeto\Lib_MCU\Debug\libLib_MCU.a(lpc17xx_libcfg_default.o)
                               0x3f3d (size before relaxing)
 .debug_str     0x000166a0      0x108 C:\Users\rodri\Documents\LPCXpresso_8.2.2_650\embedded_LPCXpresso\workspace_projeto\Lib_MCU\Debug\libLib_MCU.a(lpc17xx_pinsel.o)
                               0x85c2 (size before relaxing)
 .debug_str     0x000167a8      0x200 C:\Users\rodri\Documents\LPCXpresso_8.2.2_650\embedded_LPCXpresso\workspace_projeto\Lib_MCU\Debug\libLib_MCU.a(lpc17xx_ssp.o)
                               0xa566 (size before relaxing)
 .debug_str     0x000169a8      0x423 C:\Users\rodri\Documents\LPCXpresso_8.2.2_650\embedded_LPCXpresso\workspace_projeto\Lib_MCU\Debug\libLib_MCU.a(lpc17xx_timer.o)
                               0xa2f2 (size before relaxing)
 .debug_str     0x00016dcb      0x186 c:/nxp/lpcxpresso_8.2.2_650/lpcxpresso/tools/bin/../lib/gcc/arm-none-eabi/5.4.1/../../../../arm-none-eabi/lib/armv7-m\libcr_newlib_semihost.a(_cr_sbrk.o)
                                0x22b (size before relaxing)
 .debug_str     0x00016f51       0x25 c:/nxp/lpcxpresso_8.2.2_650/lpcxpresso/tools/bin/../lib/gcc/arm-none-eabi/5.4.1/../../../../arm-none-eabi/lib/armv7-m\libcr_newlib_semihost.a(_cr_check_heap.o)
                                0x16d (size before relaxing)

.comment        0x00000000       0xdc
 .comment       0x00000000       0x6e ./src/cr_startup_lpc17.o
                                 0x6f (size before relaxing)
 .comment       0x0000006e       0x6f ./src/easyweb.o
 .comment       0x0000006e       0x6f ./src/ethmac.o
 .comment       0x0000006e       0x6f ./src/tcpip.o
 .comment       0x0000006e       0x6f C:\Users\rodri\Documents\LPCXpresso_8.2.2_650\embedded_LPCXpresso\workspace_projeto\CMSISv2p00_LPC17xx\Debug\libCMSISv2p00_LPC17xx.a(system_LPC17xx.o)
 .comment       0x0000006e       0x6f C:\Users\rodri\Documents\LPCXpresso_8.2.2_650\embedded_LPCXpresso\workspace_projeto\Lib_EaBaseBoard\Debug\libLib_EaBaseBoard.a(acc.o)
 .comment       0x0000006e       0x6f C:\Users\rodri\Documents\LPCXpresso_8.2.2_650\embedded_LPCXpresso\workspace_projeto\Lib_EaBaseBoard\Debug\libLib_EaBaseBoard.a(joystick.o)
 .comment       0x0000006e       0x6f C:\Users\rodri\Documents\LPCXpresso_8.2.2_650\embedded_LPCXpresso\workspace_projeto\Lib_EaBaseBoard\Debug\libLib_EaBaseBoard.a(led7seg.o)
 .comment       0x0000006e       0x6f C:\Users\rodri\Documents\LPCXpresso_8.2.2_650\embedded_LPCXpresso\workspace_projeto\Lib_EaBaseBoard\Debug\libLib_EaBaseBoard.a(oled.o)
 .comment       0x0000006e       0x6f C:\Users\rodri\Documents\LPCXpresso_8.2.2_650\embedded_LPCXpresso\workspace_projeto\Lib_EaBaseBoard\Debug\libLib_EaBaseBoard.a(pca9532.o)
 .comment       0x0000006e       0x6f C:\Users\rodri\Documents\LPCXpresso_8.2.2_650\embedded_LPCXpresso\workspace_projeto\Lib_EaBaseBoard\Debug\libLib_EaBaseBoard.a(rgb.o)
 .comment       0x0000006e       0x6f C:\Users\rodri\Documents\LPCXpresso_8.2.2_650\embedded_LPCXpresso\workspace_projeto\Lib_EaBaseBoard\Debug\libLib_EaBaseBoard.a(temp.o)
 .comment       0x0000006e       0x6f C:\Users\rodri\Documents\LPCXpresso_8.2.2_650\embedded_LPCXpresso\workspace_projeto\Lib_EaBaseBoard\Debug\libLib_EaBaseBoard.a(font5x7.o)
 .comment       0x0000006e       0x6f C:\Users\rodri\Documents\LPCXpresso_8.2.2_650\embedded_LPCXpresso\workspace_projeto\Lib_MCU\Debug\libLib_MCU.a(lpc17xx_adc.o)
 .comment       0x0000006e       0x6f C:\Users\rodri\Documents\LPCXpresso_8.2.2_650\embedded_LPCXpresso\workspace_projeto\Lib_MCU\Debug\libLib_MCU.a(lpc17xx_clkpwr.o)
 .comment       0x0000006e       0x6f C:\Users\rodri\Documents\LPCXpresso_8.2.2_650\embedded_LPCXpresso\workspace_projeto\Lib_MCU\Debug\libLib_MCU.a(lpc17xx_gpio.o)
 .comment       0x0000006e       0x6f C:\Users\rodri\Documents\LPCXpresso_8.2.2_650\embedded_LPCXpresso\workspace_projeto\Lib_MCU\Debug\libLib_MCU.a(lpc17xx_i2c.o)
 .comment       0x0000006e       0x6f C:\Users\rodri\Documents\LPCXpresso_8.2.2_650\embedded_LPCXpresso\workspace_projeto\Lib_MCU\Debug\libLib_MCU.a(lpc17xx_libcfg_default.o)
 .comment       0x0000006e       0x6f C:\Users\rodri\Documents\LPCXpresso_8.2.2_650\embedded_LPCXpresso\workspace_projeto\Lib_MCU\Debug\libLib_MCU.a(lpc17xx_pinsel.o)
 .comment       0x0000006e       0x6f C:\Users\rodri\Documents\LPCXpresso_8.2.2_650\embedded_LPCXpresso\workspace_projeto\Lib_MCU\Debug\libLib_MCU.a(lpc17xx_ssp.o)
 .comment       0x0000006e       0x6f C:\Users\rodri\Documents\LPCXpresso_8.2.2_650\embedded_LPCXpresso\workspace_projeto\Lib_MCU\Debug\libLib_MCU.a(lpc17xx_timer.o)
 .comment       0x0000006e       0x6e c:/nxp/lpcxpresso_8.2.2_650/lpcxpresso/tools/bin/../lib/gcc/arm-none-eabi/5.4.1/../../../../arm-none-eabi/lib/armv7-m\libcr_newlib_semihost.a(_cr_sbrk.o)
                                 0x6f (size before relaxing)
 .comment       0x000000dc       0x6f c:/nxp/lpcxpresso_8.2.2_650/lpcxpresso/tools/bin/../lib/gcc/arm-none-eabi/5.4.1/../../../../arm-none-eabi/lib/armv7-m\libcr_newlib_semihost.a(_cr_check_heap.o)

.ARM.attributes
                0x00000000       0x31
 .ARM.attributes
                0x00000000       0x33 ./src/cr_startup_lpc17.o
 .ARM.attributes